============================= test session starts =============================
platform win32 -- Python 3.14.2, pytest-9.0.2, pluggy-1.6.0 -- C:\Python314\python.exe
cachedir: .pytest_cache
hypothesis profile 'default'
django: version: 6.0.2, settings: config.settings.test (from ini)
rootdir: C:\Users\vilme\OneDrive\Bureau\ressources_websites\trait_d_union_studio\src
configfile: pytest.ini
plugins: Faker-40.1.2, hypothesis-6.150.2, cov-7.0.0, django-4.11.1
collecting ... collected 378 items

apps/clients/tests_admin_workflow.py::ProjectAdminIntegrationTestCase::test_admin_action_generate_milestones PASSED [  0%]
apps/clients/tests_admin_workflow.py::ProjectAdminIntegrationTestCase::test_admin_action_regenerate_milestones PASSED [  0%]
apps/clients/tests_admin_workflow.py::ProjectAdminIntegrationTestCase::test_create_project_with_existing_milestones_no_regeneration PASSED [  0%]
apps/clients/tests_admin_workflow.py::ProjectAdminIntegrationTestCase::test_create_project_with_workflow_generates_milestones PASSED [  1%]
apps/clients/tests_admin_workflow.py::ProjectAdminIntegrationTestCase::test_create_project_without_workflow_no_milestones PASSED [  1%]
apps/clients/tests_admin_workflow.py::ProjectAdminIntegrationTestCase::test_workflow_used_display PASSED [  1%]
apps/clients/tests_workflow.py::WorkflowTemplateTestCase::test_duplicate_workflow PASSED [  1%]
apps/clients/tests_workflow.py::WorkflowTemplateTestCase::test_generate_milestones_from_template PASSED [  2%]
apps/clients/tests_workflow.py::WorkflowTemplateTestCase::test_instantiate_milestone_for_project PASSED [  2%]
apps/clients/tests_workflow.py::WorkflowTemplateTestCase::test_milestone_ordering PASSED [  2%]
apps/clients/tests_workflow.py::WorkflowTemplateTestCase::test_regenerate_milestones PASSED [  2%]
apps/clients/tests_workflow.py::WorkflowTemplateTestCase::test_reset_milestones PASSED [  3%]
apps/clients/tests_workflow.py::WorkflowTemplateTestCase::test_scalability_20_projects PASSED [  3%]
apps/clients/tests_workflow.py::WorkflowTemplateTestCase::test_workflow_creation PASSED [  3%]
apps/clients/tests_workflow.py::WorkflowTemplateTestCase::test_workflow_without_template_raises_error PASSED [  3%]
apps/devis/tests_validate_quote.py::ValidateQuoteUseCaseTestCase::test_validate_non_sent_quote_fails PASSED [  4%]
apps/devis/tests_validate_quote.py::ValidateQuoteUseCaseTestCase::test_validate_quote_changes_status PASSED [  4%]
apps/devis/tests_validate_quote.py::ValidateQuoteUseCaseTestCase::test_validate_quote_creates_audit_log PASSED [  4%]
apps/devis/tests_validate_quote.py::ValidateQuoteUseCaseTestCase::test_validate_quote_with_request PASSED [  5%]
apps/devis/tests_validate_quote.py::ProvisionClientAccountTestCase::test_provision_creates_audit_log PASSED [  5%]
apps/devis/tests_validate_quote.py::ProvisionClientAccountTestCase::test_provision_creates_new_user_and_profile PASSED [  5%]
apps/devis/tests_validate_quote.py::ProvisionClientAccountTestCase::test_provision_skips_existing_user PASSED [  5%]
apps/devis/tests_validate_quote.py::ProvisionClientAccountTestCase::test_provision_without_quote_client_fails PASSED [  6%]
apps/factures/tests_pdf.py::TestQuotePDFGeneration::test_quote_pdf_generation_success PASSED [  6%]
apps/factures/tests_pdf.py::TestQuotePDFGeneration::test_quote_pdf_with_missing_data PASSED [  6%]
apps/factures/tests_pdf.py::TestInvoicePDFGeneration::test_invoice_pdf_generation_success PASSED [  6%]
apps/factures/tests_pdf.py::TestInvoicePDFGeneration::test_invoice_pdf_with_quote_reference PASSED [  7%]
apps/factures/tests_pdf.py::TestDocumentGeneratorFontPatching::test_font_patching_preserves_content PASSED [  7%]
apps/factures/tests_pdf.py::TestDocumentGeneratorFontPatching::test_font_patching_removes_google_import PASSED [  7%]
apps/leads/tests/test_contact.py::TestContactFormSubmission::test_valid_submission_creates_lead PASSED [  7%]
apps/leads/tests/test_contact.py::TestContactFormSubmission::test_valid_submission_sends_emails PASSED [  8%]
apps/leads/tests/test_contact.py::TestContactFormSubmission::test_success_page_renders PASSED [  8%]
apps/leads/tests/test_contact.py::TestHoneypotProtection::test_honeypot_filled_does_not_save PASSED [  8%]
apps/leads/tests/test_contact.py::TestContactFormValidation::test_missing_name_returns_form PASSED [  8%]
apps/leads/tests/test_contact.py::TestContactFormValidation::test_invalid_email_returns_form PASSED [  9%]
apps/leads/tests/test_contact.py::TestContactFormValidation::test_missing_message_returns_form PASSED [  9%]
apps/leads/tests/test_contact.py::TestContactFormValidation::test_get_request_returns_form PASSED [  9%]
apps/leads/tests/test_contact.py::TestCSRFProtection::test_csrf_enforced PASSED [ 10%]
apps/leads/tests/test_leads_legacy.py::VerifyRecaptchaTest::test_failed_verification PASSED [ 10%]
apps/leads/tests/test_leads_legacy.py::VerifyRecaptchaTest::test_invalid_secret_passes PASSED [ 10%]
apps/leads/tests/test_leads_legacy.py::VerifyRecaptchaTest::test_network_error_passes PASSED [ 10%]
apps/leads/tests/test_leads_legacy.py::VerifyRecaptchaTest::test_no_keys_configured_passes PASSED [ 11%]
apps/leads/tests/test_leads_legacy.py::VerifyRecaptchaTest::test_no_site_key_passes PASSED [ 11%]
apps/leads/tests/test_leads_legacy.py::VerifyRecaptchaTest::test_no_token_fails PASSED [ 11%]
apps/leads/tests/test_leads_legacy.py::VerifyRecaptchaTest::test_successful_verification PASSED [ 11%]
apps/leads/tests/test_leads_legacy.py::VerifyRecaptchaTest::test_timeout_handled PASSED [ 12%]
apps/leads/tests/test_leads_legacy.py::LeadModelTest::test_lead_creation PASSED [ 12%]
apps/leads/tests/test_leads_legacy.py::LeadModelTest::test_lead_str PASSED [ 12%]
apps/leads/tests/test_leads_legacy.py::ContactFormTest::test_honeypot_filled_invalid PASSED [ 12%]
apps/leads/tests/test_leads_legacy.py::ContactFormTest::test_required_fields PASSED [ 13%]
apps/leads/tests/test_leads_legacy.py::ContactFormTest::test_valid_form PASSED [ 13%]
apps/leads/tests/test_leads_legacy.py::ContactViewTest::test_contact_form_in_context PASSED [ 13%]
apps/leads/tests/test_leads_legacy.py::ContactViewTest::test_contact_page_loads PASSED [ 14%]
apps/leads/tests/test_leads_legacy.py::ContactViewTest::test_successful_submission PASSED [ 14%]
apps/leads/tests/test_leads_legacy.py::EmailServiceTest::test_admin_notification_sent PASSED [ 14%]
apps/leads/tests/test_leads_legacy.py::EmailServiceTest::test_confirmation_email_sent PASSED [ 14%]
apps/leads/tests/test_leads_legacy.py::ContactSuccessViewTest::test_success_page_loads PASSED [ 15%]
apps/leads/tests/test_leads_legacy.py::EmailComposeViewTest::test_draft_button_creates_draft_email PASSED [ 15%]
apps/leads/tests/test_leads_legacy.py::EmailComposeViewTest::test_send_button_creates_sent_email PASSED [ 15%]
apps/pages/tests/test_pages.py::TestPublicPages::test_public_page_status[pages:home-200] PASSED [ 15%]
apps/pages/tests/test_pages.py::TestPublicPages::test_public_page_status[pages:services-200] PASSED [ 16%]
apps/pages/tests/test_pages.py::TestPublicPages::test_public_page_status[pages:method-200] PASSED [ 16%]
apps/pages/tests/test_pages.py::TestPublicPages::test_public_page_status[pages:legal-200] PASSED [ 16%]
apps/pages/tests/test_pages.py::TestPublicPages::test_public_page_status[leads:contact-200] PASSED [ 16%]
apps/pages/tests/test_pages.py::TestPublicPages::test_home_contains_h1 PASSED [ 17%]
apps/pages/tests/test_pages.py::TestPublicPages::test_home_template PASSED [ 17%]
apps/pages/tests/test_pages.py::TestPublicPages::test_services_template PASSED [ 17%]
apps/pages/tests/test_pages.py::TestPublicPages::test_method_template PASSED [ 17%]
apps/pages/tests/test_pages.py::TestSEOEndpoints::test_robots_txt PASSED [ 18%]
apps/pages/tests/test_pages.py::TestSEOEndpoints::test_sitemap_xml PASSED [ 18%]
apps/pages/tests/test_pages.py::TestSEOEndpoints::test_healthz PASSED    [ 18%]
apps/pages/tests/test_pages.py::TestMetaTags::test_home_has_title PASSED [ 19%]
apps/pages/tests/test_pages.py::TestMetaTags::test_home_has_meta_description PASSED [ 19%]
apps/pages/tests/test_pages.py::TestMetaTags::test_home_has_canonical PASSED [ 19%]
apps/pages/tests/test_pages.py::TestMetaTags::test_home_has_og_tags PASSED [ 19%]
apps/pages/tests/test_pages.py::TestMetaTags::test_contact_has_title PASSED [ 20%]
apps/pages/tests/test_views_legacy.py::HomeViewTest::test_home_page_contains_cta PASSED [ 20%]
apps/pages/tests/test_views_legacy.py::HomeViewTest::test_home_page_loads PASSED [ 20%]
apps/pages/tests/test_views_legacy.py::ServicesViewTest::test_services_page_contains_offerings PASSED [ 20%]
apps/pages/tests/test_views_legacy.py::ServicesViewTest::test_services_page_loads PASSED [ 21%]
apps/pages/tests/test_views_legacy.py::MethodViewTest::test_method_page_contains_steps PASSED [ 21%]
apps/pages/tests/test_views_legacy.py::MethodViewTest::test_method_page_loads PASSED [ 21%]
apps/pages/tests/test_views_legacy.py::LegalViewTest::test_legal_page_contains_sections PASSED [ 21%]
apps/pages/tests/test_views_legacy.py::LegalViewTest::test_legal_page_loads PASSED [ 22%]
apps/pages/tests/test_views_legacy.py::ErrorPagesTest::test_404_page PASSED [ 22%]
apps/portfolio/tests.py::ProjectModelTest::test_get_absolute_url PASSED  [ 22%]
apps/portfolio/tests.py::ProjectModelTest::test_project_creation PASSED  [ 23%]
apps/portfolio/tests.py::ProjectModelTest::test_project_str PASSED       [ 23%]
apps/portfolio/tests.py::ProjectListViewTest::test_filter_by_type PASSED [ 23%]
apps/portfolio/tests.py::ProjectListViewTest::test_htmx_returns_partial PASSED [ 23%]
apps/portfolio/tests.py::ProjectListViewTest::test_list_view_loads PASSED [ 24%]
apps/portfolio/tests.py::ProjectListViewTest::test_only_published_projects_shown PASSED [ 24%]
apps/portfolio/tests.py::ProjectDetailViewTest::test_404_for_invalid_slug PASSED [ 24%]
apps/portfolio/tests.py::ProjectDetailViewTest::test_detail_view_loads PASSED [ 24%]
apps/portfolio/tests.py::ProjectDetailViewTest::test_project_in_context PASSED [ 25%]
tests/test_audit_fixes.py::TestStripeEventLog::test_duplicate_event_raises PASSED [ 25%]
tests/test_audit_fixes.py::TestStripeEventLog::test_mark_and_check_processed PASSED [ 25%]
tests/test_audit_fixes.py::TestStripeEventLog::test_str_representation PASSED [ 25%]
tests/test_audit_fixes.py::TestStripeWebhookView::test_already_processed_event_returns_200 PASSED [ 26%]
tests/test_audit_fixes.py::TestStripeWebhookView::test_missing_signature_returns_400 PASSED [ 26%]
tests/test_audit_fixes.py::TestHealthz::test_debug_mode_includes_checks PASSED [ 26%]
tests/test_audit_fixes.py::TestHealthz::test_production_hides_checks PASSED [ 26%]
tests/test_client_portal.py::TestClientPortalAccess::test_dashboard_redirects_anon PASSED [ 27%]
tests/test_client_portal.py::TestClientPortalAccess::test_profile_redirects_anon PASSED [ 27%]
tests/test_client_portal.py::TestClientPortalAccess::test_projects_redirects_anon PASSED [ 27%]
tests/test_client_portal.py::TestClientPortalAccess::test_documents_redirects_anon PASSED [ 28%]
tests/test_client_portal.py::TestClientPortalAccess::test_quotes_redirects_anon PASSED [ 28%]
tests/test_client_portal.py::TestClientPortalAccess::test_invoices_redirects_anon PASSED [ 28%]
tests/test_client_portal.py::TestClientDashboard::test_dashboard_loads PASSED [ 28%]
tests/test_client_portal.py::TestClientDashboard::test_dashboard_context_has_profile PASSED [ 29%]
tests/test_client_portal.py::TestClientProfile::test_profile_loads PASSED [ 29%]
tests/test_client_portal.py::TestClientProfile::test_profile_update_post PASSED [ 29%]
tests/test_client_portal.py::TestClientProjects::test_project_list_loads PASSED [ 29%]
tests/test_client_portal.py::TestClientProjects::test_project_detail_loads PASSED [ 30%]
tests/test_client_portal.py::TestClientDocuments::test_document_list_loads PASSED [ 30%]
tests/test_client_portal.py::TestClientQuotes::test_quote_list_loads PASSED [ 30%]
tests/test_client_portal.py::TestClientInvoices::test_invoice_list_loads PASSED [ 30%]
tests/test_client_portal.py::TestClientNotifications::test_mark_read_redirects_anon PASSED [ 31%]
tests/test_client_portal.py::TestClientNotifications::test_mark_read_post PASSED [ 31%]
tests/test_client_portal.py::TestNewClientRequest::test_new_request_loads PASSED [ 31%]
tests/test_client_portal.py::TestNewClientRequest::test_new_request_post PASSED [ 32%]
tests/test_client_portal.py::TestClientModels::test_client_profile_str PASSED [ 32%]
tests/test_client_portal.py::TestClientModels::test_project_str PASSED   [ 32%]
tests/test_client_portal.py::TestClientModels::test_project_get_status_display PASSED [ 32%]
tests/test_client_portal.py::TestClientServices::test_send_welcome_email PASSED [ 33%]
tests/test_client_portal.py::TestClientServices::test_reset_password_and_notify PASSED [ 33%]
tests/test_devis_factures.py::TestPublicDevisView::test_devis_page_loads PASSED [ 33%]
tests/test_devis_factures.py::TestPublicDevisView::test_devis_page_contains_form PASSED [ 33%]
tests/test_devis_factures.py::TestPublicDevisView::test_devis_success_page PASSED [ 34%]
tests/test_devis_factures.py::TestAdminDevisViews::test_download_pdf_requires_staff PASSED [ 34%]
tests/test_devis_factures.py::TestAdminDevisViews::test_admin_edit_requires_staff PASSED [ 34%]
tests/test_devis_factures.py::TestAdminDevisViews::test_admin_generate_pdf_requires_staff PASSED [ 34%]
tests/test_devis_factures.py::TestQuoteValidation::test_validate_start_invalid_token PASSED [ 35%]
tests/test_devis_factures.py::TestQuoteValidation::test_validate_code_invalid_token PASSED [ 35%]
tests/test_devis_factures.py::TestQuotePublicPdf::test_public_pdf_invalid_token PASSED [ 35%]
tests/test_devis_factures.py::TestQuoteSignAndPay::test_sign_and_pay_invalid_token PASSED [ 35%]
tests/test_devis_factures.py::TestDevisPaymentSuccess::test_payment_success_page PASSED [ 36%]
tests/test_devis_factures.py::TestStripeWebhook::test_webhook_post_no_signature PASSED [ 36%]
tests/test_devis_factures.py::TestFacturesViews::test_create_invoice_requires_staff PASSED [ 36%]
tests/test_devis_factures.py::TestFacturesViews::test_archive_requires_staff PASSED [ 37%]
tests/test_devis_factures.py::TestFacturesViews::test_archive_loads_for_staff PASSED [ 37%]
tests/test_devis_factures.py::TestFacturesViews::test_download_invoice_requires_staff PASSED [ 37%]
tests/test_devis_factures.py::TestInvoicePayment::test_pay_invalid_token PASSED [ 37%]
tests/test_devis_factures.py::TestInvoicePayment::test_payment_success_page PASSED [ 38%]
tests/test_devis_factures.py::TestInvoicePayment::test_payment_cancel_page PASSED [ 38%]
tests/test_devis_factures.py::TestInvoicePayment::test_payment_error_page PASSED [ 38%]
tests/test_devis_factures.py::TestInvoicePublicPdf::test_public_pdf_invalid_token PASSED [ 38%]
tests/test_devis_factures.py::TestInvoiceWebhook::test_webhook_post PASSED [ 39%]
tests/test_devis_factures.py::TestDevisModels::test_quote_str PASSED     [ 39%]
tests/test_devis_factures.py::TestDevisModels::test_quote_status PASSED  [ 39%]
tests/test_devis_factures.py::TestDevisModels::test_client_str PASSED    [ 39%]
tests/test_devis_factures.py::TestInvoiceModels::test_invoice_str PASSED [ 40%]
tests/test_devis_factures.py::TestInvoiceModels::test_invoice_has_number PASSED [ 40%]
tests/test_devis_factures.py::TestDevisServices::test_generate_quote_number PASSED [ 40%]
tests/test_messaging_views.py::TestMessagingAccess::test_inbox_requires_staff PASSED [ 41%]
tests/test_messaging_views.py::TestMessagingAccess::test_compose_requires_staff PASSED [ 41%]
tests/test_messaging_views.py::TestMessagingAccess::test_prospect_list_requires_staff PASSED [ 41%]
tests/test_messaging_views.py::TestMessagingAccess::test_campaign_list_requires_staff PASSED [ 41%]
tests/test_messaging_views.py::TestMessagingInbox::test_inbox_loads PASSED [ 42%]
tests/test_messaging_views.py::TestMessagingInbox::test_compose_loads PASSED [ 42%]
tests/test_messaging_views.py::TestMessagingProspects::test_prospect_list PASSED [ 42%]
tests/test_messaging_views.py::TestMessagingProspects::test_prospect_detail PASSED [ 42%]
tests/test_messaging_views.py::TestMessagingProspects::test_prospect_create_get PASSED [ 43%]
tests/test_messaging_views.py::TestMessagingProspects::test_prospect_create_post PASSED [ 43%]
tests/test_messaging_views.py::TestMessagingProspects::test_prospect_edit_get PASSED [ 43%]
tests/test_messaging_views.py::TestMessagingCampaigns::test_campaign_list PASSED [ 43%]
tests/test_messaging_views.py::TestMessagingCampaigns::test_campaign_create_get PASSED [ 44%]
tests/test_messaging_views.py::TestMessagingCampaigns::test_template_list PASSED [ 44%]
tests/test_messaging_views.py::TestMessagingImport::test_import_post_empty PASSED [ 44%]
tests/test_messaging_views.py::TestMessagingQuickAdd::test_quick_add_post PASSED [ 44%]
tests/test_messaging_views.py::TestMessagingSendEmail::test_send_email_to_prospect PASSED [ 45%]
tests/test_messaging_views.py::TestSendEmailAPI::test_send_email_api_requires_staff PASSED [ 45%]
tests/test_messaging_views.py::TestSendEmailAPI::test_send_email_api_post PASSED [ 45%]
tests/test_messaging_views.py::TestMessagingModels::test_prospect_str PASSED [ 46%]
tests/test_messaging_views.py::TestMessagingModels::test_template_str PASSED [ 46%]
tests/test_messaging_views.py::TestMessagingModels::test_campaign_creation PASSED [ 46%]
tests/test_messaging_views.py::TestMessagingServices::test_send_prospect_email PASSED [ 46%]
tests/test_messaging_views.py::TestLeadsEmailViews::test_email_compose_requires_staff PASSED [ 47%]
tests/test_messaging_views.py::TestLeadsEmailViews::test_email_list_requires_staff PASSED [ 47%]
tests/test_messaging_views.py::TestLeadsEmailViews::test_email_compose_loads PASSED [ 47%]
tests/test_messaging_views.py::TestLeadsEmailViews::test_email_list_loads PASSED [ 47%]
tests/test_messaging_views.py::TestChroniquesViews::test_chroniques_list PASSED [ 48%]
tests/test_messaging_views.py::TestChroniquesViews::test_chroniques_nonexistent_detail PASSED [ 48%]
tests/test_messaging_views.py::TestChroniquesModels::test_article_creation PASSED [ 48%]
tests/test_messaging_views.py::TestAuditModels::test_audit_log_creation PASSED [ 48%]
tests/test_messaging_views.py::TestAuditModels::test_audit_log_str PASSED [ 49%]
tests/test_messaging_views.py::TestAuditModels::test_audit_log_action_classmethod PASSED [ 49%]
tests/test_messaging_views.py::TestDashboardViews::test_dashboard_requires_staff PASSED [ 49%]
tests/test_messaging_views.py::TestDashboardViews::test_dashboard_loads_for_staff PASSED [ 50%]
tests/test_messaging_views.py::TestHealthzDetails::test_healthz_returns_json PASSED [ 50%]
tests/test_middleware.py::TestRateLimiting::test_first_request_passes PASSED [ 50%]
tests/test_middleware.py::TestRateLimiting::test_rate_limit_triggers_after_threshold PASSED [ 50%]
tests/test_middleware.py::TestRateLimiting::test_rate_limit_does_not_affect_get PASSED [ 51%]
tests/test_middleware.py::TestRateLimiting::test_rate_limit_uses_forwarded_for PASSED [ 51%]
tests/test_middleware.py::TestCacheControlHeaders::test_html_pages_have_no_cache PASSED [ 51%]
tests/test_middleware.py::TestCacheControlHeaders::test_html_pages_have_last_modified PASSED [ 51%]
tests/test_middleware.py::TestCanonicalDomainMiddleware::test_canonical_host_no_redirect PASSED [ 52%]
tests/test_middleware.py::TestCanonicalDomainMiddleware::test_non_canonical_host_redirects PASSED [ 52%]
tests/test_middleware.py::TestCanonicalDomainMiddleware::test_render_subdomain_redirects PASSED [ 52%]
tests/test_middleware.py::TestCanonicalDomainMiddleware::test_redirect_loop_detection_breaks_loop PASSED [ 52%]
tests/test_middleware.py::TestCanonicalDomainMiddleware::test_healthz_exempt_from_redirect PASSED [ 53%]
tests/test_middleware.py::TestCanonicalDomainMiddleware::test_static_exempt_from_redirect PASSED [ 53%]
tests/test_middleware.py::TestCanonicalDomainMiddleware::test_no_canonical_domain_no_redirect PASSED [ 53%]
tests/test_middleware.py::TestCanonicalDomainMiddleware::test_host_comparison_case_insensitive PASSED [ 53%]
tests/test_middleware.py::TestSitemap::test_sitemap_returns_xml PASSED   [ 54%]
tests/test_middleware_tasks.py::TestForcePasswordChangeMiddleware::test_unauthenticated_user_passes PASSED [ 54%]
tests/test_middleware_tasks.py::TestForcePasswordChangeMiddleware::test_authenticated_no_flag_passes PASSED [ 54%]
tests/test_middleware_tasks.py::TestForcePasswordChangeMiddleware::test_authenticated_with_flag_redirects PASSED [ 55%]
tests/test_middleware_tasks.py::TestForcePasswordChangeMiddleware::test_exempt_admin_prefix PASSED [ 55%]
tests/test_middleware_tasks.py::TestForcePasswordChangeMiddleware::test_exempt_static_prefix PASSED [ 55%]
tests/test_middleware_tasks.py::TestForcePasswordChangeMiddleware::test_change_password_page_allowed PASSED [ 55%]
tests/test_middleware_tasks.py::TestForcePasswordChangeMiddleware::test_process_response_clears_flag_on_success PASSED [ 56%]
tests/test_middleware_tasks.py::TestForcePasswordChangeMiddleware::test_process_response_no_flag_noop PASSED [ 56%]
tests/test_middleware_tasks.py::TestForcePasswordChangeMiddleware::test_process_response_wrong_url_noop PASSED [ 56%]
tests/test_middleware_tasks.py::TestForcePasswordChangeMiddleware::test_process_response_no_profile_no_crash PASSED [ 56%]
tests/test_middleware_tasks.py::TestTaskGenericEmailWorker::test_sends_email PASSED [ 57%]
tests/test_models_config.py::TestServiceModel::test_service_str PASSED   [ 57%]
tests/test_models_config.py::TestServiceModel::test_service_category_str PASSED [ 57%]
tests/test_models_config.py::TestServiceModel::test_service_ordering PASSED [ 57%]
tests/test_models_config.py::TestServiceModel::test_service_defaults PASSED [ 58%]
tests/test_models_config.py::TestSitemaps::test_static_view_sitemap_items PASSED [ 58%]
tests/test_models_config.py::TestSitemaps::test_static_view_sitemap_location PASSED [ 58%]
tests/test_models_config.py::TestSitemaps::test_static_view_sitemap_priority PASSED [ 58%]
tests/test_models_config.py::TestSitemaps::test_portfolio_sitemap_exists PASSED [ 59%]
tests/test_models_config.py::TestSitemaps::test_chroniques_sitemap_exists PASSED [ 59%]
tests/test_models_config.py::TestErrorHandlers::test_404_handler PASSED  [ 59%]
tests/test_models_config.py::TestErrorHandlers::test_healthz_endpoint PASSED [ 60%]
tests/test_models_config.py::TestResourceViews::test_resources_list PASSED [ 60%]
tests/test_models_config.py::TestLeadModel::test_lead_str PASSED         [ 60%]
tests/test_models_config.py::TestLeadModel::test_lead_default_status PASSED [ 60%]
tests/test_models_config.py::TestLeadModel::test_lead_is_converted_false PASSED [ 61%]
tests/test_models_config.py::TestLeadModel::test_lead_ip_nullable PASSED [ 61%]
tests/test_security.py::TestAccessControl::test_admin_requires_login PASSED [ 61%]
tests/test_security.py::TestAccessControl::test_ecosystem_requires_login PASSED [ 61%]
tests/test_security.py::TestAccessControl::test_admin_login_page_accessible PASSED [ 62%]
tests/test_security.py::TestSecurityHeaders::test_x_content_type_options PASSED [ 62%]
tests/test_audit_fixes.py::TestGetClientIp::test_returns_empty_for_none_request PASSED [ 62%]
tests/test_audit_fixes.py::TestGetClientIp::test_returns_remote_addr PASSED [ 62%]
tests/test_audit_fixes.py::TestGetClientIp::test_prefers_x_forwarded_for PASSED [ 63%]
tests/test_audit_fixes.py::TestGetClientIp::test_truncates_to_45_chars PASSED [ 63%]
tests/test_audit_fixes.py::TestGetClientIp::test_rejects_invalid_characters PASSED [ 63%]
tests/test_audit_fixes.py::TestGetClientIp::test_ipv6_address PASSED     [ 64%]
tests/test_audit_fixes.py::TestGetClientIp::test_fallback_to_localhost PASSED [ 64%]
tests/test_audit_fixes.py::TestEmailObfuscatorSecurity::test_no_original_in_result PASSED [ 64%]
tests/test_audit_fixes.py::TestEmailObfuscatorSecurity::test_company_email_no_original PASSED [ 64%]
tests/test_core_services.py::TestObfuscateEmail::test_obfuscate_encodes_base64 PASSED [ 65%]
tests/test_core_services.py::TestObfuscateEmail::test_obfuscate_display_replaces_at_and_dot PASSED [ 65%]
tests/test_core_services.py::TestObfuscateEmail::test_obfuscate_no_original_field PASSED [ 65%]
tests/test_core_services.py::TestObfuscateEmail::test_company_email PASSED [ 65%]
tests/test_core_services.py::TestHasKeys::test_both_keys_present PASSED  [ 66%]
tests/test_core_services.py::TestHasKeys::test_missing_site_key PASSED   [ 66%]
tests/test_core_services.py::TestHasKeys::test_missing_secret_key PASSED [ 66%]
tests/test_core_services.py::TestHasKeys::test_both_empty PASSED         [ 66%]
tests/test_core_services.py::TestRecaptcha::test_no_keys_passes PASSED   [ 67%]
tests/test_core_services.py::TestRecaptcha::test_empty_token_fails PASSED [ 67%]
tests/test_core_services.py::TestRecaptcha::test_valid_token_passes PASSED [ 67%]
tests/test_core_services.py::TestRecaptcha::test_invalid_token_fails PASSED [ 67%]
tests/test_core_services.py::TestRecaptcha::test_invalid_secret_fails_closed PASSED [ 68%]
tests/test_core_services.py::TestRecaptcha::test_network_error_fails_closed PASSED [ 68%]
tests/test_core_services.py::TestRecaptcha::test_timeout_fails_closed PASSED [ 68%]
tests/test_core_services.py::TestTurnstile::test_no_keys_passes PASSED   [ 69%]
tests/test_core_services.py::TestTurnstile::test_empty_token_fails PASSED [ 69%]
tests/test_core_services.py::TestTurnstile::test_valid_token_passes PASSED [ 69%]
tests/test_core_services.py::TestTurnstile::test_invalid_token_fails PASSED [ 69%]
tests/test_core_services.py::TestTurnstile::test_network_error_fails_closed PASSED [ 70%]
tests/test_core_services.py::TestNum2WordsFr::test_with_value PASSED     [ 70%]
tests/test_core_services.py::TestNum2WordsFr::test_decimal_value PASSED  [ 70%]
tests/test_core_services.py::TestCaptchaSettings::test_returns_keys PASSED [ 70%]
tests/test_core_services.py::TestCaptchaSettings::test_invalid_timeout_defaults_to_2500 PASSED [ 71%]
tests/test_core_services.py::TestBreadcrumbs::test_root_path PASSED      [ 71%]
tests/test_core_services.py::TestBreadcrumbs::test_services_path PASSED  [ 71%]
tests/test_core_services.py::TestBreadcrumbs::test_nested_path PASSED    [ 71%]
tests/test_core_services.py::TestBreadcrumbs::test_numeric_segment_skipped PASSED [ 72%]
tests/test_core_services.py::TestBreadcrumbs::test_unknown_segment_title_cased PASSED [ 72%]
tests/test_core_services.py::TestCaptchaLoginFormHelpers::test_get_client_ip_with_forwarded_for PASSED [ 72%]
tests/test_core_services.py::TestCaptchaLoginFormHelpers::test_get_client_ip_without_forwarded_for PASSED [ 73%]
tests/test_core_services.py::TestCaptchaLoginFormHelpers::test_get_client_ip_none_request PASSED [ 73%]
tests/test_core_services.py::TestCaptchaLoginFormHelpers::test_has_turnstile_false_no_keys PASSED [ 73%]
tests/test_core_services.py::TestCaptchaLoginFormHelpers::test_has_recaptcha_false_no_keys PASSED [ 73%]
tests/test_core_services.py::TestCaptchaLoginFormHelpers::test_has_turnstile_true_with_keys PASSED [ 74%]
tests/test_core_services.py::TestCaptchaLoginFormHelpers::test_has_recaptcha_true_with_keys PASSED [ 74%]
tests/test_core_services_ext.py::TestBrevoEmailBackend::test_send_messages_no_api_key_returns_zero PASSED [ 74%]
tests/test_core_services_ext.py::TestBrevoEmailBackend::test_send_messages_success PASSED [ 74%]
tests/test_core_services_ext.py::TestBrevoEmailBackend::test_send_messages_error_silent PASSED [ 75%]
tests/test_core_services_ext.py::TestBrevoEmailBackend::test_send_messages_error_raises PASSED [ 75%]
tests/test_core_services_ext.py::TestBrevoEmailBackend::test_send_one_with_html_alternative PASSED [ 75%]
tests/test_core_services_ext.py::TestBrevoEmailBackend::test_send_one_with_bcc_cc_reply PASSED [ 75%]
tests/test_core_services_ext.py::TestBrevoEmailBackend::test_send_one_with_attachments PASSED [ 76%]
tests/test_core_services_ext.py::TestBrevoEmailBackend::test_send_one_html_content_subtype PASSED [ 76%]
tests/test_core_services_ext.py::TestBrevoEmailService::test_not_configured PASSED [ 76%]
tests/test_core_services_ext.py::TestBrevoEmailService::test_is_configured PASSED [ 76%]
tests/test_core_services_ext.py::TestBrevoEmailService::test_send_email_not_configured PASSED [ 77%]
tests/test_core_services_ext.py::TestBrevoEmailService::test_send_simple_email_fallback_django PASSED [ 77%]
tests/test_core_services_ext.py::TestAirtableService::test_not_configured_by_default PASSED [ 77%]
tests/test_core_services_ext.py::TestAirtableService::test_configured_with_env PASSED [ 78%]
tests/test_core_services_ext.py::TestAirtableService::test_create_lead_success PASSED [ 78%]
tests/test_core_services_ext.py::TestAirtableService::test_create_lead_not_configured PASSED [ 78%]
tests/test_core_services_ext.py::TestAirtableService::test_update_lead PASSED [ 78%]
tests/test_core_services_ext.py::TestAirtableService::test_headers PASSED [ 79%]
tests/test_core_services_ext.py::TestAirtableService::test_endpoint PASSED [ 79%]
tests/test_core_services_ext.py::TestHubSpotService::test_not_configured_by_default PASSED [ 79%]
tests/test_core_services_ext.py::TestHubSpotService::test_configured_with_env PASSED [ 79%]
tests/test_core_services_ext.py::TestHubSpotService::test_create_contact_success PASSED [ 80%]
tests/test_core_services_ext.py::TestHubSpotService::test_create_contact_not_configured PASSED [ 80%]
tests/test_core_services_ext.py::TestHubSpotService::test_create_deal_not_configured PASSED [ 80%]
tests/test_core_services_ext.py::TestHubSpotService::test_create_deal_success PASSED [ 80%]
tests/test_core_services_ext.py::TestHubSpotService::test_find_contact_by_email PASSED [ 81%]
tests/test_core_services_ext.py::TestHubSpotService::test_find_contact_empty_email PASSED [ 81%]
tests/test_core_services_ext.py::TestCRMService::test_not_configured_by_default PASSED [ 81%]
tests/test_core_services_ext.py::TestCRMService::test_sync_lead_not_configured PASSED [ 82%]
tests/test_core_services_ext.py::TestStripeService::test_not_configured PASSED [ 82%]
tests/test_core_services_ext.py::TestStripeService::test_configured PASSED [ 82%]
tests/test_core_services_ext.py::TestStripeService::test_get_stripe_keys PASSED [ 82%]
tests/test_core_services_ext.py::TestStripeService::test_handle_checkout_completed_unknown_type PASSED [ 83%]
tests/test_core_services_ext.py::TestStripeService::test_handle_checkout_completed_no_metadata PASSED [ 83%]
tests/test_core_services_ext.py::TestStripeService::test_default_deposit_rate PASSED [ 83%]
tests/test_core_services_ext.py::TestSignatureService::test_validate_empty_data PASSED [ 83%]
tests/test_core_services_ext.py::TestSignatureService::test_validate_too_large_data PASSED [ 84%]
tests/test_core_services_ext.py::TestSignatureService::test_validate_invalid_base64 PASSED [ 84%]
tests/test_core_services_ext.py::TestSignatureService::test_validate_with_data_prefix PASSED [ 84%]
tests/test_core_services_ext.py::TestSignatureService::test_compute_signature_hash PASSED [ 84%]
tests/test_core_services_ext.py::TestSignatureService::test_compute_hash_with_prefix PASSED [ 85%]
tests/test_core_services_ext.py::TestSignatureService::test_generate_audit_trail PASSED [ 85%]
tests/test_core_services_ext.py::TestSignatureService::test_get_client_ip_with_forwarded PASSED [ 85%]
tests/test_core_services_ext.py::TestSignatureService::test_get_client_ip_without_forwarded PASSED [ 85%]
tests/test_core_services_ext.py::TestSignatureService::test_save_signature_image PASSED [ 86%]
tests/test_core_services_ext.py::TestSignatureService::test_save_signature_invalid_base64 PASSED [ 86%]
tests/test_core_services_ext.py::TestImageProcessor::test_is_supported_jpg PASSED [ 86%]
tests/test_core_services_ext.py::TestImageProcessor::test_is_supported_png PASSED [ 87%]
tests/test_core_services_ext.py::TestImageProcessor::test_is_not_supported_webp PASSED [ 87%]
tests/test_core_services_ext.py::TestImageProcessor::test_is_not_supported_txt PASSED [ 87%]
tests/test_core_services_ext.py::TestImageProcessor::test_pillow_available_is_bool PASSED [ 87%]
tests/test_core_services_ext.py::TestImageProcessor::test_convert_to_webp PASSED [ 88%]
tests/test_core_services_ext.py::TestImageProcessor::test_create_thumbnail PASSED [ 88%]
tests/test_core_services_ext.py::TestImageProcessor::test_optimize_for_web PASSED [ 88%]
tests/test_core_services_ext.py::TestImageProcessor::test_init_custom_quality PASSED [ 88%]
tests/test_core_services_ext.py::TestDocumentGenerator::test_get_branding PASSED [ 89%]
tests/test_core_services_ext.py::TestDocumentGenerator::test_patch_fonts_strips_google_fonts PASSED [ 89%]
tests/test_core_services_ext.py::TestDocumentGenerator::test_patch_fonts_no_change_if_no_import PASSED [ 89%]
tests/test_devis_factures.py::TestEmailBackendsFunctions::test_send_transactional_not_configured PASSED [ 89%]
tests/test_devis_factures.py::TestEmailBackendsFunctions::test_send_transactional_success PASSED [ 90%]
tests/test_devis_factures.py::TestEmailBackendsFunctions::test_send_simple_email_django_fallback PASSED [ 90%]
tests/test_devis_factures.py::TestEmailBackendsFunctions::test_send_simple_email_with_html PASSED [ 90%]
tests/test_devis_factures.py::TestEmailBackendsFunctions::test_send_simple_email_with_bcc PASSED [ 91%]
tests/test_devis_factures.py::TestDevisForms::test_quote_request_form_import PASSED [ 91%]
tests/test_devis_factures.py::TestDevisForms::test_quote_request_form_fields PASSED [ 91%]
tests/test_devis_factures.py::TestFacturesImports::test_import_utils PASSED [ 91%]
tests/test_devis_factures.py::TestFacturesImports::test_import_email_service PASSED [ 92%]
tests/test_devis_factures.py::TestFacturesImports::test_import_pdf_generator PASSED [ 92%]
tests/test_messaging_views.py::TestPortfolioImports::test_portfolio_model_import PASSED [ 92%]
tests/test_messaging_views.py::TestResourcesImports::test_knowledge_article_model_import PASSED [ 92%]
tests/test_messaging_views.py::TestResourcesImports::test_knowledge_category_model_import PASSED [ 93%]
tests/test_middleware_tasks.py::TestTaskDispatch::test_dispatch_sync_when_no_cluster PASSED [ 93%]
tests/test_middleware_tasks.py::TestTaskDispatch::test_dispatch_async_when_cluster_running PASSED [ 93%]
tests/test_middleware_tasks.py::TestTaskDispatch::test_dispatch_fallback_on_async_error PASSED [ 93%]
tests/test_middleware_tasks.py::TestTaskDispatch::test_run_sync_executes_function PASSED [ 94%]
tests/test_middleware_tasks.py::TestTaskDispatch::test_is_qcluster_running_handles_exception PASSED [ 94%]
tests/test_middleware_tasks.py::TestPublicDispatchers::test_async_send_welcome_email PASSED [ 94%]
tests/test_middleware_tasks.py::TestPublicDispatchers::test_async_reset_password_notify PASSED [ 94%]
tests/test_middleware_tasks.py::TestPublicDispatchers::test_async_send_quote_email PASSED [ 95%]
tests/test_middleware_tasks.py::TestPublicDispatchers::test_async_send_quote_pdf_email PASSED [ 95%]
tests/test_middleware_tasks.py::TestPublicDispatchers::test_async_notify_quote_request PASSED [ 95%]
tests/test_middleware_tasks.py::TestPublicDispatchers::test_async_notify_invoice_created PASSED [ 96%]
tests/test_middleware_tasks.py::TestPublicDispatchers::test_async_send_payment_confirmation PASSED [ 96%]
tests/test_middleware_tasks.py::TestPublicDispatchers::test_async_send_generic_email PASSED [ 96%]
tests/test_models_config.py::TestDocumentGeneratorBranding::test_default_branding_has_all_fields PASSED [ 96%]
tests/test_models_config.py::TestContactForm::test_valid_form PASSED     [ 97%]
tests/test_models_config.py::TestContactForm::test_honeypot_invalid PASSED [ 97%]
tests/test_models_config.py::TestContactForm::test_missing_required PASSED [ 97%]
tests/test_models_config.py::TestContactForm::test_attachment_too_large PASSED [ 97%]
tests/test_models_config.py::TestContactForm::test_valid_pdf_attachment PASSED [ 98%]
tests/test_security.py::TestSecuritySettings::test_debug_is_false_in_test PASSED [ 98%]
tests/test_security.py::TestSecuritySettings::test_secret_key_is_set PASSED [ 98%]
tests/test_security.py::TestSecuritySettings::test_password_validators_configured PASSED [ 98%]
tests/test_security.py::TestSecuritySettings::test_session_cookie_httponly PASSED [ 99%]
tests/test_security.py::TestSecuritySettings::test_x_frame_options PASSED [ 99%]
tests/test_security.py::TestSecuritySettings::test_logout_requires_post PASSED [ 99%]
tests/test_security.py::TestSecuritySettings::test_email_verification_enabled PASSED [100%]

============================== warnings summary ===============================
tests/test_messaging_views.py::TestDashboardViews::test_dashboard_loads_for_staff
  C:\Users\vilme\AppData\Roaming\Python\Python314\site-packages\django\db\models\fields\__init__.py:1611: RuntimeWarning: DateTimeField Invoice.paid_at received a naive datetime (2026-03-01 00:00:00) while time zone support is active.
    warnings.warn(

tests/test_messaging_views.py::TestDashboardViews::test_dashboard_loads_for_staff
  C:\Users\vilme\AppData\Roaming\Python\Python314\site-packages\django\db\models\fields\__init__.py:1611: RuntimeWarning: DateTimeField Invoice.paid_at received a naive datetime (2026-02-01 00:00:00) while time zone support is active.
    warnings.warn(

tests/test_messaging_views.py::TestDashboardViews::test_dashboard_loads_for_staff
  C:\Users\vilme\AppData\Roaming\Python\Python314\site-packages\django\db\models\fields\__init__.py:1611: RuntimeWarning: DateTimeField Invoice.paid_at received a naive datetime (2026-01-01 00:00:00) while time zone support is active.
    warnings.warn(

tests/test_messaging_views.py::TestDashboardViews::test_dashboard_loads_for_staff
  C:\Users\vilme\AppData\Roaming\Python\Python314\site-packages\django\db\models\fields\__init__.py:1611: RuntimeWarning: DateTimeField Lead.created_at received a naive datetime (2026-03-01 00:00:00) while time zone support is active.
    warnings.warn(

tests/test_messaging_views.py::TestDashboardViews::test_dashboard_loads_for_staff
  C:\Users\vilme\AppData\Roaming\Python\Python314\site-packages\django\db\models\fields\__init__.py:1611: RuntimeWarning: DateTimeField Quote.created_at received a naive datetime (2026-03-01 00:00:00) while time zone support is active.
    warnings.warn(

tests/test_messaging_views.py::TestDashboardViews::test_dashboard_loads_for_staff
  C:\Users\vilme\AppData\Roaming\Python\Python314\site-packages\django\db\models\fields\__init__.py:1611: RuntimeWarning: DateTimeField Quote.signed_at received a naive datetime (2026-03-01 00:00:00) while time zone support is active.
    warnings.warn(

tests/test_messaging_views.py::TestDashboardViews::test_dashboard_loads_for_staff
  C:\Users\vilme\AppData\Roaming\Python\Python314\site-packages\django\db\models\fields\__init__.py:1611: RuntimeWarning: DateTimeField Quote.created_at received a naive datetime (2026-01-01 00:00:00) while time zone support is active.
    warnings.warn(

-- Docs: https://docs.pytest.org/en/stable/how-to/capture-warnings.html
================= 378 passed, 7 warnings in 104.72s (0:01:44) =================
