SITE_URL contient localhost ('http://localhost:8000'), fallback \u2192 https://traitdunion.it
SECRET_KEY acceptÚe (longueur=50, premiers chars=)*0nà)
SITE_URL contient localhost ('http://localhost:8000'), fallback \u2192 https://traitdunion.it
Creating test database for alias 'default'...

...............Unknown rendering option: timeout.
Ignored `src: local("Segoe UI"), local("Helvetica Neue"), local("Arial"), sans-serif` at 5:13, invalid value.
Missing src descriptor in '@font-face' rule at 3:9
Ignored `src: local("Georgia"), local("Times New Roman"), serif` at 10:13, invalid value.
Missing src descriptor in '@font-face' rule at 8:9
Ignored `word-break: break-word` at 236:13, invalid value.
Ignored `word-break: break-word` at 248:13, invalid value.
Reading 'maxp' table from disk
Decompiling 'maxp' table
Took 0.001s to load 'maxp'
Took 0.000s to prune 'maxp'
maxp pruned
Reading 'cmap' table from disk
Decompiling 'cmap' table
Reading 'post' table from disk
Decompiling 'post' table
Took 0.016s to load 'cmap'
Took 0.000s to prune 'cmap'
cmap pruned
fpgm dropped
prep dropped
cvt  dropped
kern dropped
Took 0.000s to load 'post'
Took 0.000s to prune 'post'
post pruned
GPOS dropped
GSUB dropped
Reading 'glyf' table from disk
Decompiling 'glyf' table
Reading 'loca' table from disk
Decompiling 'loca' table
Reading 'head' table from disk
Decompiling 'head' table
Took 0.027s to load 'glyf'
Took 0.001s to prune 'glyf'
glyf pruned
Took 0.002s to close glyph list over 'cmap'
Added gid0 to subset
Closing glyph list over 'glyf': 52 glyphs before
Glyph names: ['.notdef', 'A', 'B', 'C', 'D', 'E', 'Eacute', 'Euro', 'G', 'H', 'I', 'L', 'M', 'N', 'O', 'P', 'Q', 'R', 'S', 'T', 'U', 'V', 'X', 'a', 'c', 'comma', 'd', 'degree', 'e', 'eacute', 'four', 'g', 'hyphen', 'i', 'j', 'l', 'n', 'o', 'one', 'p', 'period', 'quotesingle', 'r', 's', 'six', 'slash', 'space', 't', 'three', 'two', 'u', 'zero']
Glyph IDs:   [0, 3, 10, 15, 16, 17, 18, 19, 20, 21, 22, 23, 25, 36, 37, 38, 39, 40, 42, 43, 44, 47, 48, 49, 50, 51, 52, 53, 54, 55, 56, 57, 59, 68, 70, 71, 72, 74, 76, 77, 79, 81, 82, 83, 85, 86, 87, 88, 114, 139, 171, 2943]
Closed glyph list over 'glyf': 54 glyphs after
Glyph names: ['.notdef', 'A', 'Acute', 'B', 'C', 'D', 'E', 'Eacute', 'Euro', 'G', 'H', 'I', 'L', 'M', 'N', 'O', 'P', 'Q', 'R', 'S', 'T', 'U', 'V', 'X', 'a', 'acute', 'c', 'comma', 'd', 'degree', 'e', 'eacute', 'four', 'g', 'hyphen', 'i', 'j', 'l', 'n', 'o', 'one', 'p', 'period', 'quotesingle', 'r', 's', 'six', 'slash', 'space', 't', 'three', 'two', 'u', 'zero']
Glyph IDs:   [0, 3, 10, 15, 16, 17, 18, 19, 20, 21, 22, 23, 25, 36, 37, 38, 39, 40, 42, 43, 44, 47, 48, 49, 50, 51, 52, 53, 54, 55, 56, 57, 59, 68, 70, 71, 72, 74, 76, 77, 79, 81, 82, 83, 85, 86, 87, 88, 114, 118, 139, 171, 2943, 5564]
Took 0.004s to close glyph list over 'glyf'
Retaining 54 glyphs
head subsetting not needed
hhea subsetting not needed
maxp subsetting not needed
OS/2 subsetting not needed
Reading 'hmtx' table from disk
Decompiling 'hmtx' table
Reading 'hhea' table from disk
Decompiling 'hhea' table
Took 0.010s to subset 'hmtx'
hmtx subsetted
Took 0.004s to subset 'cmap'
cmap subsetted
loca subsetting not needed
Took 0.000s to subset 'post'
post subsetted
gasp subsetting not needed
FFTM NOT subset; don't know how to subset
Reading 'GDEF' table from disk
Decompiling 'GDEF' table
Took 0.004s to subset 'GDEF'
GDEF subsetted
name subsetting not needed
Took 0.013s to subset 'glyf'
glyf subsetted
Took 0.000s to subset GlyphOrder
Took 0.000s to prune 'head'
head pruned
Reading 'OS/2' table from disk
Decompiling 'OS/2' table
OS/2 Unicode ranges pruned: [0, 1, 33]
OS/2 CodePage ranges pruned: [0]
Took 0.004s to prune 'glyf'
glyf pruned
Took 0.000s to prune 'GDEF'
GDEF pruned
Reading 'name' table from disk
Decompiling 'name' table
Reading 'gasp' table from disk
Decompiling 'gasp' table
Reading 'FFTM' table from disk
Decompiling 'FFTM' table
Took 0.002s to prune 'name'
name pruned
Reading 'maxp' table from disk
Decompiling 'maxp' table
Took 0.000s to load 'maxp'
Took 0.000s to prune 'maxp'
maxp pruned
Reading 'cmap' table from disk
Decompiling 'cmap' table
Reading 'post' table from disk
Decompiling 'post' table
Took 0.017s to load 'cmap'
Took 0.000s to prune 'cmap'
cmap pruned
fpgm dropped
prep dropped
cvt  dropped
kern dropped
Took 0.000s to load 'post'
Took 0.000s to prune 'post'
post pruned
GPOS dropped
GSUB dropped
Reading 'glyf' table from disk
Decompiling 'glyf' table
Reading 'loca' table from disk
Decompiling 'loca' table
Reading 'head' table from disk
Decompiling 'head' table
Took 0.020s to load 'glyf'
Took 0.000s to prune 'glyf'
glyf pruned
Took 0.002s to close glyph list over 'cmap'
Added gid0 to subset
Closing glyph list over 'glyf': 75 glyphs before
Glyph names: ['.notdef', 'A', 'Agrave', 'B', 'C', 'Ccedilla', 'D', 'E', 'Eacute', 'Ecircumflex', 'F', 'G', 'H', 'I', 'J', 'L', 'M', 'N', 'O', 'P', 'Q', 'R', 'S', 'T', 'U', 'V', 'X', 'a', 'agrave', 'at', 'b', 'bullet', 'c', 'colon', 'comma', 'd', 'e', 'eacute', 'ecircumflex', 'eight', 'five', 'four', 'g', 'hyphen', 'i', 'l', 'm', 'multiply', 'n', 'nine', 'o', 'one', 'p', 'parenleft', 'parenright', 'percent', 'period', 'plus', 'quotedbl', 'quotesingle', 'r', 's', 'seven', 'six', 'slash', 'space', 't', 'three', 'two', 'u', 'v', 'w', 'x', 'y', 'zero']
Glyph IDs:   [0, 3, 5, 8, 10, 11, 12, 14, 15, 16, 17, 18, 19, 20, 21, 22, 23, 24, 25, 26, 27, 28, 29, 35, 36, 37, 38, 39, 40, 41, 42, 43, 44, 45, 47, 48, 49, 50, 51, 52, 53, 54, 55, 56, 57, 59, 68, 69, 70, 71, 72, 74, 76, 79, 80, 81, 82, 83, 85, 86, 87, 88, 89, 90, 91, 92, 130, 137, 139, 140, 153, 162, 171, 172, 2816]
Closed glyph list over 'glyf': 82 glyphs after
Glyph names: ['.notdef', 'A', 'Acute', 'Agrave', 'B', 'C', 'Ccedilla', 'Circumflex', 'D', 'E', 'Eacute', 'Ecircumflex', 'F', 'G', 'Grave', 'H', 'I', 'J', 'L', 'M', 'N', 'O', 'P', 'Q', 'R', 'S', 'T', 'U', 'V', 'X', 'a', 'acute', 'agrave', 'at', 'b', 'bullet', 'c', 'cedilla', 'circumflex', 'colon', 'comma', 'd', 'e', 'eacute', 'ecircumflex', 'eight', 'five', 'four', 'g', 'grave', 'hyphen', 'i', 'l', 'm', 'multiply', 'n', 'nine', 'o', 'one', 'p', 'parenleft', 'parenright', 'percent', 'period', 'plus', 'quotedbl', 'quotesingle', 'r', 's', 'seven', 'six', 'slash', 'space', 't', 'three', 'two', 'u', 'v', 'w', 'x', 'y', 'zero']
Glyph IDs:   [0, 3, 5, 8, 10, 11, 12, 14, 15, 16, 17, 18, 19, 20, 21, 22, 23, 24, 25, 26, 27, 28, 29, 35, 36, 37, 38, 39, 40, 41, 42, 43, 44, 45, 47, 48, 49, 50, 51, 52, 53, 54, 55, 56, 57, 59, 67, 68, 69, 70, 71, 72, 74, 76, 79, 80, 81, 82, 83, 85, 86, 87, 88, 89, 90, 91, 92, 118, 122, 130, 137, 139, 140, 153, 162, 171, 172, 648, 2816, 5638, 5640, 5641]
Took 0.004s to close glyph list over 'glyf'
Retaining 82 glyphs
head subsetting not needed
hhea subsetting not needed
maxp subsetting not needed
OS/2 subsetting not needed
Reading 'hmtx' table from disk
Decompiling 'hmtx' table
Reading 'hhea' table from disk
Decompiling 'hhea' table
Took 0.008s to subset 'hmtx'
hmtx subsetted
Took 0.005s to subset 'cmap'
cmap subsetted
loca subsetting not needed
Took 0.000s to subset 'post'
post subsetted
gasp subsetting not needed
FFTM NOT subset; don't know how to subset
Reading 'GDEF' table from disk
Decompiling 'GDEF' table
Took 0.004s to subset 'GDEF'
GDEF subsetted
name subsetting not needed
Took 0.014s to subset 'glyf'
glyf subsetted
Took 0.000s to subset GlyphOrder
Took 0.000s to prune 'head'
head pruned
Reading 'OS/2' table from disk
Decompiling 'OS/2' table
OS/2 Unicode ranges pruned: [0, 1, 31]
OS/2 CodePage ranges pruned: [0]
Took 0.004s to prune 'glyf'
glyf pruned
Took 0.000s to prune 'GDEF'
GDEF pruned
Reading 'name' table from disk
Decompiling 'name' table
Reading 'gasp' table from disk
Decompiling 'gasp' table
Reading 'FFTM' table from disk
Decompiling 'FFTM' table
Took 0.002s to prune 'name'
name pruned
Reading 'maxp' table from disk
Decompiling 'maxp' table
Took 0.000s to load 'maxp'
Took 0.000s to prune 'maxp'
maxp pruned
Reading 'cmap' table from disk
Decompiling 'cmap' table
Reading 'post' table from disk
Decompiling 'post' table
Took 0.019s to load 'cmap'
Took 0.000s to prune 'cmap'
cmap pruned
fpgm dropped
prep dropped
cvt  dropped
kern dropped
Took 0.000s to load 'post'
Took 0.000s to prune 'post'
post pruned
GPOS dropped
GSUB dropped
Reading 'glyf' table from disk
Decompiling 'glyf' table
Reading 'loca' table from disk
Decompiling 'loca' table
Reading 'head' table from disk
Decompiling 'head' table
Took 0.017s to load 'glyf'
Took 0.000s to prune 'glyf'
glyf pruned
Took 0.002s to close glyph list over 'cmap'
Added gid0 to subset
Closing glyph list over 'glyf': 23 glyphs before
Glyph names: ['.notdef', 'Q', 'a', 'c', 'ccedilla', 'comma', 'd', 'e', 'eacute', 'f', 'g', 'i', 'l', 'm', 'n', 'o', 'p', 'quotesingle', 'r', 's', 'space', 't', 'u']
Glyph IDs:   [0, 3, 10, 15, 52, 68, 70, 71, 72, 73, 74, 76, 79, 80, 81, 82, 83, 85, 86, 87, 88, 169, 171]
Closed glyph list over 'glyf': 25 glyphs after
Glyph names: ['.notdef', 'Q', 'a', 'acute', 'c', 'ccedilla', 'cedilla', 'comma', 'd', 'e', 'eacute', 'f', 'g', 'i', 'l', 'm', 'n', 'o', 'p', 'quotesingle', 'r', 's', 'space', 't', 'u']
Glyph IDs:   [0, 3, 10, 15, 52, 68, 70, 71, 72, 73, 74, 76, 79, 80, 81, 82, 83, 85, 86, 87, 88, 118, 122, 169, 171]
Took 0.003s to close glyph list over 'glyf'
Retaining 25 glyphs
head subsetting not needed
hhea subsetting not needed
maxp subsetting not needed
OS/2 subsetting not needed
Reading 'hmtx' table from disk
Decompiling 'hmtx' table
Reading 'hhea' table from disk
Decompiling 'hhea' table
Took 0.005s to subset 'hmtx'
hmtx subsetted
Took 0.003s to subset 'cmap'
cmap subsetted
loca subsetting not needed
Took 0.000s to subset 'post'
post subsetted
gasp subsetting not needed
FFTM NOT subset; don't know how to subset
Reading 'GDEF' table from disk
Decompiling 'GDEF' table
Took 0.002s to subset 'GDEF'
GDEF subsetted
name subsetting not needed
Took 0.002s to subset 'glyf'
glyf subsetted
Took 0.000s to subset GlyphOrder
Took 0.000s to prune 'head'
head pruned
Reading 'OS/2' table from disk
Decompiling 'OS/2' table
OS/2 Unicode ranges pruned: [0, 1]
OS/2 CodePage ranges pruned: [0]
Took 0.000s to prune 'glyf'
glyf pruned
Took 0.000s to prune 'GDEF'
GDEF pruned
Reading 'name' table from disk
Decompiling 'name' table
Reading 'gasp' table from disk
Decompiling 'gasp' table
Reading 'FFTM' table from disk
Decompiling 'FFTM' table
Took 0.001s to prune 'name'
name pruned
Reading 'maxp' table from disk
Decompiling 'maxp' table
Took 0.000s to load 'maxp'
Took 0.000s to prune 'maxp'
maxp pruned
Reading 'cmap' table from disk
Decompiling 'cmap' table
Reading 'post' table from disk
Decompiling 'post' table
Took 0.015s to load 'cmap'
Took 0.000s to prune 'cmap'
cmap pruned
fpgm dropped
prep dropped
cvt  dropped
kern dropped
Took 0.000s to load 'post'
Took 0.000s to prune 'post'
post pruned
GPOS dropped
GSUB dropped
Reading 'glyf' table from disk
Decompiling 'glyf' table
Reading 'loca' table from disk
Decompiling 'loca' table
Reading 'head' table from disk
Decompiling 'head' table
Took 0.010s to load 'glyf'
Took 0.000s to prune 'glyf'
glyf pruned
Took 0.002s to close glyph list over 'cmap'
Added gid0 to subset
Closing glyph list over 'glyf': 9 glyphs before
Glyph names: ['.notdef', 'comma', 'e', 'o', 'r', 's', 'space', 'u', 'zero']
Glyph IDs:   [0, 3, 15, 19, 72, 82, 85, 86, 88]
Closed glyph list over 'glyf': 9 glyphs after
Glyph names: ['.notdef', 'comma', 'e', 'o', 'r', 's', 'space', 'u', 'zero']
Glyph IDs:   [0, 3, 15, 19, 72, 82, 85, 86, 88]
Took 0.003s to close glyph list over 'glyf'
Retaining 9 glyphs
head subsetting not needed
hhea subsetting not needed
maxp subsetting not needed
OS/2 subsetting not needed
Reading 'hmtx' table from disk
Decompiling 'hmtx' table
Reading 'hhea' table from disk
Decompiling 'hhea' table
Took 0.005s to subset 'hmtx'
hmtx subsetted
Took 0.005s to subset 'cmap'
cmap subsetted
loca subsetting not needed
Took 0.000s to subset 'post'
post subsetted
gasp subsetting not needed
FFTM NOT subset; don't know how to subset
Reading 'GDEF' table from disk
Decompiling 'GDEF' table
Took 0.004s to subset 'GDEF'
GDEF subsetted
name subsetting not needed
Took 0.002s to subset 'glyf'
glyf subsetted
Took 0.000s to subset GlyphOrder
Took 0.000s to prune 'head'
head pruned
Reading 'OS/2' table from disk
Decompiling 'OS/2' table
OS/2 Unicode ranges pruned: [0]
OS/2 CodePage ranges pruned: [0]
Took 0.000s to prune 'glyf'
glyf pruned
Took 0.000s to prune 'GDEF'
GDEF pruned
Reading 'name' table from disk
Decompiling 'name' table
Reading 'gasp' table from disk
Decompiling 'gasp' table
Reading 'FFTM' table from disk
Decompiling 'FFTM' table
Took 0.002s to prune 'name'
name pruned
Reading 'maxp' table from disk
Decompiling 'maxp' table
Took 0.001s to load 'maxp'
Took 0.000s to prune 'maxp'
maxp pruned
LTSH dropped
VDMX dropped
hdmx dropped
Reading 'cmap' table from disk
Decompiling 'cmap' table
Took 0.000s to load 'cmap'
Took 0.000s to prune 'cmap'
cmap pruned
fpgm dropped
prep dropped
cvt  dropped
kern dropped
Reading 'post' table from disk
Decompiling 'post' table
Took 0.000s to load 'post'
Took 0.000s to prune 'post'
post pruned
PCLT dropped
JSTF dropped
GPOS dropped
GSUB dropped
Reading 'glyf' table from disk
Decompiling 'glyf' table
Reading 'loca' table from disk
Decompiling 'loca' table
Reading 'head' table from disk
Decompiling 'head' table
Reading 'cmap' table from disk
Decompiling 'cmap' table
Took 0.088s to load 'glyf'
Took 0.000s to prune 'glyf'
glyf pruned
Took 0.005s to close glyph list over 'cmap'
Added gid0 to subset
Closing glyph list over 'glyf': 11 glyphs before
Glyph names: ['.notdef', 'A', 'D', 'I', 'N', 'O', 'R', 'S', 'T', 'U', 'quotesingle']
Glyph IDs:   [0, 10, 36, 39, 44, 49, 50, 53, 54, 55, 56]
Closed glyph list over 'glyf': 11 glyphs after
Glyph names: ['.notdef', 'A', 'D', 'I', 'N', 'O', 'R', 'S', 'T', 'U', 'quotesingle']
Glyph IDs:   [0, 10, 36, 39, 44, 49, 50, 53, 54, 55, 56]
Took 0.003s to close glyph list over 'glyf'
Retaining 11 glyphs
head subsetting not needed
hhea subsetting not needed
maxp subsetting not needed
OS/2 subsetting not needed
Reading 'hmtx' table from disk
Decompiling 'hmtx' table
Reading 'hhea' table from disk
Decompiling 'hhea' table
Took 0.006s to subset 'hmtx'
hmtx subsetted
Took 0.002s to subset 'cmap'
cmap subsetted
loca subsetting not needed
Took 0.000s to subset 'post'
post subsetted
gasp subsetting not needed
meta NOT subset; don't know how to subset
Reading 'GDEF' table from disk
Decompiling 'GDEF' table
Took 0.005s to subset 'GDEF'
GDEF subsetted
name subsetting not needed
Took 0.002s to subset 'glyf'
glyf subsetted
Took 0.000s to subset GlyphOrder
Took 0.000s to prune 'head'
head pruned
Reading 'OS/2' table from disk
Decompiling 'OS/2' table
OS/2 Unicode ranges pruned: [0]
OS/2 CodePage ranges pruned: [0]
Took 0.000s to prune 'glyf'
glyf pruned
Took 0.000s to prune 'GDEF'
GDEF pruned
Reading 'name' table from disk
Decompiling 'name' table
Reading 'gasp' table from disk
Decompiling 'gasp' table
Reading 'meta' table from disk
Decompiling 'meta' table
Took 0.002s to prune 'name'
name pruned
Unknown rendering option: timeout.
Ignored `src: local("Segoe UI"), local("Helvetica Neue"), local("Arial"), sans-serif` at 5:13, invalid value.
Missing src descriptor in '@font-face' rule at 3:9
Ignored `src: local("Georgia"), local("Times New Roman"), serif` at 10:13, invalid value.
Missing src descriptor in '@font-face' rule at 8:9
Ignored `word-break: break-word` at 236:13, invalid value.
Ignored `word-break: break-word` at 248:13, invalid value.
Reading 'maxp' table from disk
Decompiling 'maxp' table
Took 0.001s to load 'maxp'
Took 0.000s to prune 'maxp'
maxp pruned
Reading 'cmap' table from disk
Decompiling 'cmap' table
Reading 'post' table from disk
Decompiling 'post' table
Took 0.037s to load 'cmap'
Took 0.000s to prune 'cmap'
cmap pruned
fpgm dropped
prep dropped
cvt  dropped
kern dropped
Took 0.000s to load 'post'
Took 0.000s to prune 'post'
post pruned
GPOS dropped
GSUB dropped
Reading 'glyf' table from disk
Decompiling 'glyf' table
Reading 'loca' table from disk
Decompiling 'loca' table
Reading 'head' table from disk
Decompiling 'head' table
Took 0.016s to load 'glyf'
Took 0.000s to prune 'glyf'
glyf pruned
Took 0.003s to close glyph list over 'cmap'
Added gid0 to subset
Closing glyph list over 'glyf': 52 glyphs before
Glyph names: ['.notdef', 'A', 'B', 'C', 'D', 'E', 'Eacute', 'Euro', 'G', 'H', 'I', 'L', 'M', 'N', 'O', 'P', 'Q', 'R', 'S', 'T', 'U', 'V', 'X', 'a', 'c', 'comma', 'd', 'degree', 'e', 'eacute', 'four', 'g', 'hyphen', 'i', 'j', 'l', 'n', 'o', 'one', 'p', 'period', 'quotesingle', 'r', 's', 'six', 'slash', 'space', 't', 'three', 'two', 'u', 'zero']
Glyph IDs:   [0, 3, 10, 15, 16, 17, 18, 19, 20, 21, 22, 23, 25, 36, 37, 38, 39, 40, 42, 43, 44, 47, 48, 49, 50, 51, 52, 53, 54, 55, 56, 57, 59, 68, 70, 71, 72, 74, 76, 77, 79, 81, 82, 83, 85, 86, 87, 88, 114, 139, 171, 2943]
Closed glyph list over 'glyf': 54 glyphs after
Glyph names: ['.notdef', 'A', 'Acute', 'B', 'C', 'D', 'E', 'Eacute', 'Euro', 'G', 'H', 'I', 'L', 'M', 'N', 'O', 'P', 'Q', 'R', 'S', 'T', 'U', 'V', 'X', 'a', 'acute', 'c', 'comma', 'd', 'degree', 'e', 'eacute', 'four', 'g', 'hyphen', 'i', 'j', 'l', 'n', 'o', 'one', 'p', 'period', 'quotesingle', 'r', 's', 'six', 'slash', 'space', 't', 'three', 'two', 'u', 'zero']
Glyph IDs:   [0, 3, 10, 15, 16, 17, 18, 19, 20, 21, 22, 23, 25, 36, 37, 38, 39, 40, 42, 43, 44, 47, 48, 49, 50, 51, 52, 53, 54, 55, 56, 57, 59, 68, 70, 71, 72, 74, 76, 77, 79, 81, 82, 83, 85, 86, 87, 88, 114, 118, 139, 171, 2943, 5564]
Took 0.005s to close glyph list over 'glyf'
Retaining 54 glyphs
head subsetting not needed
hhea subsetting not needed
maxp subsetting not needed
OS/2 subsetting not needed
Reading 'hmtx' table from disk
Decompiling 'hmtx' table
Reading 'hhea' table from disk
Decompiling 'hhea' table
Took 0.014s to subset 'hmtx'
hmtx subsetted
Took 0.006s to subset 'cmap'
cmap subsetted
loca subsetting not needed
Took 0.000s to subset 'post'
post subsetted
gasp subsetting not needed
FFTM NOT subset; don't know how to subset
Reading 'GDEF' table from disk
Decompiling 'GDEF' table
Took 0.007s to subset 'GDEF'
GDEF subsetted
name subsetting not needed
Took 0.007s to subset 'glyf'
glyf subsetted
Took 0.000s to subset GlyphOrder
Took 0.000s to prune 'head'
head pruned
Reading 'OS/2' table from disk
Decompiling 'OS/2' table
OS/2 Unicode ranges pruned: [0, 1, 33]
OS/2 CodePage ranges pruned: [0]
Took 0.003s to prune 'glyf'
glyf pruned
Took 0.000s to prune 'GDEF'
GDEF pruned
Reading 'name' table from disk
Decompiling 'name' table
Reading 'gasp' table from disk
Decompiling 'gasp' table
Reading 'FFTM' table from disk
Decompiling 'FFTM' table
Took 0.002s to prune 'name'
name pruned
Reading 'maxp' table from disk
Decompiling 'maxp' table
Took 0.001s to load 'maxp'
Took 0.000s to prune 'maxp'
maxp pruned
Reading 'cmap' table from disk
Decompiling 'cmap' table
Reading 'post' table from disk
Decompiling 'post' table
Took 0.025s to load 'cmap'
Took 0.000s to prune 'cmap'
cmap pruned
fpgm dropped
prep dropped
cvt  dropped
kern dropped
Took 0.000s to load 'post'
Took 0.000s to prune 'post'
post pruned
GPOS dropped
GSUB dropped
Reading 'glyf' table from disk
Decompiling 'glyf' table
Reading 'loca' table from disk
Decompiling 'loca' table
Reading 'head' table from disk
Decompiling 'head' table
Took 0.014s to load 'glyf'
Took 0.000s to prune 'glyf'
glyf pruned
Took 0.004s to close glyph list over 'cmap'
Added gid0 to subset
Closing glyph list over 'glyf': 75 glyphs before
Glyph names: ['.notdef', 'A', 'Agrave', 'B', 'C', 'Ccedilla', 'D', 'E', 'Eacute', 'Ecircumflex', 'F', 'G', 'H', 'I', 'J', 'L', 'M', 'N', 'O', 'P', 'Q', 'R', 'S', 'T', 'U', 'V', 'X', 'a', 'agrave', 'at', 'b', 'bullet', 'c', 'colon', 'comma', 'd', 'e', 'eacute', 'ecircumflex', 'eight', 'five', 'four', 'g', 'hyphen', 'i', 'l', 'm', 'multiply', 'n', 'nine', 'o', 'one', 'p', 'parenleft', 'parenright', 'percent', 'period', 'plus', 'quotedbl', 'quotesingle', 'r', 's', 'seven', 'six', 'slash', 'space', 't', 'three', 'two', 'u', 'v', 'w', 'x', 'y', 'zero']
Glyph IDs:   [0, 3, 5, 8, 10, 11, 12, 14, 15, 16, 17, 18, 19, 20, 21, 22, 23, 24, 25, 26, 27, 28, 29, 35, 36, 37, 38, 39, 40, 41, 42, 43, 44, 45, 47, 48, 49, 50, 51, 52, 53, 54, 55, 56, 57, 59, 68, 69, 70, 71, 72, 74, 76, 79, 80, 81, 82, 83, 85, 86, 87, 88, 89, 90, 91, 92, 130, 137, 139, 140, 153, 162, 171, 172, 2816]
Closed glyph list over 'glyf': 82 glyphs after
Glyph names: ['.notdef', 'A', 'Acute', 'Agrave', 'B', 'C', 'Ccedilla', 'Circumflex', 'D', 'E', 'Eacute', 'Ecircumflex', 'F', 'G', 'Grave', 'H', 'I', 'J', 'L', 'M', 'N', 'O', 'P', 'Q', 'R', 'S', 'T', 'U', 'V', 'X', 'a', 'acute', 'agrave', 'at', 'b', 'bullet', 'c', 'cedilla', 'circumflex', 'colon', 'comma', 'd', 'e', 'eacute', 'ecircumflex', 'eight', 'five', 'four', 'g', 'grave', 'hyphen', 'i', 'l', 'm', 'multiply', 'n', 'nine', 'o', 'one', 'p', 'parenleft', 'parenright', 'percent', 'period', 'plus', 'quotedbl', 'quotesingle', 'r', 's', 'seven', 'six', 'slash', 'space', 't', 'three', 'two', 'u', 'v', 'w', 'x', 'y', 'zero']
Glyph IDs:   [0, 3, 5, 8, 10, 11, 12, 14, 15, 16, 17, 18, 19, 20, 21, 22, 23, 24, 25, 26, 27, 28, 29, 35, 36, 37, 38, 39, 40, 41, 42, 43, 44, 45, 47, 48, 49, 50, 51, 52, 53, 54, 55, 56, 57, 59, 67, 68, 69, 70, 71, 72, 74, 76, 79, 80, 81, 82, 83, 85, 86, 87, 88, 89, 90, 91, 92, 118, 122, 130, 137, 139, 140, 153, 162, 171, 172, 648, 2816, 5638, 5640, 5641]
Took 0.004s to close glyph list over 'glyf'
Retaining 82 glyphs
head subsetting not needed
hhea subsetting not needed
maxp subsetting not needed
OS/2 subsetting not needed
Reading 'hmtx' table from disk
Decompiling 'hmtx' table
Reading 'hhea' table from disk
Decompiling 'hhea' table
Took 0.018s to subset 'hmtx'
hmtx subsetted
Took 0.007s to subset 'cmap'
cmap subsetted
loca subsetting not needed
Took 0.000s to subset 'post'
post subsetted
gasp subsetting not needed
FFTM NOT subset; don't know how to subset
Reading 'GDEF' table from disk
Decompiling 'GDEF' table
Took 0.005s to subset 'GDEF'
GDEF subsetted
name subsetting not needed
Took 0.010s to subset 'glyf'
glyf subsetted
Took 0.000s to subset GlyphOrder
Took 0.000s to prune 'head'
head pruned
Reading 'OS/2' table from disk
Decompiling 'OS/2' table
OS/2 Unicode ranges pruned: [0, 1, 31]
OS/2 CodePage ranges pruned: [0]
Took 0.003s to prune 'glyf'
glyf pruned
Took 0.000s to prune 'GDEF'
GDEF pruned
Reading 'name' table from disk
Decompiling 'name' table
Reading 'gasp' table from disk
Decompiling 'gasp' table
Reading 'FFTM' table from disk
Decompiling 'FFTM' table
Took 0.006s to prune 'name'
name pruned
Reading 'maxp' table from disk
Decompiling 'maxp' table
Took 0.000s to load 'maxp'
Took 0.000s to prune 'maxp'
maxp pruned
Reading 'cmap' table from disk
Decompiling 'cmap' table
Reading 'post' table from disk
Decompiling 'post' table
Took 0.017s to load 'cmap'
Took 0.000s to prune 'cmap'
cmap pruned
fpgm dropped
prep dropped
cvt  dropped
kern dropped
Took 0.000s to load 'post'
Took 0.000s to prune 'post'
post pruned
GPOS dropped
GSUB dropped
Reading 'glyf' table from disk
Decompiling 'glyf' table
Reading 'loca' table from disk
Decompiling 'loca' table
Reading 'head' table from disk
Decompiling 'head' table
Took 0.008s to load 'glyf'
Took 0.000s to prune 'glyf'
glyf pruned
Took 0.002s to close glyph list over 'cmap'
Added gid0 to subset
Closing glyph list over 'glyf': 23 glyphs before
Glyph names: ['.notdef', 'Q', 'a', 'c', 'ccedilla', 'comma', 'd', 'e', 'eacute', 'f', 'g', 'i', 'l', 'm', 'n', 'o', 'p', 'quotesingle', 'r', 's', 'space', 't', 'u']
Glyph IDs:   [0, 3, 10, 15, 52, 68, 70, 71, 72, 73, 74, 76, 79, 80, 81, 82, 83, 85, 86, 87, 88, 169, 171]
Closed glyph list over 'glyf': 25 glyphs after
Glyph names: ['.notdef', 'Q', 'a', 'acute', 'c', 'ccedilla', 'cedilla', 'comma', 'd', 'e', 'eacute', 'f', 'g', 'i', 'l', 'm', 'n', 'o', 'p', 'quotesingle', 'r', 's', 'space', 't', 'u']
Glyph IDs:   [0, 3, 10, 15, 52, 68, 70, 71, 72, 73, 74, 76, 79, 80, 81, 82, 83, 85, 86, 87, 88, 118, 122, 169, 171]
Took 0.005s to close glyph list over 'glyf'
Retaining 25 glyphs
head subsetting not needed
hhea subsetting not needed
maxp subsetting not needed
OS/2 subsetting not needed
Reading 'hmtx' table from disk
Decompiling 'hmtx' table
Reading 'hhea' table from disk
Decompiling 'hhea' table
Took 0.007s to subset 'hmtx'
hmtx subsetted
Took 0.004s to subset 'cmap'
cmap subsetted
loca subsetting not needed
Took 0.000s to subset 'post'
post subsetted
gasp subsetting not needed
FFTM NOT subset; don't know how to subset
Reading 'GDEF' table from disk
Decompiling 'GDEF' table
Took 0.003s to subset 'GDEF'
GDEF subsetted
name subsetting not needed
Took 0.002s to subset 'glyf'
glyf subsetted
Took 0.000s to subset GlyphOrder
Took 0.000s to prune 'head'
head pruned
Reading 'OS/2' table from disk
Decompiling 'OS/2' table
OS/2 Unicode ranges pruned: [0, 1]
OS/2 CodePage ranges pruned: [0]
Took 0.001s to prune 'glyf'
glyf pruned
Took 0.000s to prune 'GDEF'
GDEF pruned
Reading 'name' table from disk
Decompiling 'name' table
Reading 'gasp' table from disk
Decompiling 'gasp' table
Reading 'FFTM' table from disk
Decompiling 'FFTM' table
Took 0.004s to prune 'name'
name pruned
Reading 'maxp' table from disk
Decompiling 'maxp' table
Took 0.001s to load 'maxp'
Took 0.000s to prune 'maxp'
maxp pruned
Reading 'cmap' table from disk
Decompiling 'cmap' table
Reading 'post' table from disk
Decompiling 'post' table
Took 0.013s to load 'cmap'
Took 0.000s to prune 'cmap'
cmap pruned
fpgm dropped
prep dropped
cvt  dropped
kern dropped
Took 0.000s to load 'post'
Took 0.000s to prune 'post'
post pruned
GPOS dropped
GSUB dropped
Reading 'glyf' table from disk
Decompiling 'glyf' table
Reading 'loca' table from disk
Decompiling 'loca' table
Reading 'head' table from disk
Decompiling 'head' table
Took 0.005s to load 'glyf'
Took 0.000s to prune 'glyf'
glyf pruned
Took 0.001s to close glyph list over 'cmap'
Added gid0 to subset
Closing glyph list over 'glyf': 9 glyphs before
Glyph names: ['.notdef', 'comma', 'e', 'o', 'r', 's', 'space', 'u', 'zero']
Glyph IDs:   [0, 3, 15, 19, 72, 82, 85, 86, 88]
Closed glyph list over 'glyf': 9 glyphs after
Glyph names: ['.notdef', 'comma', 'e', 'o', 'r', 's', 'space', 'u', 'zero']
Glyph IDs:   [0, 3, 15, 19, 72, 82, 85, 86, 88]
Took 0.002s to close glyph list over 'glyf'
Retaining 9 glyphs
head subsetting not needed
hhea subsetting not needed
maxp subsetting not needed
OS/2 subsetting not needed
Reading 'hmtx' table from disk
Decompiling 'hmtx' table
Reading 'hhea' table from disk
Decompiling 'hhea' table
Took 0.005s to subset 'hmtx'
hmtx subsetted
Took 0.004s to subset 'cmap'
cmap subsetted
loca subsetting not needed
Took 0.000s to subset 'post'
post subsetted
gasp subsetting not needed
FFTM NOT subset; don't know how to subset
Reading 'GDEF' table from disk
Decompiling 'GDEF' table
Took 0.005s to subset 'GDEF'
GDEF subsetted
name subsetting not needed
Took 0.002s to subset 'glyf'
glyf subsetted
Took 0.000s to subset GlyphOrder
Took 0.000s to prune 'head'
head pruned
Reading 'OS/2' table from disk
Decompiling 'OS/2' table
OS/2 Unicode ranges pruned: [0]
OS/2 CodePage ranges pruned: [0]
Took 0.000s to prune 'glyf'
glyf pruned
Took 0.000s to prune 'GDEF'
GDEF pruned
Reading 'name' table from disk
Decompiling 'name' table
Reading 'gasp' table from disk
Decompiling 'gasp' table
Reading 'FFTM' table from disk
Decompiling 'FFTM' table
Took 0.002s to prune 'name'
name pruned
Reading 'maxp' table from disk
Decompiling 'maxp' table
Took 0.000s to load 'maxp'
Took 0.000s to prune 'maxp'
maxp pruned
LTSH dropped
VDMX dropped
hdmx dropped
Reading 'cmap' table from disk
Decompiling 'cmap' table
Took 0.000s to load 'cmap'
Took 0.000s to prune 'cmap'
cmap pruned
fpgm dropped
prep dropped
cvt  dropped
kern dropped
Reading 'post' table from disk
Decompiling 'post' table
Took 0.000s to load 'post'
Took 0.000s to prune 'post'
post pruned
PCLT dropped
JSTF dropped
GPOS dropped
GSUB dropped
Reading 'glyf' table from disk
Decompiling 'glyf' table
Reading 'loca' table from disk
Decompiling 'loca' table
Reading 'head' table from disk
Decompiling 'head' table
Reading 'cmap' table from disk
Decompiling 'cmap' table
Took 0.030s to load 'glyf'
Took 0.000s to prune 'glyf'
glyf pruned
Took 0.006s to close glyph list over 'cmap'
Added gid0 to subset
Closing glyph list over 'glyf': 11 glyphs before
Glyph names: ['.notdef', 'A', 'D', 'I', 'N', 'O', 'R', 'S', 'T', 'U', 'quotesingle']
Glyph IDs:   [0, 10, 36, 39, 44, 49, 50, 53, 54, 55, 56]
Closed glyph list over 'glyf': 11 glyphs after
Glyph names: ['.notdef', 'A', 'D', 'I', 'N', 'O', 'R', 'S', 'T', 'U', 'quotesingle']
Glyph IDs:   [0, 10, 36, 39, 44, 49, 50, 53, 54, 55, 56]
Took 0.002s to close glyph list over 'glyf'
Retaining 11 glyphs
head subsetting not needed
hhea subsetting not needed
maxp subsetting not needed
OS/2 subsetting not needed
Reading 'hmtx' table from disk
Decompiling 'hmtx' table
Reading 'hhea' table from disk
Decompiling 'hhea' table
Took 0.005s to subset 'hmtx'
hmtx subsetted
Took 0.001s to subset 'cmap'
cmap subsetted
loca subsetting not needed
Took 0.000s to subset 'post'
post subsetted
gasp subsetting not needed
meta NOT subset; don't know how to subset
Reading 'GDEF' table from disk
Decompiling 'GDEF' table
Took 0.005s to subset 'GDEF'
GDEF subsetted
name subsetting not needed
Took 0.002s to subset 'glyf'
glyf subsetted
Took 0.000s to subset GlyphOrder
Took 0.000s to prune 'head'
head pruned
Reading 'OS/2' table from disk
Decompiling 'OS/2' table
OS/2 Unicode ranges pruned: [0]
OS/2 CodePage ranges pruned: [0]
Took 0.000s to prune 'glyf'
glyf pruned
Took 0.000s to prune 'GDEF'
GDEF pruned
Reading 'name' table from disk
Decompiling 'name' table
Reading 'gasp' table from disk
Decompiling 'gasp' table
Reading 'meta' table from disk
Decompiling 'meta' table
Took 0.003s to prune 'name'
name pruned
.
(process:15464): GLib-GIO-WARNING **: 22:34:47.975: Unexpectedly, UWP app `Microsoft.ScreenSketch_11.2511.47.0_x64__8wekyb3d8bbwe' (AUMId `Microsoft.ScreenSketch_8wekyb3d8bbwe!App') supports 29 extensions but has no verbs
Unknown rendering option: timeout.
Ignored `src: local("Segoe UI"), local("Helvetica Neue"), local("Arial"), sans-serif` at 5:13, invalid value.
Missing src descriptor in '@font-face' rule at 3:9
Ignored `src: local("Georgia"), local("Times New Roman"), serif` at 10:13, invalid value.
Missing src descriptor in '@font-face' rule at 8:9
Ignored `word-break: break-word` at 236:13, invalid value.
Ignored `word-break: break-word` at 248:13, invalid value.
Reading 'maxp' table from disk
Decompiling 'maxp' table
Took 0.000s to load 'maxp'
Took 0.000s to prune 'maxp'
maxp pruned
Reading 'cmap' table from disk
Decompiling 'cmap' table
Reading 'post' table from disk
Decompiling 'post' table
Took 0.022s to load 'cmap'
Took 0.000s to prune 'cmap'
cmap pruned
fpgm dropped
prep dropped
cvt  dropped
kern dropped
Took 0.000s to load 'post'
Took 0.000s to prune 'post'
post pruned
GPOS dropped
GSUB dropped
Reading 'glyf' table from disk
Decompiling 'glyf' table
Reading 'loca' table from disk
Decompiling 'loca' table
Reading 'head' table from disk
Decompiling 'head' table
Took 0.010s to load 'glyf'
Took 0.000s to prune 'glyf'
glyf pruned
Took 0.002s to close glyph list over 'cmap'
Added gid0 to subset
Closing glyph list over 'glyf': 52 glyphs before
Glyph names: ['.notdef', 'A', 'B', 'C', 'D', 'E', 'Eacute', 'Euro', 'G', 'H', 'I', 'L', 'M', 'N', 'O', 'P', 'Q', 'R', 'S', 'T', 'U', 'V', 'X', 'a', 'c', 'comma', 'd', 'degree', 'e', 'eacute', 'four', 'g', 'hyphen', 'i', 'j', 'l', 'n', 'o', 'one', 'p', 'period', 'quotesingle', 'r', 's', 'six', 'slash', 'space', 't', 'three', 'two', 'u', 'zero']
Glyph IDs:   [0, 3, 10, 15, 16, 17, 18, 19, 20, 21, 22, 23, 25, 36, 37, 38, 39, 40, 42, 43, 44, 47, 48, 49, 50, 51, 52, 53, 54, 55, 56, 57, 59, 68, 70, 71, 72, 74, 76, 77, 79, 81, 82, 83, 85, 86, 87, 88, 114, 139, 171, 2943]
Closed glyph list over 'glyf': 54 glyphs after
Glyph names: ['.notdef', 'A', 'Acute', 'B', 'C', 'D', 'E', 'Eacute', 'Euro', 'G', 'H', 'I', 'L', 'M', 'N', 'O', 'P', 'Q', 'R', 'S', 'T', 'U', 'V', 'X', 'a', 'acute', 'c', 'comma', 'd', 'degree', 'e', 'eacute', 'four', 'g', 'hyphen', 'i', 'j', 'l', 'n', 'o', 'one', 'p', 'period', 'quotesingle', 'r', 's', 'six', 'slash', 'space', 't', 'three', 'two', 'u', 'zero']
Glyph IDs:   [0, 3, 10, 15, 16, 17, 18, 19, 20, 21, 22, 23, 25, 36, 37, 38, 39, 40, 42, 43, 44, 47, 48, 49, 50, 51, 52, 53, 54, 55, 56, 57, 59, 68, 70, 71, 72, 74, 76, 77, 79, 81, 82, 83, 85, 86, 87, 88, 114, 118, 139, 171, 2943, 5564]
Took 0.002s to close glyph list over 'glyf'
Retaining 54 glyphs
head subsetting not needed
hhea subsetting not needed
maxp subsetting not needed
OS/2 subsetting not needed
Reading 'hmtx' table from disk
Decompiling 'hmtx' table
Reading 'hhea' table from disk
Decompiling 'hhea' table
Took 0.007s to subset 'hmtx'
hmtx subsetted
Took 0.003s to subset 'cmap'
cmap subsetted
loca subsetting not needed
Took 0.000s to subset 'post'
post subsetted
gasp subsetting not needed
FFTM NOT subset; don't know how to subset
Reading 'GDEF' table from disk
Decompiling 'GDEF' table
Took 0.006s to subset 'GDEF'
GDEF subsetted
name subsetting not needed
Took 0.005s to subset 'glyf'
glyf subsetted
Took 0.000s to subset GlyphOrder
Took 0.000s to prune 'head'
head pruned
Reading 'OS/2' table from disk
Decompiling 'OS/2' table
OS/2 Unicode ranges pruned: [0, 1, 33]
OS/2 CodePage ranges pruned: [0]
Took 0.002s to prune 'glyf'
glyf pruned
Took 0.000s to prune 'GDEF'
GDEF pruned
Reading 'name' table from disk
Decompiling 'name' table
Reading 'gasp' table from disk
Decompiling 'gasp' table
Reading 'FFTM' table from disk
Decompiling 'FFTM' table
Took 0.003s to prune 'name'
name pruned
Reading 'maxp' table from disk
Decompiling 'maxp' table
Took 0.000s to load 'maxp'
Took 0.000s to prune 'maxp'
maxp pruned
Reading 'cmap' table from disk
Decompiling 'cmap' table
Reading 'post' table from disk
Decompiling 'post' table
Took 0.015s to load 'cmap'
Took 0.000s to prune 'cmap'
cmap pruned
fpgm dropped
prep dropped
cvt  dropped
kern dropped
Took 0.000s to load 'post'
Took 0.000s to prune 'post'
post pruned
GPOS dropped
GSUB dropped
Reading 'glyf' table from disk
Decompiling 'glyf' table
Reading 'loca' table from disk
Decompiling 'loca' table
Reading 'head' table from disk
Decompiling 'head' table
Took 0.008s to load 'glyf'
Took 0.000s to prune 'glyf'
glyf pruned
Took 0.001s to close glyph list over 'cmap'
Added gid0 to subset
Closing glyph list over 'glyf': 75 glyphs before
Glyph names: ['.notdef', 'A', 'Agrave', 'B', 'C', 'Ccedilla', 'D', 'E', 'Eacute', 'Ecircumflex', 'F', 'G', 'H', 'I', 'J', 'L', 'M', 'N', 'O', 'P', 'Q', 'R', 'S', 'T', 'U', 'V', 'X', 'a', 'agrave', 'at', 'b', 'bullet', 'c', 'colon', 'comma', 'd', 'e', 'eacute', 'ecircumflex', 'eight', 'five', 'four', 'g', 'hyphen', 'i', 'l', 'm', 'multiply', 'n', 'nine', 'o', 'one', 'p', 'parenleft', 'parenright', 'percent', 'period', 'plus', 'quotedbl', 'quotesingle', 'r', 's', 'seven', 'six', 'slash', 'space', 't', 'three', 'two', 'u', 'v', 'w', 'x', 'y', 'zero']
Glyph IDs:   [0, 3, 5, 8, 10, 11, 12, 14, 15, 16, 17, 18, 19, 20, 21, 22, 23, 24, 25, 26, 27, 28, 29, 35, 36, 37, 38, 39, 40, 41, 42, 43, 44, 45, 47, 48, 49, 50, 51, 52, 53, 54, 55, 56, 57, 59, 68, 69, 70, 71, 72, 74, 76, 79, 80, 81, 82, 83, 85, 86, 87, 88, 89, 90, 91, 92, 130, 137, 139, 140, 153, 162, 171, 172, 2816]
Closed glyph list over 'glyf': 82 glyphs after
Glyph names: ['.notdef', 'A', 'Acute', 'Agrave', 'B', 'C', 'Ccedilla', 'Circumflex', 'D', 'E', 'Eacute', 'Ecircumflex', 'F', 'G', 'Grave', 'H', 'I', 'J', 'L', 'M', 'N', 'O', 'P', 'Q', 'R', 'S', 'T', 'U', 'V', 'X', 'a', 'acute', 'agrave', 'at', 'b', 'bullet', 'c', 'cedilla', 'circumflex', 'colon', 'comma', 'd', 'e', 'eacute', 'ecircumflex', 'eight', 'five', 'four', 'g', 'grave', 'hyphen', 'i', 'l', 'm', 'multiply', 'n', 'nine', 'o', 'one', 'p', 'parenleft', 'parenright', 'percent', 'period', 'plus', 'quotedbl', 'quotesingle', 'r', 's', 'seven', 'six', 'slash', 'space', 't', 'three', 'two', 'u', 'v', 'w', 'x', 'y', 'zero']
Glyph IDs:   [0, 3, 5, 8, 10, 11, 12, 14, 15, 16, 17, 18, 19, 20, 21, 22, 23, 24, 25, 26, 27, 28, 29, 35, 36, 37, 38, 39, 40, 41, 42, 43, 44, 45, 47, 48, 49, 50, 51, 52, 53, 54, 55, 56, 57, 59, 67, 68, 69, 70, 71, 72, 74, 76, 79, 80, 81, 82, 83, 85, 86, 87, 88, 89, 90, 91, 92, 118, 122, 130, 137, 139, 140, 153, 162, 171, 172, 648, 2816, 5638, 5640, 5641]
Took 0.003s to close glyph list over 'glyf'
Retaining 82 glyphs
head subsetting not needed
hhea subsetting not needed
maxp subsetting not needed
OS/2 subsetting not needed
Reading 'hmtx' table from disk
Decompiling 'hmtx' table
Reading 'hhea' table from disk
Decompiling 'hhea' table
Took 0.009s to subset 'hmtx'
hmtx subsetted
Took 0.005s to subset 'cmap'
cmap subsetted
loca subsetting not needed
Took 0.000s to subset 'post'
post subsetted
gasp subsetting not needed
FFTM NOT subset; don't know how to subset
Reading 'GDEF' table from disk
Decompiling 'GDEF' table
Took 0.004s to subset 'GDEF'
GDEF subsetted
name subsetting not needed
Took 0.005s to subset 'glyf'
glyf subsetted
Took 0.000s to subset GlyphOrder
Took 0.000s to prune 'head'
head pruned
Reading 'OS/2' table from disk
Decompiling 'OS/2' table
OS/2 Unicode ranges pruned: [0, 1, 31]
OS/2 CodePage ranges pruned: [0]
Took 0.004s to prune 'glyf'
glyf pruned
Took 0.000s to prune 'GDEF'
GDEF pruned
Reading 'name' table from disk
Decompiling 'name' table
Reading 'gasp' table from disk
Decompiling 'gasp' table
Reading 'FFTM' table from disk
Decompiling 'FFTM' table
Took 0.005s to prune 'name'
name pruned
Reading 'maxp' table from disk
Decompiling 'maxp' table
Took 0.000s to load 'maxp'
Took 0.000s to prune 'maxp'
maxp pruned
Reading 'cmap' table from disk
Decompiling 'cmap' table
Reading 'post' table from disk
Decompiling 'post' table
Took 0.015s to load 'cmap'
Took 0.000s to prune 'cmap'
cmap pruned
fpgm dropped
prep dropped
cvt  dropped
kern dropped
Took 0.000s to load 'post'
Took 0.000s to prune 'post'
post pruned
GPOS dropped
GSUB dropped
Reading 'glyf' table from disk
Decompiling 'glyf' table
Reading 'loca' table from disk
Decompiling 'loca' table
Reading 'head' table from disk
Decompiling 'head' table
Took 0.008s to load 'glyf'
Took 0.000s to prune 'glyf'
glyf pruned
Took 0.002s to close glyph list over 'cmap'
Added gid0 to subset
Closing glyph list over 'glyf': 23 glyphs before
Glyph names: ['.notdef', 'Q', 'a', 'c', 'ccedilla', 'comma', 'd', 'e', 'eacute', 'f', 'g', 'i', 'l', 'm', 'n', 'o', 'p', 'quotesingle', 'r', 's', 'space', 't', 'u']
Glyph IDs:   [0, 3, 10, 15, 52, 68, 70, 71, 72, 73, 74, 76, 79, 80, 81, 82, 83, 85, 86, 87, 88, 169, 171]
Closed glyph list over 'glyf': 25 glyphs after
Glyph names: ['.notdef', 'Q', 'a', 'acute', 'c', 'ccedilla', 'cedilla', 'comma', 'd', 'e', 'eacute', 'f', 'g', 'i', 'l', 'm', 'n', 'o', 'p', 'quotesingle', 'r', 's', 'space', 't', 'u']
Glyph IDs:   [0, 3, 10, 15, 52, 68, 70, 71, 72, 73, 74, 76, 79, 80, 81, 82, 83, 85, 86, 87, 88, 118, 122, 169, 171]
Took 0.002s to close glyph list over 'glyf'
Retaining 25 glyphs
head subsetting not needed
hhea subsetting not needed
maxp subsetting not needed
OS/2 subsetting not needed
Reading 'hmtx' table from disk
Decompiling 'hmtx' table
Reading 'hhea' table from disk
Decompiling 'hhea' table
Took 0.008s to subset 'hmtx'
hmtx subsetted
Took 0.003s to subset 'cmap'
cmap subsetted
loca subsetting not needed
Took 0.000s to subset 'post'
post subsetted
gasp subsetting not needed
FFTM NOT subset; don't know how to subset
Reading 'GDEF' table from disk
Decompiling 'GDEF' table
Took 0.005s to subset 'GDEF'
GDEF subsetted
name subsetting not needed
Took 0.006s to subset 'glyf'
glyf subsetted
Took 0.000s to subset GlyphOrder
Took 0.000s to prune 'head'
head pruned
Reading 'OS/2' table from disk
Decompiling 'OS/2' table
OS/2 Unicode ranges pruned: [0, 1]
OS/2 CodePage ranges pruned: [0]
Took 0.000s to prune 'glyf'
glyf pruned
Took 0.000s to prune 'GDEF'
GDEF pruned
Reading 'name' table from disk
Decompiling 'name' table
Reading 'gasp' table from disk
Decompiling 'gasp' table
Reading 'FFTM' table from disk
Decompiling 'FFTM' table
Took 0.003s to prune 'name'
name pruned
Reading 'maxp' table from disk
Decompiling 'maxp' table
Took 0.001s to load 'maxp'
Took 0.000s to prune 'maxp'
maxp pruned
Reading 'cmap' table from disk
Decompiling 'cmap' table
Reading 'post' table from disk
Decompiling 'post' table
Took 0.017s to load 'cmap'
Took 0.000s to prune 'cmap'
cmap pruned
fpgm dropped
prep dropped
cvt  dropped
kern dropped
Took 0.000s to load 'post'
Took 0.000s to prune 'post'
post pruned
GPOS dropped
GSUB dropped
Reading 'glyf' table from disk
Decompiling 'glyf' table
Reading 'loca' table from disk
Decompiling 'loca' table
Reading 'head' table from disk
Decompiling 'head' table
Took 0.010s to load 'glyf'
Took 0.000s to prune 'glyf'
glyf pruned
Took 0.002s to close glyph list over 'cmap'
Added gid0 to subset
Closing glyph list over 'glyf': 9 glyphs before
Glyph names: ['.notdef', 'comma', 'e', 'o', 'r', 's', 'space', 'u', 'zero']
Glyph IDs:   [0, 3, 15, 19, 72, 82, 85, 86, 88]
Closed glyph list over 'glyf': 9 glyphs after
Glyph names: ['.notdef', 'comma', 'e', 'o', 'r', 's', 'space', 'u', 'zero']
Glyph IDs:   [0, 3, 15, 19, 72, 82, 85, 86, 88]
Took 0.002s to close glyph list over 'glyf'
Retaining 9 glyphs
head subsetting not needed
hhea subsetting not needed
maxp subsetting not needed
OS/2 subsetting not needed
Reading 'hmtx' table from disk
Decompiling 'hmtx' table
Reading 'hhea' table from disk
Decompiling 'hhea' table
Took 0.006s to subset 'hmtx'
hmtx subsetted
Took 0.003s to subset 'cmap'
cmap subsetted
loca subsetting not needed
Took 0.000s to subset 'post'
post subsetted
gasp subsetting not needed
FFTM NOT subset; don't know how to subset
Reading 'GDEF' table from disk
Decompiling 'GDEF' table
Took 0.003s to subset 'GDEF'
GDEF subsetted
name subsetting not needed
Took 0.002s to subset 'glyf'
glyf subsetted
Took 0.000s to subset GlyphOrder
Took 0.000s to prune 'head'
head pruned
Reading 'OS/2' table from disk
Decompiling 'OS/2' table
OS/2 Unicode ranges pruned: [0]
OS/2 CodePage ranges pruned: [0]
Took 0.000s to prune 'glyf'
glyf pruned
Took 0.000s to prune 'GDEF'
GDEF pruned
Reading 'name' table from disk
Decompiling 'name' table
Reading 'gasp' table from disk
Decompiling 'gasp' table
Reading 'FFTM' table from disk
Decompiling 'FFTM' table
Took 0.001s to prune 'name'
name pruned
Reading 'maxp' table from disk
Decompiling 'maxp' table
Took 0.000s to load 'maxp'
Took 0.000s to prune 'maxp'
maxp pruned
LTSH dropped
VDMX dropped
hdmx dropped
Reading 'cmap' table from disk
Decompiling 'cmap' table
Took 0.000s to load 'cmap'
Took 0.000s to prune 'cmap'
cmap pruned
fpgm dropped
prep dropped
cvt  dropped
kern dropped
Reading 'post' table from disk
Decompiling 'post' table
Took 0.000s to load 'post'
Took 0.000s to prune 'post'
post pruned
PCLT dropped
JSTF dropped
GPOS dropped
GSUB dropped
Reading 'glyf' table from disk
Decompiling 'glyf' table
Reading 'loca' table from disk
Decompiling 'loca' table
Reading 'head' table from disk
Decompiling 'head' table
Reading 'cmap' table from disk
Decompiling 'cmap' table
Took 0.021s to load 'glyf'
Took 0.000s to prune 'glyf'
glyf pruned
Took 0.005s to close glyph list over 'cmap'
Added gid0 to subset
Closing glyph list over 'glyf': 11 glyphs before
Glyph names: ['.notdef', 'A', 'D', 'I', 'N', 'O', 'R', 'S', 'T', 'U', 'quotesingle']
Glyph IDs:   [0, 10, 36, 39, 44, 49, 50, 53, 54, 55, 56]
Closed glyph list over 'glyf': 11 glyphs after
Glyph names: ['.notdef', 'A', 'D', 'I', 'N', 'O', 'R', 'S', 'T', 'U', 'quotesingle']
Glyph IDs:   [0, 10, 36, 39, 44, 49, 50, 53, 54, 55, 56]
Took 0.002s to close glyph list over 'glyf'
Retaining 11 glyphs
head subsetting not needed
hhea subsetting not needed
maxp subsetting not needed
OS/2 subsetting not needed
Reading 'hmtx' table from disk
Decompiling 'hmtx' table
Reading 'hhea' table from disk
Decompiling 'hhea' table
Took 0.003s to subset 'hmtx'
hmtx subsetted
Took 0.002s to subset 'cmap'
cmap subsetted
loca subsetting not needed
Took 0.000s to subset 'post'
post subsetted
gasp subsetting not needed
meta NOT subset; don't know how to subset
Reading 'GDEF' table from disk
Decompiling 'GDEF' table
Took 0.004s to subset 'GDEF'
GDEF subsetted
name subsetting not needed
Took 0.001s to subset 'glyf'
glyf subsetted
Took 0.000s to subset GlyphOrder
Took 0.000s to prune 'head'
head pruned
Reading 'OS/2' table from disk
Decompiling 'OS/2' table
OS/2 Unicode ranges pruned: [0]
OS/2 CodePage ranges pruned: [0]
Took 0.000s to prune 'glyf'
glyf pruned
Took 0.000s to prune 'GDEF'
GDEF pruned
Reading 'name' table from disk
Decompiling 'name' table
Reading 'gasp' table from disk
Decompiling 'gasp' table
Reading 'meta' table from disk
Decompiling 'meta' table
Took 0.001s to prune 'name'
name pruned
Unknown rendering option: timeout.
Ignored `src: local("Segoe UI"), local("Helvetica Neue"), local("Arial"), sans-serif` at 5:13, invalid value.
Missing src descriptor in '@font-face' rule at 3:9
Ignored `src: local("Georgia"), local("Times New Roman"), serif` at 10:13, invalid value.
Missing src descriptor in '@font-face' rule at 8:9
Ignored `word-break: break-word` at 236:13, invalid value.
Ignored `word-break: break-word` at 248:13, invalid value.
Reading 'maxp' table from disk
Decompiling 'maxp' table
Took 0.000s to load 'maxp'
Took 0.000s to prune 'maxp'
maxp pruned
Reading 'cmap' table from disk
Decompiling 'cmap' table
Reading 'post' table from disk
Decompiling 'post' table
Took 0.013s to load 'cmap'
Took 0.000s to prune 'cmap'
cmap pruned
fpgm dropped
prep dropped
cvt  dropped
kern dropped
Took 0.000s to load 'post'
Took 0.000s to prune 'post'
post pruned
GPOS dropped
GSUB dropped
Reading 'glyf' table from disk
Decompiling 'glyf' table
Reading 'loca' table from disk
Decompiling 'loca' table
Reading 'head' table from disk
Decompiling 'head' table
Took 0.005s to load 'glyf'
Took 0.000s to prune 'glyf'
glyf pruned
Took 0.001s to close glyph list over 'cmap'
Added gid0 to subset
Closing glyph list over 'glyf': 52 glyphs before
Glyph names: ['.notdef', 'A', 'B', 'C', 'D', 'E', 'Eacute', 'Euro', 'G', 'H', 'I', 'L', 'M', 'N', 'O', 'P', 'Q', 'R', 'S', 'T', 'U', 'V', 'X', 'a', 'c', 'comma', 'd', 'degree', 'e', 'eacute', 'four', 'g', 'hyphen', 'i', 'j', 'l', 'n', 'o', 'one', 'p', 'period', 'quotesingle', 'r', 's', 'six', 'slash', 'space', 't', 'three', 'two', 'u', 'zero']
Glyph IDs:   [0, 3, 10, 15, 16, 17, 18, 19, 20, 21, 22, 23, 25, 36, 37, 38, 39, 40, 42, 43, 44, 47, 48, 49, 50, 51, 52, 53, 54, 55, 56, 57, 59, 68, 70, 71, 72, 74, 76, 77, 79, 81, 82, 83, 85, 86, 87, 88, 114, 139, 171, 2943]
Closed glyph list over 'glyf': 54 glyphs after
Glyph names: ['.notdef', 'A', 'Acute', 'B', 'C', 'D', 'E', 'Eacute', 'Euro', 'G', 'H', 'I', 'L', 'M', 'N', 'O', 'P', 'Q', 'R', 'S', 'T', 'U', 'V', 'X', 'a', 'acute', 'c', 'comma', 'd', 'degree', 'e', 'eacute', 'four', 'g', 'hyphen', 'i', 'j', 'l', 'n', 'o', 'one', 'p', 'period', 'quotesingle', 'r', 's', 'six', 'slash', 'space', 't', 'three', 'two', 'u', 'zero']
Glyph IDs:   [0, 3, 10, 15, 16, 17, 18, 19, 20, 21, 22, 23, 25, 36, 37, 38, 39, 40, 42, 43, 44, 47, 48, 49, 50, 51, 52, 53, 54, 55, 56, 57, 59, 68, 70, 71, 72, 74, 76, 77, 79, 81, 82, 83, 85, 86, 87, 88, 114, 118, 139, 171, 2943, 5564]
Took 0.002s to close glyph list over 'glyf'
Retaining 54 glyphs
head subsetting not needed
hhea subsetting not needed
maxp subsetting not needed
OS/2 subsetting not needed
Reading 'hmtx' table from disk
Decompiling 'hmtx' table
Reading 'hhea' table from disk
Decompiling 'hhea' table
Took 0.006s to subset 'hmtx'
hmtx subsetted
Took 0.003s to subset 'cmap'
cmap subsetted
loca subsetting not needed
Took 0.000s to subset 'post'
post subsetted
gasp subsetting not needed
FFTM NOT subset; don't know how to subset
Reading 'GDEF' table from disk
Decompiling 'GDEF' table
Took 0.003s to subset 'GDEF'
GDEF subsetted
name subsetting not needed
Took 0.004s to subset 'glyf'
glyf subsetted
Took 0.000s to subset GlyphOrder
Took 0.000s to prune 'head'
head pruned
Reading 'OS/2' table from disk
Decompiling 'OS/2' table
OS/2 Unicode ranges pruned: [0, 1, 33]
OS/2 CodePage ranges pruned: [0]
Took 0.002s to prune 'glyf'
glyf pruned
Took 0.000s to prune 'GDEF'
GDEF pruned
Reading 'name' table from disk
Decompiling 'name' table
Reading 'gasp' table from disk
Decompiling 'gasp' table
Reading 'FFTM' table from disk
Decompiling 'FFTM' table
Took 0.001s to prune 'name'
name pruned
Reading 'maxp' table from disk
Decompiling 'maxp' table
Took 0.000s to load 'maxp'
Took 0.000s to prune 'maxp'
maxp pruned
Reading 'cmap' table from disk
Decompiling 'cmap' table
Reading 'post' table from disk
Decompiling 'post' table
Took 0.013s to load 'cmap'
Took 0.000s to prune 'cmap'
cmap pruned
fpgm dropped
prep dropped
cvt  dropped
kern dropped
Took 0.000s to load 'post'
Took 0.000s to prune 'post'
post pruned
GPOS dropped
GSUB dropped
Reading 'glyf' table from disk
Decompiling 'glyf' table
Reading 'loca' table from disk
Decompiling 'loca' table
Reading 'head' table from disk
Decompiling 'head' table
Took 0.012s to load 'glyf'
Took 0.000s to prune 'glyf'
glyf pruned
Took 0.002s to close glyph list over 'cmap'
Added gid0 to subset
Closing glyph list over 'glyf': 75 glyphs before
Glyph names: ['.notdef', 'A', 'Agrave', 'B', 'C', 'Ccedilla', 'D', 'E', 'Eacute', 'Ecircumflex', 'F', 'G', 'H', 'I', 'J', 'L', 'M', 'N', 'O', 'P', 'Q', 'R', 'S', 'T', 'U', 'V', 'X', 'a', 'agrave', 'at', 'b', 'bullet', 'c', 'colon', 'comma', 'd', 'e', 'eacute', 'ecircumflex', 'eight', 'five', 'four', 'g', 'hyphen', 'i', 'l', 'm', 'multiply', 'n', 'nine', 'o', 'one', 'p', 'parenleft', 'parenright', 'percent', 'period', 'plus', 'quotedbl', 'quotesingle', 'r', 's', 'seven', 'six', 'slash', 'space', 't', 'three', 'two', 'u', 'v', 'w', 'x', 'y', 'zero']
Glyph IDs:   [0, 3, 5, 8, 10, 11, 12, 14, 15, 16, 17, 18, 19, 20, 21, 22, 23, 24, 25, 26, 27, 28, 29, 35, 36, 37, 38, 39, 40, 41, 42, 43, 44, 45, 47, 48, 49, 50, 51, 52, 53, 54, 55, 56, 57, 59, 68, 69, 70, 71, 72, 74, 76, 79, 80, 81, 82, 83, 85, 86, 87, 88, 89, 90, 91, 92, 130, 137, 139, 140, 153, 162, 171, 172, 2816]
Closed glyph list over 'glyf': 82 glyphs after
Glyph names: ['.notdef', 'A', 'Acute', 'Agrave', 'B', 'C', 'Ccedilla', 'Circumflex', 'D', 'E', 'Eacute', 'Ecircumflex', 'F', 'G', 'Grave', 'H', 'I', 'J', 'L', 'M', 'N', 'O', 'P', 'Q', 'R', 'S', 'T', 'U', 'V', 'X', 'a', 'acute', 'agrave', 'at', 'b', 'bullet', 'c', 'cedilla', 'circumflex', 'colon', 'comma', 'd', 'e', 'eacute', 'ecircumflex', 'eight', 'five', 'four', 'g', 'grave', 'hyphen', 'i', 'l', 'm', 'multiply', 'n', 'nine', 'o', 'one', 'p', 'parenleft', 'parenright', 'percent', 'period', 'plus', 'quotedbl', 'quotesingle', 'r', 's', 'seven', 'six', 'slash', 'space', 't', 'three', 'two', 'u', 'v', 'w', 'x', 'y', 'zero']
Glyph IDs:   [0, 3, 5, 8, 10, 11, 12, 14, 15, 16, 17, 18, 19, 20, 21, 22, 23, 24, 25, 26, 27, 28, 29, 35, 36, 37, 38, 39, 40, 41, 42, 43, 44, 45, 47, 48, 49, 50, 51, 52, 53, 54, 55, 56, 57, 59, 67, 68, 69, 70, 71, 72, 74, 76, 79, 80, 81, 82, 83, 85, 86, 87, 88, 89, 90, 91, 92, 118, 122, 130, 137, 139, 140, 153, 162, 171, 172, 648, 2816, 5638, 5640, 5641]
Took 0.002s to close glyph list over 'glyf'
Retaining 82 glyphs
head subsetting not needed
hhea subsetting not needed
maxp subsetting not needed
OS/2 subsetting not needed
Reading 'hmtx' table from disk
Decompiling 'hmtx' table
Reading 'hhea' table from disk
Decompiling 'hhea' table
Took 0.006s to subset 'hmtx'
hmtx subsetted
Took 0.003s to subset 'cmap'
cmap subsetted
loca subsetting not needed
Took 0.000s to subset 'post'
post subsetted
gasp subsetting not needed
FFTM NOT subset; don't know how to subset
Reading 'GDEF' table from disk
Decompiling 'GDEF' table
Took 0.003s to subset 'GDEF'
GDEF subsetted
name subsetting not needed
Took 0.005s to subset 'glyf'
glyf subsetted
Took 0.000s to subset GlyphOrder
Took 0.000s to prune 'head'
head pruned
Reading 'OS/2' table from disk
Decompiling 'OS/2' table
OS/2 Unicode ranges pruned: [0, 1, 31]
OS/2 CodePage ranges pruned: [0]
Took 0.003s to prune 'glyf'
glyf pruned
Took 0.000s to prune 'GDEF'
GDEF pruned
Reading 'name' table from disk
Decompiling 'name' table
Reading 'gasp' table from disk
Decompiling 'gasp' table
Reading 'FFTM' table from disk
Decompiling 'FFTM' table
Took 0.001s to prune 'name'
name pruned
Reading 'maxp' table from disk
Decompiling 'maxp' table
Took 0.000s to load 'maxp'
Took 0.000s to prune 'maxp'
maxp pruned
Reading 'cmap' table from disk
Decompiling 'cmap' table
Reading 'post' table from disk
Decompiling 'post' table
Took 0.011s to load 'cmap'
Took 0.000s to prune 'cmap'
cmap pruned
fpgm dropped
prep dropped
cvt  dropped
kern dropped
Took 0.000s to load 'post'
Took 0.000s to prune 'post'
post pruned
GPOS dropped
GSUB dropped
Reading 'glyf' table from disk
Decompiling 'glyf' table
Reading 'loca' table from disk
Decompiling 'loca' table
Reading 'head' table from disk
Decompiling 'head' table
Took 0.007s to load 'glyf'
Took 0.000s to prune 'glyf'
glyf pruned
Took 0.001s to close glyph list over 'cmap'
Added gid0 to subset
Closing glyph list over 'glyf': 23 glyphs before
Glyph names: ['.notdef', 'Q', 'a', 'c', 'ccedilla', 'comma', 'd', 'e', 'eacute', 'f', 'g', 'i', 'l', 'm', 'n', 'o', 'p', 'quotesingle', 'r', 's', 'space', 't', 'u']
Glyph IDs:   [0, 3, 10, 15, 52, 68, 70, 71, 72, 73, 74, 76, 79, 80, 81, 82, 83, 85, 86, 87, 88, 169, 171]
Closed glyph list over 'glyf': 25 glyphs after
Glyph names: ['.notdef', 'Q', 'a', 'acute', 'c', 'ccedilla', 'cedilla', 'comma', 'd', 'e', 'eacute', 'f', 'g', 'i', 'l', 'm', 'n', 'o', 'p', 'quotesingle', 'r', 's', 'space', 't', 'u']
Glyph IDs:   [0, 3, 10, 15, 52, 68, 70, 71, 72, 73, 74, 76, 79, 80, 81, 82, 83, 85, 86, 87, 88, 118, 122, 169, 171]
Took 0.001s to close glyph list over 'glyf'
Retaining 25 glyphs
head subsetting not needed
hhea subsetting not needed
maxp subsetting not needed
OS/2 subsetting not needed
Reading 'hmtx' table from disk
Decompiling 'hmtx' table
Reading 'hhea' table from disk
Decompiling 'hhea' table
Took 0.004s to subset 'hmtx'
hmtx subsetted
Took 0.003s to subset 'cmap'
cmap subsetted
loca subsetting not needed
Took 0.000s to subset 'post'
post subsetted
gasp subsetting not needed
FFTM NOT subset; don't know how to subset
Reading 'GDEF' table from disk
Decompiling 'GDEF' table
Took 0.002s to subset 'GDEF'
GDEF subsetted
name subsetting not needed
Took 0.001s to subset 'glyf'
glyf subsetted
Took 0.000s to subset GlyphOrder
Took 0.000s to prune 'head'
head pruned
Reading 'OS/2' table from disk
Decompiling 'OS/2' table
OS/2 Unicode ranges pruned: [0, 1]
OS/2 CodePage ranges pruned: [0]
Took 0.000s to prune 'glyf'
glyf pruned
Took 0.000s to prune 'GDEF'
GDEF pruned
Reading 'name' table from disk
Decompiling 'name' table
Reading 'gasp' table from disk
Decompiling 'gasp' table
Reading 'FFTM' table from disk
Decompiling 'FFTM' table
Took 0.002s to prune 'name'
name pruned
Reading 'maxp' table from disk
Decompiling 'maxp' table
Took 0.000s to load 'maxp'
Took 0.000s to prune 'maxp'
maxp pruned
Reading 'cmap' table from disk
Decompiling 'cmap' table
Reading 'post' table from disk
Decompiling 'post' table
Took 0.011s to load 'cmap'
Took 0.000s to prune 'cmap'
cmap pruned
fpgm dropped
prep dropped
cvt  dropped
kern dropped
Took 0.000s to load 'post'
Took 0.000s to prune 'post'
post pruned
GPOS dropped
GSUB dropped
Reading 'glyf' table from disk
Decompiling 'glyf' table
Reading 'loca' table from disk
Decompiling 'loca' table
Reading 'head' table from disk
Decompiling 'head' table
Took 0.013s to load 'glyf'
Took 0.000s to prune 'glyf'
glyf pruned
Took 0.002s to close glyph list over 'cmap'
Added gid0 to subset
Closing glyph list over 'glyf': 9 glyphs before
Glyph names: ['.notdef', 'comma', 'e', 'o', 'r', 's', 'space', 'u', 'zero']
Glyph IDs:   [0, 3, 15, 19, 72, 82, 85, 86, 88]
Closed glyph list over 'glyf': 9 glyphs after
Glyph names: ['.notdef', 'comma', 'e', 'o', 'r', 's', 'space', 'u', 'zero']
Glyph IDs:   [0, 3, 15, 19, 72, 82, 85, 86, 88]
Took 0.002s to close glyph list over 'glyf'
Retaining 9 glyphs
head subsetting not needed
hhea subsetting not needed
maxp subsetting not needed
OS/2 subsetting not needed
Reading 'hmtx' table from disk
Decompiling 'hmtx' table
Reading 'hhea' table from disk
Decompiling 'hhea' table
Took 0.004s to subset 'hmtx'
hmtx subsetted
Took 0.002s to subset 'cmap'
cmap subsetted
loca subsetting not needed
Took 0.000s to subset 'post'
post subsetted
gasp subsetting not needed
FFTM NOT subset; don't know how to subset
Reading 'GDEF' table from disk
Decompiling 'GDEF' table
Took 0.003s to subset 'GDEF'
GDEF subsetted
name subsetting not needed
Took 0.001s to subset 'glyf'
glyf subsetted
Took 0.000s to subset GlyphOrder
Took 0.000s to prune 'head'
head pruned
Reading 'OS/2' table from disk
Decompiling 'OS/2' table
OS/2 Unicode ranges pruned: [0]
OS/2 CodePage ranges pruned: [0]
Took 0.000s to prune 'glyf'
glyf pruned
Took 0.000s to prune 'GDEF'
GDEF pruned
Reading 'name' table from disk
Decompiling 'name' table
Reading 'gasp' table from disk
Decompiling 'gasp' table
Reading 'FFTM' table from disk
Decompiling 'FFTM' table
Took 0.002s to prune 'name'
name pruned
Reading 'maxp' table from disk
Decompiling 'maxp' table
Took 0.000s to load 'maxp'
Took 0.000s to prune 'maxp'
maxp pruned
LTSH dropped
VDMX dropped
hdmx dropped
Reading 'cmap' table from disk
Decompiling 'cmap' table
Took 0.000s to load 'cmap'
Took 0.000s to prune 'cmap'
cmap pruned
fpgm dropped
prep dropped
cvt  dropped
kern dropped
Reading 'post' table from disk
Decompiling 'post' table
Took 0.000s to load 'post'
Took 0.000s to prune 'post'
post pruned
PCLT dropped
JSTF dropped
GPOS dropped
GSUB dropped
Reading 'glyf' table from disk
Decompiling 'glyf' table
Reading 'loca' table from disk
Decompiling 'loca' table
Reading 'head' table from disk
Decompiling 'head' table
Reading 'cmap' table from disk
Decompiling 'cmap' table
Took 0.025s to load 'glyf'
Took 0.000s to prune 'glyf'
glyf pruned
Took 0.004s to close glyph list over 'cmap'
Added gid0 to subset
Closing glyph list over 'glyf': 11 glyphs before
Glyph names: ['.notdef', 'A', 'D', 'I', 'N', 'O', 'R', 'S', 'T', 'U', 'quotesingle']
Glyph IDs:   [0, 10, 36, 39, 44, 49, 50, 53, 54, 55, 56]
Closed glyph list over 'glyf': 11 glyphs after
Glyph names: ['.notdef', 'A', 'D', 'I', 'N', 'O', 'R', 'S', 'T', 'U', 'quotesingle']
Glyph IDs:   [0, 10, 36, 39, 44, 49, 50, 53, 54, 55, 56]
Took 0.002s to close glyph list over 'glyf'
Retaining 11 glyphs
head subsetting not needed
hhea subsetting not needed
maxp subsetting not needed
OS/2 subsetting not needed
Reading 'hmtx' table from disk
Decompiling 'hmtx' table
Reading 'hhea' table from disk
Decompiling 'hhea' table
Took 0.006s to subset 'hmtx'
hmtx subsetted
Took 0.002s to subset 'cmap'
cmap subsetted
loca subsetting not needed
Took 0.000s to subset 'post'
post subsetted
gasp subsetting not needed
meta NOT subset; don't know how to subset
Reading 'GDEF' table from disk
Decompiling 'GDEF' table
Took 0.007s to subset 'GDEF'
GDEF subsetted
name subsetting not needed
Took 0.002s to subset 'glyf'
glyf subsetted
Took 0.000s to subset GlyphOrder
Took 0.000s to prune 'head'
head pruned
Reading 'OS/2' table from disk
Decompiling 'OS/2' table
OS/2 Unicode ranges pruned: [0]
OS/2 CodePage ranges pruned: [0]
Took 0.000s to prune 'glyf'
glyf pruned
Took 0.000s to prune 'GDEF'
GDEF pruned
Reading 'name' table from disk
Decompiling 'name' table
Reading 'gasp' table from disk
Decompiling 'gasp' table
Reading 'meta' table from disk
Decompiling 'meta' table
Took 0.002s to prune 'name'
name pruned
FUnknown rendering option: timeout.
Ignored `src: local("Segoe UI"), local("Helvetica Neue"), local("Arial"), sans-serif` at 5:13, invalid value.
Missing src descriptor in '@font-face' rule at 3:9
Ignored `src: local("Georgia"), local("Times New Roman"), serif` at 10:13, invalid value.
Missing src descriptor in '@font-face' rule at 8:9
Ignored `word-break: break-word` at 236:13, invalid value.
Ignored `word-break: break-word` at 248:13, invalid value.
Reading 'maxp' table from disk
Decompiling 'maxp' table
Took 0.000s to load 'maxp'
Took 0.000s to prune 'maxp'
maxp pruned
Reading 'cmap' table from disk
Decompiling 'cmap' table
Reading 'post' table from disk
Decompiling 'post' table
Took 0.020s to load 'cmap'
Took 0.000s to prune 'cmap'
cmap pruned
fpgm dropped
prep dropped
cvt  dropped
kern dropped
Took 0.000s to load 'post'
Took 0.000s to prune 'post'
post pruned
GPOS dropped
GSUB dropped
Reading 'glyf' table from disk
Decompiling 'glyf' table
Reading 'loca' table from disk
Decompiling 'loca' table
Reading 'head' table from disk
Decompiling 'head' table
Took 0.028s to load 'glyf'
Took 0.000s to prune 'glyf'
glyf pruned
Took 0.002s to close glyph list over 'cmap'
Added gid0 to subset
Closing glyph list over 'glyf': 52 glyphs before
Glyph names: ['.notdef', 'A', 'B', 'C', 'D', 'E', 'Eacute', 'Euro', 'G', 'H', 'I', 'L', 'M', 'N', 'O', 'P', 'Q', 'R', 'S', 'T', 'U', 'V', 'X', 'a', 'c', 'comma', 'd', 'degree', 'e', 'eacute', 'four', 'g', 'hyphen', 'i', 'j', 'l', 'n', 'o', 'one', 'p', 'period', 'quotesingle', 'r', 's', 'six', 'slash', 'space', 't', 'three', 'two', 'u', 'zero']
Glyph IDs:   [0, 3, 10, 15, 16, 17, 18, 19, 20, 21, 22, 23, 25, 36, 37, 38, 39, 40, 42, 43, 44, 47, 48, 49, 50, 51, 52, 53, 54, 55, 56, 57, 59, 68, 70, 71, 72, 74, 76, 77, 79, 81, 82, 83, 85, 86, 87, 88, 114, 139, 171, 2943]
Closed glyph list over 'glyf': 54 glyphs after
Glyph names: ['.notdef', 'A', 'Acute', 'B', 'C', 'D', 'E', 'Eacute', 'Euro', 'G', 'H', 'I', 'L', 'M', 'N', 'O', 'P', 'Q', 'R', 'S', 'T', 'U', 'V', 'X', 'a', 'acute', 'c', 'comma', 'd', 'degree', 'e', 'eacute', 'four', 'g', 'hyphen', 'i', 'j', 'l', 'n', 'o', 'one', 'p', 'period', 'quotesingle', 'r', 's', 'six', 'slash', 'space', 't', 'three', 'two', 'u', 'zero']
Glyph IDs:   [0, 3, 10, 15, 16, 17, 18, 19, 20, 21, 22, 23, 25, 36, 37, 38, 39, 40, 42, 43, 44, 47, 48, 49, 50, 51, 52, 53, 54, 55, 56, 57, 59, 68, 70, 71, 72, 74, 76, 77, 79, 81, 82, 83, 85, 86, 87, 88, 114, 118, 139, 171, 2943, 5564]
Took 0.003s to close glyph list over 'glyf'
Retaining 54 glyphs
head subsetting not needed
hhea subsetting not needed
maxp subsetting not needed
OS/2 subsetting not needed
Reading 'hmtx' table from disk
Decompiling 'hmtx' table
Reading 'hhea' table from disk
Decompiling 'hhea' table
Took 0.009s to subset 'hmtx'
hmtx subsetted
Took 0.004s to subset 'cmap'
cmap subsetted
loca subsetting not needed
Took 0.000s to subset 'post'
post subsetted
gasp subsetting not needed
FFTM NOT subset; don't know how to subset
Reading 'GDEF' table from disk
Decompiling 'GDEF' table
Took 0.005s to subset 'GDEF'
GDEF subsetted
name subsetting not needed
Took 0.014s to subset 'glyf'
glyf subsetted
Took 0.000s to subset GlyphOrder
Took 0.000s to prune 'head'
head pruned
Reading 'OS/2' table from disk
Decompiling 'OS/2' table
OS/2 Unicode ranges pruned: [0, 1, 33]
OS/2 CodePage ranges pruned: [0]
Took 0.003s to prune 'glyf'
glyf pruned
Took 0.000s to prune 'GDEF'
GDEF pruned
Reading 'name' table from disk
Decompiling 'name' table
Reading 'gasp' table from disk
Decompiling 'gasp' table
Reading 'FFTM' table from disk
Decompiling 'FFTM' table
Took 0.002s to prune 'name'
name pruned
Reading 'maxp' table from disk
Decompiling 'maxp' table
Took 0.000s to load 'maxp'
Took 0.000s to prune 'maxp'
maxp pruned
Reading 'cmap' table from disk
Decompiling 'cmap' table
Reading 'post' table from disk
Decompiling 'post' table
Took 0.015s to load 'cmap'
Took 0.000s to prune 'cmap'
cmap pruned
fpgm dropped
prep dropped
cvt  dropped
kern dropped
Took 0.000s to load 'post'
Took 0.000s to prune 'post'
post pruned
GPOS dropped
GSUB dropped
Reading 'glyf' table from disk
Decompiling 'glyf' table
Reading 'loca' table from disk
Decompiling 'loca' table
Reading 'head' table from disk
Decompiling 'head' table
Took 0.023s to load 'glyf'
Took 0.000s to prune 'glyf'
glyf pruned
Took 0.002s to close glyph list over 'cmap'
Added gid0 to subset
Closing glyph list over 'glyf': 75 glyphs before
Glyph names: ['.notdef', 'A', 'Agrave', 'B', 'C', 'Ccedilla', 'D', 'E', 'Eacute', 'Ecircumflex', 'F', 'G', 'H', 'I', 'J', 'L', 'M', 'N', 'O', 'P', 'Q', 'R', 'S', 'T', 'U', 'V', 'X', 'a', 'agrave', 'at', 'b', 'bullet', 'c', 'colon', 'comma', 'd', 'e', 'eacute', 'ecircumflex', 'eight', 'five', 'four', 'g', 'hyphen', 'i', 'l', 'm', 'multiply', 'n', 'nine', 'o', 'one', 'p', 'parenleft', 'parenright', 'percent', 'period', 'plus', 'quotedbl', 'quotesingle', 'r', 's', 'seven', 'six', 'slash', 'space', 't', 'three', 'two', 'u', 'v', 'w', 'x', 'y', 'zero']
Glyph IDs:   [0, 3, 5, 8, 10, 11, 12, 14, 15, 16, 17, 18, 19, 20, 21, 22, 23, 24, 25, 26, 27, 28, 29, 35, 36, 37, 38, 39, 40, 41, 42, 43, 44, 45, 47, 48, 49, 50, 51, 52, 53, 54, 55, 56, 57, 59, 68, 69, 70, 71, 72, 74, 76, 79, 80, 81, 82, 83, 85, 86, 87, 88, 89, 90, 91, 92, 130, 137, 139, 140, 153, 162, 171, 172, 2816]
Closed glyph list over 'glyf': 82 glyphs after
Glyph names: ['.notdef', 'A', 'Acute', 'Agrave', 'B', 'C', 'Ccedilla', 'Circumflex', 'D', 'E', 'Eacute', 'Ecircumflex', 'F', 'G', 'Grave', 'H', 'I', 'J', 'L', 'M', 'N', 'O', 'P', 'Q', 'R', 'S', 'T', 'U', 'V', 'X', 'a', 'acute', 'agrave', 'at', 'b', 'bullet', 'c', 'cedilla', 'circumflex', 'colon', 'comma', 'd', 'e', 'eacute', 'ecircumflex', 'eight', 'five', 'four', 'g', 'grave', 'hyphen', 'i', 'l', 'm', 'multiply', 'n', 'nine', 'o', 'one', 'p', 'parenleft', 'parenright', 'percent', 'period', 'plus', 'quotedbl', 'quotesingle', 'r', 's', 'seven', 'six', 'slash', 'space', 't', 'three', 'two', 'u', 'v', 'w', 'x', 'y', 'zero']
Glyph IDs:   [0, 3, 5, 8, 10, 11, 12, 14, 15, 16, 17, 18, 19, 20, 21, 22, 23, 24, 25, 26, 27, 28, 29, 35, 36, 37, 38, 39, 40, 41, 42, 43, 44, 45, 47, 48, 49, 50, 51, 52, 53, 54, 55, 56, 57, 59, 67, 68, 69, 70, 71, 72, 74, 76, 79, 80, 81, 82, 83, 85, 86, 87, 88, 89, 90, 91, 92, 118, 122, 130, 137, 139, 140, 153, 162, 171, 172, 648, 2816, 5638, 5640, 5641]
Took 0.004s to close glyph list over 'glyf'
Retaining 82 glyphs
head subsetting not needed
hhea subsetting not needed
maxp subsetting not needed
OS/2 subsetting not needed
Reading 'hmtx' table from disk
Decompiling 'hmtx' table
Reading 'hhea' table from disk
Decompiling 'hhea' table
Took 0.009s to subset 'hmtx'
hmtx subsetted
Took 0.003s to subset 'cmap'
cmap subsetted
loca subsetting not needed
Took 0.000s to subset 'post'
post subsetted
gasp subsetting not needed
FFTM NOT subset; don't know how to subset
Reading 'GDEF' table from disk
Decompiling 'GDEF' table
Took 0.004s to subset 'GDEF'
GDEF subsetted
name subsetting not needed
Took 0.010s to subset 'glyf'
glyf subsetted
Took 0.000s to subset GlyphOrder
Took 0.000s to prune 'head'
head pruned
Reading 'OS/2' table from disk
Decompiling 'OS/2' table
OS/2 Unicode ranges pruned: [0, 1, 31]
OS/2 CodePage ranges pruned: [0]
Took 0.002s to prune 'glyf'
glyf pruned
Took 0.000s to prune 'GDEF'
GDEF pruned
Reading 'name' table from disk
Decompiling 'name' table
Reading 'gasp' table from disk
Decompiling 'gasp' table
Reading 'FFTM' table from disk
Decompiling 'FFTM' table
Took 0.002s to prune 'name'
name pruned
Reading 'maxp' table from disk
Decompiling 'maxp' table
Took 0.000s to load 'maxp'
Took 0.000s to prune 'maxp'
maxp pruned
Reading 'cmap' table from disk
Decompiling 'cmap' table
Reading 'post' table from disk
Decompiling 'post' table
Took 0.012s to load 'cmap'
Took 0.000s to prune 'cmap'
cmap pruned
fpgm dropped
prep dropped
cvt  dropped
kern dropped
Took 0.000s to load 'post'
Took 0.000s to prune 'post'
post pruned
GPOS dropped
GSUB dropped
Reading 'glyf' table from disk
Decompiling 'glyf' table
Reading 'loca' table from disk
Decompiling 'loca' table
Reading 'head' table from disk
Decompiling 'head' table
Took 0.008s to load 'glyf'
Took 0.000s to prune 'glyf'
glyf pruned
Took 0.001s to close glyph list over 'cmap'
Added gid0 to subset
Closing glyph list over 'glyf': 23 glyphs before
Glyph names: ['.notdef', 'Q', 'a', 'c', 'ccedilla', 'comma', 'd', 'e', 'eacute', 'f', 'g', 'i', 'l', 'm', 'n', 'o', 'p', 'quotesingle', 'r', 's', 'space', 't', 'u']
Glyph IDs:   [0, 3, 10, 15, 52, 68, 70, 71, 72, 73, 74, 76, 79, 80, 81, 82, 83, 85, 86, 87, 88, 169, 171]
Closed glyph list over 'glyf': 25 glyphs after
Glyph names: ['.notdef', 'Q', 'a', 'acute', 'c', 'ccedilla', 'cedilla', 'comma', 'd', 'e', 'eacute', 'f', 'g', 'i', 'l', 'm', 'n', 'o', 'p', 'quotesingle', 'r', 's', 'space', 't', 'u']
Glyph IDs:   [0, 3, 10, 15, 52, 68, 70, 71, 72, 73, 74, 76, 79, 80, 81, 82, 83, 85, 86, 87, 88, 118, 122, 169, 171]
Took 0.002s to close glyph list over 'glyf'
Retaining 25 glyphs
head subsetting not needed
hhea subsetting not needed
maxp subsetting not needed
OS/2 subsetting not needed
Reading 'hmtx' table from disk
Decompiling 'hmtx' table
Reading 'hhea' table from disk
Decompiling 'hhea' table
Took 0.005s to subset 'hmtx'
hmtx subsetted
Took 0.003s to subset 'cmap'
cmap subsetted
loca subsetting not needed
Took 0.000s to subset 'post'
post subsetted
gasp subsetting not needed
FFTM NOT subset; don't know how to subset
Reading 'GDEF' table from disk
Decompiling 'GDEF' table
Took 0.003s to subset 'GDEF'
GDEF subsetted
name subsetting not needed
Took 0.002s to subset 'glyf'
glyf subsetted
Took 0.000s to subset GlyphOrder
Took 0.000s to prune 'head'
head pruned
Reading 'OS/2' table from disk
Decompiling 'OS/2' table
OS/2 Unicode ranges pruned: [0, 1]
OS/2 CodePage ranges pruned: [0]
Took 0.000s to prune 'glyf'
glyf pruned
Took 0.000s to prune 'GDEF'
GDEF pruned
Reading 'name' table from disk
Decompiling 'name' table
Reading 'gasp' table from disk
Decompiling 'gasp' table
Reading 'FFTM' table from disk
Decompiling 'FFTM' table
Took 0.002s to prune 'name'
name pruned
Reading 'maxp' table from disk
Decompiling 'maxp' table
Took 0.000s to load 'maxp'
Took 0.000s to prune 'maxp'
maxp pruned
Reading 'cmap' table from disk
Decompiling 'cmap' table
Reading 'post' table from disk
Decompiling 'post' table
Took 0.012s to load 'cmap'
Took 0.000s to prune 'cmap'
cmap pruned
fpgm dropped
prep dropped
cvt  dropped
kern dropped
Took 0.000s to load 'post'
Took 0.000s to prune 'post'
post pruned
GPOS dropped
GSUB dropped
Reading 'glyf' table from disk
Decompiling 'glyf' table
Reading 'loca' table from disk
Decompiling 'loca' table
Reading 'head' table from disk
Decompiling 'head' table
Took 0.011s to load 'glyf'
Took 0.000s to prune 'glyf'
glyf pruned
Took 0.001s to close glyph list over 'cmap'
Added gid0 to subset
Closing glyph list over 'glyf': 9 glyphs before
Glyph names: ['.notdef', 'comma', 'e', 'o', 'r', 's', 'space', 'u', 'zero']
Glyph IDs:   [0, 3, 15, 19, 72, 82, 85, 86, 88]
Closed glyph list over 'glyf': 9 glyphs after
Glyph names: ['.notdef', 'comma', 'e', 'o', 'r', 's', 'space', 'u', 'zero']
Glyph IDs:   [0, 3, 15, 19, 72, 82, 85, 86, 88]
Took 0.003s to close glyph list over 'glyf'
Retaining 9 glyphs
head subsetting not needed
hhea subsetting not needed
maxp subsetting not needed
OS/2 subsetting not needed
Reading 'hmtx' table from disk
Decompiling 'hmtx' table
Reading 'hhea' table from disk
Decompiling 'hhea' table
Took 0.004s to subset 'hmtx'
hmtx subsetted
Took 0.003s to subset 'cmap'
cmap subsetted
loca subsetting not needed
Took 0.000s to subset 'post'
post subsetted
gasp subsetting not needed
FFTM NOT subset; don't know how to subset
Reading 'GDEF' table from disk
Decompiling 'GDEF' table
Took 0.004s to subset 'GDEF'
GDEF subsetted
name subsetting not needed
Took 0.002s to subset 'glyf'
glyf subsetted
Took 0.000s to subset GlyphOrder
Took 0.000s to prune 'head'
head pruned
Reading 'OS/2' table from disk
Decompiling 'OS/2' table
OS/2 Unicode ranges pruned: [0]
OS/2 CodePage ranges pruned: [0]
Took 0.000s to prune 'glyf'
glyf pruned
Took 0.000s to prune 'GDEF'
GDEF pruned
Reading 'name' table from disk
Decompiling 'name' table
Reading 'gasp' table from disk
Decompiling 'gasp' table
Reading 'FFTM' table from disk
Decompiling 'FFTM' table
Took 0.001s to prune 'name'
name pruned
Reading 'maxp' table from disk
Decompiling 'maxp' table
Took 0.001s to load 'maxp'
Took 0.000s to prune 'maxp'
maxp pruned
LTSH dropped
VDMX dropped
hdmx dropped
Reading 'cmap' table from disk
Decompiling 'cmap' table
Took 0.000s to load 'cmap'
Took 0.000s to prune 'cmap'
cmap pruned
fpgm dropped
prep dropped
cvt  dropped
kern dropped
Reading 'post' table from disk
Decompiling 'post' table
Took 0.001s to load 'post'
Took 0.000s to prune 'post'
post pruned
PCLT dropped
JSTF dropped
GPOS dropped
GSUB dropped
Reading 'glyf' table from disk
Decompiling 'glyf' table
Reading 'loca' table from disk
Decompiling 'loca' table
Reading 'head' table from disk
Decompiling 'head' table
Reading 'cmap' table from disk
Decompiling 'cmap' table
Took 0.039s to load 'glyf'
Took 0.000s to prune 'glyf'
glyf pruned
Took 0.005s to close glyph list over 'cmap'
Added gid0 to subset
Closing glyph list over 'glyf': 11 glyphs before
Glyph names: ['.notdef', 'A', 'D', 'I', 'N', 'O', 'R', 'S', 'T', 'U', 'quotesingle']
Glyph IDs:   [0, 10, 36, 39, 44, 49, 50, 53, 54, 55, 56]
Closed glyph list over 'glyf': 11 glyphs after
Glyph names: ['.notdef', 'A', 'D', 'I', 'N', 'O', 'R', 'S', 'T', 'U', 'quotesingle']
Glyph IDs:   [0, 10, 36, 39, 44, 49, 50, 53, 54, 55, 56]
Took 0.002s to close glyph list over 'glyf'
Retaining 11 glyphs
head subsetting not needed
hhea subsetting not needed
maxp subsetting not needed
OS/2 subsetting not needed
Reading 'hmtx' table from disk
Decompiling 'hmtx' table
Reading 'hhea' table from disk
Decompiling 'hhea' table
Took 0.005s to subset 'hmtx'
hmtx subsetted
Took 0.001s to subset 'cmap'
cmap subsetted
loca subsetting not needed
Took 0.000s to subset 'post'
post subsetted
gasp subsetting not needed
meta NOT subset; don't know how to subset
Reading 'GDEF' table from disk
Decompiling 'GDEF' table
Took 0.004s to subset 'GDEF'
GDEF subsetted
name subsetting not needed
Took 0.002s to subset 'glyf'
glyf subsetted
Took 0.000s to subset GlyphOrder
Took 0.000s to prune 'head'
head pruned
Reading 'OS/2' table from disk
Decompiling 'OS/2' table
OS/2 Unicode ranges pruned: [0]
OS/2 CodePage ranges pruned: [0]
Took 0.000s to prune 'glyf'
glyf pruned
Took 0.000s to prune 'GDEF'
GDEF pruned
Reading 'name' table from disk
Decompiling 'name' table
Reading 'gasp' table from disk
Decompiling 'gasp' table
Reading 'meta' table from disk
Decompiling 'meta' table
Took 0.003s to prune 'name'
name pruned
Unknown rendering option: timeout.
Ignored `src: local("Segoe UI"), local("Helvetica Neue"), local("Arial"), sans-serif` at 5:13, invalid value.
Missing src descriptor in '@font-face' rule at 3:9
Ignored `src: local("Georgia"), local("Times New Roman"), serif` at 10:13, invalid value.
Missing src descriptor in '@font-face' rule at 8:9
Ignored `word-break: break-word` at 236:13, invalid value.
Ignored `word-break: break-word` at 248:13, invalid value.
Reading 'maxp' table from disk
Decompiling 'maxp' table
Took 0.000s to load 'maxp'
Took 0.000s to prune 'maxp'
maxp pruned
Reading 'cmap' table from disk
Decompiling 'cmap' table
Reading 'post' table from disk
Decompiling 'post' table
Took 0.016s to load 'cmap'
Took 0.000s to prune 'cmap'
cmap pruned
fpgm dropped
prep dropped
cvt  dropped
kern dropped
Took 0.000s to load 'post'
Took 0.000s to prune 'post'
post pruned
GPOS dropped
GSUB dropped
Reading 'glyf' table from disk
Decompiling 'glyf' table
Reading 'loca' table from disk
Decompiling 'loca' table
Reading 'head' table from disk
Decompiling 'head' table
Took 0.049s to load 'glyf'
Took 0.000s to prune 'glyf'
glyf pruned
Took 0.001s to close glyph list over 'cmap'
Added gid0 to subset
Closing glyph list over 'glyf': 52 glyphs before
Glyph names: ['.notdef', 'A', 'B', 'C', 'D', 'E', 'Eacute', 'Euro', 'G', 'H', 'I', 'L', 'M', 'N', 'O', 'P', 'Q', 'R', 'S', 'T', 'U', 'V', 'X', 'a', 'c', 'comma', 'd', 'degree', 'e', 'eacute', 'four', 'g', 'hyphen', 'i', 'j', 'l', 'n', 'o', 'one', 'p', 'period', 'quotesingle', 'r', 's', 'six', 'slash', 'space', 't', 'three', 'two', 'u', 'zero']
Glyph IDs:   [0, 3, 10, 15, 16, 17, 18, 19, 20, 21, 22, 23, 25, 36, 37, 38, 39, 40, 42, 43, 44, 47, 48, 49, 50, 51, 52, 53, 54, 55, 56, 57, 59, 68, 70, 71, 72, 74, 76, 77, 79, 81, 82, 83, 85, 86, 87, 88, 114, 139, 171, 2943]
Closed glyph list over 'glyf': 54 glyphs after
Glyph names: ['.notdef', 'A', 'Acute', 'B', 'C', 'D', 'E', 'Eacute', 'Euro', 'G', 'H', 'I', 'L', 'M', 'N', 'O', 'P', 'Q', 'R', 'S', 'T', 'U', 'V', 'X', 'a', 'acute', 'c', 'comma', 'd', 'degree', 'e', 'eacute', 'four', 'g', 'hyphen', 'i', 'j', 'l', 'n', 'o', 'one', 'p', 'period', 'quotesingle', 'r', 's', 'six', 'slash', 'space', 't', 'three', 'two', 'u', 'zero']
Glyph IDs:   [0, 3, 10, 15, 16, 17, 18, 19, 20, 21, 22, 23, 25, 36, 37, 38, 39, 40, 42, 43, 44, 47, 48, 49, 50, 51, 52, 53, 54, 55, 56, 57, 59, 68, 70, 71, 72, 74, 76, 77, 79, 81, 82, 83, 85, 86, 87, 88, 114, 118, 139, 171, 2943, 5564]
Took 0.003s to close glyph list over 'glyf'
Retaining 54 glyphs
head subsetting not needed
hhea subsetting not needed
maxp subsetting not needed
OS/2 subsetting not needed
Reading 'hmtx' table from disk
Decompiling 'hmtx' table
Reading 'hhea' table from disk
Decompiling 'hhea' table
Took 0.006s to subset 'hmtx'
hmtx subsetted
Took 0.003s to subset 'cmap'
cmap subsetted
loca subsetting not needed
Took 0.000s to subset 'post'
post subsetted
gasp subsetting not needed
FFTM NOT subset; don't know how to subset
Reading 'GDEF' table from disk
Decompiling 'GDEF' table
Took 0.004s to subset 'GDEF'
GDEF subsetted
name subsetting not needed
Took 0.005s to subset 'glyf'
glyf subsetted
Took 0.000s to subset GlyphOrder
Took 0.000s to prune 'head'
head pruned
Reading 'OS/2' table from disk
Decompiling 'OS/2' table
OS/2 Unicode ranges pruned: [0, 1, 33]
OS/2 CodePage ranges pruned: [0]
Took 0.002s to prune 'glyf'
glyf pruned
Took 0.000s to prune 'GDEF'
GDEF pruned
Reading 'name' table from disk
Decompiling 'name' table
Reading 'gasp' table from disk
Decompiling 'gasp' table
Reading 'FFTM' table from disk
Decompiling 'FFTM' table
Took 0.001s to prune 'name'
name pruned
Reading 'maxp' table from disk
Decompiling 'maxp' table
Took 0.000s to load 'maxp'
Took 0.000s to prune 'maxp'
maxp pruned
Reading 'cmap' table from disk
Decompiling 'cmap' table
Reading 'post' table from disk
Decompiling 'post' table
Took 0.017s to load 'cmap'
Took 0.000s to prune 'cmap'
cmap pruned
fpgm dropped
prep dropped
cvt  dropped
kern dropped
Took 0.000s to load 'post'
Took 0.000s to prune 'post'
post pruned
GPOS dropped
GSUB dropped
Reading 'glyf' table from disk
Decompiling 'glyf' table
Reading 'loca' table from disk
Decompiling 'loca' table
Reading 'head' table from disk
Decompiling 'head' table
Took 0.008s to load 'glyf'
Took 0.000s to prune 'glyf'
glyf pruned
Took 0.001s to close glyph list over 'cmap'
Added gid0 to subset
Closing glyph list over 'glyf': 75 glyphs before
Glyph names: ['.notdef', 'A', 'Agrave', 'B', 'C', 'Ccedilla', 'D', 'E', 'Eacute', 'Ecircumflex', 'F', 'G', 'H', 'I', 'J', 'L', 'M', 'N', 'O', 'P', 'Q', 'R', 'S', 'T', 'U', 'V', 'X', 'a', 'agrave', 'at', 'b', 'bullet', 'c', 'colon', 'comma', 'd', 'e', 'eacute', 'ecircumflex', 'eight', 'five', 'four', 'g', 'hyphen', 'i', 'l', 'm', 'multiply', 'n', 'nine', 'o', 'one', 'p', 'parenleft', 'parenright', 'percent', 'period', 'plus', 'quotedbl', 'quotesingle', 'r', 's', 'seven', 'six', 'slash', 'space', 't', 'three', 'two', 'u', 'v', 'w', 'x', 'y', 'zero']
Glyph IDs:   [0, 3, 5, 8, 10, 11, 12, 14, 15, 16, 17, 18, 19, 20, 21, 22, 23, 24, 25, 26, 27, 28, 29, 35, 36, 37, 38, 39, 40, 41, 42, 43, 44, 45, 47, 48, 49, 50, 51, 52, 53, 54, 55, 56, 57, 59, 68, 69, 70, 71, 72, 74, 76, 79, 80, 81, 82, 83, 85, 86, 87, 88, 89, 90, 91, 92, 130, 137, 139, 140, 153, 162, 171, 172, 2816]
Closed glyph list over 'glyf': 82 glyphs after
Glyph names: ['.notdef', 'A', 'Acute', 'Agrave', 'B', 'C', 'Ccedilla', 'Circumflex', 'D', 'E', 'Eacute', 'Ecircumflex', 'F', 'G', 'Grave', 'H', 'I', 'J', 'L', 'M', 'N', 'O', 'P', 'Q', 'R', 'S', 'T', 'U', 'V', 'X', 'a', 'acute', 'agrave', 'at', 'b', 'bullet', 'c', 'cedilla', 'circumflex', 'colon', 'comma', 'd', 'e', 'eacute', 'ecircumflex', 'eight', 'five', 'four', 'g', 'grave', 'hyphen', 'i', 'l', 'm', 'multiply', 'n', 'nine', 'o', 'one', 'p', 'parenleft', 'parenright', 'percent', 'period', 'plus', 'quotedbl', 'quotesingle', 'r', 's', 'seven', 'six', 'slash', 'space', 't', 'three', 'two', 'u', 'v', 'w', 'x', 'y', 'zero']
Glyph IDs:   [0, 3, 5, 8, 10, 11, 12, 14, 15, 16, 17, 18, 19, 20, 21, 22, 23, 24, 25, 26, 27, 28, 29, 35, 36, 37, 38, 39, 40, 41, 42, 43, 44, 45, 47, 48, 49, 50, 51, 52, 53, 54, 55, 56, 57, 59, 67, 68, 69, 70, 71, 72, 74, 76, 79, 80, 81, 82, 83, 85, 86, 87, 88, 89, 90, 91, 92, 118, 122, 130, 137, 139, 140, 153, 162, 171, 172, 648, 2816, 5638, 5640, 5641]
Took 0.003s to close glyph list over 'glyf'
Retaining 82 glyphs
head subsetting not needed
hhea subsetting not needed
maxp subsetting not needed
OS/2 subsetting not needed
Reading 'hmtx' table from disk
Decompiling 'hmtx' table
Reading 'hhea' table from disk
Decompiling 'hhea' table
Took 0.007s to subset 'hmtx'
hmtx subsetted
Took 0.005s to subset 'cmap'
cmap subsetted
loca subsetting not needed
Took 0.000s to subset 'post'
post subsetted
gasp subsetting not needed
FFTM NOT subset; don't know how to subset
Reading 'GDEF' table from disk
Decompiling 'GDEF' table
Took 0.004s to subset 'GDEF'
GDEF subsetted
name subsetting not needed
Took 0.005s to subset 'glyf'
glyf subsetted
Took 0.000s to subset GlyphOrder
Took 0.000s to prune 'head'
head pruned
Reading 'OS/2' table from disk
Decompiling 'OS/2' table
OS/2 Unicode ranges pruned: [0, 1, 31]
OS/2 CodePage ranges pruned: [0]
Took 0.003s to prune 'glyf'
glyf pruned
Took 0.000s to prune 'GDEF'
GDEF pruned
Reading 'name' table from disk
Decompiling 'name' table
Reading 'gasp' table from disk
Decompiling 'gasp' table
Reading 'FFTM' table from disk
Decompiling 'FFTM' table
Took 0.002s to prune 'name'
name pruned
Reading 'maxp' table from disk
Decompiling 'maxp' table
Took 0.000s to load 'maxp'
Took 0.000s to prune 'maxp'
maxp pruned
Reading 'cmap' table from disk
Decompiling 'cmap' table
Reading 'post' table from disk
Decompiling 'post' table
Took 0.013s to load 'cmap'
Took 0.000s to prune 'cmap'
cmap pruned
fpgm dropped
prep dropped
cvt  dropped
kern dropped
Took 0.000s to load 'post'
Took 0.000s to prune 'post'
post pruned
GPOS dropped
GSUB dropped
Reading 'glyf' table from disk
Decompiling 'glyf' table
Reading 'loca' table from disk
Decompiling 'loca' table
Reading 'head' table from disk
Decompiling 'head' table
Took 0.005s to load 'glyf'
Took 0.000s to prune 'glyf'
glyf pruned
Took 0.001s to close glyph list over 'cmap'
Added gid0 to subset
Closing glyph list over 'glyf': 23 glyphs before
Glyph names: ['.notdef', 'Q', 'a', 'c', 'ccedilla', 'comma', 'd', 'e', 'eacute', 'f', 'g', 'i', 'l', 'm', 'n', 'o', 'p', 'quotesingle', 'r', 's', 'space', 't', 'u']
Glyph IDs:   [0, 3, 10, 15, 52, 68, 70, 71, 72, 73, 74, 76, 79, 80, 81, 82, 83, 85, 86, 87, 88, 169, 171]
Closed glyph list over 'glyf': 25 glyphs after
Glyph names: ['.notdef', 'Q', 'a', 'acute', 'c', 'ccedilla', 'cedilla', 'comma', 'd', 'e', 'eacute', 'f', 'g', 'i', 'l', 'm', 'n', 'o', 'p', 'quotesingle', 'r', 's', 'space', 't', 'u']
Glyph IDs:   [0, 3, 10, 15, 52, 68, 70, 71, 72, 73, 74, 76, 79, 80, 81, 82, 83, 85, 86, 87, 88, 118, 122, 169, 171]
Took 0.002s to close glyph list over 'glyf'
Retaining 25 glyphs
head subsetting not needed
hhea subsetting not needed
maxp subsetting not needed
OS/2 subsetting not needed
Reading 'hmtx' table from disk
Decompiling 'hmtx' table
Reading 'hhea' table from disk
Decompiling 'hhea' table
Took 0.005s to subset 'hmtx'
hmtx subsetted
Took 0.003s to subset 'cmap'
cmap subsetted
loca subsetting not needed
Took 0.002s to subset 'post'
post subsetted
gasp subsetting not needed
FFTM NOT subset; don't know how to subset
Reading 'GDEF' table from disk
Decompiling 'GDEF' table
Took 0.004s to subset 'GDEF'
GDEF subsetted
name subsetting not needed
Took 0.002s to subset 'glyf'
glyf subsetted
Took 0.000s to subset GlyphOrder
Took 0.000s to prune 'head'
head pruned
Reading 'OS/2' table from disk
Decompiling 'OS/2' table
OS/2 Unicode ranges pruned: [0, 1]
OS/2 CodePage ranges pruned: [0]
Took 0.000s to prune 'glyf'
glyf pruned
Took 0.000s to prune 'GDEF'
GDEF pruned
Reading 'name' table from disk
Decompiling 'name' table
Reading 'gasp' table from disk
Decompiling 'gasp' table
Reading 'FFTM' table from disk
Decompiling 'FFTM' table
Took 0.001s to prune 'name'
name pruned
Reading 'maxp' table from disk
Decompiling 'maxp' table
Took 0.000s to load 'maxp'
Took 0.000s to prune 'maxp'
maxp pruned
Reading 'cmap' table from disk
Decompiling 'cmap' table
Reading 'post' table from disk
Decompiling 'post' table
Took 0.012s to load 'cmap'
Took 0.000s to prune 'cmap'
cmap pruned
fpgm dropped
prep dropped
cvt  dropped
kern dropped
Took 0.000s to load 'post'
Took 0.000s to prune 'post'
post pruned
GPOS dropped
GSUB dropped
Reading 'glyf' table from disk
Decompiling 'glyf' table
Reading 'loca' table from disk
Decompiling 'loca' table
Reading 'head' table from disk
Decompiling 'head' table
Took 0.007s to load 'glyf'
Took 0.000s to prune 'glyf'
glyf pruned
Took 0.001s to close glyph list over 'cmap'
Added gid0 to subset
Closing glyph list over 'glyf': 9 glyphs before
Glyph names: ['.notdef', 'comma', 'e', 'o', 'r', 's', 'space', 'u', 'zero']
Glyph IDs:   [0, 3, 15, 19, 72, 82, 85, 86, 88]
Closed glyph list over 'glyf': 9 glyphs after
Glyph names: ['.notdef', 'comma', 'e', 'o', 'r', 's', 'space', 'u', 'zero']
Glyph IDs:   [0, 3, 15, 19, 72, 82, 85, 86, 88]
Took 0.002s to close glyph list over 'glyf'
Retaining 9 glyphs
head subsetting not needed
hhea subsetting not needed
maxp subsetting not needed
OS/2 subsetting not needed
Reading 'hmtx' table from disk
Decompiling 'hmtx' table
Reading 'hhea' table from disk
Decompiling 'hhea' table
Took 0.005s to subset 'hmtx'
hmtx subsetted
Took 0.004s to subset 'cmap'
cmap subsetted
loca subsetting not needed
Took 0.000s to subset 'post'
post subsetted
gasp subsetting not needed
FFTM NOT subset; don't know how to subset
Reading 'GDEF' table from disk
Decompiling 'GDEF' table
Took 0.004s to subset 'GDEF'
GDEF subsetted
name subsetting not needed
Took 0.002s to subset 'glyf'
glyf subsetted
Took 0.000s to subset GlyphOrder
Took 0.000s to prune 'head'
head pruned
Reading 'OS/2' table from disk
Decompiling 'OS/2' table
OS/2 Unicode ranges pruned: [0]
OS/2 CodePage ranges pruned: [0]
Took 0.000s to prune 'glyf'
glyf pruned
Took 0.000s to prune 'GDEF'
GDEF pruned
Reading 'name' table from disk
Decompiling 'name' table
Reading 'gasp' table from disk
Decompiling 'gasp' table
Reading 'FFTM' table from disk
Decompiling 'FFTM' table
Took 0.001s to prune 'name'
name pruned
Reading 'maxp' table from disk
Decompiling 'maxp' table
Took 0.000s to load 'maxp'
Took 0.000s to prune 'maxp'
maxp pruned
LTSH dropped
VDMX dropped
hdmx dropped
Reading 'cmap' table from disk
Decompiling 'cmap' table
Took 0.000s to load 'cmap'
Took 0.000s to prune 'cmap'
cmap pruned
fpgm dropped
prep dropped
cvt  dropped
kern dropped
Reading 'post' table from disk
Decompiling 'post' table
Took 0.000s to load 'post'
Took 0.000s to prune 'post'
post pruned
PCLT dropped
JSTF dropped
GPOS dropped
GSUB dropped
Reading 'glyf' table from disk
Decompiling 'glyf' table
Reading 'loca' table from disk
Decompiling 'loca' table
Reading 'head' table from disk
Decompiling 'head' table
Reading 'cmap' table from disk
Decompiling 'cmap' table
Took 0.022s to load 'glyf'
Took 0.000s to prune 'glyf'
glyf pruned
Took 0.005s to close glyph list over 'cmap'
Added gid0 to subset
Closing glyph list over 'glyf': 11 glyphs before
Glyph names: ['.notdef', 'A', 'D', 'I', 'N', 'O', 'R', 'S', 'T', 'U', 'quotesingle']
Glyph IDs:   [0, 10, 36, 39, 44, 49, 50, 53, 54, 55, 56]
Closed glyph list over 'glyf': 11 glyphs after
Glyph names: ['.notdef', 'A', 'D', 'I', 'N', 'O', 'R', 'S', 'T', 'U', 'quotesingle']
Glyph IDs:   [0, 10, 36, 39, 44, 49, 50, 53, 54, 55, 56]
Took 0.002s to close glyph list over 'glyf'
Retaining 11 glyphs
head subsetting not needed
hhea subsetting not needed
maxp subsetting not needed
OS/2 subsetting not needed
Reading 'hmtx' table from disk
Decompiling 'hmtx' table
Reading 'hhea' table from disk
Decompiling 'hhea' table
Took 0.004s to subset 'hmtx'
hmtx subsetted
Took 0.001s to subset 'cmap'
cmap subsetted
loca subsetting not needed
Took 0.000s to subset 'post'
post subsetted
gasp subsetting not needed
meta NOT subset; don't know how to subset
Reading 'GDEF' table from disk
Decompiling 'GDEF' table
Took 0.003s to subset 'GDEF'
GDEF subsetted
name subsetting not needed
Took 0.001s to subset 'glyf'
glyf subsetted
Took 0.000s to subset GlyphOrder
Took 0.000s to prune 'head'
head pruned
Reading 'OS/2' table from disk
Decompiling 'OS/2' table
OS/2 Unicode ranges pruned: [0]
OS/2 CodePage ranges pruned: [0]
Took 0.000s to prune 'glyf'
glyf pruned
Took 0.000s to prune 'GDEF'
GDEF pruned
Reading 'name' table from disk
Decompiling 'name' table
Reading 'gasp' table from disk
Decompiling 'gasp' table
Reading 'meta' table from disk
Decompiling 'meta' table
Took 0.003s to prune 'name'
name pruned
EUnknown rendering option: timeout.
Ignored `src: local("Segoe UI"), local("Helvetica Neue"), local("Arial"), sans-serif` at 5:13, invalid value.
Missing src descriptor in '@font-face' rule at 3:9
Ignored `src: local("Georgia"), local("Times New Roman"), serif` at 10:13, invalid value.
Missing src descriptor in '@font-face' rule at 8:9
Ignored `word-break: break-word` at 236:13, invalid value.
Ignored `word-break: break-word` at 248:13, invalid value.
Reading 'maxp' table from disk
Decompiling 'maxp' table
Took 0.000s to load 'maxp'
Took 0.000s to prune 'maxp'
maxp pruned
Reading 'cmap' table from disk
Decompiling 'cmap' table
Reading 'post' table from disk
Decompiling 'post' table
Took 0.012s to load 'cmap'
Took 0.000s to prune 'cmap'
cmap pruned
fpgm dropped
prep dropped
cvt  dropped
kern dropped
Took 0.000s to load 'post'
Took 0.000s to prune 'post'
post pruned
GPOS dropped
GSUB dropped
Reading 'glyf' table from disk
Decompiling 'glyf' table
Reading 'loca' table from disk
Decompiling 'loca' table
Reading 'head' table from disk
Decompiling 'head' table
Took 0.005s to load 'glyf'
Took 0.000s to prune 'glyf'
glyf pruned
Took 0.002s to close glyph list over 'cmap'
Added gid0 to subset
Closing glyph list over 'glyf': 52 glyphs before
Glyph names: ['.notdef', 'A', 'B', 'C', 'D', 'E', 'Eacute', 'Euro', 'G', 'H', 'I', 'L', 'M', 'N', 'O', 'P', 'Q', 'R', 'S', 'T', 'U', 'V', 'X', 'a', 'c', 'comma', 'd', 'degree', 'e', 'eacute', 'four', 'g', 'hyphen', 'i', 'j', 'l', 'n', 'o', 'one', 'p', 'period', 'quotesingle', 'r', 's', 'six', 'slash', 'space', 't', 'three', 'two', 'u', 'zero']
Glyph IDs:   [0, 3, 10, 15, 16, 17, 18, 19, 20, 21, 22, 23, 25, 36, 37, 38, 39, 40, 42, 43, 44, 47, 48, 49, 50, 51, 52, 53, 54, 55, 56, 57, 59, 68, 70, 71, 72, 74, 76, 77, 79, 81, 82, 83, 85, 86, 87, 88, 114, 139, 171, 2943]
Closed glyph list over 'glyf': 54 glyphs after
Glyph names: ['.notdef', 'A', 'Acute', 'B', 'C', 'D', 'E', 'Eacute', 'Euro', 'G', 'H', 'I', 'L', 'M', 'N', 'O', 'P', 'Q', 'R', 'S', 'T', 'U', 'V', 'X', 'a', 'acute', 'c', 'comma', 'd', 'degree', 'e', 'eacute', 'four', 'g', 'hyphen', 'i', 'j', 'l', 'n', 'o', 'one', 'p', 'period', 'quotesingle', 'r', 's', 'six', 'slash', 'space', 't', 'three', 'two', 'u', 'zero']
Glyph IDs:   [0, 3, 10, 15, 16, 17, 18, 19, 20, 21, 22, 23, 25, 36, 37, 38, 39, 40, 42, 43, 44, 47, 48, 49, 50, 51, 52, 53, 54, 55, 56, 57, 59, 68, 70, 71, 72, 74, 76, 77, 79, 81, 82, 83, 85, 86, 87, 88, 114, 118, 139, 171, 2943, 5564]
Took 0.002s to close glyph list over 'glyf'
Retaining 54 glyphs
head subsetting not needed
hhea subsetting not needed
maxp subsetting not needed
OS/2 subsetting not needed
Reading 'hmtx' table from disk
Decompiling 'hmtx' table
Reading 'hhea' table from disk
Decompiling 'hhea' table
Took 0.005s to subset 'hmtx'
hmtx subsetted
Took 0.003s to subset 'cmap'
cmap subsetted
loca subsetting not needed
Took 0.000s to subset 'post'
post subsetted
gasp subsetting not needed
FFTM NOT subset; don't know how to subset
Reading 'GDEF' table from disk
Decompiling 'GDEF' table
Took 0.004s to subset 'GDEF'
GDEF subsetted
name subsetting not needed
Took 0.004s to subset 'glyf'
glyf subsetted
Took 0.000s to subset GlyphOrder
Took 0.000s to prune 'head'
head pruned
Reading 'OS/2' table from disk
Decompiling 'OS/2' table
OS/2 Unicode ranges pruned: [0, 1, 33]
OS/2 CodePage ranges pruned: [0]
Took 0.001s to prune 'glyf'
glyf pruned
Took 0.000s to prune 'GDEF'
GDEF pruned
Reading 'name' table from disk
Decompiling 'name' table
Reading 'gasp' table from disk
Decompiling 'gasp' table
Reading 'FFTM' table from disk
Decompiling 'FFTM' table
Took 0.001s to prune 'name'
name pruned
Reading 'maxp' table from disk
Decompiling 'maxp' table
Took 0.001s to load 'maxp'
Took 0.000s to prune 'maxp'
maxp pruned
Reading 'cmap' table from disk
Decompiling 'cmap' table
Reading 'post' table from disk
Decompiling 'post' table
Took 0.014s to load 'cmap'
Took 0.000s to prune 'cmap'
cmap pruned
fpgm dropped
prep dropped
cvt  dropped
kern dropped
Took 0.000s to load 'post'
Took 0.000s to prune 'post'
post pruned
GPOS dropped
GSUB dropped
Reading 'glyf' table from disk
Decompiling 'glyf' table
Reading 'loca' table from disk
Decompiling 'loca' table
Reading 'head' table from disk
Decompiling 'head' table
Took 0.006s to load 'glyf'
Took 0.000s to prune 'glyf'
glyf pruned
Took 0.001s to close glyph list over 'cmap'
Added gid0 to subset
Closing glyph list over 'glyf': 75 glyphs before
Glyph names: ['.notdef', 'A', 'Agrave', 'B', 'C', 'Ccedilla', 'D', 'E', 'Eacute', 'Ecircumflex', 'F', 'G', 'H', 'I', 'J', 'L', 'M', 'N', 'O', 'P', 'Q', 'R', 'S', 'T', 'U', 'V', 'X', 'a', 'agrave', 'at', 'b', 'bullet', 'c', 'colon', 'comma', 'd', 'e', 'eacute', 'ecircumflex', 'eight', 'five', 'four', 'g', 'hyphen', 'i', 'l', 'm', 'multiply', 'n', 'nine', 'o', 'one', 'p', 'parenleft', 'parenright', 'percent', 'period', 'plus', 'quotedbl', 'quotesingle', 'r', 's', 'seven', 'six', 'slash', 'space', 't', 'three', 'two', 'u', 'v', 'w', 'x', 'y', 'zero']
Glyph IDs:   [0, 3, 5, 8, 10, 11, 12, 14, 15, 16, 17, 18, 19, 20, 21, 22, 23, 24, 25, 26, 27, 28, 29, 35, 36, 37, 38, 39, 40, 41, 42, 43, 44, 45, 47, 48, 49, 50, 51, 52, 53, 54, 55, 56, 57, 59, 68, 69, 70, 71, 72, 74, 76, 79, 80, 81, 82, 83, 85, 86, 87, 88, 89, 90, 91, 92, 130, 137, 139, 140, 153, 162, 171, 172, 2816]
Closed glyph list over 'glyf': 82 glyphs after
Glyph names: ['.notdef', 'A', 'Acute', 'Agrave', 'B', 'C', 'Ccedilla', 'Circumflex', 'D', 'E', 'Eacute', 'Ecircumflex', 'F', 'G', 'Grave', 'H', 'I', 'J', 'L', 'M', 'N', 'O', 'P', 'Q', 'R', 'S', 'T', 'U', 'V', 'X', 'a', 'acute', 'agrave', 'at', 'b', 'bullet', 'c', 'cedilla', 'circumflex', 'colon', 'comma', 'd', 'e', 'eacute', 'ecircumflex', 'eight', 'five', 'four', 'g', 'grave', 'hyphen', 'i', 'l', 'm', 'multiply', 'n', 'nine', 'o', 'one', 'p', 'parenleft', 'parenright', 'percent', 'period', 'plus', 'quotedbl', 'quotesingle', 'r', 's', 'seven', 'six', 'slash', 'space', 't', 'three', 'two', 'u', 'v', 'w', 'x', 'y', 'zero']
Glyph IDs:   [0, 3, 5, 8, 10, 11, 12, 14, 15, 16, 17, 18, 19, 20, 21, 22, 23, 24, 25, 26, 27, 28, 29, 35, 36, 37, 38, 39, 40, 41, 42, 43, 44, 45, 47, 48, 49, 50, 51, 52, 53, 54, 55, 56, 57, 59, 67, 68, 69, 70, 71, 72, 74, 76, 79, 80, 81, 82, 83, 85, 86, 87, 88, 89, 90, 91, 92, 118, 122, 130, 137, 139, 140, 153, 162, 171, 172, 648, 2816, 5638, 5640, 5641]
Took 0.003s to close glyph list over 'glyf'
Retaining 82 glyphs
head subsetting not needed
hhea subsetting not needed
maxp subsetting not needed
OS/2 subsetting not needed
Reading 'hmtx' table from disk
Decompiling 'hmtx' table
Reading 'hhea' table from disk
Decompiling 'hhea' table
Took 0.007s to subset 'hmtx'
hmtx subsetted
Took 0.004s to subset 'cmap'
cmap subsetted
loca subsetting not needed
Took 0.000s to subset 'post'
post subsetted
gasp subsetting not needed
FFTM NOT subset; don't know how to subset
Reading 'GDEF' table from disk
Decompiling 'GDEF' table
Took 0.005s to subset 'GDEF'
GDEF subsetted
name subsetting not needed
Took 0.006s to subset 'glyf'
glyf subsetted
Took 0.000s to subset GlyphOrder
Took 0.000s to prune 'head'
head pruned
Reading 'OS/2' table from disk
Decompiling 'OS/2' table
OS/2 Unicode ranges pruned: [0, 1, 31]
OS/2 CodePage ranges pruned: [0]
Took 0.003s to prune 'glyf'
glyf pruned
Took 0.000s to prune 'GDEF'
GDEF pruned
Reading 'name' table from disk
Decompiling 'name' table
Reading 'gasp' table from disk
Decompiling 'gasp' table
Reading 'FFTM' table from disk
Decompiling 'FFTM' table
Took 0.002s to prune 'name'
name pruned
Reading 'maxp' table from disk
Decompiling 'maxp' table
Took 0.000s to load 'maxp'
Took 0.000s to prune 'maxp'
maxp pruned
Reading 'cmap' table from disk
Decompiling 'cmap' table
Reading 'post' table from disk
Decompiling 'post' table
Took 0.012s to load 'cmap'
Took 0.000s to prune 'cmap'
cmap pruned
fpgm dropped
prep dropped
cvt  dropped
kern dropped
Took 0.000s to load 'post'
Took 0.000s to prune 'post'
post pruned
GPOS dropped
GSUB dropped
Reading 'glyf' table from disk
Decompiling 'glyf' table
Reading 'loca' table from disk
Decompiling 'loca' table
Reading 'head' table from disk
Decompiling 'head' table
Took 0.005s to load 'glyf'
Took 0.000s to prune 'glyf'
glyf pruned
Took 0.001s to close glyph list over 'cmap'
Added gid0 to subset
Closing glyph list over 'glyf': 23 glyphs before
Glyph names: ['.notdef', 'Q', 'a', 'c', 'ccedilla', 'comma', 'd', 'e', 'eacute', 'f', 'g', 'i', 'l', 'm', 'n', 'o', 'p', 'quotesingle', 'r', 's', 'space', 't', 'u']
Glyph IDs:   [0, 3, 10, 15, 52, 68, 70, 71, 72, 73, 74, 76, 79, 80, 81, 82, 83, 85, 86, 87, 88, 169, 171]
Closed glyph list over 'glyf': 25 glyphs after
Glyph names: ['.notdef', 'Q', 'a', 'acute', 'c', 'ccedilla', 'cedilla', 'comma', 'd', 'e', 'eacute', 'f', 'g', 'i', 'l', 'm', 'n', 'o', 'p', 'quotesingle', 'r', 's', 'space', 't', 'u']
Glyph IDs:   [0, 3, 10, 15, 52, 68, 70, 71, 72, 73, 74, 76, 79, 80, 81, 82, 83, 85, 86, 87, 88, 118, 122, 169, 171]
Took 0.003s to close glyph list over 'glyf'
Retaining 25 glyphs
head subsetting not needed
hhea subsetting not needed
maxp subsetting not needed
OS/2 subsetting not needed
Reading 'hmtx' table from disk
Decompiling 'hmtx' table
Reading 'hhea' table from disk
Decompiling 'hhea' table
Took 0.004s to subset 'hmtx'
hmtx subsetted
Took 0.003s to subset 'cmap'
cmap subsetted
loca subsetting not needed
Took 0.000s to subset 'post'
post subsetted
gasp subsetting not needed
FFTM NOT subset; don't know how to subset
Reading 'GDEF' table from disk
Decompiling 'GDEF' table
Took 0.004s to subset 'GDEF'
GDEF subsetted
name subsetting not needed
Took 0.002s to subset 'glyf'
glyf subsetted
Took 0.000s to subset GlyphOrder
Took 0.000s to prune 'head'
head pruned
Reading 'OS/2' table from disk
Decompiling 'OS/2' table
OS/2 Unicode ranges pruned: [0, 1]
OS/2 CodePage ranges pruned: [0]
Took 0.000s to prune 'glyf'
glyf pruned
Took 0.000s to prune 'GDEF'
GDEF pruned
Reading 'name' table from disk
Decompiling 'name' table
Reading 'gasp' table from disk
Decompiling 'gasp' table
Reading 'FFTM' table from disk
Decompiling 'FFTM' table
Took 0.002s to prune 'name'
name pruned
Reading 'maxp' table from disk
Decompiling 'maxp' table
Took 0.000s to load 'maxp'
Took 0.000s to prune 'maxp'
maxp pruned
Reading 'cmap' table from disk
Decompiling 'cmap' table
Reading 'post' table from disk
Decompiling 'post' table
Took 0.012s to load 'cmap'
Took 0.000s to prune 'cmap'
cmap pruned
fpgm dropped
prep dropped
cvt  dropped
kern dropped
Took 0.000s to load 'post'
Took 0.000s to prune 'post'
post pruned
GPOS dropped
GSUB dropped
Reading 'glyf' table from disk
Decompiling 'glyf' table
Reading 'loca' table from disk
Decompiling 'loca' table
Reading 'head' table from disk
Decompiling 'head' table
Took 0.005s to load 'glyf'
Took 0.000s to prune 'glyf'
glyf pruned
Took 0.001s to close glyph list over 'cmap'
Added gid0 to subset
Closing glyph list over 'glyf': 9 glyphs before
Glyph names: ['.notdef', 'comma', 'e', 'o', 'r', 's', 'space', 'u', 'zero']
Glyph IDs:   [0, 3, 15, 19, 72, 82, 85, 86, 88]
Closed glyph list over 'glyf': 9 glyphs after
Glyph names: ['.notdef', 'comma', 'e', 'o', 'r', 's', 'space', 'u', 'zero']
Glyph IDs:   [0, 3, 15, 19, 72, 82, 85, 86, 88]
Took 0.001s to close glyph list over 'glyf'
Retaining 9 glyphs
head subsetting not needed
hhea subsetting not needed
maxp subsetting not needed
OS/2 subsetting not needed
Reading 'hmtx' table from disk
Decompiling 'hmtx' table
Reading 'hhea' table from disk
Decompiling 'hhea' table
Took 0.005s to subset 'hmtx'
hmtx subsetted
Took 0.003s to subset 'cmap'
cmap subsetted
loca subsetting not needed
Took 0.000s to subset 'post'
post subsetted
gasp subsetting not needed
FFTM NOT subset; don't know how to subset
Reading 'GDEF' table from disk
Decompiling 'GDEF' table
Took 0.002s to subset 'GDEF'
GDEF subsetted
name subsetting not needed
Took 0.001s to subset 'glyf'
glyf subsetted
Took 0.000s to subset GlyphOrder
Took 0.000s to prune 'head'
head pruned
Reading 'OS/2' table from disk
Decompiling 'OS/2' table
OS/2 Unicode ranges pruned: [0]
OS/2 CodePage ranges pruned: [0]
Took 0.000s to prune 'glyf'
glyf pruned
Took 0.000s to prune 'GDEF'
GDEF pruned
Reading 'name' table from disk
Decompiling 'name' table
Reading 'gasp' table from disk
Decompiling 'gasp' table
Reading 'FFTM' table from disk
Decompiling 'FFTM' table
Took 0.001s to prune 'name'
name pruned
Reading 'maxp' table from disk
Decompiling 'maxp' table
Took 0.000s to load 'maxp'
Took 0.000s to prune 'maxp'
maxp pruned
LTSH dropped
VDMX dropped
hdmx dropped
Reading 'cmap' table from disk
Decompiling 'cmap' table
Took 0.000s to load 'cmap'
Took 0.000s to prune 'cmap'
cmap pruned
fpgm dropped
prep dropped
cvt  dropped
kern dropped
Reading 'post' table from disk
Decompiling 'post' table
Took 0.000s to load 'post'
Took 0.000s to prune 'post'
post pruned
PCLT dropped
JSTF dropped
GPOS dropped
GSUB dropped
Reading 'glyf' table from disk
Decompiling 'glyf' table
Reading 'loca' table from disk
Decompiling 'loca' table
Reading 'head' table from disk
Decompiling 'head' table
Reading 'cmap' table from disk
Decompiling 'cmap' table
Took 0.035s to load 'glyf'
Took 0.000s to prune 'glyf'
glyf pruned
Took 0.007s to close glyph list over 'cmap'
Added gid0 to subset
Closing glyph list over 'glyf': 11 glyphs before
Glyph names: ['.notdef', 'A', 'D', 'I', 'N', 'O', 'R', 'S', 'T', 'U', 'quotesingle']
Glyph IDs:   [0, 10, 36, 39, 44, 49, 50, 53, 54, 55, 56]
Closed glyph list over 'glyf': 11 glyphs after
Glyph names: ['.notdef', 'A', 'D', 'I', 'N', 'O', 'R', 'S', 'T', 'U', 'quotesingle']
Glyph IDs:   [0, 10, 36, 39, 44, 49, 50, 53, 54, 55, 56]
Took 0.002s to close glyph list over 'glyf'
Retaining 11 glyphs
head subsetting not needed
hhea subsetting not needed
maxp subsetting not needed
OS/2 subsetting not needed
Reading 'hmtx' table from disk
Decompiling 'hmtx' table
Reading 'hhea' table from disk
Decompiling 'hhea' table
Took 0.004s to subset 'hmtx'
hmtx subsetted
Took 0.002s to subset 'cmap'
cmap subsetted
loca subsetting not needed
Took 0.000s to subset 'post'
post subsetted
gasp subsetting not needed
meta NOT subset; don't know how to subset
Reading 'GDEF' table from disk
Decompiling 'GDEF' table
Took 0.004s to subset 'GDEF'
GDEF subsetted
name subsetting not needed
Took 0.002s to subset 'glyf'
glyf subsetted
Took 0.000s to subset GlyphOrder
Took 0.000s to prune 'head'
head pruned
Reading 'OS/2' table from disk
Decompiling 'OS/2' table
OS/2 Unicode ranges pruned: [0]
OS/2 CodePage ranges pruned: [0]
Took 0.000s to prune 'glyf'
glyf pruned
Took 0.000s to prune 'GDEF'
GDEF pruned
Reading 'name' table from disk
Decompiling 'name' table
Reading 'gasp' table from disk
Decompiling 'gasp' table
Reading 'meta' table from disk
Decompiling 'meta' table
Took 0.002s to prune 'name'
name pruned
Unknown rendering option: timeout.
Ignored `src: local("Segoe UI"), local("Helvetica Neue"), local("Arial"), sans-serif` at 5:13, invalid value.
Missing src descriptor in '@font-face' rule at 3:9
Ignored `src: local("Georgia"), local("Times New Roman"), serif` at 10:13, invalid value.
Missing src descriptor in '@font-face' rule at 8:9
Ignored `word-break: break-word` at 236:13, invalid value.
Ignored `word-break: break-word` at 248:13, invalid value.
Reading 'maxp' table from disk
Decompiling 'maxp' table
Took 0.000s to load 'maxp'
Took 0.000s to prune 'maxp'
maxp pruned
Reading 'cmap' table from disk
Decompiling 'cmap' table
Reading 'post' table from disk
Decompiling 'post' table
Took 0.016s to load 'cmap'
Took 0.000s to prune 'cmap'
cmap pruned
fpgm dropped
prep dropped
cvt  dropped
kern dropped
Took 0.000s to load 'post'
Took 0.000s to prune 'post'
post pruned
GPOS dropped
GSUB dropped
Reading 'glyf' table from disk
Decompiling 'glyf' table
Reading 'loca' table from disk
Decompiling 'loca' table
Reading 'head' table from disk
Decompiling 'head' table
Took 0.007s to load 'glyf'
Took 0.000s to prune 'glyf'
glyf pruned
Took 0.002s to close glyph list over 'cmap'
Added gid0 to subset
Closing glyph list over 'glyf': 52 glyphs before
Glyph names: ['.notdef', 'A', 'B', 'C', 'D', 'E', 'Eacute', 'Euro', 'G', 'H', 'I', 'L', 'M', 'N', 'O', 'P', 'Q', 'R', 'S', 'T', 'U', 'V', 'X', 'a', 'c', 'comma', 'd', 'degree', 'e', 'eacute', 'four', 'g', 'hyphen', 'i', 'j', 'l', 'n', 'o', 'one', 'p', 'period', 'quotesingle', 'r', 's', 'six', 'slash', 'space', 't', 'three', 'two', 'u', 'zero']
Glyph IDs:   [0, 3, 10, 15, 16, 17, 18, 19, 20, 21, 22, 23, 25, 36, 37, 38, 39, 40, 42, 43, 44, 47, 48, 49, 50, 51, 52, 53, 54, 55, 56, 57, 59, 68, 70, 71, 72, 74, 76, 77, 79, 81, 82, 83, 85, 86, 87, 88, 114, 139, 171, 2943]
Closed glyph list over 'glyf': 54 glyphs after
Glyph names: ['.notdef', 'A', 'Acute', 'B', 'C', 'D', 'E', 'Eacute', 'Euro', 'G', 'H', 'I', 'L', 'M', 'N', 'O', 'P', 'Q', 'R', 'S', 'T', 'U', 'V', 'X', 'a', 'acute', 'c', 'comma', 'd', 'degree', 'e', 'eacute', 'four', 'g', 'hyphen', 'i', 'j', 'l', 'n', 'o', 'one', 'p', 'period', 'quotesingle', 'r', 's', 'six', 'slash', 'space', 't', 'three', 'two', 'u', 'zero']
Glyph IDs:   [0, 3, 10, 15, 16, 17, 18, 19, 20, 21, 22, 23, 25, 36, 37, 38, 39, 40, 42, 43, 44, 47, 48, 49, 50, 51, 52, 53, 54, 55, 56, 57, 59, 68, 70, 71, 72, 74, 76, 77, 79, 81, 82, 83, 85, 86, 87, 88, 114, 118, 139, 171, 2943, 5564]
Took 0.002s to close glyph list over 'glyf'
Retaining 54 glyphs
head subsetting not needed
hhea subsetting not needed
maxp subsetting not needed
OS/2 subsetting not needed
Reading 'hmtx' table from disk
Decompiling 'hmtx' table
Reading 'hhea' table from disk
Decompiling 'hhea' table
Took 0.009s to subset 'hmtx'
hmtx subsetted
Took 0.005s to subset 'cmap'
cmap subsetted
loca subsetting not needed
Took 0.000s to subset 'post'
post subsetted
gasp subsetting not needed
FFTM NOT subset; don't know how to subset
Reading 'GDEF' table from disk
Decompiling 'GDEF' table
Took 0.003s to subset 'GDEF'
GDEF subsetted
name subsetting not needed
Took 0.004s to subset 'glyf'
glyf subsetted
Took 0.000s to subset GlyphOrder
Took 0.000s to prune 'head'
head pruned
Reading 'OS/2' table from disk
Decompiling 'OS/2' table
OS/2 Unicode ranges pruned: [0, 1, 33]
OS/2 CodePage ranges pruned: [0]
Took 0.003s to prune 'glyf'
glyf pruned
Took 0.000s to prune 'GDEF'
GDEF pruned
Reading 'name' table from disk
Decompiling 'name' table
Reading 'gasp' table from disk
Decompiling 'gasp' table
Reading 'FFTM' table from disk
Decompiling 'FFTM' table
Took 0.002s to prune 'name'
name pruned
Reading 'maxp' table from disk
Decompiling 'maxp' table
Took 0.000s to load 'maxp'
Took 0.000s to prune 'maxp'
maxp pruned
Reading 'cmap' table from disk
Decompiling 'cmap' table
Reading 'post' table from disk
Decompiling 'post' table
Took 0.020s to load 'cmap'
Took 0.000s to prune 'cmap'
cmap pruned
fpgm dropped
prep dropped
cvt  dropped
kern dropped
Took 0.000s to load 'post'
Took 0.000s to prune 'post'
post pruned
GPOS dropped
GSUB dropped
Reading 'glyf' table from disk
Decompiling 'glyf' table
Reading 'loca' table from disk
Decompiling 'loca' table
Reading 'head' table from disk
Decompiling 'head' table
Took 0.012s to load 'glyf'
Took 0.000s to prune 'glyf'
glyf pruned
Took 0.003s to close glyph list over 'cmap'
Added gid0 to subset
Closing glyph list over 'glyf': 75 glyphs before
Glyph names: ['.notdef', 'A', 'Agrave', 'B', 'C', 'Ccedilla', 'D', 'E', 'Eacute', 'Ecircumflex', 'F', 'G', 'H', 'I', 'J', 'L', 'M', 'N', 'O', 'P', 'Q', 'R', 'S', 'T', 'U', 'V', 'X', 'a', 'agrave', 'at', 'b', 'bullet', 'c', 'colon', 'comma', 'd', 'e', 'eacute', 'ecircumflex', 'eight', 'five', 'four', 'g', 'hyphen', 'i', 'l', 'm', 'multiply', 'n', 'nine', 'o', 'one', 'p', 'parenleft', 'parenright', 'percent', 'period', 'plus', 'quotedbl', 'quotesingle', 'r', 's', 'seven', 'six', 'slash', 'space', 't', 'three', 'two', 'u', 'v', 'w', 'x', 'y', 'zero']
Glyph IDs:   [0, 3, 5, 8, 10, 11, 12, 14, 15, 16, 17, 18, 19, 20, 21, 22, 23, 24, 25, 26, 27, 28, 29, 35, 36, 37, 38, 39, 40, 41, 42, 43, 44, 45, 47, 48, 49, 50, 51, 52, 53, 54, 55, 56, 57, 59, 68, 69, 70, 71, 72, 74, 76, 79, 80, 81, 82, 83, 85, 86, 87, 88, 89, 90, 91, 92, 130, 137, 139, 140, 153, 162, 171, 172, 2816]
Closed glyph list over 'glyf': 82 glyphs after
Glyph names: ['.notdef', 'A', 'Acute', 'Agrave', 'B', 'C', 'Ccedilla', 'Circumflex', 'D', 'E', 'Eacute', 'Ecircumflex', 'F', 'G', 'Grave', 'H', 'I', 'J', 'L', 'M', 'N', 'O', 'P', 'Q', 'R', 'S', 'T', 'U', 'V', 'X', 'a', 'acute', 'agrave', 'at', 'b', 'bullet', 'c', 'cedilla', 'circumflex', 'colon', 'comma', 'd', 'e', 'eacute', 'ecircumflex', 'eight', 'five', 'four', 'g', 'grave', 'hyphen', 'i', 'l', 'm', 'multiply', 'n', 'nine', 'o', 'one', 'p', 'parenleft', 'parenright', 'percent', 'period', 'plus', 'quotedbl', 'quotesingle', 'r', 's', 'seven', 'six', 'slash', 'space', 't', 'three', 'two', 'u', 'v', 'w', 'x', 'y', 'zero']
Glyph IDs:   [0, 3, 5, 8, 10, 11, 12, 14, 15, 16, 17, 18, 19, 20, 21, 22, 23, 24, 25, 26, 27, 28, 29, 35, 36, 37, 38, 39, 40, 41, 42, 43, 44, 45, 47, 48, 49, 50, 51, 52, 53, 54, 55, 56, 57, 59, 67, 68, 69, 70, 71, 72, 74, 76, 79, 80, 81, 82, 83, 85, 86, 87, 88, 89, 90, 91, 92, 118, 122, 130, 137, 139, 140, 153, 162, 171, 172, 648, 2816, 5638, 5640, 5641]
Took 0.004s to close glyph list over 'glyf'
Retaining 82 glyphs
head subsetting not needed
hhea subsetting not needed
maxp subsetting not needed
OS/2 subsetting not needed
Reading 'hmtx' table from disk
Decompiling 'hmtx' table
Reading 'hhea' table from disk
Decompiling 'hhea' table
Took 0.007s to subset 'hmtx'
hmtx subsetted
Took 0.006s to subset 'cmap'
cmap subsetted
loca subsetting not needed
Took 0.000s to subset 'post'
post subsetted
gasp subsetting not needed
FFTM NOT subset; don't know how to subset
Reading 'GDEF' table from disk
Decompiling 'GDEF' table
Took 0.004s to subset 'GDEF'
GDEF subsetted
name subsetting not needed
Took 0.007s to subset 'glyf'
glyf subsetted
Took 0.000s to subset GlyphOrder
Took 0.000s to prune 'head'
head pruned
Reading 'OS/2' table from disk
Decompiling 'OS/2' table
OS/2 Unicode ranges pruned: [0, 1, 31]
OS/2 CodePage ranges pruned: [0]
Took 0.003s to prune 'glyf'
glyf pruned
Took 0.000s to prune 'GDEF'
GDEF pruned
Reading 'name' table from disk
Decompiling 'name' table
Reading 'gasp' table from disk
Decompiling 'gasp' table
Reading 'FFTM' table from disk
Decompiling 'FFTM' table
Took 0.001s to prune 'name'
name pruned
Reading 'maxp' table from disk
Decompiling 'maxp' table
Took 0.000s to load 'maxp'
Took 0.000s to prune 'maxp'
maxp pruned
Reading 'cmap' table from disk
Decompiling 'cmap' table
Reading 'post' table from disk
Decompiling 'post' table
Took 0.035s to load 'cmap'
Took 0.000s to prune 'cmap'
cmap pruned
fpgm dropped
prep dropped
cvt  dropped
kern dropped
Took 0.000s to load 'post'
Took 0.000s to prune 'post'
post pruned
GPOS dropped
GSUB dropped
Reading 'glyf' table from disk
Decompiling 'glyf' table
Reading 'loca' table from disk
Decompiling 'loca' table
Reading 'head' table from disk
Decompiling 'head' table
Took 0.014s to load 'glyf'
Took 0.000s to prune 'glyf'
glyf pruned
Took 0.006s to close glyph list over 'cmap'
Added gid0 to subset
Closing glyph list over 'glyf': 23 glyphs before
Glyph names: ['.notdef', 'Q', 'a', 'c', 'ccedilla', 'comma', 'd', 'e', 'eacute', 'f', 'g', 'i', 'l', 'm', 'n', 'o', 'p', 'quotesingle', 'r', 's', 'space', 't', 'u']
Glyph IDs:   [0, 3, 10, 15, 52, 68, 70, 71, 72, 73, 74, 76, 79, 80, 81, 82, 83, 85, 86, 87, 88, 169, 171]
Closed glyph list over 'glyf': 25 glyphs after
Glyph names: ['.notdef', 'Q', 'a', 'acute', 'c', 'ccedilla', 'cedilla', 'comma', 'd', 'e', 'eacute', 'f', 'g', 'i', 'l', 'm', 'n', 'o', 'p', 'quotesingle', 'r', 's', 'space', 't', 'u']
Glyph IDs:   [0, 3, 10, 15, 52, 68, 70, 71, 72, 73, 74, 76, 79, 80, 81, 82, 83, 85, 86, 87, 88, 118, 122, 169, 171]
Took 0.004s to close glyph list over 'glyf'
Retaining 25 glyphs
head subsetting not needed
hhea subsetting not needed
maxp subsetting not needed
OS/2 subsetting not needed
Reading 'hmtx' table from disk
Decompiling 'hmtx' table
Reading 'hhea' table from disk
Decompiling 'hhea' table
Took 0.013s to subset 'hmtx'
hmtx subsetted
Took 0.007s to subset 'cmap'
cmap subsetted
loca subsetting not needed
Took 0.000s to subset 'post'
post subsetted
gasp subsetting not needed
FFTM NOT subset; don't know how to subset
Reading 'GDEF' table from disk
Decompiling 'GDEF' table
Took 0.007s to subset 'GDEF'
GDEF subsetted
name subsetting not needed
Took 0.004s to subset 'glyf'
glyf subsetted
Took 0.001s to subset GlyphOrder
Took 0.000s to prune 'head'
head pruned
Reading 'OS/2' table from disk
Decompiling 'OS/2' table
OS/2 Unicode ranges pruned: [0, 1]
OS/2 CodePage ranges pruned: [0]
Took 0.001s to prune 'glyf'
glyf pruned
Took 0.000s to prune 'GDEF'
GDEF pruned
Reading 'name' table from disk
Decompiling 'name' table
Reading 'gasp' table from disk
Decompiling 'gasp' table
Reading 'FFTM' table from disk
Decompiling 'FFTM' table
Took 0.002s to prune 'name'
name pruned
Reading 'maxp' table from disk
Decompiling 'maxp' table
Took 0.000s to load 'maxp'
Took 0.000s to prune 'maxp'
maxp pruned
Reading 'cmap' table from disk
Decompiling 'cmap' table
Reading 'post' table from disk
Decompiling 'post' table
Took 0.025s to load 'cmap'
Took 0.000s to prune 'cmap'
cmap pruned
fpgm dropped
prep dropped
cvt  dropped
kern dropped
Took 0.000s to load 'post'
Took 0.000s to prune 'post'
post pruned
GPOS dropped
GSUB dropped
Reading 'glyf' table from disk
Decompiling 'glyf' table
Reading 'loca' table from disk
Decompiling 'loca' table
Reading 'head' table from disk
Decompiling 'head' table
Took 0.010s to load 'glyf'
Took 0.000s to prune 'glyf'
glyf pruned
Took 0.003s to close glyph list over 'cmap'
Added gid0 to subset
Closing glyph list over 'glyf': 9 glyphs before
Glyph names: ['.notdef', 'comma', 'e', 'o', 'r', 's', 'space', 'u', 'zero']
Glyph IDs:   [0, 3, 15, 19, 72, 82, 85, 86, 88]
Closed glyph list over 'glyf': 9 glyphs after
Glyph names: ['.notdef', 'comma', 'e', 'o', 'r', 's', 'space', 'u', 'zero']
Glyph IDs:   [0, 3, 15, 19, 72, 82, 85, 86, 88]
Took 0.003s to close glyph list over 'glyf'
Retaining 9 glyphs
head subsetting not needed
hhea subsetting not needed
maxp subsetting not needed
OS/2 subsetting not needed
Reading 'hmtx' table from disk
Decompiling 'hmtx' table
Reading 'hhea' table from disk
Decompiling 'hhea' table
Took 0.007s to subset 'hmtx'
hmtx subsetted
Took 0.007s to subset 'cmap'
cmap subsetted
loca subsetting not needed
Took 0.000s to subset 'post'
post subsetted
gasp subsetting not needed
FFTM NOT subset; don't know how to subset
Reading 'GDEF' table from disk
Decompiling 'GDEF' table
Took 0.005s to subset 'GDEF'
GDEF subsetted
name subsetting not needed
Took 0.002s to subset 'glyf'
glyf subsetted
Took 0.000s to subset GlyphOrder
Took 0.000s to prune 'head'
head pruned
Reading 'OS/2' table from disk
Decompiling 'OS/2' table
OS/2 Unicode ranges pruned: [0]
OS/2 CodePage ranges pruned: [0]
Took 0.000s to prune 'glyf'
glyf pruned
Took 0.000s to prune 'GDEF'
GDEF pruned
Reading 'name' table from disk
Decompiling 'name' table
Reading 'gasp' table from disk
Decompiling 'gasp' table
Reading 'FFTM' table from disk
Decompiling 'FFTM' table
Took 0.004s to prune 'name'
name pruned
Reading 'maxp' table from disk
Decompiling 'maxp' table
Took 0.001s to load 'maxp'
Took 0.000s to prune 'maxp'
maxp pruned
LTSH dropped
VDMX dropped
hdmx dropped
Reading 'cmap' table from disk
Decompiling 'cmap' table
Took 0.001s to load 'cmap'
Took 0.000s to prune 'cmap'
cmap pruned
fpgm dropped
prep dropped
cvt  dropped
kern dropped
Reading 'post' table from disk
Decompiling 'post' table
Took 0.001s to load 'post'
Took 0.000s to prune 'post'
post pruned
PCLT dropped
JSTF dropped
GPOS dropped
GSUB dropped
Reading 'glyf' table from disk
Decompiling 'glyf' table
Reading 'loca' table from disk
Decompiling 'loca' table
Reading 'head' table from disk
Decompiling 'head' table
Reading 'cmap' table from disk
Decompiling 'cmap' table
Took 0.040s to load 'glyf'
Took 0.000s to prune 'glyf'
glyf pruned
Took 0.010s to close glyph list over 'cmap'
Added gid0 to subset
Closing glyph list over 'glyf': 11 glyphs before
Glyph names: ['.notdef', 'A', 'D', 'I', 'N', 'O', 'R', 'S', 'T', 'U', 'quotesingle']
Glyph IDs:   [0, 10, 36, 39, 44, 49, 50, 53, 54, 55, 56]
Closed glyph list over 'glyf': 11 glyphs after
Glyph names: ['.notdef', 'A', 'D', 'I', 'N', 'O', 'R', 'S', 'T', 'U', 'quotesingle']
Glyph IDs:   [0, 10, 36, 39, 44, 49, 50, 53, 54, 55, 56]
Took 0.005s to close glyph list over 'glyf'
Retaining 11 glyphs
head subsetting not needed
hhea subsetting not needed
maxp subsetting not needed
OS/2 subsetting not needed
Reading 'hmtx' table from disk
Decompiling 'hmtx' table
Reading 'hhea' table from disk
Decompiling 'hhea' table
Took 0.007s to subset 'hmtx'
hmtx subsetted
Took 0.002s to subset 'cmap'
cmap subsetted
loca subsetting not needed
Took 0.000s to subset 'post'
post subsetted
gasp subsetting not needed
meta NOT subset; don't know how to subset
Reading 'GDEF' table from disk
Decompiling 'GDEF' table
Took 0.007s to subset 'GDEF'
GDEF subsetted
name subsetting not needed
Took 0.002s to subset 'glyf'
glyf subsetted
Took 0.001s to subset GlyphOrder
Took 0.000s to prune 'head'
head pruned
Reading 'OS/2' table from disk
Decompiling 'OS/2' table
OS/2 Unicode ranges pruned: [0]
OS/2 CodePage ranges pruned: [0]
Took 0.000s to prune 'glyf'
glyf pruned
Took 0.000s to prune 'GDEF'
GDEF pruned
Reading 'name' table from disk
Decompiling 'name' table
Reading 'gasp' table from disk
Decompiling 'gasp' table
Reading 'meta' table from disk
Decompiling 'meta' table
Took 0.004s to prune 'name'
name pruned
.Unknown rendering option: timeout.
Ignored `src: local("Segoe UI"), local("Helvetica Neue"), local("Arial"), sans-serif` at 5:13, invalid value.
Missing src descriptor in '@font-face' rule at 3:9
Ignored `src: local("Georgia"), local("Times New Roman"), serif` at 10:13, invalid value.
Missing src descriptor in '@font-face' rule at 8:9
Ignored `word-break: break-word` at 236:13, invalid value.
Ignored `word-break: break-word` at 248:13, invalid value.
Reading 'maxp' table from disk
Decompiling 'maxp' table
Took 0.001s to load 'maxp'
Took 0.000s to prune 'maxp'
maxp pruned
Reading 'cmap' table from disk
Decompiling 'cmap' table
Reading 'post' table from disk
Decompiling 'post' table
Took 0.015s to load 'cmap'
Took 0.000s to prune 'cmap'
cmap pruned
fpgm dropped
prep dropped
cvt  dropped
kern dropped
Took 0.000s to load 'post'
Took 0.000s to prune 'post'
post pruned
GPOS dropped
GSUB dropped
Reading 'glyf' table from disk
Decompiling 'glyf' table
Reading 'loca' table from disk
Decompiling 'loca' table
Reading 'head' table from disk
Decompiling 'head' table
Took 0.012s to load 'glyf'
Took 0.000s to prune 'glyf'
glyf pruned
Took 0.003s to close glyph list over 'cmap'
Added gid0 to subset
Closing glyph list over 'glyf': 52 glyphs before
Glyph names: ['.notdef', 'A', 'B', 'C', 'D', 'E', 'Eacute', 'Euro', 'G', 'H', 'I', 'L', 'M', 'N', 'O', 'P', 'Q', 'R', 'S', 'T', 'U', 'V', 'X', 'a', 'c', 'comma', 'd', 'degree', 'e', 'eacute', 'four', 'g', 'hyphen', 'i', 'j', 'l', 'n', 'o', 'one', 'p', 'period', 'quotesingle', 'r', 's', 'six', 'slash', 'space', 't', 'three', 'two', 'u', 'zero']
Glyph IDs:   [0, 3, 10, 15, 16, 17, 18, 19, 20, 21, 22, 23, 25, 36, 37, 38, 39, 40, 42, 43, 44, 47, 48, 49, 50, 51, 52, 53, 54, 55, 56, 57, 59, 68, 70, 71, 72, 74, 76, 77, 79, 81, 82, 83, 85, 86, 87, 88, 114, 139, 171, 2943]
Closed glyph list over 'glyf': 54 glyphs after
Glyph names: ['.notdef', 'A', 'Acute', 'B', 'C', 'D', 'E', 'Eacute', 'Euro', 'G', 'H', 'I', 'L', 'M', 'N', 'O', 'P', 'Q', 'R', 'S', 'T', 'U', 'V', 'X', 'a', 'acute', 'c', 'comma', 'd', 'degree', 'e', 'eacute', 'four', 'g', 'hyphen', 'i', 'j', 'l', 'n', 'o', 'one', 'p', 'period', 'quotesingle', 'r', 's', 'six', 'slash', 'space', 't', 'three', 'two', 'u', 'zero']
Glyph IDs:   [0, 3, 10, 15, 16, 17, 18, 19, 20, 21, 22, 23, 25, 36, 37, 38, 39, 40, 42, 43, 44, 47, 48, 49, 50, 51, 52, 53, 54, 55, 56, 57, 59, 68, 70, 71, 72, 74, 76, 77, 79, 81, 82, 83, 85, 86, 87, 88, 114, 118, 139, 171, 2943, 5564]
Took 0.003s to close glyph list over 'glyf'
Retaining 54 glyphs
head subsetting not needed
hhea subsetting not needed
maxp subsetting not needed
OS/2 subsetting not needed
Reading 'hmtx' table from disk
Decompiling 'hmtx' table
Reading 'hhea' table from disk
Decompiling 'hhea' table
Took 0.008s to subset 'hmtx'
hmtx subsetted
Took 0.003s to subset 'cmap'
cmap subsetted
loca subsetting not needed
Took 0.000s to subset 'post'
post subsetted
gasp subsetting not needed
FFTM NOT subset; don't know how to subset
Reading 'GDEF' table from disk
Decompiling 'GDEF' table
Took 0.003s to subset 'GDEF'
GDEF subsetted
name subsetting not needed
Took 0.011s to subset 'glyf'
glyf subsetted
Took 0.000s to subset GlyphOrder
Took 0.000s to prune 'head'
head pruned
Reading 'OS/2' table from disk
Decompiling 'OS/2' table
OS/2 Unicode ranges pruned: [0, 1, 33]
OS/2 CodePage ranges pruned: [0]
Took 0.002s to prune 'glyf'
glyf pruned
Took 0.000s to prune 'GDEF'
GDEF pruned
Reading 'name' table from disk
Decompiling 'name' table
Reading 'gasp' table from disk
Decompiling 'gasp' table
Reading 'FFTM' table from disk
Decompiling 'FFTM' table
Took 0.001s to prune 'name'
name pruned
Reading 'maxp' table from disk
Decompiling 'maxp' table
Took 0.000s to load 'maxp'
Took 0.000s to prune 'maxp'
maxp pruned
Reading 'cmap' table from disk
Decompiling 'cmap' table
Reading 'post' table from disk
Decompiling 'post' table
Took 0.015s to load 'cmap'
Took 0.000s to prune 'cmap'
cmap pruned
fpgm dropped
prep dropped
cvt  dropped
kern dropped
Took 0.000s to load 'post'
Took 0.000s to prune 'post'
post pruned
GPOS dropped
GSUB dropped
Reading 'glyf' table from disk
Decompiling 'glyf' table
Reading 'loca' table from disk
Decompiling 'loca' table
Reading 'head' table from disk
Decompiling 'head' table
Took 0.005s to load 'glyf'
Took 0.000s to prune 'glyf'
glyf pruned
Took 0.001s to close glyph list over 'cmap'
Added gid0 to subset
Closing glyph list over 'glyf': 74 glyphs before
Glyph names: ['.notdef', 'A', 'Agrave', 'B', 'C', 'Ccedilla', 'D', 'E', 'Eacute', 'Ecircumflex', 'F', 'G', 'H', 'I', 'J', 'L', 'M', 'N', 'O', 'P', 'Q', 'R', 'S', 'T', 'U', 'V', 'X', 'a', 'agrave', 'at', 'b', 'bullet', 'c', 'colon', 'comma', 'd', 'e', 'eacute', 'ecircumflex', 'eight', 'five', 'four', 'g', 'hyphen', 'i', 'l', 'm', 'multiply', 'n', 'nine', 'o', 'one', 'p', 'parenleft', 'parenright', 'percent', 'period', 'plus', 'quotedbl', 'quotesingle', 'r', 's', 'seven', 'six', 'slash', 'space', 't', 'three', 'two', 'u', 'v', 'x', 'y', 'zero']
Glyph IDs:   [0, 3, 5, 8, 10, 11, 12, 14, 15, 16, 17, 18, 19, 20, 21, 22, 23, 24, 25, 26, 27, 28, 29, 35, 36, 37, 38, 39, 40, 41, 42, 43, 44, 45, 47, 48, 49, 50, 51, 52, 53, 54, 55, 56, 57, 59, 68, 69, 70, 71, 72, 74, 76, 79, 80, 81, 82, 83, 85, 86, 87, 88, 89, 91, 92, 130, 137, 139, 140, 153, 162, 171, 172, 2816]
Closed glyph list over 'glyf': 81 glyphs after
Glyph names: ['.notdef', 'A', 'Acute', 'Agrave', 'B', 'C', 'Ccedilla', 'Circumflex', 'D', 'E', 'Eacute', 'Ecircumflex', 'F', 'G', 'Grave', 'H', 'I', 'J', 'L', 'M', 'N', 'O', 'P', 'Q', 'R', 'S', 'T', 'U', 'V', 'X', 'a', 'acute', 'agrave', 'at', 'b', 'bullet', 'c', 'cedilla', 'circumflex', 'colon', 'comma', 'd', 'e', 'eacute', 'ecircumflex', 'eight', 'five', 'four', 'g', 'grave', 'hyphen', 'i', 'l', 'm', 'multiply', 'n', 'nine', 'o', 'one', 'p', 'parenleft', 'parenright', 'percent', 'period', 'plus', 'quotedbl', 'quotesingle', 'r', 's', 'seven', 'six', 'slash', 'space', 't', 'three', 'two', 'u', 'v', 'x', 'y', 'zero']
Glyph IDs:   [0, 3, 5, 8, 10, 11, 12, 14, 15, 16, 17, 18, 19, 20, 21, 22, 23, 24, 25, 26, 27, 28, 29, 35, 36, 37, 38, 39, 40, 41, 42, 43, 44, 45, 47, 48, 49, 50, 51, 52, 53, 54, 55, 56, 57, 59, 67, 68, 69, 70, 71, 72, 74, 76, 79, 80, 81, 82, 83, 85, 86, 87, 88, 89, 91, 92, 118, 122, 130, 137, 139, 140, 153, 162, 171, 172, 648, 2816, 5638, 5640, 5641]
Took 0.002s to close glyph list over 'glyf'
Retaining 81 glyphs
head subsetting not needed
hhea subsetting not needed
maxp subsetting not needed
OS/2 subsetting not needed
Reading 'hmtx' table from disk
Decompiling 'hmtx' table
Reading 'hhea' table from disk
Decompiling 'hhea' table
Took 0.006s to subset 'hmtx'
hmtx subsetted
Took 0.004s to subset 'cmap'
cmap subsetted
loca subsetting not needed
Took 0.000s to subset 'post'
post subsetted
gasp subsetting not needed
FFTM NOT subset; don't know how to subset
Reading 'GDEF' table from disk
Decompiling 'GDEF' table
Took 0.003s to subset 'GDEF'
GDEF subsetted
name subsetting not needed
Took 0.006s to subset 'glyf'
glyf subsetted
Took 0.000s to subset GlyphOrder
Took 0.000s to prune 'head'
head pruned
Reading 'OS/2' table from disk
Decompiling 'OS/2' table
OS/2 Unicode ranges pruned: [0, 1, 31]
OS/2 CodePage ranges pruned: [0]
Took 0.002s to prune 'glyf'
glyf pruned
Took 0.000s to prune 'GDEF'
GDEF pruned
Reading 'name' table from disk
Decompiling 'name' table
Reading 'gasp' table from disk
Decompiling 'gasp' table
Reading 'FFTM' table from disk
Decompiling 'FFTM' table
Took 0.002s to prune 'name'
name pruned
Reading 'maxp' table from disk
Decompiling 'maxp' table
Took 0.000s to load 'maxp'
Took 0.000s to prune 'maxp'
maxp pruned
Reading 'cmap' table from disk
Decompiling 'cmap' table
Reading 'post' table from disk
Decompiling 'post' table
Took 0.013s to load 'cmap'
Took 0.000s to prune 'cmap'
cmap pruned
fpgm dropped
prep dropped
cvt  dropped
kern dropped
Took 0.000s to load 'post'
Took 0.000s to prune 'post'
post pruned
GPOS dropped
GSUB dropped
Reading 'glyf' table from disk
Decompiling 'glyf' table
Reading 'loca' table from disk
Decompiling 'loca' table
Reading 'head' table from disk
Decompiling 'head' table
Took 0.009s to load 'glyf'
Took 0.000s to prune 'glyf'
glyf pruned
Took 0.001s to close glyph list over 'cmap'
Added gid0 to subset
Closing glyph list over 'glyf': 23 glyphs before
Glyph names: ['.notdef', 'Q', 'a', 'c', 'ccedilla', 'comma', 'd', 'e', 'eacute', 'f', 'g', 'i', 'l', 'm', 'n', 'o', 'p', 'quotesingle', 'r', 's', 'space', 't', 'u']
Glyph IDs:   [0, 3, 10, 15, 52, 68, 70, 71, 72, 73, 74, 76, 79, 80, 81, 82, 83, 85, 86, 87, 88, 169, 171]
Closed glyph list over 'glyf': 25 glyphs after
Glyph names: ['.notdef', 'Q', 'a', 'acute', 'c', 'ccedilla', 'cedilla', 'comma', 'd', 'e', 'eacute', 'f', 'g', 'i', 'l', 'm', 'n', 'o', 'p', 'quotesingle', 'r', 's', 'space', 't', 'u']
Glyph IDs:   [0, 3, 10, 15, 52, 68, 70, 71, 72, 73, 74, 76, 79, 80, 81, 82, 83, 85, 86, 87, 88, 118, 122, 169, 171]
Took 0.002s to close glyph list over 'glyf'
Retaining 25 glyphs
head subsetting not needed
hhea subsetting not needed
maxp subsetting not needed
OS/2 subsetting not needed
Reading 'hmtx' table from disk
Decompiling 'hmtx' table
Reading 'hhea' table from disk
Decompiling 'hhea' table
Took 0.004s to subset 'hmtx'
hmtx subsetted
Took 0.003s to subset 'cmap'
cmap subsetted
loca subsetting not needed
Took 0.000s to subset 'post'
post subsetted
gasp subsetting not needed
FFTM NOT subset; don't know how to subset
Reading 'GDEF' table from disk
Decompiling 'GDEF' table
Took 0.002s to subset 'GDEF'
GDEF subsetted
name subsetting not needed
Took 0.001s to subset 'glyf'
glyf subsetted
Took 0.000s to subset GlyphOrder
Took 0.000s to prune 'head'
head pruned
Reading 'OS/2' table from disk
Decompiling 'OS/2' table
OS/2 Unicode ranges pruned: [0, 1]
OS/2 CodePage ranges pruned: [0]
Took 0.000s to prune 'glyf'
glyf pruned
Took 0.000s to prune 'GDEF'
GDEF pruned
Reading 'name' table from disk
Decompiling 'name' table
Reading 'gasp' table from disk
Decompiling 'gasp' table
Reading 'FFTM' table from disk
Decompiling 'FFTM' table
Took 0.001s to prune 'name'
name pruned
Reading 'maxp' table from disk
Decompiling 'maxp' table
Took 0.000s to load 'maxp'
Took 0.000s to prune 'maxp'
maxp pruned
Reading 'cmap' table from disk
Decompiling 'cmap' table
Reading 'post' table from disk
Decompiling 'post' table
Took 0.012s to load 'cmap'
Took 0.000s to prune 'cmap'
cmap pruned
fpgm dropped
prep dropped
cvt  dropped
kern dropped
Took 0.000s to load 'post'
Took 0.000s to prune 'post'
post pruned
GPOS dropped
GSUB dropped
Reading 'glyf' table from disk
Decompiling 'glyf' table
Reading 'loca' table from disk
Decompiling 'loca' table
Reading 'head' table from disk
Decompiling 'head' table
Took 0.019s to load 'glyf'
Took 0.000s to prune 'glyf'
glyf pruned
Took 0.001s to close glyph list over 'cmap'
Added gid0 to subset
Closing glyph list over 'glyf': 9 glyphs before
Glyph names: ['.notdef', 'comma', 'e', 'o', 'r', 's', 'space', 'u', 'zero']
Glyph IDs:   [0, 3, 15, 19, 72, 82, 85, 86, 88]
Closed glyph list over 'glyf': 9 glyphs after
Glyph names: ['.notdef', 'comma', 'e', 'o', 'r', 's', 'space', 'u', 'zero']
Glyph IDs:   [0, 3, 15, 19, 72, 82, 85, 86, 88]
Took 0.002s to close glyph list over 'glyf'
Retaining 9 glyphs
head subsetting not needed
hhea subsetting not needed
maxp subsetting not needed
OS/2 subsetting not needed
Reading 'hmtx' table from disk
Decompiling 'hmtx' table
Reading 'hhea' table from disk
Decompiling 'hhea' table
Took 0.004s to subset 'hmtx'
hmtx subsetted
Took 0.004s to subset 'cmap'
cmap subsetted
loca subsetting not needed
Took 0.000s to subset 'post'
post subsetted
gasp subsetting not needed
FFTM NOT subset; don't know how to subset
Reading 'GDEF' table from disk
Decompiling 'GDEF' table
Took 0.002s to subset 'GDEF'
GDEF subsetted
name subsetting not needed
Took 0.002s to subset 'glyf'
glyf subsetted
Took 0.000s to subset GlyphOrder
Took 0.000s to prune 'head'
head pruned
Reading 'OS/2' table from disk
Decompiling 'OS/2' table
OS/2 Unicode ranges pruned: [0]
OS/2 CodePage ranges pruned: [0]
Took 0.000s to prune 'glyf'
glyf pruned
Took 0.000s to prune 'GDEF'
GDEF pruned
Reading 'name' table from disk
Decompiling 'name' table
Reading 'gasp' table from disk
Decompiling 'gasp' table
Reading 'FFTM' table from disk
Decompiling 'FFTM' table
Took 0.001s to prune 'name'
name pruned
Reading 'maxp' table from disk
Decompiling 'maxp' table
Took 0.000s to load 'maxp'
Took 0.000s to prune 'maxp'
maxp pruned
LTSH dropped
VDMX dropped
hdmx dropped
Reading 'cmap' table from disk
Decompiling 'cmap' table
Took 0.000s to load 'cmap'
Took 0.000s to prune 'cmap'
cmap pruned
fpgm dropped
prep dropped
cvt  dropped
kern dropped
Reading 'post' table from disk
Decompiling 'post' table
Took 0.000s to load 'post'
Took 0.000s to prune 'post'
post pruned
PCLT dropped
JSTF dropped
GPOS dropped
GSUB dropped
Reading 'glyf' table from disk
Decompiling 'glyf' table
Reading 'loca' table from disk
Decompiling 'loca' table
Reading 'head' table from disk
Decompiling 'head' table
Reading 'cmap' table from disk
Decompiling 'cmap' table
Took 0.024s to load 'glyf'
Took 0.000s to prune 'glyf'
glyf pruned
Took 0.004s to close glyph list over 'cmap'
Added gid0 to subset
Closing glyph list over 'glyf': 11 glyphs before
Glyph names: ['.notdef', 'A', 'D', 'I', 'N', 'O', 'R', 'S', 'T', 'U', 'quotesingle']
Glyph IDs:   [0, 10, 36, 39, 44, 49, 50, 53, 54, 55, 56]
Closed glyph list over 'glyf': 11 glyphs after
Glyph names: ['.notdef', 'A', 'D', 'I', 'N', 'O', 'R', 'S', 'T', 'U', 'quotesingle']
Glyph IDs:   [0, 10, 36, 39, 44, 49, 50, 53, 54, 55, 56]
Took 0.002s to close glyph list over 'glyf'
Retaining 11 glyphs
head subsetting not needed
hhea subsetting not needed
maxp subsetting not needed
OS/2 subsetting not needed
Reading 'hmtx' table from disk
Decompiling 'hmtx' table
Reading 'hhea' table from disk
Decompiling 'hhea' table
Took 0.003s to subset 'hmtx'
hmtx subsetted
Took 0.001s to subset 'cmap'
cmap subsetted
loca subsetting not needed
Took 0.000s to subset 'post'
post subsetted
gasp subsetting not needed
meta NOT subset; don't know how to subset
Reading 'GDEF' table from disk
Decompiling 'GDEF' table
Took 0.002s to subset 'GDEF'
GDEF subsetted
name subsetting not needed
Took 0.001s to subset 'glyf'
glyf subsetted
Took 0.000s to subset GlyphOrder
Took 0.000s to prune 'head'
head pruned
Reading 'OS/2' table from disk
Decompiling 'OS/2' table
OS/2 Unicode ranges pruned: [0]
OS/2 CodePage ranges pruned: [0]
Took 0.000s to prune 'glyf'
glyf pruned
Took 0.000s to prune 'GDEF'
GDEF pruned
Reading 'name' table from disk
Decompiling 'name' table
Reading 'gasp' table from disk
Decompiling 'gasp' table
Reading 'meta' table from disk
Decompiling 'meta' table
Took 0.002s to prune 'name'
name pruned
Unknown rendering option: timeout.
Ignored `src: local("Segoe UI"), local("Helvetica Neue"), local("Arial"), sans-serif` at 5:13, invalid value.
Missing src descriptor in '@font-face' rule at 3:9
Ignored `src: local("Georgia"), local("Times New Roman"), serif` at 10:13, invalid value.
Missing src descriptor in '@font-face' rule at 8:9
Ignored `word-break: break-word` at 236:13, invalid value.
Ignored `word-break: break-word` at 248:13, invalid value.
Reading 'maxp' table from disk
Decompiling 'maxp' table
Took 0.000s to load 'maxp'
Took 0.000s to prune 'maxp'
maxp pruned
Reading 'cmap' table from disk
Decompiling 'cmap' table
Reading 'post' table from disk
Decompiling 'post' table
Took 0.013s to load 'cmap'
Took 0.000s to prune 'cmap'
cmap pruned
fpgm dropped
prep dropped
cvt  dropped
kern dropped
Took 0.000s to load 'post'
Took 0.000s to prune 'post'
post pruned
GPOS dropped
GSUB dropped
Reading 'glyf' table from disk
Decompiling 'glyf' table
Reading 'loca' table from disk
Decompiling 'loca' table
Reading 'head' table from disk
Decompiling 'head' table
Took 0.005s to load 'glyf'
Took 0.000s to prune 'glyf'
glyf pruned
Took 0.001s to close glyph list over 'cmap'
Added gid0 to subset
Closing glyph list over 'glyf': 52 glyphs before
Glyph names: ['.notdef', 'A', 'B', 'C', 'D', 'E', 'Eacute', 'Euro', 'G', 'H', 'I', 'L', 'M', 'N', 'O', 'P', 'Q', 'R', 'S', 'T', 'U', 'V', 'X', 'a', 'c', 'comma', 'd', 'degree', 'e', 'eacute', 'four', 'g', 'hyphen', 'i', 'j', 'l', 'n', 'o', 'one', 'p', 'period', 'quotesingle', 'r', 's', 'six', 'slash', 'space', 't', 'three', 'two', 'u', 'zero']
Glyph IDs:   [0, 3, 10, 15, 16, 17, 18, 19, 20, 21, 22, 23, 25, 36, 37, 38, 39, 40, 42, 43, 44, 47, 48, 49, 50, 51, 52, 53, 54, 55, 56, 57, 59, 68, 70, 71, 72, 74, 76, 77, 79, 81, 82, 83, 85, 86, 87, 88, 114, 139, 171, 2943]
Closed glyph list over 'glyf': 54 glyphs after
Glyph names: ['.notdef', 'A', 'Acute', 'B', 'C', 'D', 'E', 'Eacute', 'Euro', 'G', 'H', 'I', 'L', 'M', 'N', 'O', 'P', 'Q', 'R', 'S', 'T', 'U', 'V', 'X', 'a', 'acute', 'c', 'comma', 'd', 'degree', 'e', 'eacute', 'four', 'g', 'hyphen', 'i', 'j', 'l', 'n', 'o', 'one', 'p', 'period', 'quotesingle', 'r', 's', 'six', 'slash', 'space', 't', 'three', 'two', 'u', 'zero']
Glyph IDs:   [0, 3, 10, 15, 16, 17, 18, 19, 20, 21, 22, 23, 25, 36, 37, 38, 39, 40, 42, 43, 44, 47, 48, 49, 50, 51, 52, 53, 54, 55, 56, 57, 59, 68, 70, 71, 72, 74, 76, 77, 79, 81, 82, 83, 85, 86, 87, 88, 114, 118, 139, 171, 2943, 5564]
Took 0.002s to close glyph list over 'glyf'
Retaining 54 glyphs
head subsetting not needed
hhea subsetting not needed
maxp subsetting not needed
OS/2 subsetting not needed
Reading 'hmtx' table from disk
Decompiling 'hmtx' table
Reading 'hhea' table from disk
Decompiling 'hhea' table
Took 0.005s to subset 'hmtx'
hmtx subsetted
Took 0.003s to subset 'cmap'
cmap subsetted
loca subsetting not needed
Took 0.000s to subset 'post'
post subsetted
gasp subsetting not needed
FFTM NOT subset; don't know how to subset
Reading 'GDEF' table from disk
Decompiling 'GDEF' table
Took 0.003s to subset 'GDEF'
GDEF subsetted
name subsetting not needed
Took 0.004s to subset 'glyf'
glyf subsetted
Took 0.000s to subset GlyphOrder
Took 0.000s to prune 'head'
head pruned
Reading 'OS/2' table from disk
Decompiling 'OS/2' table
OS/2 Unicode ranges pruned: [0, 1, 33]
OS/2 CodePage ranges pruned: [0]
Took 0.002s to prune 'glyf'
glyf pruned
Took 0.000s to prune 'GDEF'
GDEF pruned
Reading 'name' table from disk
Decompiling 'name' table
Reading 'gasp' table from disk
Decompiling 'gasp' table
Reading 'FFTM' table from disk
Decompiling 'FFTM' table
Took 0.001s to prune 'name'
name pruned
Reading 'maxp' table from disk
Decompiling 'maxp' table
Took 0.000s to load 'maxp'
Took 0.000s to prune 'maxp'
maxp pruned
Reading 'cmap' table from disk
Decompiling 'cmap' table
Reading 'post' table from disk
Decompiling 'post' table
Took 0.013s to load 'cmap'
Took 0.000s to prune 'cmap'
cmap pruned
fpgm dropped
prep dropped
cvt  dropped
kern dropped
Took 0.000s to load 'post'
Took 0.000s to prune 'post'
post pruned
GPOS dropped
GSUB dropped
Reading 'glyf' table from disk
Decompiling 'glyf' table
Reading 'loca' table from disk
Decompiling 'loca' table
Reading 'head' table from disk
Decompiling 'head' table
Took 0.006s to load 'glyf'
Took 0.000s to prune 'glyf'
glyf pruned
Took 0.002s to close glyph list over 'cmap'
Added gid0 to subset
Closing glyph list over 'glyf': 74 glyphs before
Glyph names: ['.notdef', 'A', 'Agrave', 'B', 'C', 'Ccedilla', 'D', 'E', 'Eacute', 'Ecircumflex', 'F', 'G', 'H', 'I', 'J', 'L', 'M', 'N', 'O', 'P', 'Q', 'R', 'S', 'T', 'U', 'V', 'X', 'a', 'agrave', 'at', 'b', 'bullet', 'c', 'colon', 'comma', 'd', 'e', 'eacute', 'ecircumflex', 'eight', 'five', 'four', 'g', 'hyphen', 'i', 'l', 'm', 'multiply', 'n', 'nine', 'o', 'one', 'p', 'parenleft', 'parenright', 'percent', 'period', 'plus', 'quotedbl', 'quotesingle', 'r', 's', 'seven', 'six', 'slash', 'space', 't', 'three', 'two', 'u', 'v', 'x', 'y', 'zero']
Glyph IDs:   [0, 3, 5, 8, 10, 11, 12, 14, 15, 16, 17, 18, 19, 20, 21, 22, 23, 24, 25, 26, 27, 28, 29, 35, 36, 37, 38, 39, 40, 41, 42, 43, 44, 45, 47, 48, 49, 50, 51, 52, 53, 54, 55, 56, 57, 59, 68, 69, 70, 71, 72, 74, 76, 79, 80, 81, 82, 83, 85, 86, 87, 88, 89, 91, 92, 130, 137, 139, 140, 153, 162, 171, 172, 2816]
Closed glyph list over 'glyf': 81 glyphs after
Glyph names: ['.notdef', 'A', 'Acute', 'Agrave', 'B', 'C', 'Ccedilla', 'Circumflex', 'D', 'E', 'Eacute', 'Ecircumflex', 'F', 'G', 'Grave', 'H', 'I', 'J', 'L', 'M', 'N', 'O', 'P', 'Q', 'R', 'S', 'T', 'U', 'V', 'X', 'a', 'acute', 'agrave', 'at', 'b', 'bullet', 'c', 'cedilla', 'circumflex', 'colon', 'comma', 'd', 'e', 'eacute', 'ecircumflex', 'eight', 'five', 'four', 'g', 'grave', 'hyphen', 'i', 'l', 'm', 'multiply', 'n', 'nine', 'o', 'one', 'p', 'parenleft', 'parenright', 'percent', 'period', 'plus', 'quotedbl', 'quotesingle', 'r', 's', 'seven', 'six', 'slash', 'space', 't', 'three', 'two', 'u', 'v', 'x', 'y', 'zero']
Glyph IDs:   [0, 3, 5, 8, 10, 11, 12, 14, 15, 16, 17, 18, 19, 20, 21, 22, 23, 24, 25, 26, 27, 28, 29, 35, 36, 37, 38, 39, 40, 41, 42, 43, 44, 45, 47, 48, 49, 50, 51, 52, 53, 54, 55, 56, 57, 59, 67, 68, 69, 70, 71, 72, 74, 76, 79, 80, 81, 82, 83, 85, 86, 87, 88, 89, 91, 92, 118, 122, 130, 137, 139, 140, 153, 162, 171, 172, 648, 2816, 5638, 5640, 5641]
Took 0.002s to close glyph list over 'glyf'
Retaining 81 glyphs
head subsetting not needed
hhea subsetting not needed
maxp subsetting not needed
OS/2 subsetting not needed
Reading 'hmtx' table from disk
Decompiling 'hmtx' table
Reading 'hhea' table from disk
Decompiling 'hhea' table
Took 0.006s to subset 'hmtx'
hmtx subsetted
Took 0.003s to subset 'cmap'
cmap subsetted
loca subsetting not needed
Took 0.000s to subset 'post'
post subsetted
gasp subsetting not needed
FFTM NOT subset; don't know how to subset
Reading 'GDEF' table from disk
Decompiling 'GDEF' table
Took 0.003s to subset 'GDEF'
GDEF subsetted
name subsetting not needed
Took 0.005s to subset 'glyf'
glyf subsetted
Took 0.000s to subset GlyphOrder
Took 0.000s to prune 'head'
head pruned
Reading 'OS/2' table from disk
Decompiling 'OS/2' table
OS/2 Unicode ranges pruned: [0, 1, 31]
OS/2 CodePage ranges pruned: [0]
Took 0.002s to prune 'glyf'
glyf pruned
Took 0.000s to prune 'GDEF'
GDEF pruned
Reading 'name' table from disk
Decompiling 'name' table
Reading 'gasp' table from disk
Decompiling 'gasp' table
Reading 'FFTM' table from disk
Decompiling 'FFTM' table
Took 0.001s to prune 'name'
name pruned
Reading 'maxp' table from disk
Decompiling 'maxp' table
Took 0.000s to load 'maxp'
Took 0.000s to prune 'maxp'
maxp pruned
Reading 'cmap' table from disk
Decompiling 'cmap' table
Reading 'post' table from disk
Decompiling 'post' table
Took 0.011s to load 'cmap'
Took 0.000s to prune 'cmap'
cmap pruned
fpgm dropped
prep dropped
cvt  dropped
kern dropped
Took 0.000s to load 'post'
Took 0.000s to prune 'post'
post pruned
GPOS dropped
GSUB dropped
Reading 'glyf' table from disk
Decompiling 'glyf' table
Reading 'loca' table from disk
Decompiling 'loca' table
Reading 'head' table from disk
Decompiling 'head' table
Took 0.004s to load 'glyf'
Took 0.000s to prune 'glyf'
glyf pruned
Took 0.001s to close glyph list over 'cmap'
Added gid0 to subset
Closing glyph list over 'glyf': 23 glyphs before
Glyph names: ['.notdef', 'Q', 'a', 'c', 'ccedilla', 'comma', 'd', 'e', 'eacute', 'f', 'g', 'i', 'l', 'm', 'n', 'o', 'p', 'quotesingle', 'r', 's', 'space', 't', 'u']
Glyph IDs:   [0, 3, 10, 15, 52, 68, 70, 71, 72, 73, 74, 76, 79, 80, 81, 82, 83, 85, 86, 87, 88, 169, 171]
Closed glyph list over 'glyf': 25 glyphs after
Glyph names: ['.notdef', 'Q', 'a', 'acute', 'c', 'ccedilla', 'cedilla', 'comma', 'd', 'e', 'eacute', 'f', 'g', 'i', 'l', 'm', 'n', 'o', 'p', 'quotesingle', 'r', 's', 'space', 't', 'u']
Glyph IDs:   [0, 3, 10, 15, 52, 68, 70, 71, 72, 73, 74, 76, 79, 80, 81, 82, 83, 85, 86, 87, 88, 118, 122, 169, 171]
Took 0.002s to close glyph list over 'glyf'
Retaining 25 glyphs
head subsetting not needed
hhea subsetting not needed
maxp subsetting not needed
OS/2 subsetting not needed
Reading 'hmtx' table from disk
Decompiling 'hmtx' table
Reading 'hhea' table from disk
Decompiling 'hhea' table
Took 0.004s to subset 'hmtx'
hmtx subsetted
Took 0.003s to subset 'cmap'
cmap subsetted
loca subsetting not needed
Took 0.000s to subset 'post'
post subsetted
gasp subsetting not needed
FFTM NOT subset; don't know how to subset
Reading 'GDEF' table from disk
Decompiling 'GDEF' table
Took 0.002s to subset 'GDEF'
GDEF subsetted
name subsetting not needed
Took 0.001s to subset 'glyf'
glyf subsetted
Took 0.000s to subset GlyphOrder
Took 0.000s to prune 'head'
head pruned
Reading 'OS/2' table from disk
Decompiling 'OS/2' table
OS/2 Unicode ranges pruned: [0, 1]
OS/2 CodePage ranges pruned: [0]
Took 0.000s to prune 'glyf'
glyf pruned
Took 0.000s to prune 'GDEF'
GDEF pruned
Reading 'name' table from disk
Decompiling 'name' table
Reading 'gasp' table from disk
Decompiling 'gasp' table
Reading 'FFTM' table from disk
Decompiling 'FFTM' table
Took 0.001s to prune 'name'
name pruned
Reading 'maxp' table from disk
Decompiling 'maxp' table
Took 0.000s to load 'maxp'
Took 0.000s to prune 'maxp'
maxp pruned
Reading 'cmap' table from disk
Decompiling 'cmap' table
Reading 'post' table from disk
Decompiling 'post' table
Took 0.010s to load 'cmap'
Took 0.000s to prune 'cmap'
cmap pruned
fpgm dropped
prep dropped
cvt  dropped
kern dropped
Took 0.000s to load 'post'
Took 0.000s to prune 'post'
post pruned
GPOS dropped
GSUB dropped
Reading 'glyf' table from disk
Decompiling 'glyf' table
Reading 'loca' table from disk
Decompiling 'loca' table
Reading 'head' table from disk
Decompiling 'head' table
Took 0.005s to load 'glyf'
Took 0.000s to prune 'glyf'
glyf pruned
Took 0.001s to close glyph list over 'cmap'
Added gid0 to subset
Closing glyph list over 'glyf': 9 glyphs before
Glyph names: ['.notdef', 'comma', 'e', 'o', 'r', 's', 'space', 'u', 'zero']
Glyph IDs:   [0, 3, 15, 19, 72, 82, 85, 86, 88]
Closed glyph list over 'glyf': 9 glyphs after
Glyph names: ['.notdef', 'comma', 'e', 'o', 'r', 's', 'space', 'u', 'zero']
Glyph IDs:   [0, 3, 15, 19, 72, 82, 85, 86, 88]
Took 0.001s to close glyph list over 'glyf'
Retaining 9 glyphs
head subsetting not needed
hhea subsetting not needed
maxp subsetting not needed
OS/2 subsetting not needed
Reading 'hmtx' table from disk
Decompiling 'hmtx' table
Reading 'hhea' table from disk
Decompiling 'hhea' table
Took 0.003s to subset 'hmtx'
hmtx subsetted
Took 0.004s to subset 'cmap'
cmap subsetted
loca subsetting not needed
Took 0.000s to subset 'post'
post subsetted
gasp subsetting not needed
FFTM NOT subset; don't know how to subset
Reading 'GDEF' table from disk
Decompiling 'GDEF' table
Took 0.002s to subset 'GDEF'
GDEF subsetted
name subsetting not needed
Took 0.001s to subset 'glyf'
glyf subsetted
Took 0.000s to subset GlyphOrder
Took 0.000s to prune 'head'
head pruned
Reading 'OS/2' table from disk
Decompiling 'OS/2' table
OS/2 Unicode ranges pruned: [0]
OS/2 CodePage ranges pruned: [0]
Took 0.000s to prune 'glyf'
glyf pruned
Took 0.000s to prune 'GDEF'
GDEF pruned
Reading 'name' table from disk
Decompiling 'name' table
Reading 'gasp' table from disk
Decompiling 'gasp' table
Reading 'FFTM' table from disk
Decompiling 'FFTM' table
Took 0.001s to prune 'name'
name pruned
Reading 'maxp' table from disk
Decompiling 'maxp' table
Took 0.000s to load 'maxp'
Took 0.000s to prune 'maxp'
maxp pruned
LTSH dropped
VDMX dropped
hdmx dropped
Reading 'cmap' table from disk
Decompiling 'cmap' table
Took 0.000s to load 'cmap'
Took 0.000s to prune 'cmap'
cmap pruned
fpgm dropped
prep dropped
cvt  dropped
kern dropped
Reading 'post' table from disk
Decompiling 'post' table
Took 0.000s to load 'post'
Took 0.000s to prune 'post'
post pruned
PCLT dropped
JSTF dropped
GPOS dropped
GSUB dropped
Reading 'glyf' table from disk
Decompiling 'glyf' table
Reading 'loca' table from disk
Decompiling 'loca' table
Reading 'head' table from disk
Decompiling 'head' table
Reading 'cmap' table from disk
Decompiling 'cmap' table
Took 0.019s to load 'glyf'
Took 0.000s to prune 'glyf'
glyf pruned
Took 0.007s to close glyph list over 'cmap'
Added gid0 to subset
Closing glyph list over 'glyf': 11 glyphs before
Glyph names: ['.notdef', 'A', 'D', 'I', 'N', 'O', 'R', 'S', 'T', 'U', 'quotesingle']
Glyph IDs:   [0, 10, 36, 39, 44, 49, 50, 53, 54, 55, 56]
Closed glyph list over 'glyf': 11 glyphs after
Glyph names: ['.notdef', 'A', 'D', 'I', 'N', 'O', 'R', 'S', 'T', 'U', 'quotesingle']
Glyph IDs:   [0, 10, 36, 39, 44, 49, 50, 53, 54, 55, 56]
Took 0.004s to close glyph list over 'glyf'
Retaining 11 glyphs
head subsetting not needed
hhea subsetting not needed
maxp subsetting not needed
OS/2 subsetting not needed
Reading 'hmtx' table from disk
Decompiling 'hmtx' table
Reading 'hhea' table from disk
Decompiling 'hhea' table
Took 0.006s to subset 'hmtx'
hmtx subsetted
Took 0.001s to subset 'cmap'
cmap subsetted
loca subsetting not needed
Took 0.000s to subset 'post'
post subsetted
gasp subsetting not needed
meta NOT subset; don't know how to subset
Reading 'GDEF' table from disk
Decompiling 'GDEF' table
Took 0.005s to subset 'GDEF'
GDEF subsetted
name subsetting not needed
Took 0.001s to subset 'glyf'
glyf subsetted
Took 0.000s to subset GlyphOrder
Took 0.000s to prune 'head'
head pruned
Reading 'OS/2' table from disk
Decompiling 'OS/2' table
OS/2 Unicode ranges pruned: [0]
OS/2 CodePage ranges pruned: [0]
Took 0.000s to prune 'glyf'
glyf pruned
Took 0.000s to prune 'GDEF'
GDEF pruned
Reading 'name' table from disk
Decompiling 'name' table
Reading 'gasp' table from disk
Decompiling 'gasp' table
Reading 'meta' table from disk
Decompiling 'meta' table
Took 0.002s to prune 'name'
name pruned
.Unknown rendering option: timeout.
Ignored `src: local("Segoe UI"), local("Helvetica Neue"), local("Arial"), sans-serif` at 5:13, invalid value.
Missing src descriptor in '@font-face' rule at 3:9
Ignored `src: local("Georgia"), local("Times New Roman"), serif` at 10:13, invalid value.
Missing src descriptor in '@font-face' rule at 8:9
Ignored `word-break: break-word` at 236:13, invalid value.
Ignored `word-break: break-word` at 248:13, invalid value.
Reading 'maxp' table from disk
Decompiling 'maxp' table
Took 0.000s to load 'maxp'
Took 0.000s to prune 'maxp'
maxp pruned
Reading 'cmap' table from disk
Decompiling 'cmap' table
Reading 'post' table from disk
Decompiling 'post' table
Took 0.015s to load 'cmap'
Took 0.000s to prune 'cmap'
cmap pruned
fpgm dropped
prep dropped
cvt  dropped
kern dropped
Took 0.000s to load 'post'
Took 0.000s to prune 'post'
post pruned
GPOS dropped
GSUB dropped
Reading 'glyf' table from disk
Decompiling 'glyf' table
Reading 'loca' table from disk
Decompiling 'loca' table
Reading 'head' table from disk
Decompiling 'head' table
Took 0.006s to load 'glyf'
Took 0.000s to prune 'glyf'
glyf pruned
Took 0.002s to close glyph list over 'cmap'
Added gid0 to subset
Closing glyph list over 'glyf': 52 glyphs before
Glyph names: ['.notdef', 'A', 'B', 'C', 'D', 'E', 'Eacute', 'Euro', 'G', 'H', 'I', 'L', 'M', 'N', 'O', 'P', 'Q', 'R', 'S', 'T', 'U', 'V', 'X', 'a', 'c', 'comma', 'd', 'degree', 'e', 'eacute', 'four', 'g', 'hyphen', 'i', 'j', 'l', 'n', 'o', 'one', 'p', 'period', 'quotesingle', 'r', 's', 'six', 'slash', 'space', 't', 'three', 'two', 'u', 'zero']
Glyph IDs:   [0, 3, 10, 15, 16, 17, 18, 19, 20, 21, 22, 23, 25, 36, 37, 38, 39, 40, 42, 43, 44, 47, 48, 49, 50, 51, 52, 53, 54, 55, 56, 57, 59, 68, 70, 71, 72, 74, 76, 77, 79, 81, 82, 83, 85, 86, 87, 88, 114, 139, 171, 2943]
Closed glyph list over 'glyf': 54 glyphs after
Glyph names: ['.notdef', 'A', 'Acute', 'B', 'C', 'D', 'E', 'Eacute', 'Euro', 'G', 'H', 'I', 'L', 'M', 'N', 'O', 'P', 'Q', 'R', 'S', 'T', 'U', 'V', 'X', 'a', 'acute', 'c', 'comma', 'd', 'degree', 'e', 'eacute', 'four', 'g', 'hyphen', 'i', 'j', 'l', 'n', 'o', 'one', 'p', 'period', 'quotesingle', 'r', 's', 'six', 'slash', 'space', 't', 'three', 'two', 'u', 'zero']
Glyph IDs:   [0, 3, 10, 15, 16, 17, 18, 19, 20, 21, 22, 23, 25, 36, 37, 38, 39, 40, 42, 43, 44, 47, 48, 49, 50, 51, 52, 53, 54, 55, 56, 57, 59, 68, 70, 71, 72, 74, 76, 77, 79, 81, 82, 83, 85, 86, 87, 88, 114, 118, 139, 171, 2943, 5564]
Took 0.003s to close glyph list over 'glyf'
Retaining 54 glyphs
head subsetting not needed
hhea subsetting not needed
maxp subsetting not needed
OS/2 subsetting not needed
Reading 'hmtx' table from disk
Decompiling 'hmtx' table
Reading 'hhea' table from disk
Decompiling 'hhea' table
Took 0.007s to subset 'hmtx'
hmtx subsetted
Took 0.003s to subset 'cmap'
cmap subsetted
loca subsetting not needed
Took 0.000s to subset 'post'
post subsetted
gasp subsetting not needed
FFTM NOT subset; don't know how to subset
Reading 'GDEF' table from disk
Decompiling 'GDEF' table
Took 0.003s to subset 'GDEF'
GDEF subsetted
name subsetting not needed
Took 0.004s to subset 'glyf'
glyf subsetted
Took 0.000s to subset GlyphOrder
Took 0.000s to prune 'head'
head pruned
Reading 'OS/2' table from disk
Decompiling 'OS/2' table
OS/2 Unicode ranges pruned: [0, 1, 33]
OS/2 CodePage ranges pruned: [0]
Took 0.002s to prune 'glyf'
glyf pruned
Took 0.000s to prune 'GDEF'
GDEF pruned
Reading 'name' table from disk
Decompiling 'name' table
Reading 'gasp' table from disk
Decompiling 'gasp' table
Reading 'FFTM' table from disk
Decompiling 'FFTM' table
Took 0.001s to prune 'name'
name pruned
Reading 'maxp' table from disk
Decompiling 'maxp' table
Took 0.000s to load 'maxp'
Took 0.000s to prune 'maxp'
maxp pruned
Reading 'cmap' table from disk
Decompiling 'cmap' table
Reading 'post' table from disk
Decompiling 'post' table
Took 0.014s to load 'cmap'
Took 0.000s to prune 'cmap'
cmap pruned
fpgm dropped
prep dropped
cvt  dropped
kern dropped
Took 0.000s to load 'post'
Took 0.000s to prune 'post'
post pruned
GPOS dropped
GSUB dropped
Reading 'glyf' table from disk
Decompiling 'glyf' table
Reading 'loca' table from disk
Decompiling 'loca' table
Reading 'head' table from disk
Decompiling 'head' table
Took 0.007s to load 'glyf'
Took 0.000s to prune 'glyf'
glyf pruned
Took 0.001s to close glyph list over 'cmap'
Added gid0 to subset
Closing glyph list over 'glyf': 74 glyphs before
Glyph names: ['.notdef', 'A', 'Agrave', 'B', 'C', 'Ccedilla', 'D', 'E', 'Eacute', 'Ecircumflex', 'F', 'G', 'H', 'I', 'J', 'L', 'M', 'N', 'O', 'P', 'Q', 'R', 'S', 'T', 'U', 'V', 'X', 'a', 'agrave', 'at', 'b', 'bullet', 'c', 'colon', 'comma', 'd', 'e', 'eacute', 'ecircumflex', 'eight', 'five', 'four', 'g', 'hyphen', 'i', 'l', 'm', 'multiply', 'n', 'nine', 'o', 'one', 'p', 'parenleft', 'parenright', 'percent', 'period', 'plus', 'quotedbl', 'quotesingle', 'r', 's', 'seven', 'six', 'slash', 'space', 't', 'three', 'two', 'u', 'v', 'x', 'y', 'zero']
Glyph IDs:   [0, 3, 5, 8, 10, 11, 12, 14, 15, 16, 17, 18, 19, 20, 21, 22, 23, 24, 25, 26, 27, 28, 29, 35, 36, 37, 38, 39, 40, 41, 42, 43, 44, 45, 47, 48, 49, 50, 51, 52, 53, 54, 55, 56, 57, 59, 68, 69, 70, 71, 72, 74, 76, 79, 80, 81, 82, 83, 85, 86, 87, 88, 89, 91, 92, 130, 137, 139, 140, 153, 162, 171, 172, 2816]
Closed glyph list over 'glyf': 81 glyphs after
Glyph names: ['.notdef', 'A', 'Acute', 'Agrave', 'B', 'C', 'Ccedilla', 'Circumflex', 'D', 'E', 'Eacute', 'Ecircumflex', 'F', 'G', 'Grave', 'H', 'I', 'J', 'L', 'M', 'N', 'O', 'P', 'Q', 'R', 'S', 'T', 'U', 'V', 'X', 'a', 'acute', 'agrave', 'at', 'b', 'bullet', 'c', 'cedilla', 'circumflex', 'colon', 'comma', 'd', 'e', 'eacute', 'ecircumflex', 'eight', 'five', 'four', 'g', 'grave', 'hyphen', 'i', 'l', 'm', 'multiply', 'n', 'nine', 'o', 'one', 'p', 'parenleft', 'parenright', 'percent', 'period', 'plus', 'quotedbl', 'quotesingle', 'r', 's', 'seven', 'six', 'slash', 'space', 't', 'three', 'two', 'u', 'v', 'x', 'y', 'zero']
Glyph IDs:   [0, 3, 5, 8, 10, 11, 12, 14, 15, 16, 17, 18, 19, 20, 21, 22, 23, 24, 25, 26, 27, 28, 29, 35, 36, 37, 38, 39, 40, 41, 42, 43, 44, 45, 47, 48, 49, 50, 51, 52, 53, 54, 55, 56, 57, 59, 67, 68, 69, 70, 71, 72, 74, 76, 79, 80, 81, 82, 83, 85, 86, 87, 88, 89, 91, 92, 118, 122, 130, 137, 139, 140, 153, 162, 171, 172, 648, 2816, 5638, 5640, 5641]
Took 0.002s to close glyph list over 'glyf'
Retaining 81 glyphs
head subsetting not needed
hhea subsetting not needed
maxp subsetting not needed
OS/2 subsetting not needed
Reading 'hmtx' table from disk
Decompiling 'hmtx' table
Reading 'hhea' table from disk
Decompiling 'hhea' table
Took 0.007s to subset 'hmtx'
hmtx subsetted
Took 0.003s to subset 'cmap'
cmap subsetted
loca subsetting not needed
Took 0.000s to subset 'post'
post subsetted
gasp subsetting not needed
FFTM NOT subset; don't know how to subset
Reading 'GDEF' table from disk
Decompiling 'GDEF' table
Took 0.003s to subset 'GDEF'
GDEF subsetted
name subsetting not needed
Took 0.005s to subset 'glyf'
glyf subsetted
Took 0.000s to subset GlyphOrder
Took 0.000s to prune 'head'
head pruned
Reading 'OS/2' table from disk
Decompiling 'OS/2' table
OS/2 Unicode ranges pruned: [0, 1, 31]
OS/2 CodePage ranges pruned: [0]
Took 0.002s to prune 'glyf'
glyf pruned
Took 0.000s to prune 'GDEF'
GDEF pruned
Reading 'name' table from disk
Decompiling 'name' table
Reading 'gasp' table from disk
Decompiling 'gasp' table
Reading 'FFTM' table from disk
Decompiling 'FFTM' table
Took 0.001s to prune 'name'
name pruned
Reading 'maxp' table from disk
Decompiling 'maxp' table
Took 0.000s to load 'maxp'
Took 0.000s to prune 'maxp'
maxp pruned
Reading 'cmap' table from disk
Decompiling 'cmap' table
Reading 'post' table from disk
Decompiling 'post' table
Took 0.014s to load 'cmap'
Took 0.000s to prune 'cmap'
cmap pruned
fpgm dropped
prep dropped
cvt  dropped
kern dropped
Took 0.000s to load 'post'
Took 0.000s to prune 'post'
post pruned
GPOS dropped
GSUB dropped
Reading 'glyf' table from disk
Decompiling 'glyf' table
Reading 'loca' table from disk
Decompiling 'loca' table
Reading 'head' table from disk
Decompiling 'head' table
Took 0.006s to load 'glyf'
Took 0.000s to prune 'glyf'
glyf pruned
Took 0.001s to close glyph list over 'cmap'
Added gid0 to subset
Closing glyph list over 'glyf': 23 glyphs before
Glyph names: ['.notdef', 'Q', 'a', 'c', 'ccedilla', 'comma', 'd', 'e', 'eacute', 'f', 'g', 'i', 'l', 'm', 'n', 'o', 'p', 'quotesingle', 'r', 's', 'space', 't', 'u']
Glyph IDs:   [0, 3, 10, 15, 52, 68, 70, 71, 72, 73, 74, 76, 79, 80, 81, 82, 83, 85, 86, 87, 88, 169, 171]
Closed glyph list over 'glyf': 25 glyphs after
Glyph names: ['.notdef', 'Q', 'a', 'acute', 'c', 'ccedilla', 'cedilla', 'comma', 'd', 'e', 'eacute', 'f', 'g', 'i', 'l', 'm', 'n', 'o', 'p', 'quotesingle', 'r', 's', 'space', 't', 'u']
Glyph IDs:   [0, 3, 10, 15, 52, 68, 70, 71, 72, 73, 74, 76, 79, 80, 81, 82, 83, 85, 86, 87, 88, 118, 122, 169, 171]
Took 0.002s to close glyph list over 'glyf'
Retaining 25 glyphs
head subsetting not needed
hhea subsetting not needed
maxp subsetting not needed
OS/2 subsetting not needed
Reading 'hmtx' table from disk
Decompiling 'hmtx' table
Reading 'hhea' table from disk
Decompiling 'hhea' table
Took 0.004s to subset 'hmtx'
hmtx subsetted
Took 0.004s to subset 'cmap'
cmap subsetted
loca subsetting not needed
Took 0.000s to subset 'post'
post subsetted
gasp subsetting not needed
FFTM NOT subset; don't know how to subset
Reading 'GDEF' table from disk
Decompiling 'GDEF' table
Took 0.003s to subset 'GDEF'
GDEF subsetted
name subsetting not needed
Took 0.002s to subset 'glyf'
glyf subsetted
Took 0.000s to subset GlyphOrder
Took 0.000s to prune 'head'
head pruned
Reading 'OS/2' table from disk
Decompiling 'OS/2' table
OS/2 Unicode ranges pruned: [0, 1]
OS/2 CodePage ranges pruned: [0]
Took 0.000s to prune 'glyf'
glyf pruned
Took 0.000s to prune 'GDEF'
GDEF pruned
Reading 'name' table from disk
Decompiling 'name' table
Reading 'gasp' table from disk
Decompiling 'gasp' table
Reading 'FFTM' table from disk
Decompiling 'FFTM' table
Took 0.002s to prune 'name'
name pruned
Reading 'maxp' table from disk
Decompiling 'maxp' table
Took 0.000s to load 'maxp'
Took 0.000s to prune 'maxp'
maxp pruned
Reading 'cmap' table from disk
Decompiling 'cmap' table
Reading 'post' table from disk
Decompiling 'post' table
Took 0.016s to load 'cmap'
Took 0.000s to prune 'cmap'
cmap pruned
fpgm dropped
prep dropped
cvt  dropped
kern dropped
Took 0.000s to load 'post'
Took 0.000s to prune 'post'
post pruned
GPOS dropped
GSUB dropped
Reading 'glyf' table from disk
Decompiling 'glyf' table
Reading 'loca' table from disk
Decompiling 'loca' table
Reading 'head' table from disk
Decompiling 'head' table
Took 0.009s to load 'glyf'
Took 0.000s to prune 'glyf'
glyf pruned
Took 0.002s to close glyph list over 'cmap'
Added gid0 to subset
Closing glyph list over 'glyf': 9 glyphs before
Glyph names: ['.notdef', 'comma', 'e', 'o', 'r', 's', 'space', 'u', 'zero']
Glyph IDs:   [0, 3, 15, 19, 72, 82, 85, 86, 88]
Closed glyph list over 'glyf': 9 glyphs after
Glyph names: ['.notdef', 'comma', 'e', 'o', 'r', 's', 'space', 'u', 'zero']
Glyph IDs:   [0, 3, 15, 19, 72, 82, 85, 86, 88]
Took 0.003s to close glyph list over 'glyf'
Retaining 9 glyphs
head subsetting not needed
hhea subsetting not needed
maxp subsetting not needed
OS/2 subsetting not needed
Reading 'hmtx' table from disk
Decompiling 'hmtx' table
Reading 'hhea' table from disk
Decompiling 'hhea' table
Took 0.006s to subset 'hmtx'
hmtx subsetted
Took 0.005s to subset 'cmap'
cmap subsetted
loca subsetting not needed
Took 0.000s to subset 'post'
post subsetted
gasp subsetting not needed
FFTM NOT subset; don't know how to subset
Reading 'GDEF' table from disk
Decompiling 'GDEF' table
Took 0.004s to subset 'GDEF'
GDEF subsetted
name subsetting not needed
Took 0.002s to subset 'glyf'
glyf subsetted
Took 0.000s to subset GlyphOrder
Took 0.000s to prune 'head'
head pruned
Reading 'OS/2' table from disk
Decompiling 'OS/2' table
OS/2 Unicode ranges pruned: [0]
OS/2 CodePage ranges pruned: [0]
Took 0.000s to prune 'glyf'
glyf pruned
Took 0.000s to prune 'GDEF'
GDEF pruned
Reading 'name' table from disk
Decompiling 'name' table
Reading 'gasp' table from disk
Decompiling 'gasp' table
Reading 'FFTM' table from disk
Decompiling 'FFTM' table
Took 0.001s to prune 'name'
name pruned
Reading 'maxp' table from disk
Decompiling 'maxp' table
Took 0.001s to load 'maxp'
Took 0.000s to prune 'maxp'
maxp pruned
LTSH dropped
VDMX dropped
hdmx dropped
Reading 'cmap' table from disk
Decompiling 'cmap' table
Took 0.000s to load 'cmap'
Took 0.000s to prune 'cmap'
cmap pruned
fpgm dropped
prep dropped
cvt  dropped
kern dropped
Reading 'post' table from disk
Decompiling 'post' table
Took 0.000s to load 'post'
Took 0.000s to prune 'post'
post pruned
PCLT dropped
JSTF dropped
GPOS dropped
GSUB dropped
Reading 'glyf' table from disk
Decompiling 'glyf' table
Reading 'loca' table from disk
Decompiling 'loca' table
Reading 'head' table from disk
Decompiling 'head' table
Reading 'cmap' table from disk
Decompiling 'cmap' table
Took 0.040s to load 'glyf'
Took 0.001s to prune 'glyf'
glyf pruned
Took 0.009s to close glyph list over 'cmap'
Added gid0 to subset
Closing glyph list over 'glyf': 11 glyphs before
Glyph names: ['.notdef', 'A', 'D', 'I', 'N', 'O', 'R', 'S', 'T', 'U', 'quotesingle']
Glyph IDs:   [0, 10, 36, 39, 44, 49, 50, 53, 54, 55, 56]
Closed glyph list over 'glyf': 11 glyphs after
Glyph names: ['.notdef', 'A', 'D', 'I', 'N', 'O', 'R', 'S', 'T', 'U', 'quotesingle']
Glyph IDs:   [0, 10, 36, 39, 44, 49, 50, 53, 54, 55, 56]
Took 0.003s to close glyph list over 'glyf'
Retaining 11 glyphs
head subsetting not needed
hhea subsetting not needed
maxp subsetting not needed
OS/2 subsetting not needed
Reading 'hmtx' table from disk
Decompiling 'hmtx' table
Reading 'hhea' table from disk
Decompiling 'hhea' table
Took 0.005s to subset 'hmtx'
hmtx subsetted
Took 0.002s to subset 'cmap'
cmap subsetted
loca subsetting not needed
Took 0.000s to subset 'post'
post subsetted
gasp subsetting not needed
meta NOT subset; don't know how to subset
Reading 'GDEF' table from disk
Decompiling 'GDEF' table
Took 0.006s to subset 'GDEF'
GDEF subsetted
name subsetting not needed
Took 0.002s to subset 'glyf'
glyf subsetted
Took 0.000s to subset GlyphOrder
Took 0.000s to prune 'head'
head pruned
Reading 'OS/2' table from disk
Decompiling 'OS/2' table
OS/2 Unicode ranges pruned: [0]
OS/2 CodePage ranges pruned: [0]
Took 0.000s to prune 'glyf'
glyf pruned
Took 0.000s to prune 'GDEF'
GDEF pruned
Reading 'name' table from disk
Decompiling 'name' table
Reading 'gasp' table from disk
Decompiling 'gasp' table
Reading 'meta' table from disk
Decompiling 'meta' table
Took 0.002s to prune 'name'
name pruned
Unknown rendering option: timeout.
Ignored `src: local("Segoe UI"), local("Helvetica Neue"), local("Arial"), sans-serif` at 5:13, invalid value.
Missing src descriptor in '@font-face' rule at 3:9
Ignored `src: local("Georgia"), local("Times New Roman"), serif` at 10:13, invalid value.
Missing src descriptor in '@font-face' rule at 8:9
Ignored `word-break: break-word` at 236:13, invalid value.
Ignored `word-break: break-word` at 248:13, invalid value.
Reading 'maxp' table from disk
Decompiling 'maxp' table
Took 0.000s to load 'maxp'
Took 0.000s to prune 'maxp'
maxp pruned
Reading 'cmap' table from disk
Decompiling 'cmap' table
Reading 'post' table from disk
Decompiling 'post' table
Took 0.014s to load 'cmap'
Took 0.000s to prune 'cmap'
cmap pruned
fpgm dropped
prep dropped
cvt  dropped
kern dropped
Took 0.000s to load 'post'
Took 0.000s to prune 'post'
post pruned
GPOS dropped
GSUB dropped
Reading 'glyf' table from disk
Decompiling 'glyf' table
Reading 'loca' table from disk
Decompiling 'loca' table
Reading 'head' table from disk
Decompiling 'head' table
Took 0.005s to load 'glyf'
Took 0.000s to prune 'glyf'
glyf pruned
Took 0.002s to close glyph list over 'cmap'
Added gid0 to subset
Closing glyph list over 'glyf': 52 glyphs before
Glyph names: ['.notdef', 'A', 'B', 'C', 'D', 'E', 'Eacute', 'Euro', 'G', 'H', 'I', 'L', 'M', 'N', 'O', 'P', 'Q', 'R', 'S', 'T', 'U', 'V', 'X', 'a', 'c', 'comma', 'd', 'degree', 'e', 'eacute', 'four', 'g', 'hyphen', 'i', 'j', 'l', 'n', 'o', 'one', 'p', 'period', 'quotesingle', 'r', 's', 'six', 'slash', 'space', 't', 'three', 'two', 'u', 'zero']
Glyph IDs:   [0, 3, 10, 15, 16, 17, 18, 19, 20, 21, 22, 23, 25, 36, 37, 38, 39, 40, 42, 43, 44, 47, 48, 49, 50, 51, 52, 53, 54, 55, 56, 57, 59, 68, 70, 71, 72, 74, 76, 77, 79, 81, 82, 83, 85, 86, 87, 88, 114, 139, 171, 2943]
Closed glyph list over 'glyf': 54 glyphs after
Glyph names: ['.notdef', 'A', 'Acute', 'B', 'C', 'D', 'E', 'Eacute', 'Euro', 'G', 'H', 'I', 'L', 'M', 'N', 'O', 'P', 'Q', 'R', 'S', 'T', 'U', 'V', 'X', 'a', 'acute', 'c', 'comma', 'd', 'degree', 'e', 'eacute', 'four', 'g', 'hyphen', 'i', 'j', 'l', 'n', 'o', 'one', 'p', 'period', 'quotesingle', 'r', 's', 'six', 'slash', 'space', 't', 'three', 'two', 'u', 'zero']
Glyph IDs:   [0, 3, 10, 15, 16, 17, 18, 19, 20, 21, 22, 23, 25, 36, 37, 38, 39, 40, 42, 43, 44, 47, 48, 49, 50, 51, 52, 53, 54, 55, 56, 57, 59, 68, 70, 71, 72, 74, 76, 77, 79, 81, 82, 83, 85, 86, 87, 88, 114, 118, 139, 171, 2943, 5564]
Took 0.002s to close glyph list over 'glyf'
Retaining 54 glyphs
head subsetting not needed
hhea subsetting not needed
maxp subsetting not needed
OS/2 subsetting not needed
Reading 'hmtx' table from disk
Decompiling 'hmtx' table
Reading 'hhea' table from disk
Decompiling 'hhea' table
Took 0.005s to subset 'hmtx'
hmtx subsetted
Took 0.004s to subset 'cmap'
cmap subsetted
loca subsetting not needed
Took 0.000s to subset 'post'
post subsetted
gasp subsetting not needed
FFTM NOT subset; don't know how to subset
Reading 'GDEF' table from disk
Decompiling 'GDEF' table
Took 0.003s to subset 'GDEF'
GDEF subsetted
name subsetting not needed
Took 0.004s to subset 'glyf'
glyf subsetted
Took 0.000s to subset GlyphOrder
Took 0.000s to prune 'head'
head pruned
Reading 'OS/2' table from disk
Decompiling 'OS/2' table
OS/2 Unicode ranges pruned: [0, 1, 33]
OS/2 CodePage ranges pruned: [0]
Took 0.002s to prune 'glyf'
glyf pruned
Took 0.000s to prune 'GDEF'
GDEF pruned
Reading 'name' table from disk
Decompiling 'name' table
Reading 'gasp' table from disk
Decompiling 'gasp' table
Reading 'FFTM' table from disk
Decompiling 'FFTM' table
Took 0.001s to prune 'name'
name pruned
Reading 'maxp' table from disk
Decompiling 'maxp' table
Took 0.000s to load 'maxp'
Took 0.000s to prune 'maxp'
maxp pruned
Reading 'cmap' table from disk
Decompiling 'cmap' table
Reading 'post' table from disk
Decompiling 'post' table
Took 0.013s to load 'cmap'
Took 0.000s to prune 'cmap'
cmap pruned
fpgm dropped
prep dropped
cvt  dropped
kern dropped
Took 0.000s to load 'post'
Took 0.000s to prune 'post'
post pruned
GPOS dropped
GSUB dropped
Reading 'glyf' table from disk
Decompiling 'glyf' table
Reading 'loca' table from disk
Decompiling 'loca' table
Reading 'head' table from disk
Decompiling 'head' table
Took 0.006s to load 'glyf'
Took 0.000s to prune 'glyf'
glyf pruned
Took 0.001s to close glyph list over 'cmap'
Added gid0 to subset
Closing glyph list over 'glyf': 74 glyphs before
Glyph names: ['.notdef', 'A', 'Agrave', 'B', 'C', 'Ccedilla', 'D', 'E', 'Eacute', 'Ecircumflex', 'F', 'G', 'H', 'I', 'J', 'L', 'M', 'N', 'O', 'P', 'Q', 'R', 'S', 'T', 'U', 'V', 'X', 'a', 'agrave', 'at', 'b', 'bullet', 'c', 'colon', 'comma', 'd', 'e', 'eacute', 'ecircumflex', 'eight', 'five', 'four', 'g', 'hyphen', 'i', 'l', 'm', 'multiply', 'n', 'nine', 'o', 'one', 'p', 'parenleft', 'parenright', 'percent', 'period', 'plus', 'quotedbl', 'quotesingle', 'r', 's', 'seven', 'six', 'slash', 'space', 't', 'three', 'two', 'u', 'v', 'x', 'y', 'zero']
Glyph IDs:   [0, 3, 5, 8, 10, 11, 12, 14, 15, 16, 17, 18, 19, 20, 21, 22, 23, 24, 25, 26, 27, 28, 29, 35, 36, 37, 38, 39, 40, 41, 42, 43, 44, 45, 47, 48, 49, 50, 51, 52, 53, 54, 55, 56, 57, 59, 68, 69, 70, 71, 72, 74, 76, 79, 80, 81, 82, 83, 85, 86, 87, 88, 89, 91, 92, 130, 137, 139, 140, 153, 162, 171, 172, 2816]
Closed glyph list over 'glyf': 81 glyphs after
Glyph names: ['.notdef', 'A', 'Acute', 'Agrave', 'B', 'C', 'Ccedilla', 'Circumflex', 'D', 'E', 'Eacute', 'Ecircumflex', 'F', 'G', 'Grave', 'H', 'I', 'J', 'L', 'M', 'N', 'O', 'P', 'Q', 'R', 'S', 'T', 'U', 'V', 'X', 'a', 'acute', 'agrave', 'at', 'b', 'bullet', 'c', 'cedilla', 'circumflex', 'colon', 'comma', 'd', 'e', 'eacute', 'ecircumflex', 'eight', 'five', 'four', 'g', 'grave', 'hyphen', 'i', 'l', 'm', 'multiply', 'n', 'nine', 'o', 'one', 'p', 'parenleft', 'parenright', 'percent', 'period', 'plus', 'quotedbl', 'quotesingle', 'r', 's', 'seven', 'six', 'slash', 'space', 't', 'three', 'two', 'u', 'v', 'x', 'y', 'zero']
Glyph IDs:   [0, 3, 5, 8, 10, 11, 12, 14, 15, 16, 17, 18, 19, 20, 21, 22, 23, 24, 25, 26, 27, 28, 29, 35, 36, 37, 38, 39, 40, 41, 42, 43, 44, 45, 47, 48, 49, 50, 51, 52, 53, 54, 55, 56, 57, 59, 67, 68, 69, 70, 71, 72, 74, 76, 79, 80, 81, 82, 83, 85, 86, 87, 88, 89, 91, 92, 118, 122, 130, 137, 139, 140, 153, 162, 171, 172, 648, 2816, 5638, 5640, 5641]
Took 0.002s to close glyph list over 'glyf'
Retaining 81 glyphs
head subsetting not needed
hhea subsetting not needed
maxp subsetting not needed
OS/2 subsetting not needed
Reading 'hmtx' table from disk
Decompiling 'hmtx' table
Reading 'hhea' table from disk
Decompiling 'hhea' table
Took 0.006s to subset 'hmtx'
hmtx subsetted
Took 0.003s to subset 'cmap'
cmap subsetted
loca subsetting not needed
Took 0.000s to subset 'post'
post subsetted
gasp subsetting not needed
FFTM NOT subset; don't know how to subset
Reading 'GDEF' table from disk
Decompiling 'GDEF' table
Took 0.003s to subset 'GDEF'
GDEF subsetted
name subsetting not needed
Took 0.003s to subset 'glyf'
glyf subsetted
Took 0.000s to subset GlyphOrder
Took 0.000s to prune 'head'
head pruned
Reading 'OS/2' table from disk
Decompiling 'OS/2' table
OS/2 Unicode ranges pruned: [0, 1, 31]
OS/2 CodePage ranges pruned: [0]
Took 0.002s to prune 'glyf'
glyf pruned
Took 0.000s to prune 'GDEF'
GDEF pruned
Reading 'name' table from disk
Decompiling 'name' table
Reading 'gasp' table from disk
Decompiling 'gasp' table
Reading 'FFTM' table from disk
Decompiling 'FFTM' table
Took 0.002s to prune 'name'
name pruned
Reading 'maxp' table from disk
Decompiling 'maxp' table
Took 0.000s to load 'maxp'
Took 0.000s to prune 'maxp'
maxp pruned
Reading 'cmap' table from disk
Decompiling 'cmap' table
Reading 'post' table from disk
Decompiling 'post' table
Took 0.014s to load 'cmap'
Took 0.000s to prune 'cmap'
cmap pruned
fpgm dropped
prep dropped
cvt  dropped
kern dropped
Took 0.000s to load 'post'
Took 0.000s to prune 'post'
post pruned
GPOS dropped
GSUB dropped
Reading 'glyf' table from disk
Decompiling 'glyf' table
Reading 'loca' table from disk
Decompiling 'loca' table
Reading 'head' table from disk
Decompiling 'head' table
Took 0.005s to load 'glyf'
Took 0.000s to prune 'glyf'
glyf pruned
Took 0.001s to close glyph list over 'cmap'
Added gid0 to subset
Closing glyph list over 'glyf': 23 glyphs before
Glyph names: ['.notdef', 'Q', 'a', 'c', 'ccedilla', 'comma', 'd', 'e', 'eacute', 'f', 'g', 'i', 'l', 'm', 'n', 'o', 'p', 'quotesingle', 'r', 's', 'space', 't', 'u']
Glyph IDs:   [0, 3, 10, 15, 52, 68, 70, 71, 72, 73, 74, 76, 79, 80, 81, 82, 83, 85, 86, 87, 88, 169, 171]
Closed glyph list over 'glyf': 25 glyphs after
Glyph names: ['.notdef', 'Q', 'a', 'acute', 'c', 'ccedilla', 'cedilla', 'comma', 'd', 'e', 'eacute', 'f', 'g', 'i', 'l', 'm', 'n', 'o', 'p', 'quotesingle', 'r', 's', 'space', 't', 'u']
Glyph IDs:   [0, 3, 10, 15, 52, 68, 70, 71, 72, 73, 74, 76, 79, 80, 81, 82, 83, 85, 86, 87, 88, 118, 122, 169, 171]
Took 0.002s to close glyph list over 'glyf'
Retaining 25 glyphs
head subsetting not needed
hhea subsetting not needed
maxp subsetting not needed
OS/2 subsetting not needed
Reading 'hmtx' table from disk
Decompiling 'hmtx' table
Reading 'hhea' table from disk
Decompiling 'hhea' table
Took 0.004s to subset 'hmtx'
hmtx subsetted
Took 0.003s to subset 'cmap'
cmap subsetted
loca subsetting not needed
Took 0.000s to subset 'post'
post subsetted
gasp subsetting not needed
FFTM NOT subset; don't know how to subset
Reading 'GDEF' table from disk
Decompiling 'GDEF' table
Took 0.003s to subset 'GDEF'
GDEF subsetted
name subsetting not needed
Took 0.001s to subset 'glyf'
glyf subsetted
Took 0.001s to subset GlyphOrder
Took 0.000s to prune 'head'
head pruned
Reading 'OS/2' table from disk
Decompiling 'OS/2' table
OS/2 Unicode ranges pruned: [0, 1]
OS/2 CodePage ranges pruned: [0]
Took 0.000s to prune 'glyf'
glyf pruned
Took 0.000s to prune 'GDEF'
GDEF pruned
Reading 'name' table from disk
Decompiling 'name' table
Reading 'gasp' table from disk
Decompiling 'gasp' table
Reading 'FFTM' table from disk
Decompiling 'FFTM' table
Took 0.001s to prune 'name'
name pruned
Reading 'maxp' table from disk
Decompiling 'maxp' table
Took 0.000s to load 'maxp'
Took 0.000s to prune 'maxp'
maxp pruned
Reading 'cmap' table from disk
Decompiling 'cmap' table
Reading 'post' table from disk
Decompiling 'post' table
Took 0.015s to load 'cmap'
Took 0.000s to prune 'cmap'
cmap pruned
fpgm dropped
prep dropped
cvt  dropped
kern dropped
Took 0.000s to load 'post'
Took 0.000s to prune 'post'
post pruned
GPOS dropped
GSUB dropped
Reading 'glyf' table from disk
Decompiling 'glyf' table
Reading 'loca' table from disk
Decompiling 'loca' table
Reading 'head' table from disk
Decompiling 'head' table
Took 0.008s to load 'glyf'
Took 0.000s to prune 'glyf'
glyf pruned
Took 0.002s to close glyph list over 'cmap'
Added gid0 to subset
Closing glyph list over 'glyf': 9 glyphs before
Glyph names: ['.notdef', 'comma', 'e', 'o', 'r', 's', 'space', 'u', 'zero']
Glyph IDs:   [0, 3, 15, 19, 72, 82, 85, 86, 88]
Closed glyph list over 'glyf': 9 glyphs after
Glyph names: ['.notdef', 'comma', 'e', 'o', 'r', 's', 'space', 'u', 'zero']
Glyph IDs:   [0, 3, 15, 19, 72, 82, 85, 86, 88]
Took 0.002s to close glyph list over 'glyf'
Retaining 9 glyphs
head subsetting not needed
hhea subsetting not needed
maxp subsetting not needed
OS/2 subsetting not needed
Reading 'hmtx' table from disk
Decompiling 'hmtx' table
Reading 'hhea' table from disk
Decompiling 'hhea' table
Took 0.006s to subset 'hmtx'
hmtx subsetted
Took 0.005s to subset 'cmap'
cmap subsetted
loca subsetting not needed
Took 0.000s to subset 'post'
post subsetted
gasp subsetting not needed
FFTM NOT subset; don't know how to subset
Reading 'GDEF' table from disk
Decompiling 'GDEF' table
Took 0.005s to subset 'GDEF'
GDEF subsetted
name subsetting not needed
Took 0.002s to subset 'glyf'
glyf subsetted
Took 0.000s to subset GlyphOrder
Took 0.000s to prune 'head'
head pruned
Reading 'OS/2' table from disk
Decompiling 'OS/2' table
OS/2 Unicode ranges pruned: [0]
OS/2 CodePage ranges pruned: [0]
Took 0.000s to prune 'glyf'
glyf pruned
Took 0.000s to prune 'GDEF'
GDEF pruned
Reading 'name' table from disk
Decompiling 'name' table
Reading 'gasp' table from disk
Decompiling 'gasp' table
Reading 'FFTM' table from disk
Decompiling 'FFTM' table
Took 0.002s to prune 'name'
name pruned
Reading 'maxp' table from disk
Decompiling 'maxp' table
Took 0.000s to load 'maxp'
Took 0.000s to prune 'maxp'
maxp pruned
LTSH dropped
VDMX dropped
hdmx dropped
Reading 'cmap' table from disk
Decompiling 'cmap' table
Took 0.000s to load 'cmap'
Took 0.000s to prune 'cmap'
cmap pruned
fpgm dropped
prep dropped
cvt  dropped
kern dropped
Reading 'post' table from disk
Decompiling 'post' table
Took 0.000s to load 'post'
Took 0.000s to prune 'post'
post pruned
PCLT dropped
JSTF dropped
GPOS dropped
GSUB dropped
Reading 'glyf' table from disk
Decompiling 'glyf' table
Reading 'loca' table from disk
Decompiling 'loca' table
Reading 'head' table from disk
Decompiling 'head' table
Reading 'cmap' table from disk
Decompiling 'cmap' table
Took 0.031s to load 'glyf'
Took 0.000s to prune 'glyf'
glyf pruned
Took 0.008s to close glyph list over 'cmap'
Added gid0 to subset
Closing glyph list over 'glyf': 11 glyphs before
Glyph names: ['.notdef', 'A', 'D', 'I', 'N', 'O', 'R', 'S', 'T', 'U', 'quotesingle']
Glyph IDs:   [0, 10, 36, 39, 44, 49, 50, 53, 54, 55, 56]
Closed glyph list over 'glyf': 11 glyphs after
Glyph names: ['.notdef', 'A', 'D', 'I', 'N', 'O', 'R', 'S', 'T', 'U', 'quotesingle']
Glyph IDs:   [0, 10, 36, 39, 44, 49, 50, 53, 54, 55, 56]
Took 0.003s to close glyph list over 'glyf'
Retaining 11 glyphs
head subsetting not needed
hhea subsetting not needed
maxp subsetting not needed
OS/2 subsetting not needed
Reading 'hmtx' table from disk
Decompiling 'hmtx' table
Reading 'hhea' table from disk
Decompiling 'hhea' table
Took 0.005s to subset 'hmtx'
hmtx subsetted
Took 0.001s to subset 'cmap'
cmap subsetted
loca subsetting not needed
Took 0.000s to subset 'post'
post subsetted
gasp subsetting not needed
meta NOT subset; don't know how to subset
Reading 'GDEF' table from disk
Decompiling 'GDEF' table
Took 0.005s to subset 'GDEF'
GDEF subsetted
name subsetting not needed
Took 0.002s to subset 'glyf'
glyf subsetted
Took 0.000s to subset GlyphOrder
Took 0.000s to prune 'head'
head pruned
Reading 'OS/2' table from disk
Decompiling 'OS/2' table
OS/2 Unicode ranges pruned: [0]
OS/2 CodePage ranges pruned: [0]
Took 0.000s to prune 'glyf'
glyf pruned
Took 0.000s to prune 'GDEF'
GDEF pruned
Reading 'name' table from disk
Decompiling 'name' table
Reading 'gasp' table from disk
Decompiling 'gasp' table
Reading 'meta' table from disk
Decompiling 'meta' table
Took 0.003s to prune 'name'
name pruned
.Unknown rendering option: timeout.
Ignored `src: local("Segoe UI"), local("Helvetica Neue"), local("Arial"), sans-serif` at 5:13, invalid value.
Missing src descriptor in '@font-face' rule at 3:9
Ignored `src: local("Georgia"), local("Times New Roman"), serif` at 10:13, invalid value.
Missing src descriptor in '@font-face' rule at 8:9
Ignored `word-break: break-word` at 236:13, invalid value.
Ignored `word-break: break-word` at 248:13, invalid value.
Reading 'maxp' table from disk
Decompiling 'maxp' table
Took 0.000s to load 'maxp'
Took 0.000s to prune 'maxp'
maxp pruned
Reading 'cmap' table from disk
Decompiling 'cmap' table
Reading 'post' table from disk
Decompiling 'post' table
Took 0.014s to load 'cmap'
Took 0.000s to prune 'cmap'
cmap pruned
fpgm dropped
prep dropped
cvt  dropped
kern dropped
Took 0.000s to load 'post'
Took 0.000s to prune 'post'
post pruned
GPOS dropped
GSUB dropped
Reading 'glyf' table from disk
Decompiling 'glyf' table
Reading 'loca' table from disk
Decompiling 'loca' table
Reading 'head' table from disk
Decompiling 'head' table
Took 0.026s to load 'glyf'
Took 0.000s to prune 'glyf'
glyf pruned
Took 0.002s to close glyph list over 'cmap'
Added gid0 to subset
Closing glyph list over 'glyf': 52 glyphs before
Glyph names: ['.notdef', 'A', 'B', 'C', 'D', 'E', 'Eacute', 'Euro', 'G', 'H', 'I', 'L', 'M', 'N', 'O', 'P', 'Q', 'R', 'S', 'T', 'U', 'V', 'X', 'a', 'c', 'comma', 'd', 'degree', 'e', 'eacute', 'four', 'g', 'hyphen', 'i', 'j', 'l', 'n', 'o', 'one', 'p', 'period', 'quotesingle', 'r', 's', 'six', 'slash', 'space', 't', 'three', 'two', 'u', 'zero']
Glyph IDs:   [0, 3, 10, 15, 16, 17, 18, 19, 20, 21, 22, 23, 25, 36, 37, 38, 39, 40, 42, 43, 44, 47, 48, 49, 50, 51, 52, 53, 54, 55, 56, 57, 59, 68, 70, 71, 72, 74, 76, 77, 79, 81, 82, 83, 85, 86, 87, 88, 114, 139, 171, 2943]
Closed glyph list over 'glyf': 54 glyphs after
Glyph names: ['.notdef', 'A', 'Acute', 'B', 'C', 'D', 'E', 'Eacute', 'Euro', 'G', 'H', 'I', 'L', 'M', 'N', 'O', 'P', 'Q', 'R', 'S', 'T', 'U', 'V', 'X', 'a', 'acute', 'c', 'comma', 'd', 'degree', 'e', 'eacute', 'four', 'g', 'hyphen', 'i', 'j', 'l', 'n', 'o', 'one', 'p', 'period', 'quotesingle', 'r', 's', 'six', 'slash', 'space', 't', 'three', 'two', 'u', 'zero']
Glyph IDs:   [0, 3, 10, 15, 16, 17, 18, 19, 20, 21, 22, 23, 25, 36, 37, 38, 39, 40, 42, 43, 44, 47, 48, 49, 50, 51, 52, 53, 54, 55, 56, 57, 59, 68, 70, 71, 72, 74, 76, 77, 79, 81, 82, 83, 85, 86, 87, 88, 114, 118, 139, 171, 2943, 5564]
Took 0.002s to close glyph list over 'glyf'
Retaining 54 glyphs
head subsetting not needed
hhea subsetting not needed
maxp subsetting not needed
OS/2 subsetting not needed
Reading 'hmtx' table from disk
Decompiling 'hmtx' table
Reading 'hhea' table from disk
Decompiling 'hhea' table
Took 0.008s to subset 'hmtx'
hmtx subsetted
Took 0.004s to subset 'cmap'
cmap subsetted
loca subsetting not needed
Took 0.000s to subset 'post'
post subsetted
gasp subsetting not needed
FFTM NOT subset; don't know how to subset
Reading 'GDEF' table from disk
Decompiling 'GDEF' table
Took 0.003s to subset 'GDEF'
GDEF subsetted
name subsetting not needed
Took 0.008s to subset 'glyf'
glyf subsetted
Took 0.000s to subset GlyphOrder
Took 0.000s to prune 'head'
head pruned
Reading 'OS/2' table from disk
Decompiling 'OS/2' table
OS/2 Unicode ranges pruned: [0, 1, 33]
OS/2 CodePage ranges pruned: [0]
Took 0.002s to prune 'glyf'
glyf pruned
Took 0.000s to prune 'GDEF'
GDEF pruned
Reading 'name' table from disk
Decompiling 'name' table
Reading 'gasp' table from disk
Decompiling 'gasp' table
Reading 'FFTM' table from disk
Decompiling 'FFTM' table
Took 0.001s to prune 'name'
name pruned
Reading 'maxp' table from disk
Decompiling 'maxp' table
Took 0.000s to load 'maxp'
Took 0.000s to prune 'maxp'
maxp pruned
Reading 'cmap' table from disk
Decompiling 'cmap' table
Reading 'post' table from disk
Decompiling 'post' table
Took 0.017s to load 'cmap'
Took 0.000s to prune 'cmap'
cmap pruned
fpgm dropped
prep dropped
cvt  dropped
kern dropped
Took 0.000s to load 'post'
Took 0.000s to prune 'post'
post pruned
GPOS dropped
GSUB dropped
Reading 'glyf' table from disk
Decompiling 'glyf' table
Reading 'loca' table from disk
Decompiling 'loca' table
Reading 'head' table from disk
Decompiling 'head' table
Took 0.021s to load 'glyf'
Took 0.000s to prune 'glyf'
glyf pruned
Took 0.001s to close glyph list over 'cmap'
Added gid0 to subset
Closing glyph list over 'glyf': 74 glyphs before
Glyph names: ['.notdef', 'A', 'Agrave', 'B', 'C', 'Ccedilla', 'D', 'E', 'Eacute', 'Ecircumflex', 'F', 'G', 'H', 'I', 'J', 'L', 'M', 'N', 'O', 'P', 'Q', 'R', 'S', 'T', 'U', 'V', 'X', 'a', 'agrave', 'at', 'b', 'bullet', 'c', 'colon', 'comma', 'd', 'e', 'eacute', 'ecircumflex', 'eight', 'five', 'four', 'g', 'hyphen', 'i', 'l', 'm', 'multiply', 'n', 'nine', 'o', 'one', 'p', 'parenleft', 'parenright', 'percent', 'period', 'plus', 'quotedbl', 'quotesingle', 'r', 's', 'seven', 'six', 'slash', 'space', 't', 'three', 'two', 'u', 'v', 'x', 'y', 'zero']
Glyph IDs:   [0, 3, 5, 8, 10, 11, 12, 14, 15, 16, 17, 18, 19, 20, 21, 22, 23, 24, 25, 26, 27, 28, 29, 35, 36, 37, 38, 39, 40, 41, 42, 43, 44, 45, 47, 48, 49, 50, 51, 52, 53, 54, 55, 56, 57, 59, 68, 69, 70, 71, 72, 74, 76, 79, 80, 81, 82, 83, 85, 86, 87, 88, 89, 91, 92, 130, 137, 139, 140, 153, 162, 171, 172, 2816]
Closed glyph list over 'glyf': 81 glyphs after
Glyph names: ['.notdef', 'A', 'Acute', 'Agrave', 'B', 'C', 'Ccedilla', 'Circumflex', 'D', 'E', 'Eacute', 'Ecircumflex', 'F', 'G', 'Grave', 'H', 'I', 'J', 'L', 'M', 'N', 'O', 'P', 'Q', 'R', 'S', 'T', 'U', 'V', 'X', 'a', 'acute', 'agrave', 'at', 'b', 'bullet', 'c', 'cedilla', 'circumflex', 'colon', 'comma', 'd', 'e', 'eacute', 'ecircumflex', 'eight', 'five', 'four', 'g', 'grave', 'hyphen', 'i', 'l', 'm', 'multiply', 'n', 'nine', 'o', 'one', 'p', 'parenleft', 'parenright', 'percent', 'period', 'plus', 'quotedbl', 'quotesingle', 'r', 's', 'seven', 'six', 'slash', 'space', 't', 'three', 'two', 'u', 'v', 'x', 'y', 'zero']
Glyph IDs:   [0, 3, 5, 8, 10, 11, 12, 14, 15, 16, 17, 18, 19, 20, 21, 22, 23, 24, 25, 26, 27, 28, 29, 35, 36, 37, 38, 39, 40, 41, 42, 43, 44, 45, 47, 48, 49, 50, 51, 52, 53, 54, 55, 56, 57, 59, 67, 68, 69, 70, 71, 72, 74, 76, 79, 80, 81, 82, 83, 85, 86, 87, 88, 89, 91, 92, 118, 122, 130, 137, 139, 140, 153, 162, 171, 172, 648, 2816, 5638, 5640, 5641]
Took 0.004s to close glyph list over 'glyf'
Retaining 81 glyphs
head subsetting not needed
hhea subsetting not needed
maxp subsetting not needed
OS/2 subsetting not needed
Reading 'hmtx' table from disk
Decompiling 'hmtx' table
Reading 'hhea' table from disk
Decompiling 'hhea' table
Took 0.006s to subset 'hmtx'
hmtx subsetted
Took 0.005s to subset 'cmap'
cmap subsetted
loca subsetting not needed
Took 0.000s to subset 'post'
post subsetted
gasp subsetting not needed
FFTM NOT subset; don't know how to subset
Reading 'GDEF' table from disk
Decompiling 'GDEF' table
Took 0.003s to subset 'GDEF'
GDEF subsetted
name subsetting not needed
Took 0.008s to subset 'glyf'
glyf subsetted
Took 0.000s to subset GlyphOrder
Took 0.000s to prune 'head'
head pruned
Reading 'OS/2' table from disk
Decompiling 'OS/2' table
OS/2 Unicode ranges pruned: [0, 1, 31]
OS/2 CodePage ranges pruned: [0]
Took 0.002s to prune 'glyf'
glyf pruned
Took 0.000s to prune 'GDEF'
GDEF pruned
Reading 'name' table from disk
Decompiling 'name' table
Reading 'gasp' table from disk
Decompiling 'gasp' table
Reading 'FFTM' table from disk
Decompiling 'FFTM' table
Took 0.001s to prune 'name'
name pruned
Reading 'maxp' table from disk
Decompiling 'maxp' table
Took 0.001s to load 'maxp'
Took 0.000s to prune 'maxp'
maxp pruned
Reading 'cmap' table from disk
Decompiling 'cmap' table
Reading 'post' table from disk
Decompiling 'post' table
Took 0.013s to load 'cmap'
Took 0.000s to prune 'cmap'
cmap pruned
fpgm dropped
prep dropped
cvt  dropped
kern dropped
Took 0.000s to load 'post'
Took 0.000s to prune 'post'
post pruned
GPOS dropped
GSUB dropped
Reading 'glyf' table from disk
Decompiling 'glyf' table
Reading 'loca' table from disk
Decompiling 'loca' table
Reading 'head' table from disk
Decompiling 'head' table
Took 0.014s to load 'glyf'
Took 0.000s to prune 'glyf'
glyf pruned
Took 0.001s to close glyph list over 'cmap'
Added gid0 to subset
Closing glyph list over 'glyf': 23 glyphs before
Glyph names: ['.notdef', 'Q', 'a', 'c', 'ccedilla', 'comma', 'd', 'e', 'eacute', 'f', 'g', 'i', 'l', 'm', 'n', 'o', 'p', 'quotesingle', 'r', 's', 'space', 't', 'u']
Glyph IDs:   [0, 3, 10, 15, 52, 68, 70, 71, 72, 73, 74, 76, 79, 80, 81, 82, 83, 85, 86, 87, 88, 169, 171]
Closed glyph list over 'glyf': 25 glyphs after
Glyph names: ['.notdef', 'Q', 'a', 'acute', 'c', 'ccedilla', 'cedilla', 'comma', 'd', 'e', 'eacute', 'f', 'g', 'i', 'l', 'm', 'n', 'o', 'p', 'quotesingle', 'r', 's', 'space', 't', 'u']
Glyph IDs:   [0, 3, 10, 15, 52, 68, 70, 71, 72, 73, 74, 76, 79, 80, 81, 82, 83, 85, 86, 87, 88, 118, 122, 169, 171]
Took 0.002s to close glyph list over 'glyf'
Retaining 25 glyphs
head subsetting not needed
hhea subsetting not needed
maxp subsetting not needed
OS/2 subsetting not needed
Reading 'hmtx' table from disk
Decompiling 'hmtx' table
Reading 'hhea' table from disk
Decompiling 'hhea' table
Took 0.004s to subset 'hmtx'
hmtx subsetted
Took 0.002s to subset 'cmap'
cmap subsetted
loca subsetting not needed
Took 0.000s to subset 'post'
post subsetted
gasp subsetting not needed
FFTM NOT subset; don't know how to subset
Reading 'GDEF' table from disk
Decompiling 'GDEF' table
Took 0.002s to subset 'GDEF'
GDEF subsetted
name subsetting not needed
Took 0.002s to subset 'glyf'
glyf subsetted
Took 0.001s to subset GlyphOrder
Took 0.000s to prune 'head'
head pruned
Reading 'OS/2' table from disk
Decompiling 'OS/2' table
OS/2 Unicode ranges pruned: [0, 1]
OS/2 CodePage ranges pruned: [0]
Took 0.000s to prune 'glyf'
glyf pruned
Took 0.000s to prune 'GDEF'
GDEF pruned
Reading 'name' table from disk
Decompiling 'name' table
Reading 'gasp' table from disk
Decompiling 'gasp' table
Reading 'FFTM' table from disk
Decompiling 'FFTM' table
Took 0.001s to prune 'name'
name pruned
Reading 'maxp' table from disk
Decompiling 'maxp' table
Took 0.000s to load 'maxp'
Took 0.000s to prune 'maxp'
maxp pruned
Reading 'cmap' table from disk
Decompiling 'cmap' table
Reading 'post' table from disk
Decompiling 'post' table
Took 0.013s to load 'cmap'
Took 0.000s to prune 'cmap'
cmap pruned
fpgm dropped
prep dropped
cvt  dropped
kern dropped
Took 0.000s to load 'post'
Took 0.000s to prune 'post'
post pruned
GPOS dropped
GSUB dropped
Reading 'glyf' table from disk
Decompiling 'glyf' table
Reading 'loca' table from disk
Decompiling 'loca' table
Reading 'head' table from disk
Decompiling 'head' table
Took 0.011s to load 'glyf'
Took 0.000s to prune 'glyf'
glyf pruned
Took 0.002s to close glyph list over 'cmap'
Added gid0 to subset
Closing glyph list over 'glyf': 9 glyphs before
Glyph names: ['.notdef', 'comma', 'e', 'o', 'r', 's', 'space', 'u', 'zero']
Glyph IDs:   [0, 3, 15, 19, 72, 82, 85, 86, 88]
Closed glyph list over 'glyf': 9 glyphs after
Glyph names: ['.notdef', 'comma', 'e', 'o', 'r', 's', 'space', 'u', 'zero']
Glyph IDs:   [0, 3, 15, 19, 72, 82, 85, 86, 88]
Took 0.003s to close glyph list over 'glyf'
Retaining 9 glyphs
head subsetting not needed
hhea subsetting not needed
maxp subsetting not needed
OS/2 subsetting not needed
Reading 'hmtx' table from disk
Decompiling 'hmtx' table
Reading 'hhea' table from disk
Decompiling 'hhea' table
Took 0.006s to subset 'hmtx'
hmtx subsetted
Took 0.003s to subset 'cmap'
cmap subsetted
loca subsetting not needed
Took 0.000s to subset 'post'
post subsetted
gasp subsetting not needed
FFTM NOT subset; don't know how to subset
Reading 'GDEF' table from disk
Decompiling 'GDEF' table
Took 0.003s to subset 'GDEF'
GDEF subsetted
name subsetting not needed
Took 0.002s to subset 'glyf'
glyf subsetted
Took 0.000s to subset GlyphOrder
Took 0.000s to prune 'head'
head pruned
Reading 'OS/2' table from disk
Decompiling 'OS/2' table
OS/2 Unicode ranges pruned: [0]
OS/2 CodePage ranges pruned: [0]
Took 0.000s to prune 'glyf'
glyf pruned
Took 0.000s to prune 'GDEF'
GDEF pruned
Reading 'name' table from disk
Decompiling 'name' table
Reading 'gasp' table from disk
Decompiling 'gasp' table
Reading 'FFTM' table from disk
Decompiling 'FFTM' table
Took 0.002s to prune 'name'
name pruned
Reading 'maxp' table from disk
Decompiling 'maxp' table
Took 0.000s to load 'maxp'
Took 0.000s to prune 'maxp'
maxp pruned
LTSH dropped
VDMX dropped
hdmx dropped
Reading 'cmap' table from disk
Decompiling 'cmap' table
Took 0.000s to load 'cmap'
Took 0.000s to prune 'cmap'
cmap pruned
fpgm dropped
prep dropped
cvt  dropped
kern dropped
Reading 'post' table from disk
Decompiling 'post' table
Took 0.000s to load 'post'
Took 0.000s to prune 'post'
post pruned
PCLT dropped
JSTF dropped
GPOS dropped
GSUB dropped
Reading 'glyf' table from disk
Decompiling 'glyf' table
Reading 'loca' table from disk
Decompiling 'loca' table
Reading 'head' table from disk
Decompiling 'head' table
Reading 'cmap' table from disk
Decompiling 'cmap' table
Took 0.027s to load 'glyf'
Took 0.000s to prune 'glyf'
glyf pruned
Took 0.005s to close glyph list over 'cmap'
Added gid0 to subset
Closing glyph list over 'glyf': 11 glyphs before
Glyph names: ['.notdef', 'A', 'D', 'I', 'N', 'O', 'R', 'S', 'T', 'U', 'quotesingle']
Glyph IDs:   [0, 10, 36, 39, 44, 49, 50, 53, 54, 55, 56]
Closed glyph list over 'glyf': 11 glyphs after
Glyph names: ['.notdef', 'A', 'D', 'I', 'N', 'O', 'R', 'S', 'T', 'U', 'quotesingle']
Glyph IDs:   [0, 10, 36, 39, 44, 49, 50, 53, 54, 55, 56]
Took 0.002s to close glyph list over 'glyf'
Retaining 11 glyphs
head subsetting not needed
hhea subsetting not needed
maxp subsetting not needed
OS/2 subsetting not needed
Reading 'hmtx' table from disk
Decompiling 'hmtx' table
Reading 'hhea' table from disk
Decompiling 'hhea' table
Took 0.004s to subset 'hmtx'
hmtx subsetted
Took 0.001s to subset 'cmap'
cmap subsetted
loca subsetting not needed
Took 0.000s to subset 'post'
post subsetted
gasp subsetting not needed
meta NOT subset; don't know how to subset
Reading 'GDEF' table from disk
Decompiling 'GDEF' table
Took 0.003s to subset 'GDEF'
GDEF subsetted
name subsetting not needed
Took 0.001s to subset 'glyf'
glyf subsetted
Took 0.000s to subset GlyphOrder
Took 0.000s to prune 'head'
head pruned
Reading 'OS/2' table from disk
Decompiling 'OS/2' table
OS/2 Unicode ranges pruned: [0]
OS/2 CodePage ranges pruned: [0]
Took 0.000s to prune 'glyf'
glyf pruned
Took 0.000s to prune 'GDEF'
GDEF pruned
Reading 'name' table from disk
Decompiling 'name' table
Reading 'gasp' table from disk
Decompiling 'gasp' table
Reading 'meta' table from disk
Decompiling 'meta' table
Took 0.002s to prune 'name'
name pruned
Unknown rendering option: timeout.
Ignored `src: local("Segoe UI"), local("Helvetica Neue"), local("Arial"), sans-serif` at 5:13, invalid value.
Missing src descriptor in '@font-face' rule at 3:9
Ignored `src: local("Georgia"), local("Times New Roman"), serif` at 10:13, invalid value.
Missing src descriptor in '@font-face' rule at 8:9
Ignored `word-break: break-word` at 236:13, invalid value.
Ignored `word-break: break-word` at 248:13, invalid value.
Reading 'maxp' table from disk
Decompiling 'maxp' table
Took 0.000s to load 'maxp'
Took 0.000s to prune 'maxp'
maxp pruned
Reading 'cmap' table from disk
Decompiling 'cmap' table
Reading 'post' table from disk
Decompiling 'post' table
Took 0.016s to load 'cmap'
Took 0.000s to prune 'cmap'
cmap pruned
fpgm dropped
prep dropped
cvt  dropped
kern dropped
Took 0.000s to load 'post'
Took 0.000s to prune 'post'
post pruned
GPOS dropped
GSUB dropped
Reading 'glyf' table from disk
Decompiling 'glyf' table
Reading 'loca' table from disk
Decompiling 'loca' table
Reading 'head' table from disk
Decompiling 'head' table
Took 0.006s to load 'glyf'
Took 0.000s to prune 'glyf'
glyf pruned
Took 0.001s to close glyph list over 'cmap'
Added gid0 to subset
Closing glyph list over 'glyf': 52 glyphs before
Glyph names: ['.notdef', 'A', 'B', 'C', 'D', 'E', 'Eacute', 'Euro', 'G', 'H', 'I', 'L', 'M', 'N', 'O', 'P', 'Q', 'R', 'S', 'T', 'U', 'V', 'X', 'a', 'c', 'comma', 'd', 'degree', 'e', 'eacute', 'four', 'g', 'hyphen', 'i', 'j', 'l', 'n', 'o', 'one', 'p', 'period', 'quotesingle', 'r', 's', 'six', 'slash', 'space', 't', 'three', 'two', 'u', 'zero']
Glyph IDs:   [0, 3, 10, 15, 16, 17, 18, 19, 20, 21, 22, 23, 25, 36, 37, 38, 39, 40, 42, 43, 44, 47, 48, 49, 50, 51, 52, 53, 54, 55, 56, 57, 59, 68, 70, 71, 72, 74, 76, 77, 79, 81, 82, 83, 85, 86, 87, 88, 114, 139, 171, 2943]
Closed glyph list over 'glyf': 54 glyphs after
Glyph names: ['.notdef', 'A', 'Acute', 'B', 'C', 'D', 'E', 'Eacute', 'Euro', 'G', 'H', 'I', 'L', 'M', 'N', 'O', 'P', 'Q', 'R', 'S', 'T', 'U', 'V', 'X', 'a', 'acute', 'c', 'comma', 'd', 'degree', 'e', 'eacute', 'four', 'g', 'hyphen', 'i', 'j', 'l', 'n', 'o', 'one', 'p', 'period', 'quotesingle', 'r', 's', 'six', 'slash', 'space', 't', 'three', 'two', 'u', 'zero']
Glyph IDs:   [0, 3, 10, 15, 16, 17, 18, 19, 20, 21, 22, 23, 25, 36, 37, 38, 39, 40, 42, 43, 44, 47, 48, 49, 50, 51, 52, 53, 54, 55, 56, 57, 59, 68, 70, 71, 72, 74, 76, 77, 79, 81, 82, 83, 85, 86, 87, 88, 114, 118, 139, 171, 2943, 5564]
Took 0.002s to close glyph list over 'glyf'
Retaining 54 glyphs
head subsetting not needed
hhea subsetting not needed
maxp subsetting not needed
OS/2 subsetting not needed
Reading 'hmtx' table from disk
Decompiling 'hmtx' table
Reading 'hhea' table from disk
Decompiling 'hhea' table
Took 0.006s to subset 'hmtx'
hmtx subsetted
Took 0.004s to subset 'cmap'
cmap subsetted
loca subsetting not needed
Took 0.000s to subset 'post'
post subsetted
gasp subsetting not needed
FFTM NOT subset; don't know how to subset
Reading 'GDEF' table from disk
Decompiling 'GDEF' table
Took 0.003s to subset 'GDEF'
GDEF subsetted
name subsetting not needed
Took 0.004s to subset 'glyf'
glyf subsetted
Took 0.000s to subset GlyphOrder
Took 0.000s to prune 'head'
head pruned
Reading 'OS/2' table from disk
Decompiling 'OS/2' table
OS/2 Unicode ranges pruned: [0, 1, 33]
OS/2 CodePage ranges pruned: [0]
Took 0.002s to prune 'glyf'
glyf pruned
Took 0.000s to prune 'GDEF'
GDEF pruned
Reading 'name' table from disk
Decompiling 'name' table
Reading 'gasp' table from disk
Decompiling 'gasp' table
Reading 'FFTM' table from disk
Decompiling 'FFTM' table
Took 0.003s to prune 'name'
name pruned
Reading 'maxp' table from disk
Decompiling 'maxp' table
Took 0.000s to load 'maxp'
Took 0.000s to prune 'maxp'
maxp pruned
Reading 'cmap' table from disk
Decompiling 'cmap' table
Reading 'post' table from disk
Decompiling 'post' table
Took 0.016s to load 'cmap'
Took 0.000s to prune 'cmap'
cmap pruned
fpgm dropped
prep dropped
cvt  dropped
kern dropped
Took 0.000s to load 'post'
Took 0.000s to prune 'post'
post pruned
GPOS dropped
GSUB dropped
Reading 'glyf' table from disk
Decompiling 'glyf' table
Reading 'loca' table from disk
Decompiling 'loca' table
Reading 'head' table from disk
Decompiling 'head' table
Took 0.006s to load 'glyf'
Took 0.000s to prune 'glyf'
glyf pruned
Took 0.002s to close glyph list over 'cmap'
Added gid0 to subset
Closing glyph list over 'glyf': 74 glyphs before
Glyph names: ['.notdef', 'A', 'Agrave', 'B', 'C', 'Ccedilla', 'D', 'E', 'Eacute', 'Ecircumflex', 'F', 'G', 'H', 'I', 'J', 'L', 'M', 'N', 'O', 'P', 'Q', 'R', 'S', 'T', 'U', 'V', 'X', 'a', 'agrave', 'at', 'b', 'bullet', 'c', 'colon', 'comma', 'd', 'e', 'eacute', 'ecircumflex', 'eight', 'five', 'four', 'g', 'hyphen', 'i', 'l', 'm', 'multiply', 'n', 'nine', 'o', 'one', 'p', 'parenleft', 'parenright', 'percent', 'period', 'plus', 'quotedbl', 'quotesingle', 'r', 's', 'seven', 'six', 'slash', 'space', 't', 'three', 'two', 'u', 'v', 'x', 'y', 'zero']
Glyph IDs:   [0, 3, 5, 8, 10, 11, 12, 14, 15, 16, 17, 18, 19, 20, 21, 22, 23, 24, 25, 26, 27, 28, 29, 35, 36, 37, 38, 39, 40, 41, 42, 43, 44, 45, 47, 48, 49, 50, 51, 52, 53, 54, 55, 56, 57, 59, 68, 69, 70, 71, 72, 74, 76, 79, 80, 81, 82, 83, 85, 86, 87, 88, 89, 91, 92, 130, 137, 139, 140, 153, 162, 171, 172, 2816]
Closed glyph list over 'glyf': 81 glyphs after
Glyph names: ['.notdef', 'A', 'Acute', 'Agrave', 'B', 'C', 'Ccedilla', 'Circumflex', 'D', 'E', 'Eacute', 'Ecircumflex', 'F', 'G', 'Grave', 'H', 'I', 'J', 'L', 'M', 'N', 'O', 'P', 'Q', 'R', 'S', 'T', 'U', 'V', 'X', 'a', 'acute', 'agrave', 'at', 'b', 'bullet', 'c', 'cedilla', 'circumflex', 'colon', 'comma', 'd', 'e', 'eacute', 'ecircumflex', 'eight', 'five', 'four', 'g', 'grave', 'hyphen', 'i', 'l', 'm', 'multiply', 'n', 'nine', 'o', 'one', 'p', 'parenleft', 'parenright', 'percent', 'period', 'plus', 'quotedbl', 'quotesingle', 'r', 's', 'seven', 'six', 'slash', 'space', 't', 'three', 'two', 'u', 'v', 'x', 'y', 'zero']
Glyph IDs:   [0, 3, 5, 8, 10, 11, 12, 14, 15, 16, 17, 18, 19, 20, 21, 22, 23, 24, 25, 26, 27, 28, 29, 35, 36, 37, 38, 39, 40, 41, 42, 43, 44, 45, 47, 48, 49, 50, 51, 52, 53, 54, 55, 56, 57, 59, 67, 68, 69, 70, 71, 72, 74, 76, 79, 80, 81, 82, 83, 85, 86, 87, 88, 89, 91, 92, 118, 122, 130, 137, 139, 140, 153, 162, 171, 172, 648, 2816, 5638, 5640, 5641]
Took 0.004s to close glyph list over 'glyf'
Retaining 81 glyphs
head subsetting not needed
hhea subsetting not needed
maxp subsetting not needed
OS/2 subsetting not needed
Reading 'hmtx' table from disk
Decompiling 'hmtx' table
Reading 'hhea' table from disk
Decompiling 'hhea' table
Took 0.005s to subset 'hmtx'
hmtx subsetted
Took 0.004s to subset 'cmap'
cmap subsetted
loca subsetting not needed
Took 0.000s to subset 'post'
post subsetted
gasp subsetting not needed
FFTM NOT subset; don't know how to subset
Reading 'GDEF' table from disk
Decompiling 'GDEF' table
Took 0.003s to subset 'GDEF'
GDEF subsetted
name subsetting not needed
Took 0.004s to subset 'glyf'
glyf subsetted
Took 0.000s to subset GlyphOrder
Took 0.000s to prune 'head'
head pruned
Reading 'OS/2' table from disk
Decompiling 'OS/2' table
OS/2 Unicode ranges pruned: [0, 1, 31]
OS/2 CodePage ranges pruned: [0]
Took 0.002s to prune 'glyf'
glyf pruned
Took 0.000s to prune 'GDEF'
GDEF pruned
Reading 'name' table from disk
Decompiling 'name' table
Reading 'gasp' table from disk
Decompiling 'gasp' table
Reading 'FFTM' table from disk
Decompiling 'FFTM' table
Took 0.001s to prune 'name'
name pruned
Reading 'maxp' table from disk
Decompiling 'maxp' table
Took 0.000s to load 'maxp'
Took 0.000s to prune 'maxp'
maxp pruned
Reading 'cmap' table from disk
Decompiling 'cmap' table
Reading 'post' table from disk
Decompiling 'post' table
Took 0.011s to load 'cmap'
Took 0.000s to prune 'cmap'
cmap pruned
fpgm dropped
prep dropped
cvt  dropped
kern dropped
Took 0.000s to load 'post'
Took 0.000s to prune 'post'
post pruned
GPOS dropped
GSUB dropped
Reading 'glyf' table from disk
Decompiling 'glyf' table
Reading 'loca' table from disk
Decompiling 'loca' table
Reading 'head' table from disk
Decompiling 'head' table
Took 0.007s to load 'glyf'
Took 0.000s to prune 'glyf'
glyf pruned
Took 0.001s to close glyph list over 'cmap'
Added gid0 to subset
Closing glyph list over 'glyf': 23 glyphs before
Glyph names: ['.notdef', 'Q', 'a', 'c', 'ccedilla', 'comma', 'd', 'e', 'eacute', 'f', 'g', 'i', 'l', 'm', 'n', 'o', 'p', 'quotesingle', 'r', 's', 'space', 't', 'u']
Glyph IDs:   [0, 3, 10, 15, 52, 68, 70, 71, 72, 73, 74, 76, 79, 80, 81, 82, 83, 85, 86, 87, 88, 169, 171]
Closed glyph list over 'glyf': 25 glyphs after
Glyph names: ['.notdef', 'Q', 'a', 'acute', 'c', 'ccedilla', 'cedilla', 'comma', 'd', 'e', 'eacute', 'f', 'g', 'i', 'l', 'm', 'n', 'o', 'p', 'quotesingle', 'r', 's', 'space', 't', 'u']
Glyph IDs:   [0, 3, 10, 15, 52, 68, 70, 71, 72, 73, 74, 76, 79, 80, 81, 82, 83, 85, 86, 87, 88, 118, 122, 169, 171]
Took 0.002s to close glyph list over 'glyf'
Retaining 25 glyphs
head subsetting not needed
hhea subsetting not needed
maxp subsetting not needed
OS/2 subsetting not needed
Reading 'hmtx' table from disk
Decompiling 'hmtx' table
Reading 'hhea' table from disk
Decompiling 'hhea' table
Took 0.005s to subset 'hmtx'
hmtx subsetted
Took 0.003s to subset 'cmap'
cmap subsetted
loca subsetting not needed
Took 0.000s to subset 'post'
post subsetted
gasp subsetting not needed
FFTM NOT subset; don't know how to subset
Reading 'GDEF' table from disk
Decompiling 'GDEF' table
Took 0.003s to subset 'GDEF'
GDEF subsetted
name subsetting not needed
Took 0.001s to subset 'glyf'
glyf subsetted
Took 0.001s to subset GlyphOrder
Took 0.000s to prune 'head'
head pruned
Reading 'OS/2' table from disk
Decompiling 'OS/2' table
OS/2 Unicode ranges pruned: [0, 1]
OS/2 CodePage ranges pruned: [0]
Took 0.000s to prune 'glyf'
glyf pruned
Took 0.000s to prune 'GDEF'
GDEF pruned
Reading 'name' table from disk
Decompiling 'name' table
Reading 'gasp' table from disk
Decompiling 'gasp' table
Reading 'FFTM' table from disk
Decompiling 'FFTM' table
Took 0.001s to prune 'name'
name pruned
Reading 'maxp' table from disk
Decompiling 'maxp' table
Took 0.000s to load 'maxp'
Took 0.000s to prune 'maxp'
maxp pruned
Reading 'cmap' table from disk
Decompiling 'cmap' table
Reading 'post' table from disk
Decompiling 'post' table
Took 0.012s to load 'cmap'
Took 0.000s to prune 'cmap'
cmap pruned
fpgm dropped
prep dropped
cvt  dropped
kern dropped
Took 0.000s to load 'post'
Took 0.000s to prune 'post'
post pruned
GPOS dropped
GSUB dropped
Reading 'glyf' table from disk
Decompiling 'glyf' table
Reading 'loca' table from disk
Decompiling 'loca' table
Reading 'head' table from disk
Decompiling 'head' table
Took 0.005s to load 'glyf'
Took 0.000s to prune 'glyf'
glyf pruned
Took 0.002s to close glyph list over 'cmap'
Added gid0 to subset
Closing glyph list over 'glyf': 9 glyphs before
Glyph names: ['.notdef', 'comma', 'e', 'o', 'r', 's', 'space', 'u', 'zero']
Glyph IDs:   [0, 3, 15, 19, 72, 82, 85, 86, 88]
Closed glyph list over 'glyf': 9 glyphs after
Glyph names: ['.notdef', 'comma', 'e', 'o', 'r', 's', 'space', 'u', 'zero']
Glyph IDs:   [0, 3, 15, 19, 72, 82, 85, 86, 88]
Took 0.003s to close glyph list over 'glyf'
Retaining 9 glyphs
head subsetting not needed
hhea subsetting not needed
maxp subsetting not needed
OS/2 subsetting not needed
Reading 'hmtx' table from disk
Decompiling 'hmtx' table
Reading 'hhea' table from disk
Decompiling 'hhea' table
Took 0.004s to subset 'hmtx'
hmtx subsetted
Took 0.003s to subset 'cmap'
cmap subsetted
loca subsetting not needed
Took 0.000s to subset 'post'
post subsetted
gasp subsetting not needed
FFTM NOT subset; don't know how to subset
Reading 'GDEF' table from disk
Decompiling 'GDEF' table
Took 0.004s to subset 'GDEF'
GDEF subsetted
name subsetting not needed
Took 0.001s to subset 'glyf'
glyf subsetted
Took 0.000s to subset GlyphOrder
Took 0.000s to prune 'head'
head pruned
Reading 'OS/2' table from disk
Decompiling 'OS/2' table
OS/2 Unicode ranges pruned: [0]
OS/2 CodePage ranges pruned: [0]
Took 0.000s to prune 'glyf'
glyf pruned
Took 0.000s to prune 'GDEF'
GDEF pruned
Reading 'name' table from disk
Decompiling 'name' table
Reading 'gasp' table from disk
Decompiling 'gasp' table
Reading 'FFTM' table from disk
Decompiling 'FFTM' table
Took 0.001s to prune 'name'
name pruned
Reading 'maxp' table from disk
Decompiling 'maxp' table
Took 0.000s to load 'maxp'
Took 0.000s to prune 'maxp'
maxp pruned
LTSH dropped
VDMX dropped
hdmx dropped
Reading 'cmap' table from disk
Decompiling 'cmap' table
Took 0.000s to load 'cmap'
Took 0.000s to prune 'cmap'
cmap pruned
fpgm dropped
prep dropped
cvt  dropped
kern dropped
Reading 'post' table from disk
Decompiling 'post' table
Took 0.000s to load 'post'
Took 0.000s to prune 'post'
post pruned
PCLT dropped
JSTF dropped
GPOS dropped
GSUB dropped
Reading 'glyf' table from disk
Decompiling 'glyf' table
Reading 'loca' table from disk
Decompiling 'loca' table
Reading 'head' table from disk
Decompiling 'head' table
Reading 'cmap' table from disk
Decompiling 'cmap' table
Took 0.023s to load 'glyf'
Took 0.000s to prune 'glyf'
glyf pruned
Took 0.004s to close glyph list over 'cmap'
Added gid0 to subset
Closing glyph list over 'glyf': 11 glyphs before
Glyph names: ['.notdef', 'A', 'D', 'I', 'N', 'O', 'R', 'S', 'T', 'U', 'quotesingle']
Glyph IDs:   [0, 10, 36, 39, 44, 49, 50, 53, 54, 55, 56]
Closed glyph list over 'glyf': 11 glyphs after
Glyph names: ['.notdef', 'A', 'D', 'I', 'N', 'O', 'R', 'S', 'T', 'U', 'quotesingle']
Glyph IDs:   [0, 10, 36, 39, 44, 49, 50, 53, 54, 55, 56]
Took 0.002s to close glyph list over 'glyf'
Retaining 11 glyphs
head subsetting not needed
hhea subsetting not needed
maxp subsetting not needed
OS/2 subsetting not needed
Reading 'hmtx' table from disk
Decompiling 'hmtx' table
Reading 'hhea' table from disk
Decompiling 'hhea' table
Took 0.006s to subset 'hmtx'
hmtx subsetted
Took 0.002s to subset 'cmap'
cmap subsetted
loca subsetting not needed
Took 0.000s to subset 'post'
post subsetted
gasp subsetting not needed
meta NOT subset; don't know how to subset
Reading 'GDEF' table from disk
Decompiling 'GDEF' table
Took 0.004s to subset 'GDEF'
GDEF subsetted
name subsetting not needed
Took 0.002s to subset 'glyf'
glyf subsetted
Took 0.000s to subset GlyphOrder
Took 0.000s to prune 'head'
head pruned
Reading 'OS/2' table from disk
Decompiling 'OS/2' table
OS/2 Unicode ranges pruned: [0]
OS/2 CodePage ranges pruned: [0]
Took 0.000s to prune 'glyf'
glyf pruned
Took 0.000s to prune 'GDEF'
GDEF pruned
Reading 'name' table from disk
Decompiling 'name' table
Reading 'gasp' table from disk
Decompiling 'gasp' table
Reading 'meta' table from disk
Decompiling 'meta' table
Took 0.003s to prune 'name'
name pruned
.Unknown rendering option: timeout.
Ignored `src: local("Segoe UI"), local("Helvetica Neue"), local("Arial"), sans-serif` at 5:13, invalid value.
Missing src descriptor in '@font-face' rule at 3:9
Ignored `src: local("Georgia"), local("Times New Roman"), serif` at 10:13, invalid value.
Missing src descriptor in '@font-face' rule at 8:9
Ignored `word-break: break-word` at 236:13, invalid value.
Ignored `word-break: break-word` at 248:13, invalid value.
Reading 'maxp' table from disk
Decompiling 'maxp' table
Took 0.000s to load 'maxp'
Took 0.000s to prune 'maxp'
maxp pruned
Reading 'cmap' table from disk
Decompiling 'cmap' table
Reading 'post' table from disk
Decompiling 'post' table
Took 0.017s to load 'cmap'
Took 0.000s to prune 'cmap'
cmap pruned
fpgm dropped
prep dropped
cvt  dropped
kern dropped
Took 0.000s to load 'post'
Took 0.000s to prune 'post'
post pruned
GPOS dropped
GSUB dropped
Reading 'glyf' table from disk
Decompiling 'glyf' table
Reading 'loca' table from disk
Decompiling 'loca' table
Reading 'head' table from disk
Decompiling 'head' table
Took 0.006s to load 'glyf'
Took 0.000s to prune 'glyf'
glyf pruned
Took 0.006s to close glyph list over 'cmap'
Added gid0 to subset
Closing glyph list over 'glyf': 52 glyphs before
Glyph names: ['.notdef', 'A', 'B', 'C', 'D', 'E', 'Eacute', 'Euro', 'G', 'H', 'I', 'L', 'M', 'N', 'O', 'P', 'Q', 'R', 'S', 'T', 'U', 'V', 'X', 'a', 'c', 'comma', 'd', 'degree', 'e', 'eacute', 'four', 'g', 'hyphen', 'i', 'j', 'l', 'n', 'o', 'one', 'p', 'period', 'quotesingle', 'r', 's', 'six', 'slash', 'space', 't', 'three', 'two', 'u', 'zero']
Glyph IDs:   [0, 3, 10, 15, 16, 17, 18, 19, 20, 21, 22, 23, 25, 36, 37, 38, 39, 40, 42, 43, 44, 47, 48, 49, 50, 51, 52, 53, 54, 55, 56, 57, 59, 68, 70, 71, 72, 74, 76, 77, 79, 81, 82, 83, 85, 86, 87, 88, 114, 139, 171, 2943]
Closed glyph list over 'glyf': 54 glyphs after
Glyph names: ['.notdef', 'A', 'Acute', 'B', 'C', 'D', 'E', 'Eacute', 'Euro', 'G', 'H', 'I', 'L', 'M', 'N', 'O', 'P', 'Q', 'R', 'S', 'T', 'U', 'V', 'X', 'a', 'acute', 'c', 'comma', 'd', 'degree', 'e', 'eacute', 'four', 'g', 'hyphen', 'i', 'j', 'l', 'n', 'o', 'one', 'p', 'period', 'quotesingle', 'r', 's', 'six', 'slash', 'space', 't', 'three', 'two', 'u', 'zero']
Glyph IDs:   [0, 3, 10, 15, 16, 17, 18, 19, 20, 21, 22, 23, 25, 36, 37, 38, 39, 40, 42, 43, 44, 47, 48, 49, 50, 51, 52, 53, 54, 55, 56, 57, 59, 68, 70, 71, 72, 74, 76, 77, 79, 81, 82, 83, 85, 86, 87, 88, 114, 118, 139, 171, 2943, 5564]
Took 0.003s to close glyph list over 'glyf'
Retaining 54 glyphs
head subsetting not needed
hhea subsetting not needed
maxp subsetting not needed
OS/2 subsetting not needed
Reading 'hmtx' table from disk
Decompiling 'hmtx' table
Reading 'hhea' table from disk
Decompiling 'hhea' table
Took 0.006s to subset 'hmtx'
hmtx subsetted
Took 0.003s to subset 'cmap'
cmap subsetted
loca subsetting not needed
Took 0.000s to subset 'post'
post subsetted
gasp subsetting not needed
FFTM NOT subset; don't know how to subset
Reading 'GDEF' table from disk
Decompiling 'GDEF' table
Took 0.004s to subset 'GDEF'
GDEF subsetted
name subsetting not needed
Took 0.004s to subset 'glyf'
glyf subsetted
Took 0.000s to subset GlyphOrder
Took 0.000s to prune 'head'
head pruned
Reading 'OS/2' table from disk
Decompiling 'OS/2' table
OS/2 Unicode ranges pruned: [0, 1, 33]
OS/2 CodePage ranges pruned: [0]
Took 0.003s to prune 'glyf'
glyf pruned
Took 0.000s to prune 'GDEF'
GDEF pruned
Reading 'name' table from disk
Decompiling 'name' table
Reading 'gasp' table from disk
Decompiling 'gasp' table
Reading 'FFTM' table from disk
Decompiling 'FFTM' table
Took 0.005s to prune 'name'
name pruned
Reading 'maxp' table from disk
Decompiling 'maxp' table
Took 0.000s to load 'maxp'
Took 0.000s to prune 'maxp'
maxp pruned
Reading 'cmap' table from disk
Decompiling 'cmap' table
Reading 'post' table from disk
Decompiling 'post' table
Took 0.017s to load 'cmap'
Took 0.000s to prune 'cmap'
cmap pruned
fpgm dropped
prep dropped
cvt  dropped
kern dropped
Took 0.000s to load 'post'
Took 0.000s to prune 'post'
post pruned
GPOS dropped
GSUB dropped
Reading 'glyf' table from disk
Decompiling 'glyf' table
Reading 'loca' table from disk
Decompiling 'loca' table
Reading 'head' table from disk
Decompiling 'head' table
Took 0.008s to load 'glyf'
Took 0.000s to prune 'glyf'
glyf pruned
Took 0.003s to close glyph list over 'cmap'
Added gid0 to subset
Closing glyph list over 'glyf': 74 glyphs before
Glyph names: ['.notdef', 'A', 'Agrave', 'B', 'C', 'Ccedilla', 'D', 'E', 'Eacute', 'Ecircumflex', 'F', 'G', 'H', 'I', 'J', 'L', 'M', 'N', 'O', 'P', 'Q', 'R', 'S', 'T', 'U', 'V', 'X', 'a', 'agrave', 'at', 'b', 'bullet', 'c', 'colon', 'comma', 'd', 'e', 'eacute', 'ecircumflex', 'eight', 'five', 'four', 'g', 'hyphen', 'i', 'l', 'm', 'multiply', 'n', 'nine', 'o', 'one', 'p', 'parenleft', 'parenright', 'percent', 'period', 'plus', 'quotedbl', 'quotesingle', 'r', 's', 'seven', 'six', 'slash', 'space', 't', 'three', 'two', 'u', 'v', 'x', 'y', 'zero']
Glyph IDs:   [0, 3, 5, 8, 10, 11, 12, 14, 15, 16, 17, 18, 19, 20, 21, 22, 23, 24, 25, 26, 27, 28, 29, 35, 36, 37, 38, 39, 40, 41, 42, 43, 44, 45, 47, 48, 49, 50, 51, 52, 53, 54, 55, 56, 57, 59, 68, 69, 70, 71, 72, 74, 76, 79, 80, 81, 82, 83, 85, 86, 87, 88, 89, 91, 92, 130, 137, 139, 140, 153, 162, 171, 172, 2816]
Closed glyph list over 'glyf': 81 glyphs after
Glyph names: ['.notdef', 'A', 'Acute', 'Agrave', 'B', 'C', 'Ccedilla', 'Circumflex', 'D', 'E', 'Eacute', 'Ecircumflex', 'F', 'G', 'Grave', 'H', 'I', 'J', 'L', 'M', 'N', 'O', 'P', 'Q', 'R', 'S', 'T', 'U', 'V', 'X', 'a', 'acute', 'agrave', 'at', 'b', 'bullet', 'c', 'cedilla', 'circumflex', 'colon', 'comma', 'd', 'e', 'eacute', 'ecircumflex', 'eight', 'five', 'four', 'g', 'grave', 'hyphen', 'i', 'l', 'm', 'multiply', 'n', 'nine', 'o', 'one', 'p', 'parenleft', 'parenright', 'percent', 'period', 'plus', 'quotedbl', 'quotesingle', 'r', 's', 'seven', 'six', 'slash', 'space', 't', 'three', 'two', 'u', 'v', 'x', 'y', 'zero']
Glyph IDs:   [0, 3, 5, 8, 10, 11, 12, 14, 15, 16, 17, 18, 19, 20, 21, 22, 23, 24, 25, 26, 27, 28, 29, 35, 36, 37, 38, 39, 40, 41, 42, 43, 44, 45, 47, 48, 49, 50, 51, 52, 53, 54, 55, 56, 57, 59, 67, 68, 69, 70, 71, 72, 74, 76, 79, 80, 81, 82, 83, 85, 86, 87, 88, 89, 91, 92, 118, 122, 130, 137, 139, 140, 153, 162, 171, 172, 648, 2816, 5638, 5640, 5641]
Took 0.003s to close glyph list over 'glyf'
Retaining 81 glyphs
head subsetting not needed
hhea subsetting not needed
maxp subsetting not needed
OS/2 subsetting not needed
Reading 'hmtx' table from disk
Decompiling 'hmtx' table
Reading 'hhea' table from disk
Decompiling 'hhea' table
Took 0.006s to subset 'hmtx'
hmtx subsetted
Took 0.005s to subset 'cmap'
cmap subsetted
loca subsetting not needed
Took 0.000s to subset 'post'
post subsetted
gasp subsetting not needed
FFTM NOT subset; don't know how to subset
Reading 'GDEF' table from disk
Decompiling 'GDEF' table
Took 0.003s to subset 'GDEF'
GDEF subsetted
name subsetting not needed
Took 0.004s to subset 'glyf'
glyf subsetted
Took 0.000s to subset GlyphOrder
Took 0.000s to prune 'head'
head pruned
Reading 'OS/2' table from disk
Decompiling 'OS/2' table
OS/2 Unicode ranges pruned: [0, 1, 31]
OS/2 CodePage ranges pruned: [0]
Took 0.002s to prune 'glyf'
glyf pruned
Took 0.000s to prune 'GDEF'
GDEF pruned
Reading 'name' table from disk
Decompiling 'name' table
Reading 'gasp' table from disk
Decompiling 'gasp' table
Reading 'FFTM' table from disk
Decompiling 'FFTM' table
Took 0.001s to prune 'name'
name pruned
Reading 'maxp' table from disk
Decompiling 'maxp' table
Took 0.000s to load 'maxp'
Took 0.000s to prune 'maxp'
maxp pruned
Reading 'cmap' table from disk
Decompiling 'cmap' table
Reading 'post' table from disk
Decompiling 'post' table
Took 0.011s to load 'cmap'
Took 0.000s to prune 'cmap'
cmap pruned
fpgm dropped
prep dropped
cvt  dropped
kern dropped
Took 0.000s to load 'post'
Took 0.000s to prune 'post'
post pruned
GPOS dropped
GSUB dropped
Reading 'glyf' table from disk
Decompiling 'glyf' table
Reading 'loca' table from disk
Decompiling 'loca' table
Reading 'head' table from disk
Decompiling 'head' table
Took 0.005s to load 'glyf'
Took 0.000s to prune 'glyf'
glyf pruned
Took 0.001s to close glyph list over 'cmap'
Added gid0 to subset
Closing glyph list over 'glyf': 23 glyphs before
Glyph names: ['.notdef', 'Q', 'a', 'c', 'ccedilla', 'comma', 'd', 'e', 'eacute', 'f', 'g', 'i', 'l', 'm', 'n', 'o', 'p', 'quotesingle', 'r', 's', 'space', 't', 'u']
Glyph IDs:   [0, 3, 10, 15, 52, 68, 70, 71, 72, 73, 74, 76, 79, 80, 81, 82, 83, 85, 86, 87, 88, 169, 171]
Closed glyph list over 'glyf': 25 glyphs after
Glyph names: ['.notdef', 'Q', 'a', 'acute', 'c', 'ccedilla', 'cedilla', 'comma', 'd', 'e', 'eacute', 'f', 'g', 'i', 'l', 'm', 'n', 'o', 'p', 'quotesingle', 'r', 's', 'space', 't', 'u']
Glyph IDs:   [0, 3, 10, 15, 52, 68, 70, 71, 72, 73, 74, 76, 79, 80, 81, 82, 83, 85, 86, 87, 88, 118, 122, 169, 171]
Took 0.002s to close glyph list over 'glyf'
Retaining 25 glyphs
head subsetting not needed
hhea subsetting not needed
maxp subsetting not needed
OS/2 subsetting not needed
Reading 'hmtx' table from disk
Decompiling 'hmtx' table
Reading 'hhea' table from disk
Decompiling 'hhea' table
Took 0.005s to subset 'hmtx'
hmtx subsetted
Took 0.003s to subset 'cmap'
cmap subsetted
loca subsetting not needed
Took 0.000s to subset 'post'
post subsetted
gasp subsetting not needed
FFTM NOT subset; don't know how to subset
Reading 'GDEF' table from disk
Decompiling 'GDEF' table
Took 0.002s to subset 'GDEF'
GDEF subsetted
name subsetting not needed
Took 0.001s to subset 'glyf'
glyf subsetted
Took 0.000s to subset GlyphOrder
Took 0.000s to prune 'head'
head pruned
Reading 'OS/2' table from disk
Decompiling 'OS/2' table
OS/2 Unicode ranges pruned: [0, 1]
OS/2 CodePage ranges pruned: [0]
Took 0.000s to prune 'glyf'
glyf pruned
Took 0.000s to prune 'GDEF'
GDEF pruned
Reading 'name' table from disk
Decompiling 'name' table
Reading 'gasp' table from disk
Decompiling 'gasp' table
Reading 'FFTM' table from disk
Decompiling 'FFTM' table
Took 0.001s to prune 'name'
name pruned
Reading 'maxp' table from disk
Decompiling 'maxp' table
Took 0.000s to load 'maxp'
Took 0.000s to prune 'maxp'
maxp pruned
Reading 'cmap' table from disk
Decompiling 'cmap' table
Reading 'post' table from disk
Decompiling 'post' table
Took 0.012s to load 'cmap'
Took 0.000s to prune 'cmap'
cmap pruned
fpgm dropped
prep dropped
cvt  dropped
kern dropped
Took 0.000s to load 'post'
Took 0.000s to prune 'post'
post pruned
GPOS dropped
GSUB dropped
Reading 'glyf' table from disk
Decompiling 'glyf' table
Reading 'loca' table from disk
Decompiling 'loca' table
Reading 'head' table from disk
Decompiling 'head' table
Took 0.005s to load 'glyf'
Took 0.000s to prune 'glyf'
glyf pruned
Took 0.001s to close glyph list over 'cmap'
Added gid0 to subset
Closing glyph list over 'glyf': 9 glyphs before
Glyph names: ['.notdef', 'comma', 'e', 'o', 'r', 's', 'space', 'u', 'zero']
Glyph IDs:   [0, 3, 15, 19, 72, 82, 85, 86, 88]
Closed glyph list over 'glyf': 9 glyphs after
Glyph names: ['.notdef', 'comma', 'e', 'o', 'r', 's', 'space', 'u', 'zero']
Glyph IDs:   [0, 3, 15, 19, 72, 82, 85, 86, 88]
Took 0.002s to close glyph list over 'glyf'
Retaining 9 glyphs
head subsetting not needed
hhea subsetting not needed
maxp subsetting not needed
OS/2 subsetting not needed
Reading 'hmtx' table from disk
Decompiling 'hmtx' table
Reading 'hhea' table from disk
Decompiling 'hhea' table
Took 0.004s to subset 'hmtx'
hmtx subsetted
Took 0.003s to subset 'cmap'
cmap subsetted
loca subsetting not needed
Took 0.000s to subset 'post'
post subsetted
gasp subsetting not needed
FFTM NOT subset; don't know how to subset
Reading 'GDEF' table from disk
Decompiling 'GDEF' table
Took 0.003s to subset 'GDEF'
GDEF subsetted
name subsetting not needed
Took 0.001s to subset 'glyf'
glyf subsetted
Took 0.001s to subset GlyphOrder
Took 0.000s to prune 'head'
head pruned
Reading 'OS/2' table from disk
Decompiling 'OS/2' table
OS/2 Unicode ranges pruned: [0]
OS/2 CodePage ranges pruned: [0]
Took 0.000s to prune 'glyf'
glyf pruned
Took 0.000s to prune 'GDEF'
GDEF pruned
Reading 'name' table from disk
Decompiling 'name' table
Reading 'gasp' table from disk
Decompiling 'gasp' table
Reading 'FFTM' table from disk
Decompiling 'FFTM' table
Took 0.001s to prune 'name'
name pruned
Reading 'maxp' table from disk
Decompiling 'maxp' table
Took 0.000s to load 'maxp'
Took 0.000s to prune 'maxp'
maxp pruned
LTSH dropped
VDMX dropped
hdmx dropped
Reading 'cmap' table from disk
Decompiling 'cmap' table
Took 0.000s to load 'cmap'
Took 0.000s to prune 'cmap'
cmap pruned
fpgm dropped
prep dropped
cvt  dropped
kern dropped
Reading 'post' table from disk
Decompiling 'post' table
Took 0.000s to load 'post'
Took 0.000s to prune 'post'
post pruned
PCLT dropped
JSTF dropped
GPOS dropped
GSUB dropped
Reading 'glyf' table from disk
Decompiling 'glyf' table
Reading 'loca' table from disk
Decompiling 'loca' table
Reading 'head' table from disk
Decompiling 'head' table
Reading 'cmap' table from disk
Decompiling 'cmap' table
Took 0.020s to load 'glyf'
Took 0.000s to prune 'glyf'
glyf pruned
Took 0.006s to close glyph list over 'cmap'
Added gid0 to subset
Closing glyph list over 'glyf': 11 glyphs before
Glyph names: ['.notdef', 'A', 'D', 'I', 'N', 'O', 'R', 'S', 'T', 'U', 'quotesingle']
Glyph IDs:   [0, 10, 36, 39, 44, 49, 50, 53, 54, 55, 56]
Closed glyph list over 'glyf': 11 glyphs after
Glyph names: ['.notdef', 'A', 'D', 'I', 'N', 'O', 'R', 'S', 'T', 'U', 'quotesingle']
Glyph IDs:   [0, 10, 36, 39, 44, 49, 50, 53, 54, 55, 56]
Took 0.001s to close glyph list over 'glyf'
Retaining 11 glyphs
head subsetting not needed
hhea subsetting not needed
maxp subsetting not needed
OS/2 subsetting not needed
Reading 'hmtx' table from disk
Decompiling 'hmtx' table
Reading 'hhea' table from disk
Decompiling 'hhea' table
Took 0.004s to subset 'hmtx'
hmtx subsetted
Took 0.001s to subset 'cmap'
cmap subsetted
loca subsetting not needed
Took 0.000s to subset 'post'
post subsetted
gasp subsetting not needed
meta NOT subset; don't know how to subset
Reading 'GDEF' table from disk
Decompiling 'GDEF' table
Took 0.005s to subset 'GDEF'
GDEF subsetted
name subsetting not needed
Took 0.001s to subset 'glyf'
glyf subsetted
Took 0.000s to subset GlyphOrder
Took 0.000s to prune 'head'
head pruned
Reading 'OS/2' table from disk
Decompiling 'OS/2' table
OS/2 Unicode ranges pruned: [0]
OS/2 CodePage ranges pruned: [0]
Took 0.000s to prune 'glyf'
glyf pruned
Took 0.000s to prune 'GDEF'
GDEF pruned
Reading 'name' table from disk
Decompiling 'name' table
Reading 'gasp' table from disk
Decompiling 'gasp' table
Reading 'meta' table from disk
Decompiling 'meta' table
Took 0.002s to prune 'name'
name pruned
Unknown rendering option: timeout.
Ignored `src: local("Segoe UI"), local("Helvetica Neue"), local("Arial"), sans-serif` at 5:13, invalid value.
Missing src descriptor in '@font-face' rule at 3:9
Ignored `src: local("Georgia"), local("Times New Roman"), serif` at 10:13, invalid value.
Missing src descriptor in '@font-face' rule at 8:9
Ignored `word-break: break-word` at 236:13, invalid value.
Ignored `word-break: break-word` at 248:13, invalid value.
Reading 'maxp' table from disk
Decompiling 'maxp' table
Took 0.000s to load 'maxp'
Took 0.000s to prune 'maxp'
maxp pruned
Reading 'cmap' table from disk
Decompiling 'cmap' table
Reading 'post' table from disk
Decompiling 'post' table
Took 0.013s to load 'cmap'
Took 0.000s to prune 'cmap'
cmap pruned
fpgm dropped
prep dropped
cvt  dropped
kern dropped
Took 0.000s to load 'post'
Took 0.000s to prune 'post'
post pruned
GPOS dropped
GSUB dropped
Reading 'glyf' table from disk
Decompiling 'glyf' table
Reading 'loca' table from disk
Decompiling 'loca' table
Reading 'head' table from disk
Decompiling 'head' table
Took 0.006s to load 'glyf'
Took 0.000s to prune 'glyf'
glyf pruned
Took 0.002s to close glyph list over 'cmap'
Added gid0 to subset
Closing glyph list over 'glyf': 52 glyphs before
Glyph names: ['.notdef', 'A', 'B', 'C', 'D', 'E', 'Eacute', 'Euro', 'G', 'H', 'I', 'L', 'M', 'N', 'O', 'P', 'Q', 'R', 'S', 'T', 'U', 'V', 'X', 'a', 'c', 'comma', 'd', 'degree', 'e', 'eacute', 'four', 'g', 'hyphen', 'i', 'j', 'l', 'n', 'o', 'one', 'p', 'period', 'quotesingle', 'r', 's', 'six', 'slash', 'space', 't', 'three', 'two', 'u', 'zero']
Glyph IDs:   [0, 3, 10, 15, 16, 17, 18, 19, 20, 21, 22, 23, 25, 36, 37, 38, 39, 40, 42, 43, 44, 47, 48, 49, 50, 51, 52, 53, 54, 55, 56, 57, 59, 68, 70, 71, 72, 74, 76, 77, 79, 81, 82, 83, 85, 86, 87, 88, 114, 139, 171, 2943]
Closed glyph list over 'glyf': 54 glyphs after
Glyph names: ['.notdef', 'A', 'Acute', 'B', 'C', 'D', 'E', 'Eacute', 'Euro', 'G', 'H', 'I', 'L', 'M', 'N', 'O', 'P', 'Q', 'R', 'S', 'T', 'U', 'V', 'X', 'a', 'acute', 'c', 'comma', 'd', 'degree', 'e', 'eacute', 'four', 'g', 'hyphen', 'i', 'j', 'l', 'n', 'o', 'one', 'p', 'period', 'quotesingle', 'r', 's', 'six', 'slash', 'space', 't', 'three', 'two', 'u', 'zero']
Glyph IDs:   [0, 3, 10, 15, 16, 17, 18, 19, 20, 21, 22, 23, 25, 36, 37, 38, 39, 40, 42, 43, 44, 47, 48, 49, 50, 51, 52, 53, 54, 55, 56, 57, 59, 68, 70, 71, 72, 74, 76, 77, 79, 81, 82, 83, 85, 86, 87, 88, 114, 118, 139, 171, 2943, 5564]
Took 0.002s to close glyph list over 'glyf'
Retaining 54 glyphs
head subsetting not needed
hhea subsetting not needed
maxp subsetting not needed
OS/2 subsetting not needed
Reading 'hmtx' table from disk
Decompiling 'hmtx' table
Reading 'hhea' table from disk
Decompiling 'hhea' table
Took 0.005s to subset 'hmtx'
hmtx subsetted
Took 0.004s to subset 'cmap'
cmap subsetted
loca subsetting not needed
Took 0.000s to subset 'post'
post subsetted
gasp subsetting not needed
FFTM NOT subset; don't know how to subset
Reading 'GDEF' table from disk
Decompiling 'GDEF' table
Took 0.003s to subset 'GDEF'
GDEF subsetted
name subsetting not needed
Took 0.004s to subset 'glyf'
glyf subsetted
Took 0.000s to subset GlyphOrder
Took 0.000s to prune 'head'
head pruned
Reading 'OS/2' table from disk
Decompiling 'OS/2' table
OS/2 Unicode ranges pruned: [0, 1, 33]
OS/2 CodePage ranges pruned: [0]
Took 0.003s to prune 'glyf'
glyf pruned
Took 0.000s to prune 'GDEF'
GDEF pruned
Reading 'name' table from disk
Decompiling 'name' table
Reading 'gasp' table from disk
Decompiling 'gasp' table
Reading 'FFTM' table from disk
Decompiling 'FFTM' table
Took 0.002s to prune 'name'
name pruned
Reading 'maxp' table from disk
Decompiling 'maxp' table
Took 0.000s to load 'maxp'
Took 0.000s to prune 'maxp'
maxp pruned
Reading 'cmap' table from disk
Decompiling 'cmap' table
Reading 'post' table from disk
Decompiling 'post' table
Took 0.015s to load 'cmap'
Took 0.000s to prune 'cmap'
cmap pruned
fpgm dropped
prep dropped
cvt  dropped
kern dropped
Took 0.000s to load 'post'
Took 0.000s to prune 'post'
post pruned
GPOS dropped
GSUB dropped
Reading 'glyf' table from disk
Decompiling 'glyf' table
Reading 'loca' table from disk
Decompiling 'loca' table
Reading 'head' table from disk
Decompiling 'head' table
Took 0.005s to load 'glyf'
Took 0.000s to prune 'glyf'
glyf pruned
Took 0.002s to close glyph list over 'cmap'
Added gid0 to subset
Closing glyph list over 'glyf': 74 glyphs before
Glyph names: ['.notdef', 'A', 'Agrave', 'B', 'C', 'Ccedilla', 'D', 'E', 'Eacute', 'Ecircumflex', 'F', 'G', 'H', 'I', 'J', 'L', 'M', 'N', 'O', 'P', 'Q', 'R', 'S', 'T', 'U', 'V', 'X', 'a', 'agrave', 'at', 'b', 'bullet', 'c', 'colon', 'comma', 'd', 'e', 'eacute', 'ecircumflex', 'eight', 'five', 'four', 'g', 'hyphen', 'i', 'l', 'm', 'multiply', 'n', 'nine', 'o', 'one', 'p', 'parenleft', 'parenright', 'percent', 'period', 'plus', 'quotedbl', 'quotesingle', 'r', 's', 'seven', 'six', 'slash', 'space', 't', 'three', 'two', 'u', 'v', 'x', 'y', 'zero']
Glyph IDs:   [0, 3, 5, 8, 10, 11, 12, 14, 15, 16, 17, 18, 19, 20, 21, 22, 23, 24, 25, 26, 27, 28, 29, 35, 36, 37, 38, 39, 40, 41, 42, 43, 44, 45, 47, 48, 49, 50, 51, 52, 53, 54, 55, 56, 57, 59, 68, 69, 70, 71, 72, 74, 76, 79, 80, 81, 82, 83, 85, 86, 87, 88, 89, 91, 92, 130, 137, 139, 140, 153, 162, 171, 172, 2816]
Closed glyph list over 'glyf': 81 glyphs after
Glyph names: ['.notdef', 'A', 'Acute', 'Agrave', 'B', 'C', 'Ccedilla', 'Circumflex', 'D', 'E', 'Eacute', 'Ecircumflex', 'F', 'G', 'Grave', 'H', 'I', 'J', 'L', 'M', 'N', 'O', 'P', 'Q', 'R', 'S', 'T', 'U', 'V', 'X', 'a', 'acute', 'agrave', 'at', 'b', 'bullet', 'c', 'cedilla', 'circumflex', 'colon', 'comma', 'd', 'e', 'eacute', 'ecircumflex', 'eight', 'five', 'four', 'g', 'grave', 'hyphen', 'i', 'l', 'm', 'multiply', 'n', 'nine', 'o', 'one', 'p', 'parenleft', 'parenright', 'percent', 'period', 'plus', 'quotedbl', 'quotesingle', 'r', 's', 'seven', 'six', 'slash', 'space', 't', 'three', 'two', 'u', 'v', 'x', 'y', 'zero']
Glyph IDs:   [0, 3, 5, 8, 10, 11, 12, 14, 15, 16, 17, 18, 19, 20, 21, 22, 23, 24, 25, 26, 27, 28, 29, 35, 36, 37, 38, 39, 40, 41, 42, 43, 44, 45, 47, 48, 49, 50, 51, 52, 53, 54, 55, 56, 57, 59, 67, 68, 69, 70, 71, 72, 74, 76, 79, 80, 81, 82, 83, 85, 86, 87, 88, 89, 91, 92, 118, 122, 130, 137, 139, 140, 153, 162, 171, 172, 648, 2816, 5638, 5640, 5641]
Took 0.002s to close glyph list over 'glyf'
Retaining 81 glyphs
head subsetting not needed
hhea subsetting not needed
maxp subsetting not needed
OS/2 subsetting not needed
Reading 'hmtx' table from disk
Decompiling 'hmtx' table
Reading 'hhea' table from disk
Decompiling 'hhea' table
Took 0.005s to subset 'hmtx'
hmtx subsetted
Took 0.004s to subset 'cmap'
cmap subsetted
loca subsetting not needed
Took 0.000s to subset 'post'
post subsetted
gasp subsetting not needed
FFTM NOT subset; don't know how to subset
Reading 'GDEF' table from disk
Decompiling 'GDEF' table
Took 0.003s to subset 'GDEF'
GDEF subsetted
name subsetting not needed
Took 0.004s to subset 'glyf'
glyf subsetted
Took 0.000s to subset GlyphOrder
Took 0.000s to prune 'head'
head pruned
Reading 'OS/2' table from disk
Decompiling 'OS/2' table
OS/2 Unicode ranges pruned: [0, 1, 31]
OS/2 CodePage ranges pruned: [0]
Took 0.002s to prune 'glyf'
glyf pruned
Took 0.000s to prune 'GDEF'
GDEF pruned
Reading 'name' table from disk
Decompiling 'name' table
Reading 'gasp' table from disk
Decompiling 'gasp' table
Reading 'FFTM' table from disk
Decompiling 'FFTM' table
Took 0.001s to prune 'name'
name pruned
Reading 'maxp' table from disk
Decompiling 'maxp' table
Took 0.000s to load 'maxp'
Took 0.000s to prune 'maxp'
maxp pruned
Reading 'cmap' table from disk
Decompiling 'cmap' table
Reading 'post' table from disk
Decompiling 'post' table
Took 0.011s to load 'cmap'
Took 0.000s to prune 'cmap'
cmap pruned
fpgm dropped
prep dropped
cvt  dropped
kern dropped
Took 0.000s to load 'post'
Took 0.000s to prune 'post'
post pruned
GPOS dropped
GSUB dropped
Reading 'glyf' table from disk
Decompiling 'glyf' table
Reading 'loca' table from disk
Decompiling 'loca' table
Reading 'head' table from disk
Decompiling 'head' table
Took 0.064s to load 'glyf'
Took 0.000s to prune 'glyf'
glyf pruned
Took 0.001s to close glyph list over 'cmap'
Added gid0 to subset
Closing glyph list over 'glyf': 23 glyphs before
Glyph names: ['.notdef', 'Q', 'a', 'c', 'ccedilla', 'comma', 'd', 'e', 'eacute', 'f', 'g', 'i', 'l', 'm', 'n', 'o', 'p', 'quotesingle', 'r', 's', 'space', 't', 'u']
Glyph IDs:   [0, 3, 10, 15, 52, 68, 70, 71, 72, 73, 74, 76, 79, 80, 81, 82, 83, 85, 86, 87, 88, 169, 171]
Closed glyph list over 'glyf': 25 glyphs after
Glyph names: ['.notdef', 'Q', 'a', 'acute', 'c', 'ccedilla', 'cedilla', 'comma', 'd', 'e', 'eacute', 'f', 'g', 'i', 'l', 'm', 'n', 'o', 'p', 'quotesingle', 'r', 's', 'space', 't', 'u']
Glyph IDs:   [0, 3, 10, 15, 52, 68, 70, 71, 72, 73, 74, 76, 79, 80, 81, 82, 83, 85, 86, 87, 88, 118, 122, 169, 171]
Took 0.002s to close glyph list over 'glyf'
Retaining 25 glyphs
head subsetting not needed
hhea subsetting not needed
maxp subsetting not needed
OS/2 subsetting not needed
Reading 'hmtx' table from disk
Decompiling 'hmtx' table
Reading 'hhea' table from disk
Decompiling 'hhea' table
Took 0.004s to subset 'hmtx'
hmtx subsetted
Took 0.002s to subset 'cmap'
cmap subsetted
loca subsetting not needed
Took 0.000s to subset 'post'
post subsetted
gasp subsetting not needed
FFTM NOT subset; don't know how to subset
Reading 'GDEF' table from disk
Decompiling 'GDEF' table
Took 0.002s to subset 'GDEF'
GDEF subsetted
name subsetting not needed
Took 0.002s to subset 'glyf'
glyf subsetted
Took 0.000s to subset GlyphOrder
Took 0.000s to prune 'head'
head pruned
Reading 'OS/2' table from disk
Decompiling 'OS/2' table
OS/2 Unicode ranges pruned: [0, 1]
OS/2 CodePage ranges pruned: [0]
Took 0.000s to prune 'glyf'
glyf pruned
Took 0.000s to prune 'GDEF'
GDEF pruned
Reading 'name' table from disk
Decompiling 'name' table
Reading 'gasp' table from disk
Decompiling 'gasp' table
Reading 'FFTM' table from disk
Decompiling 'FFTM' table
Took 0.002s to prune 'name'
name pruned
Reading 'maxp' table from disk
Decompiling 'maxp' table
Took 0.000s to load 'maxp'
Took 0.000s to prune 'maxp'
maxp pruned
Reading 'cmap' table from disk
Decompiling 'cmap' table
Reading 'post' table from disk
Decompiling 'post' table
Took 0.013s to load 'cmap'
Took 0.000s to prune 'cmap'
cmap pruned
fpgm dropped
prep dropped
cvt  dropped
kern dropped
Took 0.000s to load 'post'
Took 0.000s to prune 'post'
post pruned
GPOS dropped
GSUB dropped
Reading 'glyf' table from disk
Decompiling 'glyf' table
Reading 'loca' table from disk
Decompiling 'loca' table
Reading 'head' table from disk
Decompiling 'head' table
Took 0.006s to load 'glyf'
Took 0.000s to prune 'glyf'
glyf pruned
Took 0.001s to close glyph list over 'cmap'
Added gid0 to subset
Closing glyph list over 'glyf': 9 glyphs before
Glyph names: ['.notdef', 'comma', 'e', 'o', 'r', 's', 'space', 'u', 'zero']
Glyph IDs:   [0, 3, 15, 19, 72, 82, 85, 86, 88]
Closed glyph list over 'glyf': 9 glyphs after
Glyph names: ['.notdef', 'comma', 'e', 'o', 'r', 's', 'space', 'u', 'zero']
Glyph IDs:   [0, 3, 15, 19, 72, 82, 85, 86, 88]
Took 0.002s to close glyph list over 'glyf'
Retaining 9 glyphs
head subsetting not needed
hhea subsetting not needed
maxp subsetting not needed
OS/2 subsetting not needed
Reading 'hmtx' table from disk
Decompiling 'hmtx' table
Reading 'hhea' table from disk
Decompiling 'hhea' table
Took 0.004s to subset 'hmtx'
hmtx subsetted
Took 0.005s to subset 'cmap'
cmap subsetted
loca subsetting not needed
Took 0.000s to subset 'post'
post subsetted
gasp subsetting not needed
FFTM NOT subset; don't know how to subset
Reading 'GDEF' table from disk
Decompiling 'GDEF' table
Took 0.002s to subset 'GDEF'
GDEF subsetted
name subsetting not needed
Took 0.002s to subset 'glyf'
glyf subsetted
Took 0.000s to subset GlyphOrder
Took 0.000s to prune 'head'
head pruned
Reading 'OS/2' table from disk
Decompiling 'OS/2' table
OS/2 Unicode ranges pruned: [0]
OS/2 CodePage ranges pruned: [0]
Took 0.000s to prune 'glyf'
glyf pruned
Took 0.000s to prune 'GDEF'
GDEF pruned
Reading 'name' table from disk
Decompiling 'name' table
Reading 'gasp' table from disk
Decompiling 'gasp' table
Reading 'FFTM' table from disk
Decompiling 'FFTM' table
Took 0.002s to prune 'name'
name pruned
Reading 'maxp' table from disk
Decompiling 'maxp' table
Took 0.000s to load 'maxp'
Took 0.000s to prune 'maxp'
maxp pruned
LTSH dropped
VDMX dropped
hdmx dropped
Reading 'cmap' table from disk
Decompiling 'cmap' table
Took 0.000s to load 'cmap'
Took 0.000s to prune 'cmap'
cmap pruned
fpgm dropped
prep dropped
cvt  dropped
kern dropped
Reading 'post' table from disk
Decompiling 'post' table
Took 0.000s to load 'post'
Took 0.000s to prune 'post'
post pruned
PCLT dropped
JSTF dropped
GPOS dropped
GSUB dropped
Reading 'glyf' table from disk
Decompiling 'glyf' table
Reading 'loca' table from disk
Decompiling 'loca' table
Reading 'head' table from disk
Decompiling 'head' table
Reading 'cmap' table from disk
Decompiling 'cmap' table
Took 0.030s to load 'glyf'
Took 0.000s to prune 'glyf'
glyf pruned
Took 0.005s to close glyph list over 'cmap'
Added gid0 to subset
Closing glyph list over 'glyf': 11 glyphs before
Glyph names: ['.notdef', 'A', 'D', 'I', 'N', 'O', 'R', 'S', 'T', 'U', 'quotesingle']
Glyph IDs:   [0, 10, 36, 39, 44, 49, 50, 53, 54, 55, 56]
Closed glyph list over 'glyf': 11 glyphs after
Glyph names: ['.notdef', 'A', 'D', 'I', 'N', 'O', 'R', 'S', 'T', 'U', 'quotesingle']
Glyph IDs:   [0, 10, 36, 39, 44, 49, 50, 53, 54, 55, 56]
Took 0.004s to close glyph list over 'glyf'
Retaining 11 glyphs
head subsetting not needed
hhea subsetting not needed
maxp subsetting not needed
OS/2 subsetting not needed
Reading 'hmtx' table from disk
Decompiling 'hmtx' table
Reading 'hhea' table from disk
Decompiling 'hhea' table
Took 0.004s to subset 'hmtx'
hmtx subsetted
Took 0.001s to subset 'cmap'
cmap subsetted
loca subsetting not needed
Took 0.000s to subset 'post'
post subsetted
gasp subsetting not needed
meta NOT subset; don't know how to subset
Reading 'GDEF' table from disk
Decompiling 'GDEF' table
Took 0.005s to subset 'GDEF'
GDEF subsetted
name subsetting not needed
Took 0.002s to subset 'glyf'
glyf subsetted
Took 0.000s to subset GlyphOrder
Took 0.000s to prune 'head'
head pruned
Reading 'OS/2' table from disk
Decompiling 'OS/2' table
OS/2 Unicode ranges pruned: [0]
OS/2 CodePage ranges pruned: [0]
Took 0.000s to prune 'glyf'
glyf pruned
Took 0.000s to prune 'GDEF'
GDEF pruned
Reading 'name' table from disk
Decompiling 'name' table
Reading 'gasp' table from disk
Decompiling 'gasp' table
Reading 'meta' table from disk
Decompiling 'meta' table
Took 0.002s to prune 'name'
name pruned
...Unknown rendering option: timeout.
Ignored `src: local("Segoe UI"), local("Helvetica Neue"), local("Arial"), sans-serif` at 5:13, invalid value.
Missing src descriptor in '@font-face' rule at 3:9
Ignored `src: local("Georgia"), local("Times New Roman"), serif` at 10:13, invalid value.
Missing src descriptor in '@font-face' rule at 8:9
Ignored `word-break: break-word` at 261:13, invalid value.
Ignored `word-break: break-word` at 273:13, invalid value.
Reading 'maxp' table from disk
Decompiling 'maxp' table
Took 0.000s to load 'maxp'
Took 0.000s to prune 'maxp'
maxp pruned
Reading 'cmap' table from disk
Decompiling 'cmap' table
Reading 'post' table from disk
Decompiling 'post' table
Took 0.018s to load 'cmap'
Took 0.000s to prune 'cmap'
cmap pruned
fpgm dropped
prep dropped
cvt  dropped
kern dropped
Took 0.000s to load 'post'
Took 0.000s to prune 'post'
post pruned
GPOS dropped
GSUB dropped
Reading 'glyf' table from disk
Decompiling 'glyf' table
Reading 'loca' table from disk
Decompiling 'loca' table
Reading 'head' table from disk
Decompiling 'head' table
Took 0.015s to load 'glyf'
Took 0.000s to prune 'glyf'
glyf pruned
Took 0.002s to close glyph list over 'cmap'
Added gid0 to subset
Closing glyph list over 'glyf': 58 glyphs before
Glyph names: ['.notdef', 'A', 'Agrave', 'B', 'C', 'D', 'E', 'Eacute', 'Egrave', 'Euro', 'F', 'G', 'H', 'I', 'L', 'M', 'N', 'O', 'P', 'Q', 'R', 'S', 'T', 'U', 'V', 'X', 'a', 'b', 'c', 'comma', 'd', 'degree', 'e', 'eacute', 'five', 'four', 'hyphen', 'i', 'l', 'm', 'n', 'o', 'one', 'p', 'period', 'quotesingle', 'r', 's', 'six', 'slash', 'space', 't', 'three', 'two', 'u', 'uni25D0', 'v', 'zero']
Glyph IDs:   [0, 3, 10, 15, 16, 17, 18, 19, 20, 21, 22, 23, 24, 25, 36, 37, 38, 39, 40, 41, 42, 43, 44, 47, 48, 49, 50, 51, 52, 53, 54, 55, 56, 57, 59, 68, 69, 70, 71, 72, 76, 79, 80, 81, 82, 83, 85, 86, 87, 88, 89, 114, 130, 138, 139, 171, 2943, 3617]
Closed glyph list over 'glyf': 61 glyphs after
Glyph names: ['.notdef', 'A', 'Acute', 'Agrave', 'B', 'C', 'D', 'E', 'Eacute', 'Egrave', 'Euro', 'F', 'G', 'Grave', 'H', 'I', 'L', 'M', 'N', 'O', 'P', 'Q', 'R', 'S', 'T', 'U', 'V', 'X', 'a', 'acute', 'b', 'c', 'comma', 'd', 'degree', 'e', 'eacute', 'five', 'four', 'hyphen', 'i', 'l', 'm', 'n', 'o', 'one', 'p', 'period', 'quotesingle', 'r', 's', 'six', 'slash', 'space', 't', 'three', 'two', 'u', 'uni25D0', 'v', 'zero']
Glyph IDs:   [0, 3, 10, 15, 16, 17, 18, 19, 20, 21, 22, 23, 24, 25, 36, 37, 38, 39, 40, 41, 42, 43, 44, 47, 48, 49, 50, 51, 52, 53, 54, 55, 56, 57, 59, 68, 69, 70, 71, 72, 76, 79, 80, 81, 82, 83, 85, 86, 87, 88, 89, 114, 118, 130, 138, 139, 171, 2943, 3617, 5564, 5566]
Took 0.003s to close glyph list over 'glyf'
Retaining 61 glyphs
head subsetting not needed
hhea subsetting not needed
maxp subsetting not needed
OS/2 subsetting not needed
Reading 'hmtx' table from disk
Decompiling 'hmtx' table
Reading 'hhea' table from disk
Decompiling 'hhea' table
Took 0.005s to subset 'hmtx'
hmtx subsetted
Took 0.005s to subset 'cmap'
cmap subsetted
loca subsetting not needed
Took 0.000s to subset 'post'
post subsetted
gasp subsetting not needed
FFTM NOT subset; don't know how to subset
Reading 'GDEF' table from disk
Decompiling 'GDEF' table
Took 0.004s to subset 'GDEF'
GDEF subsetted
name subsetting not needed
Took 0.009s to subset 'glyf'
glyf subsetted
Took 0.001s to subset GlyphOrder
Took 0.000s to prune 'head'
head pruned
Reading 'OS/2' table from disk
Decompiling 'OS/2' table
OS/2 Unicode ranges pruned: [0, 1, 33, 45]
OS/2 CodePage ranges pruned: [0]
Took 0.002s to prune 'glyf'
glyf pruned
Took 0.000s to prune 'GDEF'
GDEF pruned
Reading 'name' table from disk
Decompiling 'name' table
Reading 'gasp' table from disk
Decompiling 'gasp' table
Reading 'FFTM' table from disk
Decompiling 'FFTM' table
Took 0.002s to prune 'name'
name pruned
Reading 'maxp' table from disk
Decompiling 'maxp' table
Took 0.000s to load 'maxp'
Took 0.000s to prune 'maxp'
maxp pruned
Reading 'cmap' table from disk
Decompiling 'cmap' table
Reading 'post' table from disk
Decompiling 'post' table
Took 0.053s to load 'cmap'
Took 0.000s to prune 'cmap'
cmap pruned
fpgm dropped
prep dropped
cvt  dropped
kern dropped
Took 0.000s to load 'post'
Took 0.000s to prune 'post'
post pruned
GPOS dropped
GSUB dropped
Reading 'glyf' table from disk
Decompiling 'glyf' table
Reading 'loca' table from disk
Decompiling 'loca' table
Reading 'head' table from disk
Decompiling 'head' table
Took 0.042s to load 'glyf'
Took 0.000s to prune 'glyf'
glyf pruned
Took 0.003s to close glyph list over 'cmap'
Added gid0 to subset
Closing glyph list over 'glyf': 72 glyphs before
Glyph names: ['.notdef', 'A', 'Agrave', 'B', 'C', 'Ccedilla', 'D', 'E', 'Eacute', 'Ecircumflex', 'Euro', 'F', 'G', 'H', 'I', 'J', 'L', 'M', 'N', 'O', 'P', 'Q', 'R', 'S', 'T', 'U', 'V', 'a', 'agrave', 'at', 'b', 'bullet', 'c', 'colon', 'comma', 'd', 'e', 'eacute', 'eight', 'emdash', 'f', 'five', 'four', 'g', 'hyphen', 'i', 'l', 'm', 'n', 'nine', 'o', 'one', 'p', 'parenleft', 'parenright', 'percent', 'period', 'plus', 'quotesingle', 'r', 's', 'seven', 'six', 'slash', 'space', 't', 'three', 'two', 'u', 'v', 'y', 'zero']
Glyph IDs:   [0, 3, 8, 10, 11, 12, 14, 15, 16, 17, 18, 19, 20, 21, 22, 23, 24, 25, 26, 27, 28, 29, 35, 36, 37, 38, 39, 40, 41, 42, 43, 44, 45, 47, 48, 49, 50, 51, 52, 53, 54, 55, 56, 57, 68, 69, 70, 71, 72, 73, 74, 76, 79, 80, 81, 82, 83, 85, 86, 87, 88, 89, 92, 130, 137, 139, 140, 162, 171, 2802, 2816, 2943]
Closed glyph list over 'glyf': 78 glyphs after
Glyph names: ['.notdef', 'A', 'Acute', 'Agrave', 'B', 'C', 'Ccedilla', 'Circumflex', 'D', 'E', 'Eacute', 'Ecircumflex', 'Euro', 'F', 'G', 'Grave', 'H', 'I', 'J', 'L', 'M', 'N', 'O', 'P', 'Q', 'R', 'S', 'T', 'U', 'V', 'a', 'acute', 'agrave', 'at', 'b', 'bullet', 'c', 'cedilla', 'colon', 'comma', 'd', 'e', 'eacute', 'eight', 'emdash', 'f', 'five', 'four', 'g', 'grave', 'hyphen', 'i', 'l', 'm', 'n', 'nine', 'o', 'one', 'p', 'parenleft', 'parenright', 'percent', 'period', 'plus', 'quotesingle', 'r', 's', 'seven', 'six', 'slash', 'space', 't', 'three', 'two', 'u', 'v', 'y', 'zero']
Glyph IDs:   [0, 3, 8, 10, 11, 12, 14, 15, 16, 17, 18, 19, 20, 21, 22, 23, 24, 25, 26, 27, 28, 29, 35, 36, 37, 38, 39, 40, 41, 42, 43, 44, 45, 47, 48, 49, 50, 51, 52, 53, 54, 55, 56, 57, 67, 68, 69, 70, 71, 72, 73, 74, 76, 79, 80, 81, 82, 83, 85, 86, 87, 88, 89, 92, 118, 122, 130, 137, 139, 140, 162, 171, 2802, 2816, 2943, 5638, 5640, 5641]
Took 0.008s to close glyph list over 'glyf'
Retaining 78 glyphs
head subsetting not needed
hhea subsetting not needed
maxp subsetting not needed
OS/2 subsetting not needed
Reading 'hmtx' table from disk
Decompiling 'hmtx' table
Reading 'hhea' table from disk
Decompiling 'hhea' table
Took 0.010s to subset 'hmtx'
hmtx subsetted
Took 0.007s to subset 'cmap'
cmap subsetted
loca subsetting not needed
Took 0.000s to subset 'post'
post subsetted
gasp subsetting not needed
FFTM NOT subset; don't know how to subset
Reading 'GDEF' table from disk
Decompiling 'GDEF' table
Took 0.005s to subset 'GDEF'
GDEF subsetted
name subsetting not needed
Took 0.010s to subset 'glyf'
glyf subsetted
Took 0.000s to subset GlyphOrder
Took 0.000s to prune 'head'
head pruned
Reading 'OS/2' table from disk
Decompiling 'OS/2' table
OS/2 Unicode ranges pruned: [0, 1, 31, 33]
OS/2 CodePage ranges pruned: [0]
Took 0.003s to prune 'glyf'
glyf pruned
Took 0.000s to prune 'GDEF'
GDEF pruned
Reading 'name' table from disk
Decompiling 'name' table
Reading 'gasp' table from disk
Decompiling 'gasp' table
Reading 'FFTM' table from disk
Decompiling 'FFTM' table
Took 0.002s to prune 'name'
name pruned
Reading 'maxp' table from disk
Decompiling 'maxp' table
Took 0.000s to load 'maxp'
Took 0.000s to prune 'maxp'
maxp pruned
Reading 'cmap' table from disk
Decompiling 'cmap' table
Reading 'post' table from disk
Decompiling 'post' table
Took 0.036s to load 'cmap'
Took 0.000s to prune 'cmap'
cmap pruned
fpgm dropped
prep dropped
cvt  dropped
kern dropped
Took 0.000s to load 'post'
Took 0.000s to prune 'post'
post pruned
GPOS dropped
GSUB dropped
Reading 'glyf' table from disk
Decompiling 'glyf' table
Reading 'loca' table from disk
Decompiling 'loca' table
Reading 'head' table from disk
Decompiling 'head' table
Took 0.010s to load 'glyf'
Took 0.005s to prune 'glyf'
glyf pruned
Took 0.003s to close glyph list over 'cmap'
Added gid0 to subset
Closing glyph list over 'glyf': 23 glyphs before
Glyph names: ['.notdef', 'Q', 'a', 'c', 'ccedilla', 'comma', 'd', 'e', 'eacute', 'f', 'g', 'i', 'l', 'm', 'n', 'o', 'p', 'quotesingle', 'r', 's', 'space', 't', 'u']
Glyph IDs:   [0, 3, 10, 15, 52, 68, 70, 71, 72, 73, 74, 76, 79, 80, 81, 82, 83, 85, 86, 87, 88, 169, 171]
Closed glyph list over 'glyf': 25 glyphs after
Glyph names: ['.notdef', 'Q', 'a', 'acute', 'c', 'ccedilla', 'cedilla', 'comma', 'd', 'e', 'eacute', 'f', 'g', 'i', 'l', 'm', 'n', 'o', 'p', 'quotesingle', 'r', 's', 'space', 't', 'u']
Glyph IDs:   [0, 3, 10, 15, 52, 68, 70, 71, 72, 73, 74, 76, 79, 80, 81, 82, 83, 85, 86, 87, 88, 118, 122, 169, 171]
Took 0.003s to close glyph list over 'glyf'
Retaining 25 glyphs
head subsetting not needed
hhea subsetting not needed
maxp subsetting not needed
OS/2 subsetting not needed
Reading 'hmtx' table from disk
Decompiling 'hmtx' table
Reading 'hhea' table from disk
Decompiling 'hhea' table
Took 0.013s to subset 'hmtx'
hmtx subsetted
Took 0.006s to subset 'cmap'
cmap subsetted
loca subsetting not needed
Took 0.000s to subset 'post'
post subsetted
gasp subsetting not needed
FFTM NOT subset; don't know how to subset
Reading 'GDEF' table from disk
Decompiling 'GDEF' table
Took 0.007s to subset 'GDEF'
GDEF subsetted
name subsetting not needed
Took 0.002s to subset 'glyf'
glyf subsetted
Took 0.000s to subset GlyphOrder
Took 0.000s to prune 'head'
head pruned
Reading 'OS/2' table from disk
Decompiling 'OS/2' table
OS/2 Unicode ranges pruned: [0, 1]
OS/2 CodePage ranges pruned: [0]
Took 0.001s to prune 'glyf'
glyf pruned
Took 0.000s to prune 'GDEF'
GDEF pruned
Reading 'name' table from disk
Decompiling 'name' table
Reading 'gasp' table from disk
Decompiling 'gasp' table
Reading 'FFTM' table from disk
Decompiling 'FFTM' table
Took 0.002s to prune 'name'
name pruned
Reading 'maxp' table from disk
Decompiling 'maxp' table
Took 0.001s to load 'maxp'
Took 0.000s to prune 'maxp'
maxp pruned
Reading 'cmap' table from disk
Decompiling 'cmap' table
Reading 'post' table from disk
Decompiling 'post' table
Took 0.038s to load 'cmap'
Took 0.000s to prune 'cmap'
cmap pruned
fpgm dropped
prep dropped
cvt  dropped
kern dropped
Took 0.000s to load 'post'
Took 0.000s to prune 'post'
post pruned
GPOS dropped
GSUB dropped
Reading 'glyf' table from disk
Decompiling 'glyf' table
Reading 'loca' table from disk
Decompiling 'loca' table
Reading 'head' table from disk
Decompiling 'head' table
Took 0.023s to load 'glyf'
Took 0.000s to prune 'glyf'
glyf pruned
Took 0.003s to close glyph list over 'cmap'
Added gid0 to subset
Closing glyph list over 'glyf': 10 glyphs before
Glyph names: ['.notdef', 'comma', 'e', 'o', 'r', 's', 'space', 'three', 'u', 'zero']
Glyph IDs:   [0, 3, 15, 19, 22, 72, 82, 85, 86, 88]
Closed glyph list over 'glyf': 10 glyphs after
Glyph names: ['.notdef', 'comma', 'e', 'o', 'r', 's', 'space', 'three', 'u', 'zero']
Glyph IDs:   [0, 3, 15, 19, 22, 72, 82, 85, 86, 88]
Took 0.003s to close glyph list over 'glyf'
Retaining 10 glyphs
head subsetting not needed
hhea subsetting not needed
maxp subsetting not needed
OS/2 subsetting not needed
Reading 'hmtx' table from disk
Decompiling 'hmtx' table
Reading 'hhea' table from disk
Decompiling 'hhea' table
Took 0.007s to subset 'hmtx'
hmtx subsetted
Took 0.007s to subset 'cmap'
cmap subsetted
loca subsetting not needed
Took 0.000s to subset 'post'
post subsetted
gasp subsetting not needed
FFTM NOT subset; don't know how to subset
Reading 'GDEF' table from disk
Decompiling 'GDEF' table
Took 0.004s to subset 'GDEF'
GDEF subsetted
name subsetting not needed
Took 0.015s to subset 'glyf'
glyf subsetted
Took 0.001s to subset GlyphOrder
Took 0.000s to prune 'head'
head pruned
Reading 'OS/2' table from disk
Decompiling 'OS/2' table
OS/2 Unicode ranges pruned: [0]
OS/2 CodePage ranges pruned: [0]
Took 0.000s to prune 'glyf'
glyf pruned
Took 0.000s to prune 'GDEF'
GDEF pruned
Reading 'name' table from disk
Decompiling 'name' table
Reading 'gasp' table from disk
Decompiling 'gasp' table
Reading 'FFTM' table from disk
Decompiling 'FFTM' table
Took 0.002s to prune 'name'
name pruned
Reading 'maxp' table from disk
Decompiling 'maxp' table
Took 0.002s to load 'maxp'
Took 0.000s to prune 'maxp'
maxp pruned
Reading 'cmap' table from disk
Decompiling 'cmap' table
Took 0.001s to load 'cmap'
Took 0.000s to prune 'cmap'
cmap pruned
fpgm dropped
prep dropped
cvt  dropped
kern dropped
Reading 'post' table from disk
Decompiling 'post' table
Took 0.000s to load 'post'
Took 0.000s to prune 'post'
post pruned
GPOS dropped
GSUB dropped
Reading 'glyf' table from disk
Decompiling 'glyf' table
Reading 'loca' table from disk
Decompiling 'loca' table
Reading 'head' table from disk
Decompiling 'head' table
Reading 'cmap' table from disk
Decompiling 'cmap' table
Took 0.265s to load 'glyf'
Took 0.000s to prune 'glyf'
glyf pruned
Took 0.004s to close glyph list over 'cmap'
Added gid0 to subset
Closing glyph list over 'COLR': 3 glyphs before
Glyph names: ['.notdef', 'u1F3E6', 'u1F4B3']
Glyph IDs:   [0, 1059, 2012]
Reading 'COLR' table from disk
Decompiling 'COLR' table
Closed glyph list over 'COLR': 28 glyphs after
Glyph names: ['.notdef', 'glyph07040', 'glyph07071', 'glyph07230', 'glyph07231', 'glyph07232', 'glyph07233', 'glyph07234', 'glyph07235', 'glyph07236', 'glyph07237', 'glyph15830', 'glyph17407', 'glyph17408', 'glyph17409', 'glyph17410', 'glyph35610', 'glyph35611', 'glyph35612', 'glyph35613', 'glyph35614', 'glyph44340', 'glyph44341', 'glyph44342', 'glyph44343', 'glyph44344', 'u1F3E6', 'u1F4B3']
Glyph IDs:   [0, 1059, 2012, 7040, 7071, 7230, 7231, 7232, 7233, 7234, 7235, 7236, 7237, 15830, 17407, 17408, 17409, 17410, 35610, 35611, 35612, 35613, 35614, 44340, 44341, 44342, 44343, 44344]
Took 21.330s to close glyph list over 'COLR'
Closing glyph list over 'glyf': 28 glyphs before
Glyph names: ['.notdef', 'glyph07040', 'glyph07071', 'glyph07230', 'glyph07231', 'glyph07232', 'glyph07233', 'glyph07234', 'glyph07235', 'glyph07236', 'glyph07237', 'glyph15830', 'glyph17407', 'glyph17408', 'glyph17409', 'glyph17410', 'glyph35610', 'glyph35611', 'glyph35612', 'glyph35613', 'glyph35614', 'glyph44340', 'glyph44341', 'glyph44342', 'glyph44343', 'glyph44344', 'u1F3E6', 'u1F4B3']
Glyph IDs:   [0, 1059, 2012, 7040, 7071, 7230, 7231, 7232, 7233, 7234, 7235, 7236, 7237, 15830, 17407, 17408, 17409, 17410, 35610, 35611, 35612, 35613, 35614, 44340, 44341, 44342, 44343, 44344]
Closed glyph list over 'glyf': 31 glyphs after
Glyph names: ['.notdef', 'glyph07040', 'glyph07071', 'glyph07230', 'glyph07231', 'glyph07232', 'glyph07233', 'glyph07234', 'glyph07235', 'glyph07236', 'glyph07237', 'glyph15830', 'glyph17407', 'glyph17408', 'glyph17409', 'glyph17410', 'glyph35610', 'glyph35611', 'glyph35612', 'glyph35613', 'glyph35614', 'glyph44340', 'glyph44341', 'glyph44342', 'glyph44343', 'glyph44344', 'glyph59804', 'glyph59805', 'glyph59806', 'u1F3E6', 'u1F4B3']
Glyph IDs:   [0, 1059, 2012, 7040, 7071, 7230, 7231, 7232, 7233, 7234, 7235, 7236, 7237, 15830, 17407, 17408, 17409, 17410, 35610, 35611, 35612, 35613, 35614, 44340, 44341, 44342, 44343, 44344, 59804, 59805, 59806]
Took 0.003s to close glyph list over 'glyf'
Retaining 31 glyphs
head subsetting not needed
hhea subsetting not needed
maxp subsetting not needed
OS/2 subsetting not needed
Reading 'hmtx' table from disk
Decompiling 'hmtx' table
Reading 'hhea' table from disk
Decompiling 'hhea' table
Took 0.104s to subset 'hmtx'
hmtx subsetted
Took 0.001s to subset 'cmap'
cmap subsetted
loca subsetting not needed
Took 0.000s to subset 'post'
post subsetted
gasp subsetting not needed
Took 22.452s to subset 'COLR'
COLR subsetted
CPAL subsetting not needed
meta NOT subset; don't know how to subset
Reading 'GDEF' table from disk
Decompiling 'GDEF' table
Took 0.003s to subset 'GDEF'
GDEF subsetted
name subsetting not needed
Took 0.091s to subset 'glyf'
glyf subsetted
Took 0.005s to subset GlyphOrder
Took 0.000s to prune 'head'
head pruned
Reading 'OS/2' table from disk
Decompiling 'OS/2' table
OS/2 Unicode ranges pruned: [57]
Took 0.019s to prune 'glyf'
glyf pruned
Reading 'CPAL' table from disk
Decompiling 'CPAL' table
Took 0.082s to prune 'CPAL'
CPAL pruned
Took 0.000s to prune 'GDEF'
GDEF pruned to empty; dropped
Reading 'name' table from disk
Decompiling 'name' table
Reading 'gasp' table from disk
Decompiling 'gasp' table
Reading 'meta' table from disk
Decompiling 'meta' table
Took 0.359s to prune 'name'
name pruned
Reading 'maxp' table from disk
Decompiling 'maxp' table
Took 0.000s to load 'maxp'
Took 0.000s to prune 'maxp'
maxp pruned
LTSH dropped
VDMX dropped
hdmx dropped
Reading 'cmap' table from disk
Decompiling 'cmap' table
Took 0.001s to load 'cmap'
Took 0.000s to prune 'cmap'
cmap pruned
fpgm dropped
prep dropped
cvt  dropped
kern dropped
Reading 'post' table from disk
Decompiling 'post' table
Took 0.000s to load 'post'
Took 0.000s to prune 'post'
post pruned
PCLT dropped
JSTF dropped
GPOS dropped
GSUB dropped
Reading 'glyf' table from disk
Decompiling 'glyf' table
Reading 'loca' table from disk
Decompiling 'loca' table
Reading 'head' table from disk
Decompiling 'head' table
Reading 'cmap' table from disk
Decompiling 'cmap' table
Took 0.034s to load 'glyf'
Took 0.000s to prune 'glyf'
glyf pruned
Took 0.007s to close glyph list over 'cmap'
Added gid0 to subset
Closing glyph list over 'glyf': 11 glyphs before
Glyph names: ['.notdef', 'A', 'D', 'I', 'N', 'O', 'R', 'S', 'T', 'U', 'quotesingle']
Glyph IDs:   [0, 10, 36, 39, 44, 49, 50, 53, 54, 55, 56]
Closed glyph list over 'glyf': 11 glyphs after
Glyph names: ['.notdef', 'A', 'D', 'I', 'N', 'O', 'R', 'S', 'T', 'U', 'quotesingle']
Glyph IDs:   [0, 10, 36, 39, 44, 49, 50, 53, 54, 55, 56]
Took 0.002s to close glyph list over 'glyf'
Retaining 11 glyphs
head subsetting not needed
hhea subsetting not needed
maxp subsetting not needed
OS/2 subsetting not needed
Reading 'hmtx' table from disk
Decompiling 'hmtx' table
Reading 'hhea' table from disk
Decompiling 'hhea' table
Took 0.006s to subset 'hmtx'
hmtx subsetted
Took 0.002s to subset 'cmap'
cmap subsetted
loca subsetting not needed
Took 0.000s to subset 'post'
post subsetted
gasp subsetting not needed
meta NOT subset; don't know how to subset
Reading 'GDEF' table from disk
Decompiling 'GDEF' table
Took 0.005s to subset 'GDEF'
GDEF subsetted
name subsetting not needed
Took 0.002s to subset 'glyf'
glyf subsetted
Took 0.000s to subset GlyphOrder
Took 0.000s to prune 'head'
head pruned
Reading 'OS/2' table from disk
Decompiling 'OS/2' table
OS/2 Unicode ranges pruned: [0]
OS/2 CodePage ranges pruned: [0]
Took 0.000s to prune 'glyf'
glyf pruned
Took 0.000s to prune 'GDEF'
GDEF pruned
Reading 'name' table from disk
Decompiling 'name' table
Reading 'gasp' table from disk
Decompiling 'gasp' table
Reading 'meta' table from disk
Decompiling 'meta' table
Took 0.003s to prune 'name'
name pruned
.Unknown rendering option: timeout.
Ignored `src: local("Segoe UI"), local("Helvetica Neue"), local("Arial"), sans-serif` at 5:13, invalid value.
Missing src descriptor in '@font-face' rule at 3:9
Ignored `src: local("Georgia"), local("Times New Roman"), serif` at 10:13, invalid value.
Missing src descriptor in '@font-face' rule at 8:9
Ignored `word-break: break-word` at 236:13, invalid value.
Ignored `word-break: break-word` at 248:13, invalid value.
Reading 'maxp' table from disk
Decompiling 'maxp' table
Took 0.001s to load 'maxp'
Took 0.000s to prune 'maxp'
maxp pruned
Reading 'cmap' table from disk
Decompiling 'cmap' table
Reading 'post' table from disk
Decompiling 'post' table
Took 0.032s to load 'cmap'
Took 0.000s to prune 'cmap'
cmap pruned
fpgm dropped
prep dropped
cvt  dropped
kern dropped
Took 0.000s to load 'post'
Took 0.000s to prune 'post'
post pruned
GPOS dropped
GSUB dropped
Reading 'glyf' table from disk
Decompiling 'glyf' table
Reading 'loca' table from disk
Decompiling 'loca' table
Reading 'head' table from disk
Decompiling 'head' table
Took 0.012s to load 'glyf'
Took 0.000s to prune 'glyf'
glyf pruned
Took 0.004s to close glyph list over 'cmap'
Added gid0 to subset
Closing glyph list over 'glyf': 55 glyphs before
Glyph names: ['.notdef', 'A', 'B', 'C', 'D', 'E', 'Eacute', 'Euro', 'G', 'H', 'I', 'J', 'L', 'M', 'N', 'O', 'P', 'Q', 'R', 'S', 'T', 'U', 'V', 'X', 'a', 'c', 'comma', 'd', 'degree', 'e', 'eacute', 'four', 'g', 'h', 'hyphen', 'i', 'j', 'l', 'm', 'n', 'o', 'one', 'p', 'period', 'quotesingle', 'r', 's', 'six', 'slash', 'space', 't', 'three', 'two', 'u', 'zero']
Glyph IDs:   [0, 3, 10, 15, 16, 17, 18, 19, 20, 21, 22, 23, 25, 36, 37, 38, 39, 40, 42, 43, 44, 45, 47, 48, 49, 50, 51, 52, 53, 54, 55, 56, 57, 59, 68, 70, 71, 72, 74, 75, 76, 77, 79, 80, 81, 82, 83, 85, 86, 87, 88, 114, 139, 171, 2943]
Closed glyph list over 'glyf': 57 glyphs after
Glyph names: ['.notdef', 'A', 'Acute', 'B', 'C', 'D', 'E', 'Eacute', 'Euro', 'G', 'H', 'I', 'J', 'L', 'M', 'N', 'O', 'P', 'Q', 'R', 'S', 'T', 'U', 'V', 'X', 'a', 'acute', 'c', 'comma', 'd', 'degree', 'e', 'eacute', 'four', 'g', 'h', 'hyphen', 'i', 'j', 'l', 'm', 'n', 'o', 'one', 'p', 'period', 'quotesingle', 'r', 's', 'six', 'slash', 'space', 't', 'three', 'two', 'u', 'zero']
Glyph IDs:   [0, 3, 10, 15, 16, 17, 18, 19, 20, 21, 22, 23, 25, 36, 37, 38, 39, 40, 42, 43, 44, 45, 47, 48, 49, 50, 51, 52, 53, 54, 55, 56, 57, 59, 68, 70, 71, 72, 74, 75, 76, 77, 79, 80, 81, 82, 83, 85, 86, 87, 88, 114, 118, 139, 171, 2943, 5564]
Took 0.004s to close glyph list over 'glyf'
Retaining 57 glyphs
head subsetting not needed
hhea subsetting not needed
maxp subsetting not needed
OS/2 subsetting not needed
Reading 'hmtx' table from disk
Decompiling 'hmtx' table
Reading 'hhea' table from disk
Decompiling 'hhea' table
Took 0.016s to subset 'hmtx'
hmtx subsetted
Took 0.008s to subset 'cmap'
cmap subsetted
loca subsetting not needed
Took 0.000s to subset 'post'
post subsetted
gasp subsetting not needed
FFTM NOT subset; don't know how to subset
Reading 'GDEF' table from disk
Decompiling 'GDEF' table
Took 0.011s to subset 'GDEF'
GDEF subsetted
name subsetting not needed
Took 0.012s to subset 'glyf'
glyf subsetted
Took 0.000s to subset GlyphOrder
Took 0.000s to prune 'head'
head pruned
Reading 'OS/2' table from disk
Decompiling 'OS/2' table
OS/2 Unicode ranges pruned: [0, 1, 33]
OS/2 CodePage ranges pruned: [0]
Took 0.004s to prune 'glyf'
glyf pruned
Took 0.000s to prune 'GDEF'
GDEF pruned
Reading 'name' table from disk
Decompiling 'name' table
Reading 'gasp' table from disk
Decompiling 'gasp' table
Reading 'FFTM' table from disk
Decompiling 'FFTM' table
Took 0.005s to prune 'name'
name pruned
Reading 'maxp' table from disk
Decompiling 'maxp' table
Took 0.002s to load 'maxp'
Took 0.000s to prune 'maxp'
maxp pruned
Reading 'cmap' table from disk
Decompiling 'cmap' table
Reading 'post' table from disk
Decompiling 'post' table
Took 0.027s to load 'cmap'
Took 0.000s to prune 'cmap'
cmap pruned
fpgm dropped
prep dropped
cvt  dropped
kern dropped
Took 0.000s to load 'post'
Took 0.000s to prune 'post'
post pruned
GPOS dropped
GSUB dropped
Reading 'glyf' table from disk
Decompiling 'glyf' table
Reading 'loca' table from disk
Decompiling 'loca' table
Reading 'head' table from disk
Decompiling 'head' table
Took 0.011s to load 'glyf'
Took 0.000s to prune 'glyf'
glyf pruned
Took 0.002s to close glyph list over 'cmap'
Added gid0 to subset
Closing glyph list over 'glyf': 75 glyphs before
Glyph names: ['.notdef', 'A', 'Agrave', 'B', 'C', 'Ccedilla', 'D', 'E', 'Eacute', 'Ecircumflex', 'F', 'G', 'H', 'I', 'J', 'L', 'M', 'N', 'O', 'P', 'Q', 'R', 'S', 'T', 'U', 'V', 'X', 'a', 'agrave', 'at', 'b', 'bullet', 'c', 'colon', 'comma', 'd', 'e', 'eacute', 'ecircumflex', 'eight', 'five', 'four', 'g', 'hyphen', 'i', 'j', 'l', 'm', 'multiply', 'n', 'nine', 'o', 'one', 'p', 'parenleft', 'parenright', 'percent', 'period', 'plus', 'quotedbl', 'quotesingle', 'r', 's', 'seven', 'six', 'slash', 'space', 't', 'three', 'two', 'u', 'v', 'x', 'y', 'zero']
Glyph IDs:   [0, 3, 5, 8, 10, 11, 12, 14, 15, 16, 17, 18, 19, 20, 21, 22, 23, 24, 25, 26, 27, 28, 29, 35, 36, 37, 38, 39, 40, 41, 42, 43, 44, 45, 47, 48, 49, 50, 51, 52, 53, 54, 55, 56, 57, 59, 68, 69, 70, 71, 72, 74, 76, 77, 79, 80, 81, 82, 83, 85, 86, 87, 88, 89, 91, 92, 130, 137, 139, 140, 153, 162, 171, 172, 2816]
Closed glyph list over 'glyf': 82 glyphs after
Glyph names: ['.notdef', 'A', 'Acute', 'Agrave', 'B', 'C', 'Ccedilla', 'Circumflex', 'D', 'E', 'Eacute', 'Ecircumflex', 'F', 'G', 'Grave', 'H', 'I', 'J', 'L', 'M', 'N', 'O', 'P', 'Q', 'R', 'S', 'T', 'U', 'V', 'X', 'a', 'acute', 'agrave', 'at', 'b', 'bullet', 'c', 'cedilla', 'circumflex', 'colon', 'comma', 'd', 'e', 'eacute', 'ecircumflex', 'eight', 'five', 'four', 'g', 'grave', 'hyphen', 'i', 'j', 'l', 'm', 'multiply', 'n', 'nine', 'o', 'one', 'p', 'parenleft', 'parenright', 'percent', 'period', 'plus', 'quotedbl', 'quotesingle', 'r', 's', 'seven', 'six', 'slash', 'space', 't', 'three', 'two', 'u', 'v', 'x', 'y', 'zero']
Glyph IDs:   [0, 3, 5, 8, 10, 11, 12, 14, 15, 16, 17, 18, 19, 20, 21, 22, 23, 24, 25, 26, 27, 28, 29, 35, 36, 37, 38, 39, 40, 41, 42, 43, 44, 45, 47, 48, 49, 50, 51, 52, 53, 54, 55, 56, 57, 59, 67, 68, 69, 70, 71, 72, 74, 76, 77, 79, 80, 81, 82, 83, 85, 86, 87, 88, 89, 91, 92, 118, 122, 130, 137, 139, 140, 153, 162, 171, 172, 648, 2816, 5638, 5640, 5641]
Took 0.003s to close glyph list over 'glyf'
Retaining 82 glyphs
head subsetting not needed
hhea subsetting not needed
maxp subsetting not needed
OS/2 subsetting not needed
Reading 'hmtx' table from disk
Decompiling 'hmtx' table
Reading 'hhea' table from disk
Decompiling 'hhea' table
Took 0.011s to subset 'hmtx'
hmtx subsetted
Took 0.005s to subset 'cmap'
cmap subsetted
loca subsetting not needed
Took 0.000s to subset 'post'
post subsetted
gasp subsetting not needed
FFTM NOT subset; don't know how to subset
Reading 'GDEF' table from disk
Decompiling 'GDEF' table
Took 0.005s to subset 'GDEF'
GDEF subsetted
name subsetting not needed
Took 0.008s to subset 'glyf'
glyf subsetted
Took 0.000s to subset GlyphOrder
Took 0.000s to prune 'head'
head pruned
Reading 'OS/2' table from disk
Decompiling 'OS/2' table
OS/2 Unicode ranges pruned: [0, 1, 31]
OS/2 CodePage ranges pruned: [0]
Took 0.004s to prune 'glyf'
glyf pruned
Took 0.000s to prune 'GDEF'
GDEF pruned
Reading 'name' table from disk
Decompiling 'name' table
Reading 'gasp' table from disk
Decompiling 'gasp' table
Reading 'FFTM' table from disk
Decompiling 'FFTM' table
Took 0.003s to prune 'name'
name pruned
Reading 'maxp' table from disk
Decompiling 'maxp' table
Took 0.000s to load 'maxp'
Took 0.000s to prune 'maxp'
maxp pruned
Reading 'cmap' table from disk
Decompiling 'cmap' table
Reading 'post' table from disk
Decompiling 'post' table
Took 0.024s to load 'cmap'
Took 0.000s to prune 'cmap'
cmap pruned
fpgm dropped
prep dropped
cvt  dropped
kern dropped
Took 0.000s to load 'post'
Took 0.000s to prune 'post'
post pruned
GPOS dropped
GSUB dropped
Reading 'glyf' table from disk
Decompiling 'glyf' table
Reading 'loca' table from disk
Decompiling 'loca' table
Reading 'head' table from disk
Decompiling 'head' table
Took 0.009s to load 'glyf'
Took 0.000s to prune 'glyf'
glyf pruned
Took 0.002s to close glyph list over 'cmap'
Added gid0 to subset
Closing glyph list over 'glyf': 23 glyphs before
Glyph names: ['.notdef', 'Q', 'a', 'c', 'ccedilla', 'comma', 'd', 'e', 'eacute', 'f', 'g', 'i', 'l', 'm', 'n', 'o', 'p', 'quotesingle', 'r', 's', 'space', 't', 'u']
Glyph IDs:   [0, 3, 10, 15, 52, 68, 70, 71, 72, 73, 74, 76, 79, 80, 81, 82, 83, 85, 86, 87, 88, 169, 171]
Closed glyph list over 'glyf': 25 glyphs after
Glyph names: ['.notdef', 'Q', 'a', 'acute', 'c', 'ccedilla', 'cedilla', 'comma', 'd', 'e', 'eacute', 'f', 'g', 'i', 'l', 'm', 'n', 'o', 'p', 'quotesingle', 'r', 's', 'space', 't', 'u']
Glyph IDs:   [0, 3, 10, 15, 52, 68, 70, 71, 72, 73, 74, 76, 79, 80, 81, 82, 83, 85, 86, 87, 88, 118, 122, 169, 171]
Took 0.003s to close glyph list over 'glyf'
Retaining 25 glyphs
head subsetting not needed
hhea subsetting not needed
maxp subsetting not needed
OS/2 subsetting not needed
Reading 'hmtx' table from disk
Decompiling 'hmtx' table
Reading 'hhea' table from disk
Decompiling 'hhea' table
Took 0.007s to subset 'hmtx'
hmtx subsetted
Took 0.005s to subset 'cmap'
cmap subsetted
loca subsetting not needed
Took 0.000s to subset 'post'
post subsetted
gasp subsetting not needed
FFTM NOT subset; don't know how to subset
Reading 'GDEF' table from disk
Decompiling 'GDEF' table
Took 0.004s to subset 'GDEF'
GDEF subsetted
name subsetting not needed
Took 0.003s to subset 'glyf'
glyf subsetted
Took 0.001s to subset GlyphOrder
Took 0.000s to prune 'head'
head pruned
Reading 'OS/2' table from disk
Decompiling 'OS/2' table
OS/2 Unicode ranges pruned: [0, 1]
OS/2 CodePage ranges pruned: [0]
Took 0.001s to prune 'glyf'
glyf pruned
Took 0.000s to prune 'GDEF'
GDEF pruned
Reading 'name' table from disk
Decompiling 'name' table
Reading 'gasp' table from disk
Decompiling 'gasp' table
Reading 'FFTM' table from disk
Decompiling 'FFTM' table
Took 0.002s to prune 'name'
name pruned
Reading 'maxp' table from disk
Decompiling 'maxp' table
Took 0.000s to load 'maxp'
Took 0.000s to prune 'maxp'
maxp pruned
Reading 'cmap' table from disk
Decompiling 'cmap' table
Reading 'post' table from disk
Decompiling 'post' table
Took 0.020s to load 'cmap'
Took 0.000s to prune 'cmap'
cmap pruned
fpgm dropped
prep dropped
cvt  dropped
kern dropped
Took 0.000s to load 'post'
Took 0.000s to prune 'post'
post pruned
GPOS dropped
GSUB dropped
Reading 'glyf' table from disk
Decompiling 'glyf' table
Reading 'loca' table from disk
Decompiling 'loca' table
Reading 'head' table from disk
Decompiling 'head' table
Took 0.008s to load 'glyf'
Took 0.000s to prune 'glyf'
glyf pruned
Took 0.001s to close glyph list over 'cmap'
Added gid0 to subset
Closing glyph list over 'glyf': 9 glyphs before
Glyph names: ['.notdef', 'comma', 'e', 'o', 'r', 's', 'space', 'u', 'zero']
Glyph IDs:   [0, 3, 15, 19, 72, 82, 85, 86, 88]
Closed glyph list over 'glyf': 9 glyphs after
Glyph names: ['.notdef', 'comma', 'e', 'o', 'r', 's', 'space', 'u', 'zero']
Glyph IDs:   [0, 3, 15, 19, 72, 82, 85, 86, 88]
Took 0.003s to close glyph list over 'glyf'
Retaining 9 glyphs
head subsetting not needed
hhea subsetting not needed
maxp subsetting not needed
OS/2 subsetting not needed
Reading 'hmtx' table from disk
Decompiling 'hmtx' table
Reading 'hhea' table from disk
Decompiling 'hhea' table
Took 0.007s to subset 'hmtx'
hmtx subsetted
Took 0.003s to subset 'cmap'
cmap subsetted
loca subsetting not needed
Took 0.000s to subset 'post'
post subsetted
gasp subsetting not needed
FFTM NOT subset; don't know how to subset
Reading 'GDEF' table from disk
Decompiling 'GDEF' table
Took 0.002s to subset 'GDEF'
GDEF subsetted
name subsetting not needed
Took 0.001s to subset 'glyf'
glyf subsetted
Took 0.000s to subset GlyphOrder
Took 0.000s to prune 'head'
head pruned
Reading 'OS/2' table from disk
Decompiling 'OS/2' table
OS/2 Unicode ranges pruned: [0]
OS/2 CodePage ranges pruned: [0]
Took 0.000s to prune 'glyf'
glyf pruned
Took 0.000s to prune 'GDEF'
GDEF pruned
Reading 'name' table from disk
Decompiling 'name' table
Reading 'gasp' table from disk
Decompiling 'gasp' table
Reading 'FFTM' table from disk
Decompiling 'FFTM' table
Took 0.002s to prune 'name'
name pruned
Reading 'maxp' table from disk
Decompiling 'maxp' table
Took 0.000s to load 'maxp'
Took 0.000s to prune 'maxp'
maxp pruned
LTSH dropped
VDMX dropped
hdmx dropped
Reading 'cmap' table from disk
Decompiling 'cmap' table
Took 0.002s to load 'cmap'
Took 0.000s to prune 'cmap'
cmap pruned
fpgm dropped
prep dropped
cvt  dropped
kern dropped
Reading 'post' table from disk
Decompiling 'post' table
Took 0.001s to load 'post'
Took 0.000s to prune 'post'
post pruned
PCLT dropped
JSTF dropped
GPOS dropped
GSUB dropped
Reading 'glyf' table from disk
Decompiling 'glyf' table
Reading 'loca' table from disk
Decompiling 'loca' table
Reading 'head' table from disk
Decompiling 'head' table
Reading 'cmap' table from disk
Decompiling 'cmap' table
Took 0.036s to load 'glyf'
Took 0.000s to prune 'glyf'
glyf pruned
Took 0.011s to close glyph list over 'cmap'
Added gid0 to subset
Closing glyph list over 'glyf': 11 glyphs before
Glyph names: ['.notdef', 'A', 'D', 'I', 'N', 'O', 'R', 'S', 'T', 'U', 'quotesingle']
Glyph IDs:   [0, 10, 36, 39, 44, 49, 50, 53, 54, 55, 56]
Closed glyph list over 'glyf': 11 glyphs after
Glyph names: ['.notdef', 'A', 'D', 'I', 'N', 'O', 'R', 'S', 'T', 'U', 'quotesingle']
Glyph IDs:   [0, 10, 36, 39, 44, 49, 50, 53, 54, 55, 56]
Took 0.003s to close glyph list over 'glyf'
Retaining 11 glyphs
head subsetting not needed
hhea subsetting not needed
maxp subsetting not needed
OS/2 subsetting not needed
Reading 'hmtx' table from disk
Decompiling 'hmtx' table
Reading 'hhea' table from disk
Decompiling 'hhea' table
Took 0.009s to subset 'hmtx'
hmtx subsetted
Took 0.003s to subset 'cmap'
cmap subsetted
loca subsetting not needed
Took 0.000s to subset 'post'
post subsetted
gasp subsetting not needed
meta NOT subset; don't know how to subset
Reading 'GDEF' table from disk
Decompiling 'GDEF' table
Took 0.008s to subset 'GDEF'
GDEF subsetted
name subsetting not needed
Took 0.003s to subset 'glyf'
glyf subsetted
Took 0.001s to subset GlyphOrder
Took 0.000s to prune 'head'
head pruned
Reading 'OS/2' table from disk
Decompiling 'OS/2' table
OS/2 Unicode ranges pruned: [0]
OS/2 CodePage ranges pruned: [0]
Took 0.000s to prune 'glyf'
glyf pruned
Took 0.000s to prune 'GDEF'
GDEF pruned
Reading 'name' table from disk
Decompiling 'name' table
Reading 'gasp' table from disk
Decompiling 'gasp' table
Reading 'meta' table from disk
Decompiling 'meta' table
Took 0.006s to prune 'name'
name pruned
Unknown rendering option: timeout.
Ignored `src: local("Segoe UI"), local("Helvetica Neue"), local("Arial"), sans-serif` at 5:13, invalid value.
Missing src descriptor in '@font-face' rule at 3:9
Ignored `src: local("Georgia"), local("Times New Roman"), serif` at 10:13, invalid value.
Missing src descriptor in '@font-face' rule at 8:9
Ignored `word-break: break-word` at 236:13, invalid value.
Ignored `word-break: break-word` at 248:13, invalid value.
Reading 'maxp' table from disk
Decompiling 'maxp' table
Took 0.001s to load 'maxp'
Took 0.000s to prune 'maxp'
maxp pruned
Reading 'cmap' table from disk
Decompiling 'cmap' table
Reading 'post' table from disk
Decompiling 'post' table
Took 0.028s to load 'cmap'
Took 0.000s to prune 'cmap'
cmap pruned
fpgm dropped
prep dropped
cvt  dropped
kern dropped
Took 0.000s to load 'post'
Took 0.000s to prune 'post'
post pruned
GPOS dropped
GSUB dropped
Reading 'glyf' table from disk
Decompiling 'glyf' table
Reading 'loca' table from disk
Decompiling 'loca' table
Reading 'head' table from disk
Decompiling 'head' table
Took 0.011s to load 'glyf'
Took 0.000s to prune 'glyf'
glyf pruned
Took 0.002s to close glyph list over 'cmap'
Added gid0 to subset
Closing glyph list over 'glyf': 55 glyphs before
Glyph names: ['.notdef', 'A', 'B', 'C', 'D', 'E', 'Eacute', 'Euro', 'G', 'H', 'I', 'J', 'L', 'M', 'N', 'O', 'P', 'Q', 'R', 'S', 'T', 'U', 'V', 'X', 'a', 'c', 'comma', 'd', 'degree', 'e', 'eacute', 'four', 'g', 'h', 'hyphen', 'i', 'j', 'l', 'm', 'n', 'o', 'one', 'p', 'period', 'quotesingle', 'r', 's', 'six', 'slash', 'space', 't', 'three', 'two', 'u', 'zero']
Glyph IDs:   [0, 3, 10, 15, 16, 17, 18, 19, 20, 21, 22, 23, 25, 36, 37, 38, 39, 40, 42, 43, 44, 45, 47, 48, 49, 50, 51, 52, 53, 54, 55, 56, 57, 59, 68, 70, 71, 72, 74, 75, 76, 77, 79, 80, 81, 82, 83, 85, 86, 87, 88, 114, 139, 171, 2943]
Closed glyph list over 'glyf': 57 glyphs after
Glyph names: ['.notdef', 'A', 'Acute', 'B', 'C', 'D', 'E', 'Eacute', 'Euro', 'G', 'H', 'I', 'J', 'L', 'M', 'N', 'O', 'P', 'Q', 'R', 'S', 'T', 'U', 'V', 'X', 'a', 'acute', 'c', 'comma', 'd', 'degree', 'e', 'eacute', 'four', 'g', 'h', 'hyphen', 'i', 'j', 'l', 'm', 'n', 'o', 'one', 'p', 'period', 'quotesingle', 'r', 's', 'six', 'slash', 'space', 't', 'three', 'two', 'u', 'zero']
Glyph IDs:   [0, 3, 10, 15, 16, 17, 18, 19, 20, 21, 22, 23, 25, 36, 37, 38, 39, 40, 42, 43, 44, 45, 47, 48, 49, 50, 51, 52, 53, 54, 55, 56, 57, 59, 68, 70, 71, 72, 74, 75, 76, 77, 79, 80, 81, 82, 83, 85, 86, 87, 88, 114, 118, 139, 171, 2943, 5564]
Took 0.003s to close glyph list over 'glyf'
Retaining 57 glyphs
head subsetting not needed
hhea subsetting not needed
maxp subsetting not needed
OS/2 subsetting not needed
Reading 'hmtx' table from disk
Decompiling 'hmtx' table
Reading 'hhea' table from disk
Decompiling 'hhea' table
Took 0.008s to subset 'hmtx'
hmtx subsetted
Took 0.006s to subset 'cmap'
cmap subsetted
loca subsetting not needed
Took 0.000s to subset 'post'
post subsetted
gasp subsetting not needed
FFTM NOT subset; don't know how to subset
Reading 'GDEF' table from disk
Decompiling 'GDEF' table
Took 0.004s to subset 'GDEF'
GDEF subsetted
name subsetting not needed
Took 0.008s to subset 'glyf'
glyf subsetted
Took 0.000s to subset GlyphOrder
Took 0.000s to prune 'head'
head pruned
Reading 'OS/2' table from disk
Decompiling 'OS/2' table
OS/2 Unicode ranges pruned: [0, 1, 33]
OS/2 CodePage ranges pruned: [0]
Took 0.003s to prune 'glyf'
glyf pruned
Took 0.000s to prune 'GDEF'
GDEF pruned
Reading 'name' table from disk
Decompiling 'name' table
Reading 'gasp' table from disk
Decompiling 'gasp' table
Reading 'FFTM' table from disk
Decompiling 'FFTM' table
Took 0.002s to prune 'name'
name pruned
Reading 'maxp' table from disk
Decompiling 'maxp' table
Took 0.000s to load 'maxp'
Took 0.000s to prune 'maxp'
maxp pruned
Reading 'cmap' table from disk
Decompiling 'cmap' table
Reading 'post' table from disk
Decompiling 'post' table
Took 0.023s to load 'cmap'
Took 0.000s to prune 'cmap'
cmap pruned
fpgm dropped
prep dropped
cvt  dropped
kern dropped
Took 0.000s to load 'post'
Took 0.000s to prune 'post'
post pruned
GPOS dropped
GSUB dropped
Reading 'glyf' table from disk
Decompiling 'glyf' table
Reading 'loca' table from disk
Decompiling 'loca' table
Reading 'head' table from disk
Decompiling 'head' table
Took 0.009s to load 'glyf'
Took 0.000s to prune 'glyf'
glyf pruned
Took 0.003s to close glyph list over 'cmap'
Added gid0 to subset
Closing glyph list over 'glyf': 75 glyphs before
Glyph names: ['.notdef', 'A', 'Agrave', 'B', 'C', 'Ccedilla', 'D', 'E', 'Eacute', 'Ecircumflex', 'F', 'G', 'H', 'I', 'J', 'L', 'M', 'N', 'O', 'P', 'Q', 'R', 'S', 'T', 'U', 'V', 'X', 'a', 'agrave', 'at', 'b', 'bullet', 'c', 'colon', 'comma', 'd', 'e', 'eacute', 'ecircumflex', 'eight', 'five', 'four', 'g', 'hyphen', 'i', 'j', 'l', 'm', 'multiply', 'n', 'nine', 'o', 'one', 'p', 'parenleft', 'parenright', 'percent', 'period', 'plus', 'quotedbl', 'quotesingle', 'r', 's', 'seven', 'six', 'slash', 'space', 't', 'three', 'two', 'u', 'v', 'x', 'y', 'zero']
Glyph IDs:   [0, 3, 5, 8, 10, 11, 12, 14, 15, 16, 17, 18, 19, 20, 21, 22, 23, 24, 25, 26, 27, 28, 29, 35, 36, 37, 38, 39, 40, 41, 42, 43, 44, 45, 47, 48, 49, 50, 51, 52, 53, 54, 55, 56, 57, 59, 68, 69, 70, 71, 72, 74, 76, 77, 79, 80, 81, 82, 83, 85, 86, 87, 88, 89, 91, 92, 130, 137, 139, 140, 153, 162, 171, 172, 2816]
Closed glyph list over 'glyf': 82 glyphs after
Glyph names: ['.notdef', 'A', 'Acute', 'Agrave', 'B', 'C', 'Ccedilla', 'Circumflex', 'D', 'E', 'Eacute', 'Ecircumflex', 'F', 'G', 'Grave', 'H', 'I', 'J', 'L', 'M', 'N', 'O', 'P', 'Q', 'R', 'S', 'T', 'U', 'V', 'X', 'a', 'acute', 'agrave', 'at', 'b', 'bullet', 'c', 'cedilla', 'circumflex', 'colon', 'comma', 'd', 'e', 'eacute', 'ecircumflex', 'eight', 'five', 'four', 'g', 'grave', 'hyphen', 'i', 'j', 'l', 'm', 'multiply', 'n', 'nine', 'o', 'one', 'p', 'parenleft', 'parenright', 'percent', 'period', 'plus', 'quotedbl', 'quotesingle', 'r', 's', 'seven', 'six', 'slash', 'space', 't', 'three', 'two', 'u', 'v', 'x', 'y', 'zero']
Glyph IDs:   [0, 3, 5, 8, 10, 11, 12, 14, 15, 16, 17, 18, 19, 20, 21, 22, 23, 24, 25, 26, 27, 28, 29, 35, 36, 37, 38, 39, 40, 41, 42, 43, 44, 45, 47, 48, 49, 50, 51, 52, 53, 54, 55, 56, 57, 59, 67, 68, 69, 70, 71, 72, 74, 76, 77, 79, 80, 81, 82, 83, 85, 86, 87, 88, 89, 91, 92, 118, 122, 130, 137, 139, 140, 153, 162, 171, 172, 648, 2816, 5638, 5640, 5641]
Took 0.004s to close glyph list over 'glyf'
Retaining 82 glyphs
head subsetting not needed
hhea subsetting not needed
maxp subsetting not needed
OS/2 subsetting not needed
Reading 'hmtx' table from disk
Decompiling 'hmtx' table
Reading 'hhea' table from disk
Decompiling 'hhea' table
Took 0.011s to subset 'hmtx'
hmtx subsetted
Took 0.006s to subset 'cmap'
cmap subsetted
loca subsetting not needed
Took 0.000s to subset 'post'
post subsetted
gasp subsetting not needed
FFTM NOT subset; don't know how to subset
Reading 'GDEF' table from disk
Decompiling 'GDEF' table
Took 0.006s to subset 'GDEF'
GDEF subsetted
name subsetting not needed
Took 0.007s to subset 'glyf'
glyf subsetted
Took 0.000s to subset GlyphOrder
Took 0.000s to prune 'head'
head pruned
Reading 'OS/2' table from disk
Decompiling 'OS/2' table
OS/2 Unicode ranges pruned: [0, 1, 31]
OS/2 CodePage ranges pruned: [0]
Took 0.004s to prune 'glyf'
glyf pruned
Took 0.000s to prune 'GDEF'
GDEF pruned
Reading 'name' table from disk
Decompiling 'name' table
Reading 'gasp' table from disk
Decompiling 'gasp' table
Reading 'FFTM' table from disk
Decompiling 'FFTM' table
Took 0.002s to prune 'name'
name pruned
Reading 'maxp' table from disk
Decompiling 'maxp' table
Took 0.000s to load 'maxp'
Took 0.000s to prune 'maxp'
maxp pruned
Reading 'cmap' table from disk
Decompiling 'cmap' table
Reading 'post' table from disk
Decompiling 'post' table
Took 0.019s to load 'cmap'
Took 0.000s to prune 'cmap'
cmap pruned
fpgm dropped
prep dropped
cvt  dropped
kern dropped
Took 0.000s to load 'post'
Took 0.000s to prune 'post'
post pruned
GPOS dropped
GSUB dropped
Reading 'glyf' table from disk
Decompiling 'glyf' table
Reading 'loca' table from disk
Decompiling 'loca' table
Reading 'head' table from disk
Decompiling 'head' table
Took 0.009s to load 'glyf'
Took 0.000s to prune 'glyf'
glyf pruned
Took 0.003s to close glyph list over 'cmap'
Added gid0 to subset
Closing glyph list over 'glyf': 23 glyphs before
Glyph names: ['.notdef', 'Q', 'a', 'c', 'ccedilla', 'comma', 'd', 'e', 'eacute', 'f', 'g', 'i', 'l', 'm', 'n', 'o', 'p', 'quotesingle', 'r', 's', 'space', 't', 'u']
Glyph IDs:   [0, 3, 10, 15, 52, 68, 70, 71, 72, 73, 74, 76, 79, 80, 81, 82, 83, 85, 86, 87, 88, 169, 171]
Closed glyph list over 'glyf': 25 glyphs after
Glyph names: ['.notdef', 'Q', 'a', 'acute', 'c', 'ccedilla', 'cedilla', 'comma', 'd', 'e', 'eacute', 'f', 'g', 'i', 'l', 'm', 'n', 'o', 'p', 'quotesingle', 'r', 's', 'space', 't', 'u']
Glyph IDs:   [0, 3, 10, 15, 52, 68, 70, 71, 72, 73, 74, 76, 79, 80, 81, 82, 83, 85, 86, 87, 88, 118, 122, 169, 171]
Took 0.003s to close glyph list over 'glyf'
Retaining 25 glyphs
head subsetting not needed
hhea subsetting not needed
maxp subsetting not needed
OS/2 subsetting not needed
Reading 'hmtx' table from disk
Decompiling 'hmtx' table
Reading 'hhea' table from disk
Decompiling 'hhea' table
Took 0.006s to subset 'hmtx'
hmtx subsetted
Took 0.003s to subset 'cmap'
cmap subsetted
loca subsetting not needed
Took 0.000s to subset 'post'
post subsetted
gasp subsetting not needed
FFTM NOT subset; don't know how to subset
Reading 'GDEF' table from disk
Decompiling 'GDEF' table
Took 0.003s to subset 'GDEF'
GDEF subsetted
name subsetting not needed
Took 0.001s to subset 'glyf'
glyf subsetted
Took 0.000s to subset GlyphOrder
Took 0.000s to prune 'head'
head pruned
Reading 'OS/2' table from disk
Decompiling 'OS/2' table
OS/2 Unicode ranges pruned: [0, 1]
OS/2 CodePage ranges pruned: [0]
Took 0.000s to prune 'glyf'
glyf pruned
Took 0.000s to prune 'GDEF'
GDEF pruned
Reading 'name' table from disk
Decompiling 'name' table
Reading 'gasp' table from disk
Decompiling 'gasp' table
Reading 'FFTM' table from disk
Decompiling 'FFTM' table
Took 0.002s to prune 'name'
name pruned
Reading 'maxp' table from disk
Decompiling 'maxp' table
Took 0.001s to load 'maxp'
Took 0.000s to prune 'maxp'
maxp pruned
Reading 'cmap' table from disk
Decompiling 'cmap' table
Reading 'post' table from disk
Decompiling 'post' table
Took 0.016s to load 'cmap'
Took 0.000s to prune 'cmap'
cmap pruned
fpgm dropped
prep dropped
cvt  dropped
kern dropped
Took 0.000s to load 'post'
Took 0.000s to prune 'post'
post pruned
GPOS dropped
GSUB dropped
Reading 'glyf' table from disk
Decompiling 'glyf' table
Reading 'loca' table from disk
Decompiling 'loca' table
Reading 'head' table from disk
Decompiling 'head' table
Took 0.009s to load 'glyf'
Took 0.000s to prune 'glyf'
glyf pruned
Took 0.003s to close glyph list over 'cmap'
Added gid0 to subset
Closing glyph list over 'glyf': 9 glyphs before
Glyph names: ['.notdef', 'comma', 'e', 'o', 'r', 's', 'space', 'u', 'zero']
Glyph IDs:   [0, 3, 15, 19, 72, 82, 85, 86, 88]
Closed glyph list over 'glyf': 9 glyphs after
Glyph names: ['.notdef', 'comma', 'e', 'o', 'r', 's', 'space', 'u', 'zero']
Glyph IDs:   [0, 3, 15, 19, 72, 82, 85, 86, 88]
Took 0.002s to close glyph list over 'glyf'
Retaining 9 glyphs
head subsetting not needed
hhea subsetting not needed
maxp subsetting not needed
OS/2 subsetting not needed
Reading 'hmtx' table from disk
Decompiling 'hmtx' table
Reading 'hhea' table from disk
Decompiling 'hhea' table
Took 0.005s to subset 'hmtx'
hmtx subsetted
Took 0.004s to subset 'cmap'
cmap subsetted
loca subsetting not needed
Took 0.000s to subset 'post'
post subsetted
gasp subsetting not needed
FFTM NOT subset; don't know how to subset
Reading 'GDEF' table from disk
Decompiling 'GDEF' table
Took 0.002s to subset 'GDEF'
GDEF subsetted
name subsetting not needed
Took 0.001s to subset 'glyf'
glyf subsetted
Took 0.000s to subset GlyphOrder
Took 0.000s to prune 'head'
head pruned
Reading 'OS/2' table from disk
Decompiling 'OS/2' table
OS/2 Unicode ranges pruned: [0]
OS/2 CodePage ranges pruned: [0]
Took 0.000s to prune 'glyf'
glyf pruned
Took 0.000s to prune 'GDEF'
GDEF pruned
Reading 'name' table from disk
Decompiling 'name' table
Reading 'gasp' table from disk
Decompiling 'gasp' table
Reading 'FFTM' table from disk
Decompiling 'FFTM' table
Took 0.001s to prune 'name'
name pruned
Reading 'maxp' table from disk
Decompiling 'maxp' table
Took 0.000s to load 'maxp'
Took 0.000s to prune 'maxp'
maxp pruned
LTSH dropped
VDMX dropped
hdmx dropped
Reading 'cmap' table from disk
Decompiling 'cmap' table
Took 0.000s to load 'cmap'
Took 0.000s to prune 'cmap'
cmap pruned
fpgm dropped
prep dropped
cvt  dropped
kern dropped
Reading 'post' table from disk
Decompiling 'post' table
Took 0.000s to load 'post'
Took 0.000s to prune 'post'
post pruned
PCLT dropped
JSTF dropped
GPOS dropped
GSUB dropped
Reading 'glyf' table from disk
Decompiling 'glyf' table
Reading 'loca' table from disk
Decompiling 'loca' table
Reading 'head' table from disk
Decompiling 'head' table
Reading 'cmap' table from disk
Decompiling 'cmap' table
Took 0.026s to load 'glyf'
Took 0.000s to prune 'glyf'
glyf pruned
Took 0.007s to close glyph list over 'cmap'
Added gid0 to subset
Closing glyph list over 'glyf': 11 glyphs before
Glyph names: ['.notdef', 'A', 'D', 'I', 'N', 'O', 'R', 'S', 'T', 'U', 'quotesingle']
Glyph IDs:   [0, 10, 36, 39, 44, 49, 50, 53, 54, 55, 56]
Closed glyph list over 'glyf': 11 glyphs after
Glyph names: ['.notdef', 'A', 'D', 'I', 'N', 'O', 'R', 'S', 'T', 'U', 'quotesingle']
Glyph IDs:   [0, 10, 36, 39, 44, 49, 50, 53, 54, 55, 56]
Took 0.002s to close glyph list over 'glyf'
Retaining 11 glyphs
head subsetting not needed
hhea subsetting not needed
maxp subsetting not needed
OS/2 subsetting not needed
Reading 'hmtx' table from disk
Decompiling 'hmtx' table
Reading 'hhea' table from disk
Decompiling 'hhea' table
Took 0.006s to subset 'hmtx'
hmtx subsetted
Took 0.002s to subset 'cmap'
cmap subsetted
loca subsetting not needed
Took 0.000s to subset 'post'
post subsetted
gasp subsetting not needed
meta NOT subset; don't know how to subset
Reading 'GDEF' table from disk
Decompiling 'GDEF' table
Took 0.003s to subset 'GDEF'
GDEF subsetted
name subsetting not needed
Took 0.001s to subset 'glyf'
glyf subsetted
Took 0.000s to subset GlyphOrder
Took 0.000s to prune 'head'
head pruned
Reading 'OS/2' table from disk
Decompiling 'OS/2' table
OS/2 Unicode ranges pruned: [0]
OS/2 CodePage ranges pruned: [0]
Took 0.000s to prune 'glyf'
glyf pruned
Took 0.000s to prune 'GDEF'
GDEF pruned
Reading 'name' table from disk
Decompiling 'name' table
Reading 'gasp' table from disk
Decompiling 'gasp' table
Reading 'meta' table from disk
Decompiling 'meta' table
Took 0.002s to prune 'name'
name pruned
Unknown rendering option: timeout.
Ignored `src: local("Segoe UI"), local("Helvetica Neue"), local("Arial"), sans-serif` at 5:13, invalid value.
Missing src descriptor in '@font-face' rule at 3:9
Ignored `src: local("Georgia"), local("Times New Roman"), serif` at 10:13, invalid value.
Missing src descriptor in '@font-face' rule at 8:9
Ignored `word-break: break-word` at 261:13, invalid value.
Ignored `word-break: break-word` at 273:13, invalid value.
Reading 'maxp' table from disk
Decompiling 'maxp' table
Took 0.000s to load 'maxp'
Took 0.000s to prune 'maxp'
maxp pruned
Reading 'cmap' table from disk
Decompiling 'cmap' table
Reading 'post' table from disk
Decompiling 'post' table
Took 0.016s to load 'cmap'
Took 0.000s to prune 'cmap'
cmap pruned
fpgm dropped
prep dropped
cvt  dropped
kern dropped
Took 0.000s to load 'post'
Took 0.000s to prune 'post'
post pruned
GPOS dropped
GSUB dropped
Reading 'glyf' table from disk
Decompiling 'glyf' table
Reading 'loca' table from disk
Decompiling 'loca' table
Reading 'head' table from disk
Decompiling 'head' table
Took 0.005s to load 'glyf'
Took 0.000s to prune 'glyf'
glyf pruned
Took 0.002s to close glyph list over 'cmap'
Added gid0 to subset
Closing glyph list over 'glyf': 58 glyphs before
Glyph names: ['.notdef', 'A', 'Agrave', 'B', 'C', 'D', 'E', 'Eacute', 'Egrave', 'Euro', 'F', 'G', 'H', 'I', 'J', 'L', 'M', 'N', 'O', 'P', 'Q', 'R', 'S', 'T', 'U', 'V', 'X', 'a', 'b', 'c', 'comma', 'd', 'degree', 'e', 'eacute', 'four', 'h', 'hyphen', 'i', 'l', 'm', 'n', 'o', 'one', 'p', 'period', 'quotesingle', 'r', 's', 'six', 'slash', 'space', 't', 'three', 'two', 'u', 'uni25D0', 'zero']
Glyph IDs:   [0, 3, 10, 15, 16, 17, 18, 19, 20, 21, 22, 23, 25, 36, 37, 38, 39, 40, 41, 42, 43, 44, 45, 47, 48, 49, 50, 51, 52, 53, 54, 55, 56, 57, 59, 68, 69, 70, 71, 72, 75, 76, 79, 80, 81, 82, 83, 85, 86, 87, 88, 114, 130, 138, 139, 171, 2943, 3617]
Closed glyph list over 'glyf': 61 glyphs after
Glyph names: ['.notdef', 'A', 'Acute', 'Agrave', 'B', 'C', 'D', 'E', 'Eacute', 'Egrave', 'Euro', 'F', 'G', 'Grave', 'H', 'I', 'J', 'L', 'M', 'N', 'O', 'P', 'Q', 'R', 'S', 'T', 'U', 'V', 'X', 'a', 'acute', 'b', 'c', 'comma', 'd', 'degree', 'e', 'eacute', 'four', 'h', 'hyphen', 'i', 'l', 'm', 'n', 'o', 'one', 'p', 'period', 'quotesingle', 'r', 's', 'six', 'slash', 'space', 't', 'three', 'two', 'u', 'uni25D0', 'zero']
Glyph IDs:   [0, 3, 10, 15, 16, 17, 18, 19, 20, 21, 22, 23, 25, 36, 37, 38, 39, 40, 41, 42, 43, 44, 45, 47, 48, 49, 50, 51, 52, 53, 54, 55, 56, 57, 59, 68, 69, 70, 71, 72, 75, 76, 79, 80, 81, 82, 83, 85, 86, 87, 88, 114, 118, 130, 138, 139, 171, 2943, 3617, 5564, 5566]
Took 0.002s to close glyph list over 'glyf'
Retaining 61 glyphs
head subsetting not needed
hhea subsetting not needed
maxp subsetting not needed
OS/2 subsetting not needed
Reading 'hmtx' table from disk
Decompiling 'hmtx' table
Reading 'hhea' table from disk
Decompiling 'hhea' table
Took 0.007s to subset 'hmtx'
hmtx subsetted
Took 0.004s to subset 'cmap'
cmap subsetted
loca subsetting not needed
Took 0.000s to subset 'post'
post subsetted
gasp subsetting not needed
FFTM NOT subset; don't know how to subset
Reading 'GDEF' table from disk
Decompiling 'GDEF' table
Took 0.003s to subset 'GDEF'
GDEF subsetted
name subsetting not needed
Took 0.005s to subset 'glyf'
glyf subsetted
Took 0.000s to subset GlyphOrder
Took 0.000s to prune 'head'
head pruned
Reading 'OS/2' table from disk
Decompiling 'OS/2' table
OS/2 Unicode ranges pruned: [0, 1, 33, 45]
OS/2 CodePage ranges pruned: [0]
Took 0.002s to prune 'glyf'
glyf pruned
Took 0.000s to prune 'GDEF'
GDEF pruned
Reading 'name' table from disk
Decompiling 'name' table
Reading 'gasp' table from disk
Decompiling 'gasp' table
Reading 'FFTM' table from disk
Decompiling 'FFTM' table
Took 0.002s to prune 'name'
name pruned
Reading 'maxp' table from disk
Decompiling 'maxp' table
Took 0.000s to load 'maxp'
Took 0.000s to prune 'maxp'
maxp pruned
Reading 'cmap' table from disk
Decompiling 'cmap' table
Reading 'post' table from disk
Decompiling 'post' table
Took 0.019s to load 'cmap'
Took 0.000s to prune 'cmap'
cmap pruned
fpgm dropped
prep dropped
cvt  dropped
kern dropped
Took 0.000s to load 'post'
Took 0.000s to prune 'post'
post pruned
GPOS dropped
GSUB dropped
Reading 'glyf' table from disk
Decompiling 'glyf' table
Reading 'loca' table from disk
Decompiling 'loca' table
Reading 'head' table from disk
Decompiling 'head' table
Took 0.006s to load 'glyf'
Took 0.000s to prune 'glyf'
glyf pruned
Took 0.003s to close glyph list over 'cmap'
Added gid0 to subset
Closing glyph list over 'glyf': 73 glyphs before
Glyph names: ['.notdef', 'A', 'Agrave', 'B', 'C', 'Ccedilla', 'D', 'E', 'Eacute', 'Ecircumflex', 'Euro', 'F', 'G', 'H', 'I', 'J', 'L', 'M', 'N', 'O', 'P', 'Q', 'R', 'S', 'T', 'U', 'V', 'a', 'agrave', 'at', 'b', 'bullet', 'c', 'colon', 'comma', 'd', 'e', 'eacute', 'eight', 'f', 'five', 'four', 'g', 'hyphen', 'i', 'j', 'l', 'm', 'n', 'nine', 'o', 'one', 'p', 'parenleft', 'parenright', 'percent', 'period', 'plus', 'quotesingle', 'r', 's', 'seven', 'six', 'slash', 'space', 't', 'three', 'two', 'u', 'v', 'x', 'y', 'zero']
Glyph IDs:   [0, 3, 8, 10, 11, 12, 14, 15, 16, 17, 18, 19, 20, 21, 22, 23, 24, 25, 26, 27, 28, 29, 35, 36, 37, 38, 39, 40, 41, 42, 43, 44, 45, 47, 48, 49, 50, 51, 52, 53, 54, 55, 56, 57, 68, 69, 70, 71, 72, 73, 74, 76, 77, 79, 80, 81, 82, 83, 85, 86, 87, 88, 89, 91, 92, 130, 137, 139, 140, 162, 171, 2816, 2943]
Closed glyph list over 'glyf': 79 glyphs after
Glyph names: ['.notdef', 'A', 'Acute', 'Agrave', 'B', 'C', 'Ccedilla', 'Circumflex', 'D', 'E', 'Eacute', 'Ecircumflex', 'Euro', 'F', 'G', 'Grave', 'H', 'I', 'J', 'L', 'M', 'N', 'O', 'P', 'Q', 'R', 'S', 'T', 'U', 'V', 'a', 'acute', 'agrave', 'at', 'b', 'bullet', 'c', 'cedilla', 'colon', 'comma', 'd', 'e', 'eacute', 'eight', 'f', 'five', 'four', 'g', 'grave', 'hyphen', 'i', 'j', 'l', 'm', 'n', 'nine', 'o', 'one', 'p', 'parenleft', 'parenright', 'percent', 'period', 'plus', 'quotesingle', 'r', 's', 'seven', 'six', 'slash', 'space', 't', 'three', 'two', 'u', 'v', 'x', 'y', 'zero']
Glyph IDs:   [0, 3, 8, 10, 11, 12, 14, 15, 16, 17, 18, 19, 20, 21, 22, 23, 24, 25, 26, 27, 28, 29, 35, 36, 37, 38, 39, 40, 41, 42, 43, 44, 45, 47, 48, 49, 50, 51, 52, 53, 54, 55, 56, 57, 67, 68, 69, 70, 71, 72, 73, 74, 76, 77, 79, 80, 81, 82, 83, 85, 86, 87, 88, 89, 91, 92, 118, 122, 130, 137, 139, 140, 162, 171, 2816, 2943, 5638, 5640, 5641]
Took 0.003s to close glyph list over 'glyf'
Retaining 79 glyphs
head subsetting not needed
hhea subsetting not needed
maxp subsetting not needed
OS/2 subsetting not needed
Reading 'hmtx' table from disk
Decompiling 'hmtx' table
Reading 'hhea' table from disk
Decompiling 'hhea' table
Took 0.007s to subset 'hmtx'
hmtx subsetted
Took 0.004s to subset 'cmap'
cmap subsetted
loca subsetting not needed
Took 0.000s to subset 'post'
post subsetted
gasp subsetting not needed
FFTM NOT subset; don't know how to subset
Reading 'GDEF' table from disk
Decompiling 'GDEF' table
Took 0.004s to subset 'GDEF'
GDEF subsetted
name subsetting not needed
Took 0.007s to subset 'glyf'
glyf subsetted
Took 0.000s to subset GlyphOrder
Took 0.000s to prune 'head'
head pruned
Reading 'OS/2' table from disk
Decompiling 'OS/2' table
OS/2 Unicode ranges pruned: [0, 1, 31, 33]
OS/2 CodePage ranges pruned: [0]
Took 0.003s to prune 'glyf'
glyf pruned
Took 0.000s to prune 'GDEF'
GDEF pruned
Reading 'name' table from disk
Decompiling 'name' table
Reading 'gasp' table from disk
Decompiling 'gasp' table
Reading 'FFTM' table from disk
Decompiling 'FFTM' table
Took 0.001s to prune 'name'
name pruned
Reading 'maxp' table from disk
Decompiling 'maxp' table
Took 0.000s to load 'maxp'
Took 0.000s to prune 'maxp'
maxp pruned
Reading 'cmap' table from disk
Decompiling 'cmap' table
Reading 'post' table from disk
Decompiling 'post' table
Took 0.015s to load 'cmap'
Took 0.000s to prune 'cmap'
cmap pruned
fpgm dropped
prep dropped
cvt  dropped
kern dropped
Took 0.000s to load 'post'
Took 0.000s to prune 'post'
post pruned
GPOS dropped
GSUB dropped
Reading 'glyf' table from disk
Decompiling 'glyf' table
Reading 'loca' table from disk
Decompiling 'loca' table
Reading 'head' table from disk
Decompiling 'head' table
Took 0.008s to load 'glyf'
Took 0.000s to prune 'glyf'
glyf pruned
Took 0.001s to close glyph list over 'cmap'
Added gid0 to subset
Closing glyph list over 'glyf': 23 glyphs before
Glyph names: ['.notdef', 'Q', 'a', 'c', 'ccedilla', 'comma', 'd', 'e', 'eacute', 'f', 'g', 'i', 'l', 'm', 'n', 'o', 'p', 'quotesingle', 'r', 's', 'space', 't', 'u']
Glyph IDs:   [0, 3, 10, 15, 52, 68, 70, 71, 72, 73, 74, 76, 79, 80, 81, 82, 83, 85, 86, 87, 88, 169, 171]
Closed glyph list over 'glyf': 25 glyphs after
Glyph names: ['.notdef', 'Q', 'a', 'acute', 'c', 'ccedilla', 'cedilla', 'comma', 'd', 'e', 'eacute', 'f', 'g', 'i', 'l', 'm', 'n', 'o', 'p', 'quotesingle', 'r', 's', 'space', 't', 'u']
Glyph IDs:   [0, 3, 10, 15, 52, 68, 70, 71, 72, 73, 74, 76, 79, 80, 81, 82, 83, 85, 86, 87, 88, 118, 122, 169, 171]
Took 0.002s to close glyph list over 'glyf'
Retaining 25 glyphs
head subsetting not needed
hhea subsetting not needed
maxp subsetting not needed
OS/2 subsetting not needed
Reading 'hmtx' table from disk
Decompiling 'hmtx' table
Reading 'hhea' table from disk
Decompiling 'hhea' table
Took 0.005s to subset 'hmtx'
hmtx subsetted
Took 0.004s to subset 'cmap'
cmap subsetted
loca subsetting not needed
Took 0.000s to subset 'post'
post subsetted
gasp subsetting not needed
FFTM NOT subset; don't know how to subset
Reading 'GDEF' table from disk
Decompiling 'GDEF' table
Took 0.002s to subset 'GDEF'
GDEF subsetted
name subsetting not needed
Took 0.002s to subset 'glyf'
glyf subsetted
Took 0.000s to subset GlyphOrder
Took 0.000s to prune 'head'
head pruned
Reading 'OS/2' table from disk
Decompiling 'OS/2' table
OS/2 Unicode ranges pruned: [0, 1]
OS/2 CodePage ranges pruned: [0]
Took 0.000s to prune 'glyf'
glyf pruned
Took 0.000s to prune 'GDEF'
GDEF pruned
Reading 'name' table from disk
Decompiling 'name' table
Reading 'gasp' table from disk
Decompiling 'gasp' table
Reading 'FFTM' table from disk
Decompiling 'FFTM' table
Took 0.002s to prune 'name'
name pruned
Reading 'maxp' table from disk
Decompiling 'maxp' table
Took 0.000s to load 'maxp'
Took 0.000s to prune 'maxp'
maxp pruned
Reading 'cmap' table from disk
Decompiling 'cmap' table
Reading 'post' table from disk
Decompiling 'post' table
Took 0.018s to load 'cmap'
Took 0.000s to prune 'cmap'
cmap pruned
fpgm dropped
prep dropped
cvt  dropped
kern dropped
Took 0.000s to load 'post'
Took 0.000s to prune 'post'
post pruned
GPOS dropped
GSUB dropped
Reading 'glyf' table from disk
Decompiling 'glyf' table
Reading 'loca' table from disk
Decompiling 'loca' table
Reading 'head' table from disk
Decompiling 'head' table
Took 0.013s to load 'glyf'
Took 0.000s to prune 'glyf'
glyf pruned
Took 0.002s to close glyph list over 'cmap'
Added gid0 to subset
Closing glyph list over 'glyf': 9 glyphs before
Glyph names: ['.notdef', 'comma', 'e', 'o', 'r', 's', 'space', 'u', 'zero']
Glyph IDs:   [0, 3, 15, 19, 72, 82, 85, 86, 88]
Closed glyph list over 'glyf': 9 glyphs after
Glyph names: ['.notdef', 'comma', 'e', 'o', 'r', 's', 'space', 'u', 'zero']
Glyph IDs:   [0, 3, 15, 19, 72, 82, 85, 86, 88]
Took 0.002s to close glyph list over 'glyf'
Retaining 9 glyphs
head subsetting not needed
hhea subsetting not needed
maxp subsetting not needed
OS/2 subsetting not needed
Reading 'hmtx' table from disk
Decompiling 'hmtx' table
Reading 'hhea' table from disk
Decompiling 'hhea' table
Took 0.005s to subset 'hmtx'
hmtx subsetted
Took 0.004s to subset 'cmap'
cmap subsetted
loca subsetting not needed
Took 0.000s to subset 'post'
post subsetted
gasp subsetting not needed
FFTM NOT subset; don't know how to subset
Reading 'GDEF' table from disk
Decompiling 'GDEF' table
Took 0.004s to subset 'GDEF'
GDEF subsetted
name subsetting not needed
Took 0.001s to subset 'glyf'
glyf subsetted
Took 0.000s to subset GlyphOrder
Took 0.000s to prune 'head'
head pruned
Reading 'OS/2' table from disk
Decompiling 'OS/2' table
OS/2 Unicode ranges pruned: [0]
OS/2 CodePage ranges pruned: [0]
Took 0.000s to prune 'glyf'
glyf pruned
Took 0.000s to prune 'GDEF'
GDEF pruned
Reading 'name' table from disk
Decompiling 'name' table
Reading 'gasp' table from disk
Decompiling 'gasp' table
Reading 'FFTM' table from disk
Decompiling 'FFTM' table
Took 0.001s to prune 'name'
name pruned
Reading 'maxp' table from disk
Decompiling 'maxp' table
Took 0.000s to load 'maxp'
Took 0.000s to prune 'maxp'
maxp pruned
Reading 'cmap' table from disk
Decompiling 'cmap' table
Took 0.000s to load 'cmap'
Took 0.000s to prune 'cmap'
cmap pruned
fpgm dropped
prep dropped
cvt  dropped
kern dropped
Reading 'post' table from disk
Decompiling 'post' table
Took 0.000s to load 'post'
Took 0.000s to prune 'post'
post pruned
GPOS dropped
GSUB dropped
Reading 'glyf' table from disk
Decompiling 'glyf' table
Reading 'loca' table from disk
Decompiling 'loca' table
Reading 'head' table from disk
Decompiling 'head' table
Reading 'cmap' table from disk
Decompiling 'cmap' table
Took 0.181s to load 'glyf'
Took 0.000s to prune 'glyf'
glyf pruned
Took 0.002s to close glyph list over 'cmap'
Added gid0 to subset
Closing glyph list over 'COLR': 3 glyphs before
Glyph names: ['.notdef', 'u1F3E6', 'u1F4B3']
Glyph IDs:   [0, 1059, 2012]
Reading 'COLR' table from disk
Decompiling 'COLR' table
Closed glyph list over 'COLR': 28 glyphs after
Glyph names: ['.notdef', 'glyph07040', 'glyph07071', 'glyph07230', 'glyph07231', 'glyph07232', 'glyph07233', 'glyph07234', 'glyph07235', 'glyph07236', 'glyph07237', 'glyph15830', 'glyph17407', 'glyph17408', 'glyph17409', 'glyph17410', 'glyph35610', 'glyph35611', 'glyph35612', 'glyph35613', 'glyph35614', 'glyph44340', 'glyph44341', 'glyph44342', 'glyph44343', 'glyph44344', 'u1F3E6', 'u1F4B3']
Glyph IDs:   [0, 1059, 2012, 7040, 7071, 7230, 7231, 7232, 7233, 7234, 7235, 7236, 7237, 15830, 17407, 17408, 17409, 17410, 35610, 35611, 35612, 35613, 35614, 44340, 44341, 44342, 44343, 44344]
Took 25.614s to close glyph list over 'COLR'
Closing glyph list over 'glyf': 28 glyphs before
Glyph names: ['.notdef', 'glyph07040', 'glyph07071', 'glyph07230', 'glyph07231', 'glyph07232', 'glyph07233', 'glyph07234', 'glyph07235', 'glyph07236', 'glyph07237', 'glyph15830', 'glyph17407', 'glyph17408', 'glyph17409', 'glyph17410', 'glyph35610', 'glyph35611', 'glyph35612', 'glyph35613', 'glyph35614', 'glyph44340', 'glyph44341', 'glyph44342', 'glyph44343', 'glyph44344', 'u1F3E6', 'u1F4B3']
Glyph IDs:   [0, 1059, 2012, 7040, 7071, 7230, 7231, 7232, 7233, 7234, 7235, 7236, 7237, 15830, 17407, 17408, 17409, 17410, 35610, 35611, 35612, 35613, 35614, 44340, 44341, 44342, 44343, 44344]
Closed glyph list over 'glyf': 31 glyphs after
Glyph names: ['.notdef', 'glyph07040', 'glyph07071', 'glyph07230', 'glyph07231', 'glyph07232', 'glyph07233', 'glyph07234', 'glyph07235', 'glyph07236', 'glyph07237', 'glyph15830', 'glyph17407', 'glyph17408', 'glyph17409', 'glyph17410', 'glyph35610', 'glyph35611', 'glyph35612', 'glyph35613', 'glyph35614', 'glyph44340', 'glyph44341', 'glyph44342', 'glyph44343', 'glyph44344', 'glyph59804', 'glyph59805', 'glyph59806', 'u1F3E6', 'u1F4B3']
Glyph IDs:   [0, 1059, 2012, 7040, 7071, 7230, 7231, 7232, 7233, 7234, 7235, 7236, 7237, 15830, 17407, 17408, 17409, 17410, 35610, 35611, 35612, 35613, 35614, 44340, 44341, 44342, 44343, 44344, 59804, 59805, 59806]
Took 0.002s to close glyph list over 'glyf'
Retaining 31 glyphs
head subsetting not needed
hhea subsetting not needed
maxp subsetting not needed
OS/2 subsetting not needed
Reading 'hmtx' table from disk
Decompiling 'hmtx' table
Reading 'hhea' table from disk
Decompiling 'hhea' table
Took 0.144s to subset 'hmtx'
hmtx subsetted
Took 0.002s to subset 'cmap'
cmap subsetted
loca subsetting not needed
Took 0.000s to subset 'post'
post subsetted
gasp subsetting not needed
Took 12.238s to subset 'COLR'
COLR subsetted
CPAL subsetting not needed
meta NOT subset; don't know how to subset
Reading 'GDEF' table from disk
Decompiling 'GDEF' table
Took 0.001s to subset 'GDEF'
GDEF subsetted
name subsetting not needed
Took 0.090s to subset 'glyf'
glyf subsetted
Took 0.002s to subset GlyphOrder
Took 0.000s to prune 'head'
head pruned
Reading 'OS/2' table from disk
Decompiling 'OS/2' table
OS/2 Unicode ranges pruned: [57]
Took 0.025s to prune 'glyf'
glyf pruned
Reading 'CPAL' table from disk
Decompiling 'CPAL' table
Took 0.084s to prune 'CPAL'
CPAL pruned
Took 0.000s to prune 'GDEF'
GDEF pruned to empty; dropped
Reading 'name' table from disk
Decompiling 'name' table
Reading 'gasp' table from disk
Decompiling 'gasp' table
Reading 'meta' table from disk
Decompiling 'meta' table
Took 0.279s to prune 'name'
name pruned
Reading 'maxp' table from disk
Decompiling 'maxp' table
Took 0.000s to load 'maxp'
Took 0.000s to prune 'maxp'
maxp pruned
LTSH dropped
VDMX dropped
hdmx dropped
Reading 'cmap' table from disk
Decompiling 'cmap' table
Took 0.000s to load 'cmap'
Took 0.000s to prune 'cmap'
cmap pruned
fpgm dropped
prep dropped
cvt  dropped
kern dropped
Reading 'post' table from disk
Decompiling 'post' table
Took 0.000s to load 'post'
Took 0.000s to prune 'post'
post pruned
PCLT dropped
JSTF dropped
GPOS dropped
GSUB dropped
Reading 'glyf' table from disk
Decompiling 'glyf' table
Reading 'loca' table from disk
Decompiling 'loca' table
Reading 'head' table from disk
Decompiling 'head' table
Reading 'cmap' table from disk
Decompiling 'cmap' table
Took 0.033s to load 'glyf'
Took 0.000s to prune 'glyf'
glyf pruned
Took 0.007s to close glyph list over 'cmap'
Added gid0 to subset
Closing glyph list over 'glyf': 11 glyphs before
Glyph names: ['.notdef', 'A', 'D', 'I', 'N', 'O', 'R', 'S', 'T', 'U', 'quotesingle']
Glyph IDs:   [0, 10, 36, 39, 44, 49, 50, 53, 54, 55, 56]
Closed glyph list over 'glyf': 11 glyphs after
Glyph names: ['.notdef', 'A', 'D', 'I', 'N', 'O', 'R', 'S', 'T', 'U', 'quotesingle']
Glyph IDs:   [0, 10, 36, 39, 44, 49, 50, 53, 54, 55, 56]
Took 0.002s to close glyph list over 'glyf'
Retaining 11 glyphs
head subsetting not needed
hhea subsetting not needed
maxp subsetting not needed
OS/2 subsetting not needed
Reading 'hmtx' table from disk
Decompiling 'hmtx' table
Reading 'hhea' table from disk
Decompiling 'hhea' table
Took 0.005s to subset 'hmtx'
hmtx subsetted
Took 0.002s to subset 'cmap'
cmap subsetted
loca subsetting not needed
Took 0.000s to subset 'post'
post subsetted
gasp subsetting not needed
meta NOT subset; don't know how to subset
Reading 'GDEF' table from disk
Decompiling 'GDEF' table
Took 0.005s to subset 'GDEF'
GDEF subsetted
name subsetting not needed
Took 0.002s to subset 'glyf'
glyf subsetted
Took 0.000s to subset GlyphOrder
Took 0.000s to prune 'head'
head pruned
Reading 'OS/2' table from disk
Decompiling 'OS/2' table
OS/2 Unicode ranges pruned: [0]
OS/2 CodePage ranges pruned: [0]
Took 0.000s to prune 'glyf'
glyf pruned
Took 0.000s to prune 'GDEF'
GDEF pruned
Reading 'name' table from disk
Decompiling 'name' table
Reading 'gasp' table from disk
Decompiling 'gasp' table
Reading 'meta' table from disk
Decompiling 'meta' table
Took 0.002s to prune 'name'
name pruned
.Unknown rendering option: timeout.
Ignored `src: local("Segoe UI"), local("Helvetica Neue"), local("Arial"), sans-serif` at 5:13, invalid value.
Missing src descriptor in '@font-face' rule at 3:9
Ignored `src: local("Georgia"), local("Times New Roman"), serif` at 10:13, invalid value.
Missing src descriptor in '@font-face' rule at 8:9
Ignored `word-break: break-word` at 236:13, invalid value.
Ignored `word-break: break-word` at 248:13, invalid value.
Reading 'maxp' table from disk
Decompiling 'maxp' table
Took 0.000s to load 'maxp'
Took 0.000s to prune 'maxp'
maxp pruned
Reading 'cmap' table from disk
Decompiling 'cmap' table
Reading 'post' table from disk
Decompiling 'post' table
Took 0.017s to load 'cmap'
Took 0.000s to prune 'cmap'
cmap pruned
fpgm dropped
prep dropped
cvt  dropped
kern dropped
Took 0.000s to load 'post'
Took 0.000s to prune 'post'
post pruned
GPOS dropped
GSUB dropped
Reading 'glyf' table from disk
Decompiling 'glyf' table
Reading 'loca' table from disk
Decompiling 'loca' table
Reading 'head' table from disk
Decompiling 'head' table
Took 0.005s to load 'glyf'
Took 0.000s to prune 'glyf'
glyf pruned
Took 0.001s to close glyph list over 'cmap'
Added gid0 to subset
Closing glyph list over 'glyf': 54 glyphs before
Glyph names: ['.notdef', 'A', 'B', 'C', 'D', 'E', 'Eacute', 'Euro', 'G', 'H', 'I', 'J', 'L', 'M', 'N', 'O', 'P', 'Q', 'R', 'S', 'T', 'U', 'V', 'X', 'a', 'c', 'comma', 'd', 'degree', 'e', 'eacute', 'four', 'g', 'h', 'hyphen', 'i', 'j', 'l', 'n', 'o', 'one', 'p', 'period', 'quotesingle', 'r', 's', 'six', 'slash', 'space', 't', 'three', 'two', 'u', 'zero']
Glyph IDs:   [0, 3, 10, 15, 16, 17, 18, 19, 20, 21, 22, 23, 25, 36, 37, 38, 39, 40, 42, 43, 44, 45, 47, 48, 49, 50, 51, 52, 53, 54, 55, 56, 57, 59, 68, 70, 71, 72, 74, 75, 76, 77, 79, 81, 82, 83, 85, 86, 87, 88, 114, 139, 171, 2943]
Closed glyph list over 'glyf': 56 glyphs after
Glyph names: ['.notdef', 'A', 'Acute', 'B', 'C', 'D', 'E', 'Eacute', 'Euro', 'G', 'H', 'I', 'J', 'L', 'M', 'N', 'O', 'P', 'Q', 'R', 'S', 'T', 'U', 'V', 'X', 'a', 'acute', 'c', 'comma', 'd', 'degree', 'e', 'eacute', 'four', 'g', 'h', 'hyphen', 'i', 'j', 'l', 'n', 'o', 'one', 'p', 'period', 'quotesingle', 'r', 's', 'six', 'slash', 'space', 't', 'three', 'two', 'u', 'zero']
Glyph IDs:   [0, 3, 10, 15, 16, 17, 18, 19, 20, 21, 22, 23, 25, 36, 37, 38, 39, 40, 42, 43, 44, 45, 47, 48, 49, 50, 51, 52, 53, 54, 55, 56, 57, 59, 68, 70, 71, 72, 74, 75, 76, 77, 79, 81, 82, 83, 85, 86, 87, 88, 114, 118, 139, 171, 2943, 5564]
Took 0.003s to close glyph list over 'glyf'
Retaining 56 glyphs
head subsetting not needed
hhea subsetting not needed
maxp subsetting not needed
OS/2 subsetting not needed
Reading 'hmtx' table from disk
Decompiling 'hmtx' table
Reading 'hhea' table from disk
Decompiling 'hhea' table
Took 0.009s to subset 'hmtx'
hmtx subsetted
Took 0.003s to subset 'cmap'
cmap subsetted
loca subsetting not needed
Took 0.000s to subset 'post'
post subsetted
gasp subsetting not needed
FFTM NOT subset; don't know how to subset
Reading 'GDEF' table from disk
Decompiling 'GDEF' table
Took 0.004s to subset 'GDEF'
GDEF subsetted
name subsetting not needed
Took 0.007s to subset 'glyf'
glyf subsetted
Took 0.000s to subset GlyphOrder
Took 0.000s to prune 'head'
head pruned
Reading 'OS/2' table from disk
Decompiling 'OS/2' table
OS/2 Unicode ranges pruned: [0, 1, 33]
OS/2 CodePage ranges pruned: [0]
Took 0.003s to prune 'glyf'
glyf pruned
Took 0.000s to prune 'GDEF'
GDEF pruned
Reading 'name' table from disk
Decompiling 'name' table
Reading 'gasp' table from disk
Decompiling 'gasp' table
Reading 'FFTM' table from disk
Decompiling 'FFTM' table
Took 0.002s to prune 'name'
name pruned
Reading 'maxp' table from disk
Decompiling 'maxp' table
Took 0.000s to load 'maxp'
Took 0.000s to prune 'maxp'
maxp pruned
Reading 'cmap' table from disk
Decompiling 'cmap' table
Reading 'post' table from disk
Decompiling 'post' table
Took 0.016s to load 'cmap'
Took 0.000s to prune 'cmap'
cmap pruned
fpgm dropped
prep dropped
cvt  dropped
kern dropped
Took 0.000s to load 'post'
Took 0.000s to prune 'post'
post pruned
GPOS dropped
GSUB dropped
Reading 'glyf' table from disk
Decompiling 'glyf' table
Reading 'loca' table from disk
Decompiling 'loca' table
Reading 'head' table from disk
Decompiling 'head' table
Took 0.007s to load 'glyf'
Took 0.000s to prune 'glyf'
glyf pruned
Took 0.001s to close glyph list over 'cmap'
Added gid0 to subset
Closing glyph list over 'glyf': 76 glyphs before
Glyph names: ['.notdef', 'A', 'Agrave', 'B', 'C', 'Ccedilla', 'D', 'E', 'Eacute', 'Ecircumflex', 'F', 'G', 'H', 'I', 'J', 'L', 'M', 'N', 'O', 'P', 'Q', 'R', 'S', 'T', 'U', 'V', 'X', 'a', 'agrave', 'at', 'b', 'bullet', 'c', 'colon', 'comma', 'd', 'e', 'eacute', 'ecircumflex', 'eight', 'five', 'four', 'g', 'h', 'hyphen', 'i', 'j', 'l', 'm', 'multiply', 'n', 'nine', 'o', 'one', 'p', 'parenleft', 'parenright', 'percent', 'period', 'plus', 'quotedbl', 'quotesingle', 'r', 's', 'seven', 'six', 'slash', 'space', 't', 'three', 'two', 'u', 'v', 'x', 'y', 'zero']
Glyph IDs:   [0, 3, 5, 8, 10, 11, 12, 14, 15, 16, 17, 18, 19, 20, 21, 22, 23, 24, 25, 26, 27, 28, 29, 35, 36, 37, 38, 39, 40, 41, 42, 43, 44, 45, 47, 48, 49, 50, 51, 52, 53, 54, 55, 56, 57, 59, 68, 69, 70, 71, 72, 74, 75, 76, 77, 79, 80, 81, 82, 83, 85, 86, 87, 88, 89, 91, 92, 130, 137, 139, 140, 153, 162, 171, 172, 2816]
Closed glyph list over 'glyf': 83 glyphs after
Glyph names: ['.notdef', 'A', 'Acute', 'Agrave', 'B', 'C', 'Ccedilla', 'Circumflex', 'D', 'E', 'Eacute', 'Ecircumflex', 'F', 'G', 'Grave', 'H', 'I', 'J', 'L', 'M', 'N', 'O', 'P', 'Q', 'R', 'S', 'T', 'U', 'V', 'X', 'a', 'acute', 'agrave', 'at', 'b', 'bullet', 'c', 'cedilla', 'circumflex', 'colon', 'comma', 'd', 'e', 'eacute', 'ecircumflex', 'eight', 'five', 'four', 'g', 'grave', 'h', 'hyphen', 'i', 'j', 'l', 'm', 'multiply', 'n', 'nine', 'o', 'one', 'p', 'parenleft', 'parenright', 'percent', 'period', 'plus', 'quotedbl', 'quotesingle', 'r', 's', 'seven', 'six', 'slash', 'space', 't', 'three', 'two', 'u', 'v', 'x', 'y', 'zero']
Glyph IDs:   [0, 3, 5, 8, 10, 11, 12, 14, 15, 16, 17, 18, 19, 20, 21, 22, 23, 24, 25, 26, 27, 28, 29, 35, 36, 37, 38, 39, 40, 41, 42, 43, 44, 45, 47, 48, 49, 50, 51, 52, 53, 54, 55, 56, 57, 59, 67, 68, 69, 70, 71, 72, 74, 75, 76, 77, 79, 80, 81, 82, 83, 85, 86, 87, 88, 89, 91, 92, 118, 122, 130, 137, 139, 140, 153, 162, 171, 172, 648, 2816, 5638, 5640, 5641]
Took 0.002s to close glyph list over 'glyf'
Retaining 83 glyphs
head subsetting not needed
hhea subsetting not needed
maxp subsetting not needed
OS/2 subsetting not needed
Reading 'hmtx' table from disk
Decompiling 'hmtx' table
Reading 'hhea' table from disk
Decompiling 'hhea' table
Took 0.008s to subset 'hmtx'
hmtx subsetted
Took 0.005s to subset 'cmap'
cmap subsetted
loca subsetting not needed
Took 0.000s to subset 'post'
post subsetted
gasp subsetting not needed
FFTM NOT subset; don't know how to subset
Reading 'GDEF' table from disk
Decompiling 'GDEF' table
Took 0.005s to subset 'GDEF'
GDEF subsetted
name subsetting not needed
Took 0.003s to subset 'glyf'
glyf subsetted
Took 0.000s to subset GlyphOrder
Took 0.000s to prune 'head'
head pruned
Reading 'OS/2' table from disk
Decompiling 'OS/2' table
OS/2 Unicode ranges pruned: [0, 1, 31]
OS/2 CodePage ranges pruned: [0]
Took 0.003s to prune 'glyf'
glyf pruned
Took 0.000s to prune 'GDEF'
GDEF pruned
Reading 'name' table from disk
Decompiling 'name' table
Reading 'gasp' table from disk
Decompiling 'gasp' table
Reading 'FFTM' table from disk
Decompiling 'FFTM' table
Took 0.002s to prune 'name'
name pruned
Reading 'maxp' table from disk
Decompiling 'maxp' table
Took 0.000s to load 'maxp'
Took 0.000s to prune 'maxp'
maxp pruned
Reading 'cmap' table from disk
Decompiling 'cmap' table
Reading 'post' table from disk
Decompiling 'post' table
Took 0.013s to load 'cmap'
Took 0.000s to prune 'cmap'
cmap pruned
fpgm dropped
prep dropped
cvt  dropped
kern dropped
Took 0.000s to load 'post'
Took 0.000s to prune 'post'
post pruned
GPOS dropped
GSUB dropped
Reading 'glyf' table from disk
Decompiling 'glyf' table
Reading 'loca' table from disk
Decompiling 'loca' table
Reading 'head' table from disk
Decompiling 'head' table
Took 0.007s to load 'glyf'
Took 0.000s to prune 'glyf'
glyf pruned
Took 0.002s to close glyph list over 'cmap'
Added gid0 to subset
Closing glyph list over 'glyf': 23 glyphs before
Glyph names: ['.notdef', 'Q', 'a', 'c', 'ccedilla', 'comma', 'd', 'e', 'eacute', 'f', 'g', 'i', 'l', 'm', 'n', 'o', 'p', 'quotesingle', 'r', 's', 'space', 't', 'u']
Glyph IDs:   [0, 3, 10, 15, 52, 68, 70, 71, 72, 73, 74, 76, 79, 80, 81, 82, 83, 85, 86, 87, 88, 169, 171]
Closed glyph list over 'glyf': 25 glyphs after
Glyph names: ['.notdef', 'Q', 'a', 'acute', 'c', 'ccedilla', 'cedilla', 'comma', 'd', 'e', 'eacute', 'f', 'g', 'i', 'l', 'm', 'n', 'o', 'p', 'quotesingle', 'r', 's', 'space', 't', 'u']
Glyph IDs:   [0, 3, 10, 15, 52, 68, 70, 71, 72, 73, 74, 76, 79, 80, 81, 82, 83, 85, 86, 87, 88, 118, 122, 169, 171]
Took 0.002s to close glyph list over 'glyf'
Retaining 25 glyphs
head subsetting not needed
hhea subsetting not needed
maxp subsetting not needed
OS/2 subsetting not needed
Reading 'hmtx' table from disk
Decompiling 'hmtx' table
Reading 'hhea' table from disk
Decompiling 'hhea' table
Took 0.005s to subset 'hmtx'
hmtx subsetted
Took 0.004s to subset 'cmap'
cmap subsetted
loca subsetting not needed
Took 0.000s to subset 'post'
post subsetted
gasp subsetting not needed
FFTM NOT subset; don't know how to subset
Reading 'GDEF' table from disk
Decompiling 'GDEF' table
Took 0.003s to subset 'GDEF'
GDEF subsetted
name subsetting not needed
Took 0.002s to subset 'glyf'
glyf subsetted
Took 0.000s to subset GlyphOrder
Took 0.000s to prune 'head'
head pruned
Reading 'OS/2' table from disk
Decompiling 'OS/2' table
OS/2 Unicode ranges pruned: [0, 1]
OS/2 CodePage ranges pruned: [0]
Took 0.000s to prune 'glyf'
glyf pruned
Took 0.000s to prune 'GDEF'
GDEF pruned
Reading 'name' table from disk
Decompiling 'name' table
Reading 'gasp' table from disk
Decompiling 'gasp' table
Reading 'FFTM' table from disk
Decompiling 'FFTM' table
Took 0.003s to prune 'name'
name pruned
Reading 'maxp' table from disk
Decompiling 'maxp' table
Took 0.000s to load 'maxp'
Took 0.000s to prune 'maxp'
maxp pruned
Reading 'cmap' table from disk
Decompiling 'cmap' table
Reading 'post' table from disk
Decompiling 'post' table
Took 0.016s to load 'cmap'
Took 0.000s to prune 'cmap'
cmap pruned
fpgm dropped
prep dropped
cvt  dropped
kern dropped
Took 0.000s to load 'post'
Took 0.000s to prune 'post'
post pruned
GPOS dropped
GSUB dropped
Reading 'glyf' table from disk
Decompiling 'glyf' table
Reading 'loca' table from disk
Decompiling 'loca' table
Reading 'head' table from disk
Decompiling 'head' table
Took 0.006s to load 'glyf'
Took 0.000s to prune 'glyf'
glyf pruned
Took 0.002s to close glyph list over 'cmap'
Added gid0 to subset
Closing glyph list over 'glyf': 9 glyphs before
Glyph names: ['.notdef', 'comma', 'e', 'o', 'r', 's', 'space', 'u', 'zero']
Glyph IDs:   [0, 3, 15, 19, 72, 82, 85, 86, 88]
Closed glyph list over 'glyf': 9 glyphs after
Glyph names: ['.notdef', 'comma', 'e', 'o', 'r', 's', 'space', 'u', 'zero']
Glyph IDs:   [0, 3, 15, 19, 72, 82, 85, 86, 88]
Took 0.001s to close glyph list over 'glyf'
Retaining 9 glyphs
head subsetting not needed
hhea subsetting not needed
maxp subsetting not needed
OS/2 subsetting not needed
Reading 'hmtx' table from disk
Decompiling 'hmtx' table
Reading 'hhea' table from disk
Decompiling 'hhea' table
Took 0.005s to subset 'hmtx'
hmtx subsetted
Took 0.003s to subset 'cmap'
cmap subsetted
loca subsetting not needed
Took 0.000s to subset 'post'
post subsetted
gasp subsetting not needed
FFTM NOT subset; don't know how to subset
Reading 'GDEF' table from disk
Decompiling 'GDEF' table
Took 0.003s to subset 'GDEF'
GDEF subsetted
name subsetting not needed
Took 0.001s to subset 'glyf'
glyf subsetted
Took 0.000s to subset GlyphOrder
Took 0.000s to prune 'head'
head pruned
Reading 'OS/2' table from disk
Decompiling 'OS/2' table
OS/2 Unicode ranges pruned: [0]
OS/2 CodePage ranges pruned: [0]
Took 0.000s to prune 'glyf'
glyf pruned
Took 0.000s to prune 'GDEF'
GDEF pruned
Reading 'name' table from disk
Decompiling 'name' table
Reading 'gasp' table from disk
Decompiling 'gasp' table
Reading 'FFTM' table from disk
Decompiling 'FFTM' table
Took 0.001s to prune 'name'
name pruned
Reading 'maxp' table from disk
Decompiling 'maxp' table
Took 0.000s to load 'maxp'
Took 0.000s to prune 'maxp'
maxp pruned
LTSH dropped
VDMX dropped
hdmx dropped
Reading 'cmap' table from disk
Decompiling 'cmap' table
Took 0.000s to load 'cmap'
Took 0.000s to prune 'cmap'
cmap pruned
fpgm dropped
prep dropped
cvt  dropped
kern dropped
Reading 'post' table from disk
Decompiling 'post' table
Took 0.000s to load 'post'
Took 0.000s to prune 'post'
post pruned
PCLT dropped
JSTF dropped
GPOS dropped
GSUB dropped
Reading 'glyf' table from disk
Decompiling 'glyf' table
Reading 'loca' table from disk
Decompiling 'loca' table
Reading 'head' table from disk
Decompiling 'head' table
Reading 'cmap' table from disk
Decompiling 'cmap' table
Took 0.020s to load 'glyf'
Took 0.000s to prune 'glyf'
glyf pruned
Took 0.004s to close glyph list over 'cmap'
Added gid0 to subset
Closing glyph list over 'glyf': 11 glyphs before
Glyph names: ['.notdef', 'A', 'D', 'I', 'N', 'O', 'R', 'S', 'T', 'U', 'quotesingle']
Glyph IDs:   [0, 10, 36, 39, 44, 49, 50, 53, 54, 55, 56]
Closed glyph list over 'glyf': 11 glyphs after
Glyph names: ['.notdef', 'A', 'D', 'I', 'N', 'O', 'R', 'S', 'T', 'U', 'quotesingle']
Glyph IDs:   [0, 10, 36, 39, 44, 49, 50, 53, 54, 55, 56]
Took 0.001s to close glyph list over 'glyf'
Retaining 11 glyphs
head subsetting not needed
hhea subsetting not needed
maxp subsetting not needed
OS/2 subsetting not needed
Reading 'hmtx' table from disk
Decompiling 'hmtx' table
Reading 'hhea' table from disk
Decompiling 'hhea' table
Took 0.005s to subset 'hmtx'
hmtx subsetted
Took 0.002s to subset 'cmap'
cmap subsetted
loca subsetting not needed
Took 0.000s to subset 'post'
post subsetted
gasp subsetting not needed
meta NOT subset; don't know how to subset
Reading 'GDEF' table from disk
Decompiling 'GDEF' table
Took 0.003s to subset 'GDEF'
GDEF subsetted
name subsetting not needed
Took 0.001s to subset 'glyf'
glyf subsetted
Took 0.000s to subset GlyphOrder
Took 0.000s to prune 'head'
head pruned
Reading 'OS/2' table from disk
Decompiling 'OS/2' table
OS/2 Unicode ranges pruned: [0]
OS/2 CodePage ranges pruned: [0]
Took 0.000s to prune 'glyf'
glyf pruned
Took 0.000s to prune 'GDEF'
GDEF pruned
Reading 'name' table from disk
Decompiling 'name' table
Reading 'gasp' table from disk
Decompiling 'gasp' table
Reading 'meta' table from disk
Decompiling 'meta' table
Took 0.003s to prune 'name'
name pruned
Unknown rendering option: timeout.
Ignored `src: local("Segoe UI"), local("Helvetica Neue"), local("Arial"), sans-serif` at 5:13, invalid value.
Missing src descriptor in '@font-face' rule at 3:9
Ignored `src: local("Georgia"), local("Times New Roman"), serif` at 10:13, invalid value.
Missing src descriptor in '@font-face' rule at 8:9
Ignored `word-break: break-word` at 236:13, invalid value.
Ignored `word-break: break-word` at 248:13, invalid value.
Reading 'maxp' table from disk
Decompiling 'maxp' table
Took 0.001s to load 'maxp'
Took 0.000s to prune 'maxp'
maxp pruned
Reading 'cmap' table from disk
Decompiling 'cmap' table
Reading 'post' table from disk
Decompiling 'post' table
Took 0.037s to load 'cmap'
Took 0.000s to prune 'cmap'
cmap pruned
fpgm dropped
prep dropped
cvt  dropped
kern dropped
Took 0.000s to load 'post'
Took 0.000s to prune 'post'
post pruned
GPOS dropped
GSUB dropped
Reading 'glyf' table from disk
Decompiling 'glyf' table
Reading 'loca' table from disk
Decompiling 'loca' table
Reading 'head' table from disk
Decompiling 'head' table
Took 0.018s to load 'glyf'
Took 0.000s to prune 'glyf'
glyf pruned
Took 0.004s to close glyph list over 'cmap'
Added gid0 to subset
Closing glyph list over 'glyf': 54 glyphs before
Glyph names: ['.notdef', 'A', 'B', 'C', 'D', 'E', 'Eacute', 'Euro', 'G', 'H', 'I', 'J', 'L', 'M', 'N', 'O', 'P', 'Q', 'R', 'S', 'T', 'U', 'V', 'X', 'a', 'c', 'comma', 'd', 'degree', 'e', 'eacute', 'four', 'g', 'h', 'hyphen', 'i', 'j', 'l', 'n', 'o', 'one', 'p', 'period', 'quotesingle', 'r', 's', 'six', 'slash', 'space', 't', 'three', 'two', 'u', 'zero']
Glyph IDs:   [0, 3, 10, 15, 16, 17, 18, 19, 20, 21, 22, 23, 25, 36, 37, 38, 39, 40, 42, 43, 44, 45, 47, 48, 49, 50, 51, 52, 53, 54, 55, 56, 57, 59, 68, 70, 71, 72, 74, 75, 76, 77, 79, 81, 82, 83, 85, 86, 87, 88, 114, 139, 171, 2943]
Closed glyph list over 'glyf': 56 glyphs after
Glyph names: ['.notdef', 'A', 'Acute', 'B', 'C', 'D', 'E', 'Eacute', 'Euro', 'G', 'H', 'I', 'J', 'L', 'M', 'N', 'O', 'P', 'Q', 'R', 'S', 'T', 'U', 'V', 'X', 'a', 'acute', 'c', 'comma', 'd', 'degree', 'e', 'eacute', 'four', 'g', 'h', 'hyphen', 'i', 'j', 'l', 'n', 'o', 'one', 'p', 'period', 'quotesingle', 'r', 's', 'six', 'slash', 'space', 't', 'three', 'two', 'u', 'zero']
Glyph IDs:   [0, 3, 10, 15, 16, 17, 18, 19, 20, 21, 22, 23, 25, 36, 37, 38, 39, 40, 42, 43, 44, 45, 47, 48, 49, 50, 51, 52, 53, 54, 55, 56, 57, 59, 68, 70, 71, 72, 74, 75, 76, 77, 79, 81, 82, 83, 85, 86, 87, 88, 114, 118, 139, 171, 2943, 5564]
Took 0.008s to close glyph list over 'glyf'
Retaining 56 glyphs
head subsetting not needed
hhea subsetting not needed
maxp subsetting not needed
OS/2 subsetting not needed
Reading 'hmtx' table from disk
Decompiling 'hmtx' table
Reading 'hhea' table from disk
Decompiling 'hhea' table
Took 0.019s to subset 'hmtx'
hmtx subsetted
Took 0.011s to subset 'cmap'
cmap subsetted
loca subsetting not needed
Took 0.000s to subset 'post'
post subsetted
gasp subsetting not needed
FFTM NOT subset; don't know how to subset
Reading 'GDEF' table from disk
Decompiling 'GDEF' table
Took 0.015s to subset 'GDEF'
GDEF subsetted
name subsetting not needed
Took 0.020s to subset 'glyf'
glyf subsetted
Took 0.001s to subset GlyphOrder
Took 0.000s to prune 'head'
head pruned
Reading 'OS/2' table from disk
Decompiling 'OS/2' table
OS/2 Unicode ranges pruned: [0, 1, 33]
OS/2 CodePage ranges pruned: [0]
Took 0.008s to prune 'glyf'
glyf pruned
Took 0.000s to prune 'GDEF'
GDEF pruned
Reading 'name' table from disk
Decompiling 'name' table
Reading 'gasp' table from disk
Decompiling 'gasp' table
Reading 'FFTM' table from disk
Decompiling 'FFTM' table
Took 0.005s to prune 'name'
name pruned
Reading 'maxp' table from disk
Decompiling 'maxp' table
Took 0.001s to load 'maxp'
Took 0.000s to prune 'maxp'
maxp pruned
Reading 'cmap' table from disk
Decompiling 'cmap' table
Reading 'post' table from disk
Decompiling 'post' table
Took 0.052s to load 'cmap'
Took 0.000s to prune 'cmap'
cmap pruned
fpgm dropped
prep dropped
cvt  dropped
kern dropped
Took 0.000s to load 'post'
Took 0.000s to prune 'post'
post pruned
GPOS dropped
GSUB dropped
Reading 'glyf' table from disk
Decompiling 'glyf' table
Reading 'loca' table from disk
Decompiling 'loca' table
Reading 'head' table from disk
Decompiling 'head' table
Took 0.019s to load 'glyf'
Took 0.000s to prune 'glyf'
glyf pruned
Took 0.005s to close glyph list over 'cmap'
Added gid0 to subset
Closing glyph list over 'glyf': 76 glyphs before
Glyph names: ['.notdef', 'A', 'Agrave', 'B', 'C', 'Ccedilla', 'D', 'E', 'Eacute', 'Ecircumflex', 'F', 'G', 'H', 'I', 'J', 'L', 'M', 'N', 'O', 'P', 'Q', 'R', 'S', 'T', 'U', 'V', 'X', 'a', 'agrave', 'at', 'b', 'bullet', 'c', 'colon', 'comma', 'd', 'e', 'eacute', 'ecircumflex', 'eight', 'five', 'four', 'g', 'h', 'hyphen', 'i', 'j', 'l', 'm', 'multiply', 'n', 'nine', 'o', 'one', 'p', 'parenleft', 'parenright', 'percent', 'period', 'plus', 'quotedbl', 'quotesingle', 'r', 's', 'seven', 'six', 'slash', 'space', 't', 'three', 'two', 'u', 'v', 'x', 'y', 'zero']
Glyph IDs:   [0, 3, 5, 8, 10, 11, 12, 14, 15, 16, 17, 18, 19, 20, 21, 22, 23, 24, 25, 26, 27, 28, 29, 35, 36, 37, 38, 39, 40, 41, 42, 43, 44, 45, 47, 48, 49, 50, 51, 52, 53, 54, 55, 56, 57, 59, 68, 69, 70, 71, 72, 74, 75, 76, 77, 79, 80, 81, 82, 83, 85, 86, 87, 88, 89, 91, 92, 130, 137, 139, 140, 153, 162, 171, 172, 2816]
Closed glyph list over 'glyf': 83 glyphs after
Glyph names: ['.notdef', 'A', 'Acute', 'Agrave', 'B', 'C', 'Ccedilla', 'Circumflex', 'D', 'E', 'Eacute', 'Ecircumflex', 'F', 'G', 'Grave', 'H', 'I', 'J', 'L', 'M', 'N', 'O', 'P', 'Q', 'R', 'S', 'T', 'U', 'V', 'X', 'a', 'acute', 'agrave', 'at', 'b', 'bullet', 'c', 'cedilla', 'circumflex', 'colon', 'comma', 'd', 'e', 'eacute', 'ecircumflex', 'eight', 'five', 'four', 'g', 'grave', 'h', 'hyphen', 'i', 'j', 'l', 'm', 'multiply', 'n', 'nine', 'o', 'one', 'p', 'parenleft', 'parenright', 'percent', 'period', 'plus', 'quotedbl', 'quotesingle', 'r', 's', 'seven', 'six', 'slash', 'space', 't', 'three', 'two', 'u', 'v', 'x', 'y', 'zero']
Glyph IDs:   [0, 3, 5, 8, 10, 11, 12, 14, 15, 16, 17, 18, 19, 20, 21, 22, 23, 24, 25, 26, 27, 28, 29, 35, 36, 37, 38, 39, 40, 41, 42, 43, 44, 45, 47, 48, 49, 50, 51, 52, 53, 54, 55, 56, 57, 59, 67, 68, 69, 70, 71, 72, 74, 75, 76, 77, 79, 80, 81, 82, 83, 85, 86, 87, 88, 89, 91, 92, 118, 122, 130, 137, 139, 140, 153, 162, 171, 172, 648, 2816, 5638, 5640, 5641]
Took 0.007s to close glyph list over 'glyf'
Retaining 83 glyphs
head subsetting not needed
hhea subsetting not needed
maxp subsetting not needed
OS/2 subsetting not needed
Reading 'hmtx' table from disk
Decompiling 'hmtx' table
Reading 'hhea' table from disk
Decompiling 'hhea' table
Took 0.017s to subset 'hmtx'
hmtx subsetted
Took 0.010s to subset 'cmap'
cmap subsetted
loca subsetting not needed
Took 0.000s to subset 'post'
post subsetted
gasp subsetting not needed
FFTM NOT subset; don't know how to subset
Reading 'GDEF' table from disk
Decompiling 'GDEF' table
Took 0.009s to subset 'GDEF'
GDEF subsetted
name subsetting not needed
Took 0.016s to subset 'glyf'
glyf subsetted
Took 0.000s to subset GlyphOrder
Took 0.000s to prune 'head'
head pruned
Reading 'OS/2' table from disk
Decompiling 'OS/2' table
OS/2 Unicode ranges pruned: [0, 1, 31]
OS/2 CodePage ranges pruned: [0]
Took 0.005s to prune 'glyf'
glyf pruned
Took 0.000s to prune 'GDEF'
GDEF pruned
Reading 'name' table from disk
Decompiling 'name' table
Reading 'gasp' table from disk
Decompiling 'gasp' table
Reading 'FFTM' table from disk
Decompiling 'FFTM' table
Took 0.005s to prune 'name'
name pruned
Reading 'maxp' table from disk
Decompiling 'maxp' table
Took 0.002s to load 'maxp'
Took 0.000s to prune 'maxp'
maxp pruned
Reading 'cmap' table from disk
Decompiling 'cmap' table
Reading 'post' table from disk
Decompiling 'post' table
Took 0.060s to load 'cmap'
Took 0.000s to prune 'cmap'
cmap pruned
fpgm dropped
prep dropped
cvt  dropped
kern dropped
Took 0.000s to load 'post'
Took 0.000s to prune 'post'
post pruned
GPOS dropped
GSUB dropped
Reading 'glyf' table from disk
Decompiling 'glyf' table
Reading 'loca' table from disk
Decompiling 'loca' table
Reading 'head' table from disk
Decompiling 'head' table
Took 0.017s to load 'glyf'
Took 0.000s to prune 'glyf'
glyf pruned
Took 0.003s to close glyph list over 'cmap'
Added gid0 to subset
Closing glyph list over 'glyf': 23 glyphs before
Glyph names: ['.notdef', 'Q', 'a', 'c', 'ccedilla', 'comma', 'd', 'e', 'eacute', 'f', 'g', 'i', 'l', 'm', 'n', 'o', 'p', 'quotesingle', 'r', 's', 'space', 't', 'u']
Glyph IDs:   [0, 3, 10, 15, 52, 68, 70, 71, 72, 73, 74, 76, 79, 80, 81, 82, 83, 85, 86, 87, 88, 169, 171]
Closed glyph list over 'glyf': 25 glyphs after
Glyph names: ['.notdef', 'Q', 'a', 'acute', 'c', 'ccedilla', 'cedilla', 'comma', 'd', 'e', 'eacute', 'f', 'g', 'i', 'l', 'm', 'n', 'o', 'p', 'quotesingle', 'r', 's', 'space', 't', 'u']
Glyph IDs:   [0, 3, 10, 15, 52, 68, 70, 71, 72, 73, 74, 76, 79, 80, 81, 82, 83, 85, 86, 87, 88, 118, 122, 169, 171]
Took 0.009s to close glyph list over 'glyf'
Retaining 25 glyphs
head subsetting not needed
hhea subsetting not needed
maxp subsetting not needed
OS/2 subsetting not needed
Reading 'hmtx' table from disk
Decompiling 'hmtx' table
Reading 'hhea' table from disk
Decompiling 'hhea' table
Took 0.009s to subset 'hmtx'
hmtx subsetted
Took 0.010s to subset 'cmap'
cmap subsetted
loca subsetting not needed
Took 0.000s to subset 'post'
post subsetted
gasp subsetting not needed
FFTM NOT subset; don't know how to subset
Reading 'GDEF' table from disk
Decompiling 'GDEF' table
Took 0.005s to subset 'GDEF'
GDEF subsetted
name subsetting not needed
Took 0.003s to subset 'glyf'
glyf subsetted
Took 0.000s to subset GlyphOrder
Took 0.000s to prune 'head'
head pruned
Reading 'OS/2' table from disk
Decompiling 'OS/2' table
OS/2 Unicode ranges pruned: [0, 1]
OS/2 CodePage ranges pruned: [0]
Took 0.001s to prune 'glyf'
glyf pruned
Took 0.000s to prune 'GDEF'
GDEF pruned
Reading 'name' table from disk
Decompiling 'name' table
Reading 'gasp' table from disk
Decompiling 'gasp' table
Reading 'FFTM' table from disk
Decompiling 'FFTM' table
Took 0.004s to prune 'name'
name pruned
Reading 'maxp' table from disk
Decompiling 'maxp' table
Took 0.001s to load 'maxp'
Took 0.000s to prune 'maxp'
maxp pruned
Reading 'cmap' table from disk
Decompiling 'cmap' table
Reading 'post' table from disk
Decompiling 'post' table
Took 0.029s to load 'cmap'
Took 0.000s to prune 'cmap'
cmap pruned
fpgm dropped
prep dropped
cvt  dropped
kern dropped
Took 0.000s to load 'post'
Took 0.000s to prune 'post'
post pruned
GPOS dropped
GSUB dropped
Reading 'glyf' table from disk
Decompiling 'glyf' table
Reading 'loca' table from disk
Decompiling 'loca' table
Reading 'head' table from disk
Decompiling 'head' table
Took 0.013s to load 'glyf'
Took 0.000s to prune 'glyf'
glyf pruned
Took 0.002s to close glyph list over 'cmap'
Added gid0 to subset
Closing glyph list over 'glyf': 9 glyphs before
Glyph names: ['.notdef', 'comma', 'e', 'o', 'r', 's', 'space', 'u', 'zero']
Glyph IDs:   [0, 3, 15, 19, 72, 82, 85, 86, 88]
Closed glyph list over 'glyf': 9 glyphs after
Glyph names: ['.notdef', 'comma', 'e', 'o', 'r', 's', 'space', 'u', 'zero']
Glyph IDs:   [0, 3, 15, 19, 72, 82, 85, 86, 88]
Took 0.003s to close glyph list over 'glyf'
Retaining 9 glyphs
head subsetting not needed
hhea subsetting not needed
maxp subsetting not needed
OS/2 subsetting not needed
Reading 'hmtx' table from disk
Decompiling 'hmtx' table
Reading 'hhea' table from disk
Decompiling 'hhea' table
Took 0.007s to subset 'hmtx'
hmtx subsetted
Took 0.006s to subset 'cmap'
cmap subsetted
loca subsetting not needed
Took 0.000s to subset 'post'
post subsetted
gasp subsetting not needed
FFTM NOT subset; don't know how to subset
Reading 'GDEF' table from disk
Decompiling 'GDEF' table
Took 0.005s to subset 'GDEF'
GDEF subsetted
name subsetting not needed
Took 0.002s to subset 'glyf'
glyf subsetted
Took 0.000s to subset GlyphOrder
Took 0.000s to prune 'head'
head pruned
Reading 'OS/2' table from disk
Decompiling 'OS/2' table
OS/2 Unicode ranges pruned: [0]
OS/2 CodePage ranges pruned: [0]
Took 0.000s to prune 'glyf'
glyf pruned
Took 0.000s to prune 'GDEF'
GDEF pruned
Reading 'name' table from disk
Decompiling 'name' table
Reading 'gasp' table from disk
Decompiling 'gasp' table
Reading 'FFTM' table from disk
Decompiling 'FFTM' table
Took 0.002s to prune 'name'
name pruned
Reading 'maxp' table from disk
Decompiling 'maxp' table
Took 0.001s to load 'maxp'
Took 0.000s to prune 'maxp'
maxp pruned
LTSH dropped
VDMX dropped
hdmx dropped
Reading 'cmap' table from disk
Decompiling 'cmap' table
Took 0.001s to load 'cmap'
Took 0.000s to prune 'cmap'
cmap pruned
fpgm dropped
prep dropped
cvt  dropped
kern dropped
Reading 'post' table from disk
Decompiling 'post' table
Took 0.000s to load 'post'
Took 0.000s to prune 'post'
post pruned
PCLT dropped
JSTF dropped
GPOS dropped
GSUB dropped
Reading 'glyf' table from disk
Decompiling 'glyf' table
Reading 'loca' table from disk
Decompiling 'loca' table
Reading 'head' table from disk
Decompiling 'head' table
Reading 'cmap' table from disk
Decompiling 'cmap' table
Took 0.049s to load 'glyf'
Took 0.000s to prune 'glyf'
glyf pruned
Took 0.011s to close glyph list over 'cmap'
Added gid0 to subset
Closing glyph list over 'glyf': 11 glyphs before
Glyph names: ['.notdef', 'A', 'D', 'I', 'N', 'O', 'R', 'S', 'T', 'U', 'quotesingle']
Glyph IDs:   [0, 10, 36, 39, 44, 49, 50, 53, 54, 55, 56]
Closed glyph list over 'glyf': 11 glyphs after
Glyph names: ['.notdef', 'A', 'D', 'I', 'N', 'O', 'R', 'S', 'T', 'U', 'quotesingle']
Glyph IDs:   [0, 10, 36, 39, 44, 49, 50, 53, 54, 55, 56]
Took 0.004s to close glyph list over 'glyf'
Retaining 11 glyphs
head subsetting not needed
hhea subsetting not needed
maxp subsetting not needed
OS/2 subsetting not needed
Reading 'hmtx' table from disk
Decompiling 'hmtx' table
Reading 'hhea' table from disk
Decompiling 'hhea' table
Took 0.011s to subset 'hmtx'
hmtx subsetted
Took 0.002s to subset 'cmap'
cmap subsetted
loca subsetting not needed
Took 0.000s to subset 'post'
post subsetted
gasp subsetting not needed
meta NOT subset; don't know how to subset
Reading 'GDEF' table from disk
Decompiling 'GDEF' table
Took 0.009s to subset 'GDEF'
GDEF subsetted
name subsetting not needed
Took 0.002s to subset 'glyf'
glyf subsetted
Took 0.000s to subset GlyphOrder
Took 0.000s to prune 'head'
head pruned
Reading 'OS/2' table from disk
Decompiling 'OS/2' table
OS/2 Unicode ranges pruned: [0]
OS/2 CodePage ranges pruned: [0]
Took 0.000s to prune 'glyf'
glyf pruned
Took 0.000s to prune 'GDEF'
GDEF pruned
Reading 'name' table from disk
Decompiling 'name' table
Reading 'gasp' table from disk
Decompiling 'gasp' table
Reading 'meta' table from disk
Decompiling 'meta' table
Took 0.006s to prune 'name'
name pruned
Unknown rendering option: timeout.
Ignored `src: local("Segoe UI"), local("Helvetica Neue"), local("Arial"), sans-serif` at 5:13, invalid value.
Missing src descriptor in '@font-face' rule at 3:9
Ignored `src: local("Georgia"), local("Times New Roman"), serif` at 10:13, invalid value.
Missing src descriptor in '@font-face' rule at 8:9
Ignored `word-break: break-word` at 236:13, invalid value.
Ignored `word-break: break-word` at 248:13, invalid value.
Reading 'maxp' table from disk
Decompiling 'maxp' table
Took 0.002s to load 'maxp'
Took 0.000s to prune 'maxp'
maxp pruned
Reading 'cmap' table from disk
Decompiling 'cmap' table
Reading 'post' table from disk
Decompiling 'post' table
Took 0.034s to load 'cmap'
Took 0.000s to prune 'cmap'
cmap pruned
fpgm dropped
prep dropped
cvt  dropped
kern dropped
Took 0.000s to load 'post'
Took 0.000s to prune 'post'
post pruned
GPOS dropped
GSUB dropped
Reading 'glyf' table from disk
Decompiling 'glyf' table
Reading 'loca' table from disk
Decompiling 'loca' table
Reading 'head' table from disk
Decompiling 'head' table
Took 0.014s to load 'glyf'
Took 0.000s to prune 'glyf'
glyf pruned
Took 0.002s to close glyph list over 'cmap'
Added gid0 to subset
Closing glyph list over 'glyf': 59 glyphs before
Glyph names: ['.notdef', 'A', 'B', 'C', 'D', 'E', 'Eacute', 'Euro', 'G', 'H', 'I', 'J', 'L', 'M', 'N', 'O', 'P', 'Q', 'R', 'S', 'T', 'U', 'V', 'X', 'a', 'b', 'c', 'comma', 'd', 'degree', 'e', 'eacute', 'five', 'four', 'g', 'h', 'hyphen', 'i', 'j', 'l', 'm', 'n', 'o', 'one', 'p', 'period', 'quotesingle', 'r', 's', 'six', 'slash', 'space', 't', 'three', 'two', 'u', 'v', 'w', 'zero']
Glyph IDs:   [0, 3, 10, 15, 16, 17, 18, 19, 20, 21, 22, 23, 24, 25, 36, 37, 38, 39, 40, 42, 43, 44, 45, 47, 48, 49, 50, 51, 52, 53, 54, 55, 56, 57, 59, 68, 69, 70, 71, 72, 74, 75, 76, 77, 79, 80, 81, 82, 83, 85, 86, 87, 88, 89, 90, 114, 139, 171, 2943]
Closed glyph list over 'glyf': 61 glyphs after
Glyph names: ['.notdef', 'A', 'Acute', 'B', 'C', 'D', 'E', 'Eacute', 'Euro', 'G', 'H', 'I', 'J', 'L', 'M', 'N', 'O', 'P', 'Q', 'R', 'S', 'T', 'U', 'V', 'X', 'a', 'acute', 'b', 'c', 'comma', 'd', 'degree', 'e', 'eacute', 'five', 'four', 'g', 'h', 'hyphen', 'i', 'j', 'l', 'm', 'n', 'o', 'one', 'p', 'period', 'quotesingle', 'r', 's', 'six', 'slash', 'space', 't', 'three', 'two', 'u', 'v', 'w', 'zero']
Glyph IDs:   [0, 3, 10, 15, 16, 17, 18, 19, 20, 21, 22, 23, 24, 25, 36, 37, 38, 39, 40, 42, 43, 44, 45, 47, 48, 49, 50, 51, 52, 53, 54, 55, 56, 57, 59, 68, 69, 70, 71, 72, 74, 75, 76, 77, 79, 80, 81, 82, 83, 85, 86, 87, 88, 89, 90, 114, 118, 139, 171, 2943, 5564]
Took 0.007s to close glyph list over 'glyf'
Retaining 61 glyphs
head subsetting not needed
hhea subsetting not needed
maxp subsetting not needed
OS/2 subsetting not needed
Reading 'hmtx' table from disk
Decompiling 'hmtx' table
Reading 'hhea' table from disk
Decompiling 'hhea' table
Took 0.015s to subset 'hmtx'
hmtx subsetted
Took 0.006s to subset 'cmap'
cmap subsetted
loca subsetting not needed
Took 0.000s to subset 'post'
post subsetted
gasp subsetting not needed
FFTM NOT subset; don't know how to subset
Reading 'GDEF' table from disk
Decompiling 'GDEF' table
Took 0.010s to subset 'GDEF'
GDEF subsetted
name subsetting not needed
Took 0.008s to subset 'glyf'
glyf subsetted
Took 0.000s to subset GlyphOrder
Took 0.000s to prune 'head'
head pruned
Reading 'OS/2' table from disk
Decompiling 'OS/2' table
OS/2 Unicode ranges pruned: [0, 1, 33]
OS/2 CodePage ranges pruned: [0]
Took 0.003s to prune 'glyf'
glyf pruned
Took 0.000s to prune 'GDEF'
GDEF pruned
Reading 'name' table from disk
Decompiling 'name' table
Reading 'gasp' table from disk
Decompiling 'gasp' table
Reading 'FFTM' table from disk
Decompiling 'FFTM' table
Took 0.002s to prune 'name'
name pruned
Reading 'maxp' table from disk
Decompiling 'maxp' table
Took 0.001s to load 'maxp'
Took 0.000s to prune 'maxp'
maxp pruned
Reading 'cmap' table from disk
Decompiling 'cmap' table
Reading 'post' table from disk
Decompiling 'post' table
Took 0.027s to load 'cmap'
Took 0.000s to prune 'cmap'
cmap pruned
fpgm dropped
prep dropped
cvt  dropped
kern dropped
Took 0.000s to load 'post'
Took 0.000s to prune 'post'
post pruned
GPOS dropped
GSUB dropped
Reading 'glyf' table from disk
Decompiling 'glyf' table
Reading 'loca' table from disk
Decompiling 'loca' table
Reading 'head' table from disk
Decompiling 'head' table
Took 0.013s to load 'glyf'
Took 0.000s to prune 'glyf'
glyf pruned
Took 0.002s to close glyph list over 'cmap'
Added gid0 to subset
Closing glyph list over 'glyf': 77 glyphs before
Glyph names: ['.notdef', 'A', 'Agrave', 'B', 'C', 'Ccedilla', 'D', 'E', 'Eacute', 'Ecircumflex', 'F', 'G', 'H', 'I', 'J', 'L', 'M', 'N', 'O', 'P', 'Q', 'R', 'S', 'T', 'U', 'V', 'X', 'a', 'agrave', 'at', 'b', 'bullet', 'c', 'colon', 'comma', 'd', 'e', 'eacute', 'ecircumflex', 'eight', 'emdash', 'five', 'four', 'g', 'h', 'hyphen', 'i', 'j', 'l', 'm', 'multiply', 'n', 'nine', 'o', 'one', 'p', 'parenleft', 'parenright', 'percent', 'period', 'plus', 'quotedbl', 'quotesingle', 'r', 's', 'seven', 'six', 'slash', 'space', 't', 'three', 'two', 'u', 'v', 'x', 'y', 'zero']
Glyph IDs:   [0, 3, 5, 8, 10, 11, 12, 14, 15, 16, 17, 18, 19, 20, 21, 22, 23, 24, 25, 26, 27, 28, 29, 35, 36, 37, 38, 39, 40, 41, 42, 43, 44, 45, 47, 48, 49, 50, 51, 52, 53, 54, 55, 56, 57, 59, 68, 69, 70, 71, 72, 74, 75, 76, 77, 79, 80, 81, 82, 83, 85, 86, 87, 88, 89, 91, 92, 130, 137, 139, 140, 153, 162, 171, 172, 2802, 2816]
Closed glyph list over 'glyf': 84 glyphs after
Glyph names: ['.notdef', 'A', 'Acute', 'Agrave', 'B', 'C', 'Ccedilla', 'Circumflex', 'D', 'E', 'Eacute', 'Ecircumflex', 'F', 'G', 'Grave', 'H', 'I', 'J', 'L', 'M', 'N', 'O', 'P', 'Q', 'R', 'S', 'T', 'U', 'V', 'X', 'a', 'acute', 'agrave', 'at', 'b', 'bullet', 'c', 'cedilla', 'circumflex', 'colon', 'comma', 'd', 'e', 'eacute', 'ecircumflex', 'eight', 'emdash', 'five', 'four', 'g', 'grave', 'h', 'hyphen', 'i', 'j', 'l', 'm', 'multiply', 'n', 'nine', 'o', 'one', 'p', 'parenleft', 'parenright', 'percent', 'period', 'plus', 'quotedbl', 'quotesingle', 'r', 's', 'seven', 'six', 'slash', 'space', 't', 'three', 'two', 'u', 'v', 'x', 'y', 'zero']
Glyph IDs:   [0, 3, 5, 8, 10, 11, 12, 14, 15, 16, 17, 18, 19, 20, 21, 22, 23, 24, 25, 26, 27, 28, 29, 35, 36, 37, 38, 39, 40, 41, 42, 43, 44, 45, 47, 48, 49, 50, 51, 52, 53, 54, 55, 56, 57, 59, 67, 68, 69, 70, 71, 72, 74, 75, 76, 77, 79, 80, 81, 82, 83, 85, 86, 87, 88, 89, 91, 92, 118, 122, 130, 137, 139, 140, 153, 162, 171, 172, 648, 2802, 2816, 5638, 5640, 5641]
Took 0.005s to close glyph list over 'glyf'
Retaining 84 glyphs
head subsetting not needed
hhea subsetting not needed
maxp subsetting not needed
OS/2 subsetting not needed
Reading 'hmtx' table from disk
Decompiling 'hmtx' table
Reading 'hhea' table from disk
Decompiling 'hhea' table
Took 0.015s to subset 'hmtx'
hmtx subsetted
Took 0.008s to subset 'cmap'
cmap subsetted
loca subsetting not needed
Took 0.000s to subset 'post'
post subsetted
gasp subsetting not needed
FFTM NOT subset; don't know how to subset
Reading 'GDEF' table from disk
Decompiling 'GDEF' table
Took 0.006s to subset 'GDEF'
GDEF subsetted
name subsetting not needed
Took 0.008s to subset 'glyf'
glyf subsetted
Took 0.000s to subset GlyphOrder
Took 0.000s to prune 'head'
head pruned
Reading 'OS/2' table from disk
Decompiling 'OS/2' table
OS/2 Unicode ranges pruned: [0, 1, 31]
OS/2 CodePage ranges pruned: [0]
Took 0.004s to prune 'glyf'
glyf pruned
Took 0.000s to prune 'GDEF'
GDEF pruned
Reading 'name' table from disk
Decompiling 'name' table
Reading 'gasp' table from disk
Decompiling 'gasp' table
Reading 'FFTM' table from disk
Decompiling 'FFTM' table
Took 0.002s to prune 'name'
name pruned
Reading 'maxp' table from disk
Decompiling 'maxp' table
Took 0.000s to load 'maxp'
Took 0.000s to prune 'maxp'
maxp pruned
Reading 'cmap' table from disk
Decompiling 'cmap' table
Reading 'post' table from disk
Decompiling 'post' table
Took 0.022s to load 'cmap'
Took 0.000s to prune 'cmap'
cmap pruned
fpgm dropped
prep dropped
cvt  dropped
kern dropped
Took 0.000s to load 'post'
Took 0.000s to prune 'post'
post pruned
GPOS dropped
GSUB dropped
Reading 'glyf' table from disk
Decompiling 'glyf' table
Reading 'loca' table from disk
Decompiling 'loca' table
Reading 'head' table from disk
Decompiling 'head' table
Took 0.009s to load 'glyf'
Took 0.000s to prune 'glyf'
glyf pruned
Took 0.002s to close glyph list over 'cmap'
Added gid0 to subset
Closing glyph list over 'glyf': 23 glyphs before
Glyph names: ['.notdef', 'Q', 'a', 'c', 'ccedilla', 'comma', 'd', 'e', 'eacute', 'f', 'g', 'i', 'l', 'm', 'n', 'o', 'p', 'quotesingle', 'r', 's', 'space', 't', 'u']
Glyph IDs:   [0, 3, 10, 15, 52, 68, 70, 71, 72, 73, 74, 76, 79, 80, 81, 82, 83, 85, 86, 87, 88, 169, 171]
Closed glyph list over 'glyf': 25 glyphs after
Glyph names: ['.notdef', 'Q', 'a', 'acute', 'c', 'ccedilla', 'cedilla', 'comma', 'd', 'e', 'eacute', 'f', 'g', 'i', 'l', 'm', 'n', 'o', 'p', 'quotesingle', 'r', 's', 'space', 't', 'u']
Glyph IDs:   [0, 3, 10, 15, 52, 68, 70, 71, 72, 73, 74, 76, 79, 80, 81, 82, 83, 85, 86, 87, 88, 118, 122, 169, 171]
Took 0.003s to close glyph list over 'glyf'
Retaining 25 glyphs
head subsetting not needed
hhea subsetting not needed
maxp subsetting not needed
OS/2 subsetting not needed
Reading 'hmtx' table from disk
Decompiling 'hmtx' table
Reading 'hhea' table from disk
Decompiling 'hhea' table
Took 0.006s to subset 'hmtx'
hmtx subsetted
Took 0.006s to subset 'cmap'
cmap subsetted
loca subsetting not needed
Took 0.000s to subset 'post'
post subsetted
gasp subsetting not needed
FFTM NOT subset; don't know how to subset
Reading 'GDEF' table from disk
Decompiling 'GDEF' table
Took 0.004s to subset 'GDEF'
GDEF subsetted
name subsetting not needed
Took 0.002s to subset 'glyf'
glyf subsetted
Took 0.000s to subset GlyphOrder
Took 0.000s to prune 'head'
head pruned
Reading 'OS/2' table from disk
Decompiling 'OS/2' table
OS/2 Unicode ranges pruned: [0, 1]
OS/2 CodePage ranges pruned: [0]
Took 0.000s to prune 'glyf'
glyf pruned
Took 0.000s to prune 'GDEF'
GDEF pruned
Reading 'name' table from disk
Decompiling 'name' table
Reading 'gasp' table from disk
Decompiling 'gasp' table
Reading 'FFTM' table from disk
Decompiling 'FFTM' table
Took 0.002s to prune 'name'
name pruned
Reading 'maxp' table from disk
Decompiling 'maxp' table
Took 0.001s to load 'maxp'
Took 0.000s to prune 'maxp'
maxp pruned
Reading 'cmap' table from disk
Decompiling 'cmap' table
Reading 'post' table from disk
Decompiling 'post' table
Took 0.021s to load 'cmap'
Took 0.000s to prune 'cmap'
cmap pruned
fpgm dropped
prep dropped
cvt  dropped
kern dropped
Took 0.000s to load 'post'
Took 0.000s to prune 'post'
post pruned
GPOS dropped
GSUB dropped
Reading 'glyf' table from disk
Decompiling 'glyf' table
Reading 'loca' table from disk
Decompiling 'loca' table
Reading 'head' table from disk
Decompiling 'head' table
Took 0.010s to load 'glyf'
Took 0.000s to prune 'glyf'
glyf pruned
Took 0.002s to close glyph list over 'cmap'
Added gid0 to subset
Closing glyph list over 'glyf': 9 glyphs before
Glyph names: ['.notdef', 'e', 'o', 'r', 's', 'space', 'three', 'u', 'zero']
Glyph IDs:   [0, 3, 19, 22, 72, 82, 85, 86, 88]
Closed glyph list over 'glyf': 9 glyphs after
Glyph names: ['.notdef', 'e', 'o', 'r', 's', 'space', 'three', 'u', 'zero']
Glyph IDs:   [0, 3, 19, 22, 72, 82, 85, 86, 88]
Took 0.003s to close glyph list over 'glyf'
Retaining 9 glyphs
head subsetting not needed
hhea subsetting not needed
maxp subsetting not needed
OS/2 subsetting not needed
Reading 'hmtx' table from disk
Decompiling 'hmtx' table
Reading 'hhea' table from disk
Decompiling 'hhea' table
Took 0.007s to subset 'hmtx'
hmtx subsetted
Took 0.004s to subset 'cmap'
cmap subsetted
loca subsetting not needed
Took 0.000s to subset 'post'
post subsetted
gasp subsetting not needed
FFTM NOT subset; don't know how to subset
Reading 'GDEF' table from disk
Decompiling 'GDEF' table
Took 0.005s to subset 'GDEF'
GDEF subsetted
name subsetting not needed
Took 0.002s to subset 'glyf'
glyf subsetted
Took 0.000s to subset GlyphOrder
Took 0.000s to prune 'head'
head pruned
Reading 'OS/2' table from disk
Decompiling 'OS/2' table
OS/2 Unicode ranges pruned: [0]
OS/2 CodePage ranges pruned: [0]
Took 0.000s to prune 'glyf'
glyf pruned
Took 0.000s to prune 'GDEF'
GDEF pruned
Reading 'name' table from disk
Decompiling 'name' table
Reading 'gasp' table from disk
Decompiling 'gasp' table
Reading 'FFTM' table from disk
Decompiling 'FFTM' table
Took 0.002s to prune 'name'
name pruned
Reading 'maxp' table from disk
Decompiling 'maxp' table
Took 0.001s to load 'maxp'
Took 0.000s to prune 'maxp'
maxp pruned
LTSH dropped
VDMX dropped
hdmx dropped
Reading 'cmap' table from disk
Decompiling 'cmap' table
Took 0.000s to load 'cmap'
Took 0.000s to prune 'cmap'
cmap pruned
fpgm dropped
prep dropped
cvt  dropped
kern dropped
Reading 'post' table from disk
Decompiling 'post' table
Took 0.000s to load 'post'
Took 0.000s to prune 'post'
post pruned
PCLT dropped
JSTF dropped
GPOS dropped
GSUB dropped
Reading 'glyf' table from disk
Decompiling 'glyf' table
Reading 'loca' table from disk
Decompiling 'loca' table
Reading 'head' table from disk
Decompiling 'head' table
Reading 'cmap' table from disk
Decompiling 'cmap' table
Took 0.051s to load 'glyf'
Took 0.000s to prune 'glyf'
glyf pruned
Took 0.009s to close glyph list over 'cmap'
Added gid0 to subset
Closing glyph list over 'glyf': 11 glyphs before
Glyph names: ['.notdef', 'A', 'D', 'I', 'N', 'O', 'R', 'S', 'T', 'U', 'quotesingle']
Glyph IDs:   [0, 10, 36, 39, 44, 49, 50, 53, 54, 55, 56]
Closed glyph list over 'glyf': 11 glyphs after
Glyph names: ['.notdef', 'A', 'D', 'I', 'N', 'O', 'R', 'S', 'T', 'U', 'quotesingle']
Glyph IDs:   [0, 10, 36, 39, 44, 49, 50, 53, 54, 55, 56]
Took 0.003s to close glyph list over 'glyf'
Retaining 11 glyphs
head subsetting not needed
hhea subsetting not needed
maxp subsetting not needed
OS/2 subsetting not needed
Reading 'hmtx' table from disk
Decompiling 'hmtx' table
Reading 'hhea' table from disk
Decompiling 'hhea' table
Took 0.006s to subset 'hmtx'
hmtx subsetted
Took 0.001s to subset 'cmap'
cmap subsetted
loca subsetting not needed
Took 0.000s to subset 'post'
post subsetted
gasp subsetting not needed
meta NOT subset; don't know how to subset
Reading 'GDEF' table from disk
Decompiling 'GDEF' table
Took 0.006s to subset 'GDEF'
GDEF subsetted
name subsetting not needed
Took 0.002s to subset 'glyf'
glyf subsetted
Took 0.000s to subset GlyphOrder
Took 0.000s to prune 'head'
head pruned
Reading 'OS/2' table from disk
Decompiling 'OS/2' table
OS/2 Unicode ranges pruned: [0]
OS/2 CodePage ranges pruned: [0]
Took 0.000s to prune 'glyf'
glyf pruned
Took 0.000s to prune 'GDEF'
GDEF pruned
Reading 'name' table from disk
Decompiling 'name' table
Reading 'gasp' table from disk
Decompiling 'gasp' table
Reading 'meta' table from disk
Decompiling 'meta' table
Took 0.003s to prune 'name'
name pruned
.Unknown rendering option: timeout.
Ignored `src: local("Segoe UI"), local("Helvetica Neue"), local("Arial"), sans-serif` at 5:13, invalid value.
Missing src descriptor in '@font-face' rule at 3:9
Ignored `src: local("Georgia"), local("Times New Roman"), serif` at 10:13, invalid value.
Missing src descriptor in '@font-face' rule at 8:9
Ignored `word-break: break-word` at 236:13, invalid value.
Ignored `word-break: break-word` at 248:13, invalid value.
Reading 'maxp' table from disk
Decompiling 'maxp' table
Took 0.001s to load 'maxp'
Took 0.000s to prune 'maxp'
maxp pruned
Reading 'cmap' table from disk
Decompiling 'cmap' table
Reading 'post' table from disk
Decompiling 'post' table
Took 0.044s to load 'cmap'
Took 0.000s to prune 'cmap'
cmap pruned
fpgm dropped
prep dropped
cvt  dropped
kern dropped
Took 0.000s to load 'post'
Took 0.000s to prune 'post'
post pruned
GPOS dropped
GSUB dropped
Reading 'glyf' table from disk
Decompiling 'glyf' table
Reading 'loca' table from disk
Decompiling 'loca' table
Reading 'head' table from disk
Decompiling 'head' table
Took 0.022s to load 'glyf'
Took 0.000s to prune 'glyf'
glyf pruned
Took 0.004s to close glyph list over 'cmap'
Added gid0 to subset
Closing glyph list over 'glyf': 54 glyphs before
Glyph names: ['.notdef', 'A', 'B', 'C', 'D', 'E', 'Eacute', 'Euro', 'G', 'H', 'I', 'J', 'L', 'M', 'N', 'O', 'P', 'Q', 'R', 'S', 'T', 'U', 'V', 'X', 'a', 'c', 'comma', 'd', 'degree', 'e', 'eacute', 'four', 'g', 'h', 'hyphen', 'i', 'j', 'l', 'n', 'o', 'one', 'p', 'period', 'quotesingle', 'r', 's', 'six', 'slash', 'space', 't', 'three', 'two', 'u', 'zero']
Glyph IDs:   [0, 3, 10, 15, 16, 17, 18, 19, 20, 21, 22, 23, 25, 36, 37, 38, 39, 40, 42, 43, 44, 45, 47, 48, 49, 50, 51, 52, 53, 54, 55, 56, 57, 59, 68, 70, 71, 72, 74, 75, 76, 77, 79, 81, 82, 83, 85, 86, 87, 88, 114, 139, 171, 2943]
Closed glyph list over 'glyf': 56 glyphs after
Glyph names: ['.notdef', 'A', 'Acute', 'B', 'C', 'D', 'E', 'Eacute', 'Euro', 'G', 'H', 'I', 'J', 'L', 'M', 'N', 'O', 'P', 'Q', 'R', 'S', 'T', 'U', 'V', 'X', 'a', 'acute', 'c', 'comma', 'd', 'degree', 'e', 'eacute', 'four', 'g', 'h', 'hyphen', 'i', 'j', 'l', 'n', 'o', 'one', 'p', 'period', 'quotesingle', 'r', 's', 'six', 'slash', 'space', 't', 'three', 'two', 'u', 'zero']
Glyph IDs:   [0, 3, 10, 15, 16, 17, 18, 19, 20, 21, 22, 23, 25, 36, 37, 38, 39, 40, 42, 43, 44, 45, 47, 48, 49, 50, 51, 52, 53, 54, 55, 56, 57, 59, 68, 70, 71, 72, 74, 75, 76, 77, 79, 81, 82, 83, 85, 86, 87, 88, 114, 118, 139, 171, 2943, 5564]
Took 0.006s to close glyph list over 'glyf'
Retaining 56 glyphs
head subsetting not needed
hhea subsetting not needed
maxp subsetting not needed
OS/2 subsetting not needed
Reading 'hmtx' table from disk
Decompiling 'hmtx' table
Reading 'hhea' table from disk
Decompiling 'hhea' table
Took 0.013s to subset 'hmtx'
hmtx subsetted
Took 0.011s to subset 'cmap'
cmap subsetted
loca subsetting not needed
Took 0.000s to subset 'post'
post subsetted
gasp subsetting not needed
FFTM NOT subset; don't know how to subset
Reading 'GDEF' table from disk
Decompiling 'GDEF' table
Took 0.011s to subset 'GDEF'
GDEF subsetted
name subsetting not needed
Took 0.014s to subset 'glyf'
glyf subsetted
Took 0.001s to subset GlyphOrder
Took 0.000s to prune 'head'
head pruned
Reading 'OS/2' table from disk
Decompiling 'OS/2' table
OS/2 Unicode ranges pruned: [0, 1, 33]
OS/2 CodePage ranges pruned: [0]
Took 0.008s to prune 'glyf'
glyf pruned
Took 0.000s to prune 'GDEF'
GDEF pruned
Reading 'name' table from disk
Decompiling 'name' table
Reading 'gasp' table from disk
Decompiling 'gasp' table
Reading 'FFTM' table from disk
Decompiling 'FFTM' table
Took 0.002s to prune 'name'
name pruned
Reading 'maxp' table from disk
Decompiling 'maxp' table
Took 0.001s to load 'maxp'
Took 0.000s to prune 'maxp'
maxp pruned
Reading 'cmap' table from disk
Decompiling 'cmap' table
Reading 'post' table from disk
Decompiling 'post' table
Took 0.035s to load 'cmap'
Took 0.000s to prune 'cmap'
cmap pruned
fpgm dropped
prep dropped
cvt  dropped
kern dropped
Took 0.000s to load 'post'
Took 0.000s to prune 'post'
post pruned
GPOS dropped
GSUB dropped
Reading 'glyf' table from disk
Decompiling 'glyf' table
Reading 'loca' table from disk
Decompiling 'loca' table
Reading 'head' table from disk
Decompiling 'head' table
Took 0.029s to load 'glyf'
Took 0.000s to prune 'glyf'
glyf pruned
Took 0.003s to close glyph list over 'cmap'
Added gid0 to subset
Closing glyph list over 'glyf': 76 glyphs before
Glyph names: ['.notdef', 'A', 'Agrave', 'B', 'C', 'Ccedilla', 'D', 'E', 'Eacute', 'Ecircumflex', 'F', 'G', 'H', 'I', 'J', 'L', 'M', 'N', 'O', 'P', 'Q', 'R', 'S', 'T', 'U', 'V', 'X', 'a', 'agrave', 'at', 'b', 'bullet', 'c', 'colon', 'comma', 'd', 'e', 'eacute', 'ecircumflex', 'eight', 'five', 'four', 'g', 'h', 'hyphen', 'i', 'j', 'l', 'm', 'multiply', 'n', 'nine', 'o', 'one', 'p', 'parenleft', 'parenright', 'percent', 'period', 'plus', 'quotedbl', 'quotesingle', 'r', 's', 'seven', 'six', 'slash', 'space', 't', 'three', 'two', 'u', 'v', 'x', 'y', 'zero']
Glyph IDs:   [0, 3, 5, 8, 10, 11, 12, 14, 15, 16, 17, 18, 19, 20, 21, 22, 23, 24, 25, 26, 27, 28, 29, 35, 36, 37, 38, 39, 40, 41, 42, 43, 44, 45, 47, 48, 49, 50, 51, 52, 53, 54, 55, 56, 57, 59, 68, 69, 70, 71, 72, 74, 75, 76, 77, 79, 80, 81, 82, 83, 85, 86, 87, 88, 89, 91, 92, 130, 137, 139, 140, 153, 162, 171, 172, 2816]
Closed glyph list over 'glyf': 83 glyphs after
Glyph names: ['.notdef', 'A', 'Acute', 'Agrave', 'B', 'C', 'Ccedilla', 'Circumflex', 'D', 'E', 'Eacute', 'Ecircumflex', 'F', 'G', 'Grave', 'H', 'I', 'J', 'L', 'M', 'N', 'O', 'P', 'Q', 'R', 'S', 'T', 'U', 'V', 'X', 'a', 'acute', 'agrave', 'at', 'b', 'bullet', 'c', 'cedilla', 'circumflex', 'colon', 'comma', 'd', 'e', 'eacute', 'ecircumflex', 'eight', 'five', 'four', 'g', 'grave', 'h', 'hyphen', 'i', 'j', 'l', 'm', 'multiply', 'n', 'nine', 'o', 'one', 'p', 'parenleft', 'parenright', 'percent', 'period', 'plus', 'quotedbl', 'quotesingle', 'r', 's', 'seven', 'six', 'slash', 'space', 't', 'three', 'two', 'u', 'v', 'x', 'y', 'zero']
Glyph IDs:   [0, 3, 5, 8, 10, 11, 12, 14, 15, 16, 17, 18, 19, 20, 21, 22, 23, 24, 25, 26, 27, 28, 29, 35, 36, 37, 38, 39, 40, 41, 42, 43, 44, 45, 47, 48, 49, 50, 51, 52, 53, 54, 55, 56, 57, 59, 67, 68, 69, 70, 71, 72, 74, 75, 76, 77, 79, 80, 81, 82, 83, 85, 86, 87, 88, 89, 91, 92, 118, 122, 130, 137, 139, 140, 153, 162, 171, 172, 648, 2816, 5638, 5640, 5641]
Took 0.008s to close glyph list over 'glyf'
Retaining 83 glyphs
head subsetting not needed
hhea subsetting not needed
maxp subsetting not needed
OS/2 subsetting not needed
Reading 'hmtx' table from disk
Decompiling 'hmtx' table
Reading 'hhea' table from disk
Decompiling 'hhea' table
Took 0.016s to subset 'hmtx'
hmtx subsetted
Took 0.016s to subset 'cmap'
cmap subsetted
loca subsetting not needed
Took 0.000s to subset 'post'
post subsetted
gasp subsetting not needed
FFTM NOT subset; don't know how to subset
Reading 'GDEF' table from disk
Decompiling 'GDEF' table
Took 0.013s to subset 'GDEF'
GDEF subsetted
name subsetting not needed
Took 0.011s to subset 'glyf'
glyf subsetted
Took 0.000s to subset GlyphOrder
Took 0.000s to prune 'head'
head pruned
Reading 'OS/2' table from disk
Decompiling 'OS/2' table
OS/2 Unicode ranges pruned: [0, 1, 31]
OS/2 CodePage ranges pruned: [0]
Took 0.004s to prune 'glyf'
glyf pruned
Took 0.000s to prune 'GDEF'
GDEF pruned
Reading 'name' table from disk
Decompiling 'name' table
Reading 'gasp' table from disk
Decompiling 'gasp' table
Reading 'FFTM' table from disk
Decompiling 'FFTM' table
Took 0.003s to prune 'name'
name pruned
Reading 'maxp' table from disk
Decompiling 'maxp' table
Took 0.001s to load 'maxp'
Took 0.000s to prune 'maxp'
maxp pruned
Reading 'cmap' table from disk
Decompiling 'cmap' table
Reading 'post' table from disk
Decompiling 'post' table
Took 0.022s to load 'cmap'
Took 0.000s to prune 'cmap'
cmap pruned
fpgm dropped
prep dropped
cvt  dropped
kern dropped
Took 0.000s to load 'post'
Took 0.000s to prune 'post'
post pruned
GPOS dropped
GSUB dropped
Reading 'glyf' table from disk
Decompiling 'glyf' table
Reading 'loca' table from disk
Decompiling 'loca' table
Reading 'head' table from disk
Decompiling 'head' table
Took 0.014s to load 'glyf'
Took 0.000s to prune 'glyf'
glyf pruned
Took 0.002s to close glyph list over 'cmap'
Added gid0 to subset
Closing glyph list over 'glyf': 23 glyphs before
Glyph names: ['.notdef', 'Q', 'a', 'c', 'ccedilla', 'comma', 'd', 'e', 'eacute', 'f', 'g', 'i', 'l', 'm', 'n', 'o', 'p', 'quotesingle', 'r', 's', 'space', 't', 'u']
Glyph IDs:   [0, 3, 10, 15, 52, 68, 70, 71, 72, 73, 74, 76, 79, 80, 81, 82, 83, 85, 86, 87, 88, 169, 171]
Closed glyph list over 'glyf': 25 glyphs after
Glyph names: ['.notdef', 'Q', 'a', 'acute', 'c', 'ccedilla', 'cedilla', 'comma', 'd', 'e', 'eacute', 'f', 'g', 'i', 'l', 'm', 'n', 'o', 'p', 'quotesingle', 'r', 's', 'space', 't', 'u']
Glyph IDs:   [0, 3, 10, 15, 52, 68, 70, 71, 72, 73, 74, 76, 79, 80, 81, 82, 83, 85, 86, 87, 88, 118, 122, 169, 171]
Took 0.005s to close glyph list over 'glyf'
Retaining 25 glyphs
head subsetting not needed
hhea subsetting not needed
maxp subsetting not needed
OS/2 subsetting not needed
Reading 'hmtx' table from disk
Decompiling 'hmtx' table
Reading 'hhea' table from disk
Decompiling 'hhea' table
Took 0.010s to subset 'hmtx'
hmtx subsetted
Took 0.005s to subset 'cmap'
cmap subsetted
loca subsetting not needed
Took 0.000s to subset 'post'
post subsetted
gasp subsetting not needed
FFTM NOT subset; don't know how to subset
Reading 'GDEF' table from disk
Decompiling 'GDEF' table
Took 0.009s to subset 'GDEF'
GDEF subsetted
name subsetting not needed
Took 0.002s to subset 'glyf'
glyf subsetted
Took 0.000s to subset GlyphOrder
Took 0.000s to prune 'head'
head pruned
Reading 'OS/2' table from disk
Decompiling 'OS/2' table
OS/2 Unicode ranges pruned: [0, 1]
OS/2 CodePage ranges pruned: [0]
Took 0.002s to prune 'glyf'
glyf pruned
Took 0.000s to prune 'GDEF'
GDEF pruned
Reading 'name' table from disk
Decompiling 'name' table
Reading 'gasp' table from disk
Decompiling 'gasp' table
Reading 'FFTM' table from disk
Decompiling 'FFTM' table
Took 0.004s to prune 'name'
name pruned
Reading 'maxp' table from disk
Decompiling 'maxp' table
Took 0.001s to load 'maxp'
Took 0.000s to prune 'maxp'
maxp pruned
Reading 'cmap' table from disk
Decompiling 'cmap' table
Reading 'post' table from disk
Decompiling 'post' table
Took 0.026s to load 'cmap'
Took 0.000s to prune 'cmap'
cmap pruned
fpgm dropped
prep dropped
cvt  dropped
kern dropped
Took 0.000s to load 'post'
Took 0.000s to prune 'post'
post pruned
GPOS dropped
GSUB dropped
Reading 'glyf' table from disk
Decompiling 'glyf' table
Reading 'loca' table from disk
Decompiling 'loca' table
Reading 'head' table from disk
Decompiling 'head' table
Took 0.013s to load 'glyf'
Took 0.000s to prune 'glyf'
glyf pruned
Took 0.002s to close glyph list over 'cmap'
Added gid0 to subset
Closing glyph list over 'glyf': 9 glyphs before
Glyph names: ['.notdef', 'comma', 'e', 'o', 'r', 's', 'space', 'u', 'zero']
Glyph IDs:   [0, 3, 15, 19, 72, 82, 85, 86, 88]
Closed glyph list over 'glyf': 9 glyphs after
Glyph names: ['.notdef', 'comma', 'e', 'o', 'r', 's', 'space', 'u', 'zero']
Glyph IDs:   [0, 3, 15, 19, 72, 82, 85, 86, 88]
Took 0.004s to close glyph list over 'glyf'
Retaining 9 glyphs
head subsetting not needed
hhea subsetting not needed
maxp subsetting not needed
OS/2 subsetting not needed
Reading 'hmtx' table from disk
Decompiling 'hmtx' table
Reading 'hhea' table from disk
Decompiling 'hhea' table
Took 0.008s to subset 'hmtx'
hmtx subsetted
Took 0.013s to subset 'cmap'
cmap subsetted
loca subsetting not needed
Took 0.000s to subset 'post'
post subsetted
gasp subsetting not needed
FFTM NOT subset; don't know how to subset
Reading 'GDEF' table from disk
Decompiling 'GDEF' table
Took 0.006s to subset 'GDEF'
GDEF subsetted
name subsetting not needed
Took 0.004s to subset 'glyf'
glyf subsetted
Took 0.001s to subset GlyphOrder
Took 0.000s to prune 'head'
head pruned
Reading 'OS/2' table from disk
Decompiling 'OS/2' table
OS/2 Unicode ranges pruned: [0]
OS/2 CodePage ranges pruned: [0]
Took 0.000s to prune 'glyf'
glyf pruned
Took 0.000s to prune 'GDEF'
GDEF pruned
Reading 'name' table from disk
Decompiling 'name' table
Reading 'gasp' table from disk
Decompiling 'gasp' table
Reading 'FFTM' table from disk
Decompiling 'FFTM' table
Took 0.003s to prune 'name'
name pruned
Reading 'maxp' table from disk
Decompiling 'maxp' table
Took 0.001s to load 'maxp'
Took 0.000s to prune 'maxp'
maxp pruned
LTSH dropped
VDMX dropped
hdmx dropped
Reading 'cmap' table from disk
Decompiling 'cmap' table
Took 0.001s to load 'cmap'
Took 0.000s to prune 'cmap'
cmap pruned
fpgm dropped
prep dropped
cvt  dropped
kern dropped
Reading 'post' table from disk
Decompiling 'post' table
Took 0.000s to load 'post'
Took 0.000s to prune 'post'
post pruned
PCLT dropped
JSTF dropped
GPOS dropped
GSUB dropped
Reading 'glyf' table from disk
Decompiling 'glyf' table
Reading 'loca' table from disk
Decompiling 'loca' table
Reading 'head' table from disk
Decompiling 'head' table
Reading 'cmap' table from disk
Decompiling 'cmap' table
Took 0.049s to load 'glyf'
Took 0.000s to prune 'glyf'
glyf pruned
Took 0.010s to close glyph list over 'cmap'
Added gid0 to subset
Closing glyph list over 'glyf': 11 glyphs before
Glyph names: ['.notdef', 'A', 'D', 'I', 'N', 'O', 'R', 'S', 'T', 'U', 'quotesingle']
Glyph IDs:   [0, 10, 36, 39, 44, 49, 50, 53, 54, 55, 56]
Closed glyph list over 'glyf': 11 glyphs after
Glyph names: ['.notdef', 'A', 'D', 'I', 'N', 'O', 'R', 'S', 'T', 'U', 'quotesingle']
Glyph IDs:   [0, 10, 36, 39, 44, 49, 50, 53, 54, 55, 56]
Took 0.003s to close glyph list over 'glyf'
Retaining 11 glyphs
head subsetting not needed
hhea subsetting not needed
maxp subsetting not needed
OS/2 subsetting not needed
Reading 'hmtx' table from disk
Decompiling 'hmtx' table
Reading 'hhea' table from disk
Decompiling 'hhea' table
Took 0.010s to subset 'hmtx'
hmtx subsetted
Took 0.002s to subset 'cmap'
cmap subsetted
loca subsetting not needed
Took 0.000s to subset 'post'
post subsetted
gasp subsetting not needed
meta NOT subset; don't know how to subset
Reading 'GDEF' table from disk
Decompiling 'GDEF' table
Took 0.009s to subset 'GDEF'
GDEF subsetted
name subsetting not needed
Took 0.002s to subset 'glyf'
glyf subsetted
Took 0.000s to subset GlyphOrder
Took 0.000s to prune 'head'
head pruned
Reading 'OS/2' table from disk
Decompiling 'OS/2' table
OS/2 Unicode ranges pruned: [0]
OS/2 CodePage ranges pruned: [0]
Took 0.000s to prune 'glyf'
glyf pruned
Took 0.000s to prune 'GDEF'
GDEF pruned
Reading 'name' table from disk
Decompiling 'name' table
Reading 'gasp' table from disk
Decompiling 'gasp' table
Reading 'meta' table from disk
Decompiling 'meta' table
Took 0.006s to prune 'name'
name pruned
Unknown rendering option: timeout.
Ignored `src: local("Segoe UI"), local("Helvetica Neue"), local("Arial"), sans-serif` at 5:13, invalid value.
Missing src descriptor in '@font-face' rule at 3:9
Ignored `src: local("Georgia"), local("Times New Roman"), serif` at 10:13, invalid value.
Missing src descriptor in '@font-face' rule at 8:9
Ignored `word-break: break-word` at 236:13, invalid value.
Ignored `word-break: break-word` at 248:13, invalid value.
Reading 'maxp' table from disk
Decompiling 'maxp' table
Took 0.001s to load 'maxp'
Took 0.000s to prune 'maxp'
maxp pruned
Reading 'cmap' table from disk
Decompiling 'cmap' table
Reading 'post' table from disk
Decompiling 'post' table
Took 0.025s to load 'cmap'
Took 0.000s to prune 'cmap'
cmap pruned
fpgm dropped
prep dropped
cvt  dropped
kern dropped
Took 0.000s to load 'post'
Took 0.000s to prune 'post'
post pruned
GPOS dropped
GSUB dropped
Reading 'glyf' table from disk
Decompiling 'glyf' table
Reading 'loca' table from disk
Decompiling 'loca' table
Reading 'head' table from disk
Decompiling 'head' table
Took 0.010s to load 'glyf'
Took 0.000s to prune 'glyf'
glyf pruned
Took 0.002s to close glyph list over 'cmap'
Added gid0 to subset
Closing glyph list over 'glyf': 54 glyphs before
Glyph names: ['.notdef', 'A', 'B', 'C', 'D', 'E', 'Eacute', 'Euro', 'G', 'H', 'I', 'J', 'L', 'M', 'N', 'O', 'P', 'Q', 'R', 'S', 'T', 'U', 'V', 'X', 'a', 'c', 'comma', 'd', 'degree', 'e', 'eacute', 'four', 'g', 'h', 'hyphen', 'i', 'j', 'l', 'n', 'o', 'one', 'p', 'period', 'quotesingle', 'r', 's', 'six', 'slash', 'space', 't', 'three', 'two', 'u', 'zero']
Glyph IDs:   [0, 3, 10, 15, 16, 17, 18, 19, 20, 21, 22, 23, 25, 36, 37, 38, 39, 40, 42, 43, 44, 45, 47, 48, 49, 50, 51, 52, 53, 54, 55, 56, 57, 59, 68, 70, 71, 72, 74, 75, 76, 77, 79, 81, 82, 83, 85, 86, 87, 88, 114, 139, 171, 2943]
Closed glyph list over 'glyf': 56 glyphs after
Glyph names: ['.notdef', 'A', 'Acute', 'B', 'C', 'D', 'E', 'Eacute', 'Euro', 'G', 'H', 'I', 'J', 'L', 'M', 'N', 'O', 'P', 'Q', 'R', 'S', 'T', 'U', 'V', 'X', 'a', 'acute', 'c', 'comma', 'd', 'degree', 'e', 'eacute', 'four', 'g', 'h', 'hyphen', 'i', 'j', 'l', 'n', 'o', 'one', 'p', 'period', 'quotesingle', 'r', 's', 'six', 'slash', 'space', 't', 'three', 'two', 'u', 'zero']
Glyph IDs:   [0, 3, 10, 15, 16, 17, 18, 19, 20, 21, 22, 23, 25, 36, 37, 38, 39, 40, 42, 43, 44, 45, 47, 48, 49, 50, 51, 52, 53, 54, 55, 56, 57, 59, 68, 70, 71, 72, 74, 75, 76, 77, 79, 81, 82, 83, 85, 86, 87, 88, 114, 118, 139, 171, 2943, 5564]
Took 0.004s to close glyph list over 'glyf'
Retaining 56 glyphs
head subsetting not needed
hhea subsetting not needed
maxp subsetting not needed
OS/2 subsetting not needed
Reading 'hmtx' table from disk
Decompiling 'hmtx' table
Reading 'hhea' table from disk
Decompiling 'hhea' table
Took 0.009s to subset 'hmtx'
hmtx subsetted
Took 0.005s to subset 'cmap'
cmap subsetted
loca subsetting not needed
Took 0.000s to subset 'post'
post subsetted
gasp subsetting not needed
FFTM NOT subset; don't know how to subset
Reading 'GDEF' table from disk
Decompiling 'GDEF' table
Took 0.006s to subset 'GDEF'
GDEF subsetted
name subsetting not needed
Took 0.006s to subset 'glyf'
glyf subsetted
Took 0.000s to subset GlyphOrder
Took 0.000s to prune 'head'
head pruned
Reading 'OS/2' table from disk
Decompiling 'OS/2' table
OS/2 Unicode ranges pruned: [0, 1, 33]
OS/2 CodePage ranges pruned: [0]
Took 0.003s to prune 'glyf'
glyf pruned
Took 0.000s to prune 'GDEF'
GDEF pruned
Reading 'name' table from disk
Decompiling 'name' table
Reading 'gasp' table from disk
Decompiling 'gasp' table
Reading 'FFTM' table from disk
Decompiling 'FFTM' table
Took 0.002s to prune 'name'
name pruned
Reading 'maxp' table from disk
Decompiling 'maxp' table
Took 0.000s to load 'maxp'
Took 0.000s to prune 'maxp'
maxp pruned
Reading 'cmap' table from disk
Decompiling 'cmap' table
Reading 'post' table from disk
Decompiling 'post' table
Took 0.019s to load 'cmap'
Took 0.000s to prune 'cmap'
cmap pruned
fpgm dropped
prep dropped
cvt  dropped
kern dropped
Took 0.000s to load 'post'
Took 0.000s to prune 'post'
post pruned
GPOS dropped
GSUB dropped
Reading 'glyf' table from disk
Decompiling 'glyf' table
Reading 'loca' table from disk
Decompiling 'loca' table
Reading 'head' table from disk
Decompiling 'head' table
Took 0.012s to load 'glyf'
Took 0.000s to prune 'glyf'
glyf pruned
Took 0.001s to close glyph list over 'cmap'
Added gid0 to subset
Closing glyph list over 'glyf': 76 glyphs before
Glyph names: ['.notdef', 'A', 'Agrave', 'B', 'C', 'Ccedilla', 'D', 'E', 'Eacute', 'Ecircumflex', 'F', 'G', 'H', 'I', 'J', 'L', 'M', 'N', 'O', 'P', 'Q', 'R', 'S', 'T', 'U', 'V', 'X', 'a', 'agrave', 'at', 'b', 'bullet', 'c', 'colon', 'comma', 'd', 'e', 'eacute', 'ecircumflex', 'eight', 'five', 'four', 'g', 'h', 'hyphen', 'i', 'j', 'l', 'm', 'multiply', 'n', 'nine', 'o', 'one', 'p', 'parenleft', 'parenright', 'percent', 'period', 'plus', 'quotedbl', 'quotesingle', 'r', 's', 'seven', 'six', 'slash', 'space', 't', 'three', 'two', 'u', 'v', 'x', 'y', 'zero']
Glyph IDs:   [0, 3, 5, 8, 10, 11, 12, 14, 15, 16, 17, 18, 19, 20, 21, 22, 23, 24, 25, 26, 27, 28, 29, 35, 36, 37, 38, 39, 40, 41, 42, 43, 44, 45, 47, 48, 49, 50, 51, 52, 53, 54, 55, 56, 57, 59, 68, 69, 70, 71, 72, 74, 75, 76, 77, 79, 80, 81, 82, 83, 85, 86, 87, 88, 89, 91, 92, 130, 137, 139, 140, 153, 162, 171, 172, 2816]
Closed glyph list over 'glyf': 83 glyphs after
Glyph names: ['.notdef', 'A', 'Acute', 'Agrave', 'B', 'C', 'Ccedilla', 'Circumflex', 'D', 'E', 'Eacute', 'Ecircumflex', 'F', 'G', 'Grave', 'H', 'I', 'J', 'L', 'M', 'N', 'O', 'P', 'Q', 'R', 'S', 'T', 'U', 'V', 'X', 'a', 'acute', 'agrave', 'at', 'b', 'bullet', 'c', 'cedilla', 'circumflex', 'colon', 'comma', 'd', 'e', 'eacute', 'ecircumflex', 'eight', 'five', 'four', 'g', 'grave', 'h', 'hyphen', 'i', 'j', 'l', 'm', 'multiply', 'n', 'nine', 'o', 'one', 'p', 'parenleft', 'parenright', 'percent', 'period', 'plus', 'quotedbl', 'quotesingle', 'r', 's', 'seven', 'six', 'slash', 'space', 't', 'three', 'two', 'u', 'v', 'x', 'y', 'zero']
Glyph IDs:   [0, 3, 5, 8, 10, 11, 12, 14, 15, 16, 17, 18, 19, 20, 21, 22, 23, 24, 25, 26, 27, 28, 29, 35, 36, 37, 38, 39, 40, 41, 42, 43, 44, 45, 47, 48, 49, 50, 51, 52, 53, 54, 55, 56, 57, 59, 67, 68, 69, 70, 71, 72, 74, 75, 76, 77, 79, 80, 81, 82, 83, 85, 86, 87, 88, 89, 91, 92, 118, 122, 130, 137, 139, 140, 153, 162, 171, 172, 648, 2816, 5638, 5640, 5641]
Took 0.004s to close glyph list over 'glyf'
Retaining 83 glyphs
head subsetting not needed
hhea subsetting not needed
maxp subsetting not needed
OS/2 subsetting not needed
Reading 'hmtx' table from disk
Decompiling 'hmtx' table
Reading 'hhea' table from disk
Decompiling 'hhea' table
Took 0.012s to subset 'hmtx'
hmtx subsetted
Took 0.006s to subset 'cmap'
cmap subsetted
loca subsetting not needed
Took 0.000s to subset 'post'
post subsetted
gasp subsetting not needed
FFTM NOT subset; don't know how to subset
Reading 'GDEF' table from disk
Decompiling 'GDEF' table
Took 0.004s to subset 'GDEF'
GDEF subsetted
name subsetting not needed
Took 0.005s to subset 'glyf'
glyf subsetted
Took 0.000s to subset GlyphOrder
Took 0.000s to prune 'head'
head pruned
Reading 'OS/2' table from disk
Decompiling 'OS/2' table
OS/2 Unicode ranges pruned: [0, 1, 31]
OS/2 CodePage ranges pruned: [0]
Took 0.007s to prune 'glyf'
glyf pruned
Took 0.000s to prune 'GDEF'
GDEF pruned
Reading 'name' table from disk
Decompiling 'name' table
Reading 'gasp' table from disk
Decompiling 'gasp' table
Reading 'FFTM' table from disk
Decompiling 'FFTM' table
Took 0.002s to prune 'name'
name pruned
Reading 'maxp' table from disk
Decompiling 'maxp' table
Took 0.001s to load 'maxp'
Took 0.000s to prune 'maxp'
maxp pruned
Reading 'cmap' table from disk
Decompiling 'cmap' table
Reading 'post' table from disk
Decompiling 'post' table
Took 0.029s to load 'cmap'
Took 0.000s to prune 'cmap'
cmap pruned
fpgm dropped
prep dropped
cvt  dropped
kern dropped
Took 0.000s to load 'post'
Took 0.000s to prune 'post'
post pruned
GPOS dropped
GSUB dropped
Reading 'glyf' table from disk
Decompiling 'glyf' table
Reading 'loca' table from disk
Decompiling 'loca' table
Reading 'head' table from disk
Decompiling 'head' table
Took 0.009s to load 'glyf'
Took 0.000s to prune 'glyf'
glyf pruned
Took 0.002s to close glyph list over 'cmap'
Added gid0 to subset
Closing glyph list over 'glyf': 23 glyphs before
Glyph names: ['.notdef', 'Q', 'a', 'c', 'ccedilla', 'comma', 'd', 'e', 'eacute', 'f', 'g', 'i', 'l', 'm', 'n', 'o', 'p', 'quotesingle', 'r', 's', 'space', 't', 'u']
Glyph IDs:   [0, 3, 10, 15, 52, 68, 70, 71, 72, 73, 74, 76, 79, 80, 81, 82, 83, 85, 86, 87, 88, 169, 171]
Closed glyph list over 'glyf': 25 glyphs after
Glyph names: ['.notdef', 'Q', 'a', 'acute', 'c', 'ccedilla', 'cedilla', 'comma', 'd', 'e', 'eacute', 'f', 'g', 'i', 'l', 'm', 'n', 'o', 'p', 'quotesingle', 'r', 's', 'space', 't', 'u']
Glyph IDs:   [0, 3, 10, 15, 52, 68, 70, 71, 72, 73, 74, 76, 79, 80, 81, 82, 83, 85, 86, 87, 88, 118, 122, 169, 171]
Took 0.003s to close glyph list over 'glyf'
Retaining 25 glyphs
head subsetting not needed
hhea subsetting not needed
maxp subsetting not needed
OS/2 subsetting not needed
Reading 'hmtx' table from disk
Decompiling 'hmtx' table
Reading 'hhea' table from disk
Decompiling 'hhea' table
Took 0.008s to subset 'hmtx'
hmtx subsetted
Took 0.007s to subset 'cmap'
cmap subsetted
loca subsetting not needed
Took 0.000s to subset 'post'
post subsetted
gasp subsetting not needed
FFTM NOT subset; don't know how to subset
Reading 'GDEF' table from disk
Decompiling 'GDEF' table
Took 0.005s to subset 'GDEF'
GDEF subsetted
name subsetting not needed
Took 0.002s to subset 'glyf'
glyf subsetted
Took 0.000s to subset GlyphOrder
Took 0.000s to prune 'head'
head pruned
Reading 'OS/2' table from disk
Decompiling 'OS/2' table
OS/2 Unicode ranges pruned: [0, 1]
OS/2 CodePage ranges pruned: [0]
Took 0.001s to prune 'glyf'
glyf pruned
Took 0.000s to prune 'GDEF'
GDEF pruned
Reading 'name' table from disk
Decompiling 'name' table
Reading 'gasp' table from disk
Decompiling 'gasp' table
Reading 'FFTM' table from disk
Decompiling 'FFTM' table
Took 0.005s to prune 'name'
name pruned
Reading 'maxp' table from disk
Decompiling 'maxp' table
Took 0.001s to load 'maxp'
Took 0.000s to prune 'maxp'
maxp pruned
Reading 'cmap' table from disk
Decompiling 'cmap' table
Reading 'post' table from disk
Decompiling 'post' table
Took 0.026s to load 'cmap'
Took 0.000s to prune 'cmap'
cmap pruned
fpgm dropped
prep dropped
cvt  dropped
kern dropped
Took 0.000s to load 'post'
Took 0.000s to prune 'post'
post pruned
GPOS dropped
GSUB dropped
Reading 'glyf' table from disk
Decompiling 'glyf' table
Reading 'loca' table from disk
Decompiling 'loca' table
Reading 'head' table from disk
Decompiling 'head' table
Took 0.012s to load 'glyf'
Took 0.000s to prune 'glyf'
glyf pruned
Took 0.003s to close glyph list over 'cmap'
Added gid0 to subset
Closing glyph list over 'glyf': 9 glyphs before
Glyph names: ['.notdef', 'comma', 'e', 'o', 'r', 's', 'space', 'u', 'zero']
Glyph IDs:   [0, 3, 15, 19, 72, 82, 85, 86, 88]
Closed glyph list over 'glyf': 9 glyphs after
Glyph names: ['.notdef', 'comma', 'e', 'o', 'r', 's', 'space', 'u', 'zero']
Glyph IDs:   [0, 3, 15, 19, 72, 82, 85, 86, 88]
Took 0.007s to close glyph list over 'glyf'
Retaining 9 glyphs
head subsetting not needed
hhea subsetting not needed
maxp subsetting not needed
OS/2 subsetting not needed
Reading 'hmtx' table from disk
Decompiling 'hmtx' table
Reading 'hhea' table from disk
Decompiling 'hhea' table
Took 0.007s to subset 'hmtx'
hmtx subsetted
Took 0.006s to subset 'cmap'
cmap subsetted
loca subsetting not needed
Took 0.000s to subset 'post'
post subsetted
gasp subsetting not needed
FFTM NOT subset; don't know how to subset
Reading 'GDEF' table from disk
Decompiling 'GDEF' table
Took 0.005s to subset 'GDEF'
GDEF subsetted
name subsetting not needed
Took 0.002s to subset 'glyf'
glyf subsetted
Took 0.000s to subset GlyphOrder
Took 0.000s to prune 'head'
head pruned
Reading 'OS/2' table from disk
Decompiling 'OS/2' table
OS/2 Unicode ranges pruned: [0]
OS/2 CodePage ranges pruned: [0]
Took 0.000s to prune 'glyf'
glyf pruned
Took 0.000s to prune 'GDEF'
GDEF pruned
Reading 'name' table from disk
Decompiling 'name' table
Reading 'gasp' table from disk
Decompiling 'gasp' table
Reading 'FFTM' table from disk
Decompiling 'FFTM' table
Took 0.003s to prune 'name'
name pruned
Reading 'maxp' table from disk
Decompiling 'maxp' table
Took 0.001s to load 'maxp'
Took 0.000s to prune 'maxp'
maxp pruned
LTSH dropped
VDMX dropped
hdmx dropped
Reading 'cmap' table from disk
Decompiling 'cmap' table
Took 0.000s to load 'cmap'
Took 0.000s to prune 'cmap'
cmap pruned
fpgm dropped
prep dropped
cvt  dropped
kern dropped
Reading 'post' table from disk
Decompiling 'post' table
Took 0.000s to load 'post'
Took 0.000s to prune 'post'
post pruned
PCLT dropped
JSTF dropped
GPOS dropped
GSUB dropped
Reading 'glyf' table from disk
Decompiling 'glyf' table
Reading 'loca' table from disk
Decompiling 'loca' table
Reading 'head' table from disk
Decompiling 'head' table
Reading 'cmap' table from disk
Decompiling 'cmap' table
Took 0.041s to load 'glyf'
Took 0.000s to prune 'glyf'
glyf pruned
Took 0.010s to close glyph list over 'cmap'
Added gid0 to subset
Closing glyph list over 'glyf': 11 glyphs before
Glyph names: ['.notdef', 'A', 'D', 'I', 'N', 'O', 'R', 'S', 'T', 'U', 'quotesingle']
Glyph IDs:   [0, 10, 36, 39, 44, 49, 50, 53, 54, 55, 56]
Closed glyph list over 'glyf': 11 glyphs after
Glyph names: ['.notdef', 'A', 'D', 'I', 'N', 'O', 'R', 'S', 'T', 'U', 'quotesingle']
Glyph IDs:   [0, 10, 36, 39, 44, 49, 50, 53, 54, 55, 56]
Took 0.003s to close glyph list over 'glyf'
Retaining 11 glyphs
head subsetting not needed
hhea subsetting not needed
maxp subsetting not needed
OS/2 subsetting not needed
Reading 'hmtx' table from disk
Decompiling 'hmtx' table
Reading 'hhea' table from disk
Decompiling 'hhea' table
Took 0.006s to subset 'hmtx'
hmtx subsetted
Took 0.002s to subset 'cmap'
cmap subsetted
loca subsetting not needed
Took 0.000s to subset 'post'
post subsetted
gasp subsetting not needed
meta NOT subset; don't know how to subset
Reading 'GDEF' table from disk
Decompiling 'GDEF' table
Took 0.008s to subset 'GDEF'
GDEF subsetted
name subsetting not needed
Took 0.002s to subset 'glyf'
glyf subsetted
Took 0.000s to subset GlyphOrder
Took 0.000s to prune 'head'
head pruned
Reading 'OS/2' table from disk
Decompiling 'OS/2' table
OS/2 Unicode ranges pruned: [0]
OS/2 CodePage ranges pruned: [0]
Took 0.000s to prune 'glyf'
glyf pruned
Took 0.000s to prune 'GDEF'
GDEF pruned
Reading 'name' table from disk
Decompiling 'name' table
Reading 'gasp' table from disk
Decompiling 'gasp' table
Reading 'meta' table from disk
Decompiling 'meta' table
Took 0.004s to prune 'name'
name pruned
Unknown rendering option: timeout.
Ignored `src: local("Segoe UI"), local("Helvetica Neue"), local("Arial"), sans-serif` at 5:13, invalid value.
Missing src descriptor in '@font-face' rule at 3:9
Ignored `src: local("Georgia"), local("Times New Roman"), serif` at 10:13, invalid value.
Missing src descriptor in '@font-face' rule at 8:9
Ignored `word-break: break-word` at 236:13, invalid value.
Ignored `word-break: break-word` at 248:13, invalid value.
Reading 'maxp' table from disk
Decompiling 'maxp' table
Took 0.001s to load 'maxp'
Took 0.000s to prune 'maxp'
maxp pruned
Reading 'cmap' table from disk
Decompiling 'cmap' table
Reading 'post' table from disk
Decompiling 'post' table
Took 0.027s to load 'cmap'
Took 0.000s to prune 'cmap'
cmap pruned
fpgm dropped
prep dropped
cvt  dropped
kern dropped
Took 0.000s to load 'post'
Took 0.000s to prune 'post'
post pruned
GPOS dropped
GSUB dropped
Reading 'glyf' table from disk
Decompiling 'glyf' table
Reading 'loca' table from disk
Decompiling 'loca' table
Reading 'head' table from disk
Decompiling 'head' table
Took 0.011s to load 'glyf'
Took 0.000s to prune 'glyf'
glyf pruned
Took 0.005s to close glyph list over 'cmap'
Added gid0 to subset
Closing glyph list over 'glyf': 53 glyphs before
Glyph names: ['.notdef', 'A', 'B', 'C', 'D', 'E', 'Eacute', 'Euro', 'G', 'H', 'I', 'J', 'L', 'M', 'N', 'O', 'P', 'Q', 'R', 'S', 'T', 'U', 'V', 'X', 'a', 'c', 'comma', 'd', 'degree', 'e', 'eacute', 'four', 'g', 'h', 'hyphen', 'i', 'j', 'l', 'n', 'o', 'p', 'period', 'quotesingle', 'r', 's', 'six', 'slash', 'space', 't', 'three', 'two', 'u', 'zero']
Glyph IDs:   [0, 3, 10, 15, 16, 17, 18, 19, 21, 22, 23, 25, 36, 37, 38, 39, 40, 42, 43, 44, 45, 47, 48, 49, 50, 51, 52, 53, 54, 55, 56, 57, 59, 68, 70, 71, 72, 74, 75, 76, 77, 79, 81, 82, 83, 85, 86, 87, 88, 114, 139, 171, 2943]
Closed glyph list over 'glyf': 55 glyphs after
Glyph names: ['.notdef', 'A', 'Acute', 'B', 'C', 'D', 'E', 'Eacute', 'Euro', 'G', 'H', 'I', 'J', 'L', 'M', 'N', 'O', 'P', 'Q', 'R', 'S', 'T', 'U', 'V', 'X', 'a', 'acute', 'c', 'comma', 'd', 'degree', 'e', 'eacute', 'four', 'g', 'h', 'hyphen', 'i', 'j', 'l', 'n', 'o', 'p', 'period', 'quotesingle', 'r', 's', 'six', 'slash', 'space', 't', 'three', 'two', 'u', 'zero']
Glyph IDs:   [0, 3, 10, 15, 16, 17, 18, 19, 21, 22, 23, 25, 36, 37, 38, 39, 40, 42, 43, 44, 45, 47, 48, 49, 50, 51, 52, 53, 54, 55, 56, 57, 59, 68, 70, 71, 72, 74, 75, 76, 77, 79, 81, 82, 83, 85, 86, 87, 88, 114, 118, 139, 171, 2943, 5564]
Took 0.004s to close glyph list over 'glyf'
Retaining 55 glyphs
head subsetting not needed
hhea subsetting not needed
maxp subsetting not needed
OS/2 subsetting not needed
Reading 'hmtx' table from disk
Decompiling 'hmtx' table
Reading 'hhea' table from disk
Decompiling 'hhea' table
Took 0.009s to subset 'hmtx'
hmtx subsetted
Took 0.008s to subset 'cmap'
cmap subsetted
loca subsetting not needed
Took 0.000s to subset 'post'
post subsetted
gasp subsetting not needed
FFTM NOT subset; don't know how to subset
Reading 'GDEF' table from disk
Decompiling 'GDEF' table
Took 0.005s to subset 'GDEF'
GDEF subsetted
name subsetting not needed
Took 0.011s to subset 'glyf'
glyf subsetted
Took 0.000s to subset GlyphOrder
Took 0.000s to prune 'head'
head pruned
Reading 'OS/2' table from disk
Decompiling 'OS/2' table
OS/2 Unicode ranges pruned: [0, 1, 33]
OS/2 CodePage ranges pruned: [0]
Took 0.003s to prune 'glyf'
glyf pruned
Took 0.000s to prune 'GDEF'
GDEF pruned
Reading 'name' table from disk
Decompiling 'name' table
Reading 'gasp' table from disk
Decompiling 'gasp' table
Reading 'FFTM' table from disk
Decompiling 'FFTM' table
Took 0.002s to prune 'name'
name pruned
Reading 'maxp' table from disk
Decompiling 'maxp' table
Took 0.000s to load 'maxp'
Took 0.000s to prune 'maxp'
maxp pruned
Reading 'cmap' table from disk
Decompiling 'cmap' table
Reading 'post' table from disk
Decompiling 'post' table
Took 0.026s to load 'cmap'
Took 0.000s to prune 'cmap'
cmap pruned
fpgm dropped
prep dropped
cvt  dropped
kern dropped
Took 0.000s to load 'post'
Took 0.000s to prune 'post'
post pruned
GPOS dropped
GSUB dropped
Reading 'glyf' table from disk
Decompiling 'glyf' table
Reading 'loca' table from disk
Decompiling 'loca' table
Reading 'head' table from disk
Decompiling 'head' table
Took 0.013s to load 'glyf'
Took 0.000s to prune 'glyf'
glyf pruned
Took 0.003s to close glyph list over 'cmap'
Added gid0 to subset
Closing glyph list over 'glyf': 76 glyphs before
Glyph names: ['.notdef', 'A', 'Agrave', 'B', 'C', 'Ccedilla', 'D', 'E', 'Eacute', 'Ecircumflex', 'F', 'G', 'H', 'I', 'J', 'L', 'M', 'N', 'O', 'P', 'Q', 'R', 'S', 'T', 'U', 'V', 'X', 'a', 'agrave', 'at', 'b', 'bullet', 'c', 'colon', 'comma', 'd', 'e', 'eacute', 'ecircumflex', 'eight', 'five', 'four', 'g', 'h', 'hyphen', 'i', 'j', 'l', 'm', 'multiply', 'n', 'nine', 'o', 'one', 'p', 'parenleft', 'parenright', 'percent', 'period', 'plus', 'quotedbl', 'quotesingle', 'r', 's', 'seven', 'six', 'slash', 'space', 't', 'three', 'two', 'u', 'v', 'x', 'y', 'zero']
Glyph IDs:   [0, 3, 5, 8, 10, 11, 12, 14, 15, 16, 17, 18, 19, 20, 21, 22, 23, 24, 25, 26, 27, 28, 29, 35, 36, 37, 38, 39, 40, 41, 42, 43, 44, 45, 47, 48, 49, 50, 51, 52, 53, 54, 55, 56, 57, 59, 68, 69, 70, 71, 72, 74, 75, 76, 77, 79, 80, 81, 82, 83, 85, 86, 87, 88, 89, 91, 92, 130, 137, 139, 140, 153, 162, 171, 172, 2816]
Closed glyph list over 'glyf': 83 glyphs after
Glyph names: ['.notdef', 'A', 'Acute', 'Agrave', 'B', 'C', 'Ccedilla', 'Circumflex', 'D', 'E', 'Eacute', 'Ecircumflex', 'F', 'G', 'Grave', 'H', 'I', 'J', 'L', 'M', 'N', 'O', 'P', 'Q', 'R', 'S', 'T', 'U', 'V', 'X', 'a', 'acute', 'agrave', 'at', 'b', 'bullet', 'c', 'cedilla', 'circumflex', 'colon', 'comma', 'd', 'e', 'eacute', 'ecircumflex', 'eight', 'five', 'four', 'g', 'grave', 'h', 'hyphen', 'i', 'j', 'l', 'm', 'multiply', 'n', 'nine', 'o', 'one', 'p', 'parenleft', 'parenright', 'percent', 'period', 'plus', 'quotedbl', 'quotesingle', 'r', 's', 'seven', 'six', 'slash', 'space', 't', 'three', 'two', 'u', 'v', 'x', 'y', 'zero']
Glyph IDs:   [0, 3, 5, 8, 10, 11, 12, 14, 15, 16, 17, 18, 19, 20, 21, 22, 23, 24, 25, 26, 27, 28, 29, 35, 36, 37, 38, 39, 40, 41, 42, 43, 44, 45, 47, 48, 49, 50, 51, 52, 53, 54, 55, 56, 57, 59, 67, 68, 69, 70, 71, 72, 74, 75, 76, 77, 79, 80, 81, 82, 83, 85, 86, 87, 88, 89, 91, 92, 118, 122, 130, 137, 139, 140, 153, 162, 171, 172, 648, 2816, 5638, 5640, 5641]
Took 0.005s to close glyph list over 'glyf'
Retaining 83 glyphs
head subsetting not needed
hhea subsetting not needed
maxp subsetting not needed
OS/2 subsetting not needed
Reading 'hmtx' table from disk
Decompiling 'hmtx' table
Reading 'hhea' table from disk
Decompiling 'hhea' table
Took 0.012s to subset 'hmtx'
hmtx subsetted
Took 0.006s to subset 'cmap'
cmap subsetted
loca subsetting not needed
Took 0.000s to subset 'post'
post subsetted
gasp subsetting not needed
FFTM NOT subset; don't know how to subset
Reading 'GDEF' table from disk
Decompiling 'GDEF' table
Took 0.006s to subset 'GDEF'
GDEF subsetted
name subsetting not needed
Took 0.012s to subset 'glyf'
glyf subsetted
Took 0.000s to subset GlyphOrder
Took 0.000s to prune 'head'
head pruned
Reading 'OS/2' table from disk
Decompiling 'OS/2' table
OS/2 Unicode ranges pruned: [0, 1, 31]
OS/2 CodePage ranges pruned: [0]
Took 0.004s to prune 'glyf'
glyf pruned
Took 0.000s to prune 'GDEF'
GDEF pruned
Reading 'name' table from disk
Decompiling 'name' table
Reading 'gasp' table from disk
Decompiling 'gasp' table
Reading 'FFTM' table from disk
Decompiling 'FFTM' table
Took 0.006s to prune 'name'
name pruned
Reading 'maxp' table from disk
Decompiling 'maxp' table
Took 0.001s to load 'maxp'
Took 0.000s to prune 'maxp'
maxp pruned
Reading 'cmap' table from disk
Decompiling 'cmap' table
Reading 'post' table from disk
Decompiling 'post' table
Took 0.025s to load 'cmap'
Took 0.000s to prune 'cmap'
cmap pruned
fpgm dropped
prep dropped
cvt  dropped
kern dropped
Took 0.000s to load 'post'
Took 0.000s to prune 'post'
post pruned
GPOS dropped
GSUB dropped
Reading 'glyf' table from disk
Decompiling 'glyf' table
Reading 'loca' table from disk
Decompiling 'loca' table
Reading 'head' table from disk
Decompiling 'head' table
Took 0.010s to load 'glyf'
Took 0.000s to prune 'glyf'
glyf pruned
Took 0.002s to close glyph list over 'cmap'
Added gid0 to subset
Closing glyph list over 'glyf': 23 glyphs before
Glyph names: ['.notdef', 'Q', 'a', 'c', 'ccedilla', 'comma', 'd', 'e', 'eacute', 'f', 'g', 'i', 'l', 'm', 'n', 'o', 'p', 'quotesingle', 'r', 's', 'space', 't', 'u']
Glyph IDs:   [0, 3, 10, 15, 52, 68, 70, 71, 72, 73, 74, 76, 79, 80, 81, 82, 83, 85, 86, 87, 88, 169, 171]
Closed glyph list over 'glyf': 25 glyphs after
Glyph names: ['.notdef', 'Q', 'a', 'acute', 'c', 'ccedilla', 'cedilla', 'comma', 'd', 'e', 'eacute', 'f', 'g', 'i', 'l', 'm', 'n', 'o', 'p', 'quotesingle', 'r', 's', 'space', 't', 'u']
Glyph IDs:   [0, 3, 10, 15, 52, 68, 70, 71, 72, 73, 74, 76, 79, 80, 81, 82, 83, 85, 86, 87, 88, 118, 122, 169, 171]
Took 0.004s to close glyph list over 'glyf'
Retaining 25 glyphs
head subsetting not needed
hhea subsetting not needed
maxp subsetting not needed
OS/2 subsetting not needed
Reading 'hmtx' table from disk
Decompiling 'hmtx' table
Reading 'hhea' table from disk
Decompiling 'hhea' table
Took 0.007s to subset 'hmtx'
hmtx subsetted
Took 0.008s to subset 'cmap'
cmap subsetted
loca subsetting not needed
Took 0.000s to subset 'post'
post subsetted
gasp subsetting not needed
FFTM NOT subset; don't know how to subset
Reading 'GDEF' table from disk
Decompiling 'GDEF' table
Took 0.006s to subset 'GDEF'
GDEF subsetted
name subsetting not needed
Took 0.002s to subset 'glyf'
glyf subsetted
Took 0.000s to subset GlyphOrder
Took 0.000s to prune 'head'
head pruned
Reading 'OS/2' table from disk
Decompiling 'OS/2' table
OS/2 Unicode ranges pruned: [0, 1]
OS/2 CodePage ranges pruned: [0]
Took 0.001s to prune 'glyf'
glyf pruned
Took 0.000s to prune 'GDEF'
GDEF pruned
Reading 'name' table from disk
Decompiling 'name' table
Reading 'gasp' table from disk
Decompiling 'gasp' table
Reading 'FFTM' table from disk
Decompiling 'FFTM' table
Took 0.003s to prune 'name'
name pruned
Reading 'maxp' table from disk
Decompiling 'maxp' table
Took 0.001s to load 'maxp'
Took 0.000s to prune 'maxp'
maxp pruned
Reading 'cmap' table from disk
Decompiling 'cmap' table
Reading 'post' table from disk
Decompiling 'post' table
Took 0.039s to load 'cmap'
Took 0.000s to prune 'cmap'
cmap pruned
fpgm dropped
prep dropped
cvt  dropped
kern dropped
Took 0.000s to load 'post'
Took 0.000s to prune 'post'
post pruned
GPOS dropped
GSUB dropped
Reading 'glyf' table from disk
Decompiling 'glyf' table
Reading 'loca' table from disk
Decompiling 'loca' table
Reading 'head' table from disk
Decompiling 'head' table
Took 0.013s to load 'glyf'
Took 0.000s to prune 'glyf'
glyf pruned
Took 0.002s to close glyph list over 'cmap'
Added gid0 to subset
Closing glyph list over 'glyf': 9 glyphs before
Glyph names: ['.notdef', 'comma', 'e', 'o', 'r', 's', 'space', 'u', 'zero']
Glyph IDs:   [0, 3, 15, 19, 72, 82, 85, 86, 88]
Closed glyph list over 'glyf': 9 glyphs after
Glyph names: ['.notdef', 'comma', 'e', 'o', 'r', 's', 'space', 'u', 'zero']
Glyph IDs:   [0, 3, 15, 19, 72, 82, 85, 86, 88]
Took 0.007s to close glyph list over 'glyf'
Retaining 9 glyphs
head subsetting not needed
hhea subsetting not needed
maxp subsetting not needed
OS/2 subsetting not needed
Reading 'hmtx' table from disk
Decompiling 'hmtx' table
Reading 'hhea' table from disk
Decompiling 'hhea' table
Took 0.010s to subset 'hmtx'
hmtx subsetted
Took 0.006s to subset 'cmap'
cmap subsetted
loca subsetting not needed
Took 0.000s to subset 'post'
post subsetted
gasp subsetting not needed
FFTM NOT subset; don't know how to subset
Reading 'GDEF' table from disk
Decompiling 'GDEF' table
Took 0.006s to subset 'GDEF'
GDEF subsetted
name subsetting not needed
Took 0.002s to subset 'glyf'
glyf subsetted
Took 0.001s to subset GlyphOrder
Took 0.000s to prune 'head'
head pruned
Reading 'OS/2' table from disk
Decompiling 'OS/2' table
OS/2 Unicode ranges pruned: [0]
OS/2 CodePage ranges pruned: [0]
Took 0.000s to prune 'glyf'
glyf pruned
Took 0.000s to prune 'GDEF'
GDEF pruned
Reading 'name' table from disk
Decompiling 'name' table
Reading 'gasp' table from disk
Decompiling 'gasp' table
Reading 'FFTM' table from disk
Decompiling 'FFTM' table
Took 0.002s to prune 'name'
name pruned
Reading 'maxp' table from disk
Decompiling 'maxp' table
Took 0.000s to load 'maxp'
Took 0.000s to prune 'maxp'
maxp pruned
LTSH dropped
VDMX dropped
hdmx dropped
Reading 'cmap' table from disk
Decompiling 'cmap' table
Took 0.000s to load 'cmap'
Took 0.000s to prune 'cmap'
cmap pruned
fpgm dropped
prep dropped
cvt  dropped
kern dropped
Reading 'post' table from disk
Decompiling 'post' table
Took 0.000s to load 'post'
Took 0.000s to prune 'post'
post pruned
PCLT dropped
JSTF dropped
GPOS dropped
GSUB dropped
Reading 'glyf' table from disk
Decompiling 'glyf' table
Reading 'loca' table from disk
Decompiling 'loca' table
Reading 'head' table from disk
Decompiling 'head' table
Reading 'cmap' table from disk
Decompiling 'cmap' table
Took 0.045s to load 'glyf'
Took 0.000s to prune 'glyf'
glyf pruned
Took 0.009s to close glyph list over 'cmap'
Added gid0 to subset
Closing glyph list over 'glyf': 11 glyphs before
Glyph names: ['.notdef', 'A', 'D', 'I', 'N', 'O', 'R', 'S', 'T', 'U', 'quotesingle']
Glyph IDs:   [0, 10, 36, 39, 44, 49, 50, 53, 54, 55, 56]
Closed glyph list over 'glyf': 11 glyphs after
Glyph names: ['.notdef', 'A', 'D', 'I', 'N', 'O', 'R', 'S', 'T', 'U', 'quotesingle']
Glyph IDs:   [0, 10, 36, 39, 44, 49, 50, 53, 54, 55, 56]
Took 0.004s to close glyph list over 'glyf'
Retaining 11 glyphs
head subsetting not needed
hhea subsetting not needed
maxp subsetting not needed
OS/2 subsetting not needed
Reading 'hmtx' table from disk
Decompiling 'hmtx' table
Reading 'hhea' table from disk
Decompiling 'hhea' table
Took 0.007s to subset 'hmtx'
hmtx subsetted
Took 0.008s to subset 'cmap'
cmap subsetted
loca subsetting not needed
Took 0.000s to subset 'post'
post subsetted
gasp subsetting not needed
meta NOT subset; don't know how to subset
Reading 'GDEF' table from disk
Decompiling 'GDEF' table
Took 0.013s to subset 'GDEF'
GDEF subsetted
name subsetting not needed
Took 0.005s to subset 'glyf'
glyf subsetted
Took 0.001s to subset GlyphOrder
Took 0.000s to prune 'head'
head pruned
Reading 'OS/2' table from disk
Decompiling 'OS/2' table
OS/2 Unicode ranges pruned: [0]
OS/2 CodePage ranges pruned: [0]
Took 0.000s to prune 'glyf'
glyf pruned
Took 0.000s to prune 'GDEF'
GDEF pruned
Reading 'name' table from disk
Decompiling 'name' table
Reading 'gasp' table from disk
Decompiling 'gasp' table
Reading 'meta' table from disk
Decompiling 'meta' table
Took 0.004s to prune 'name'
name pruned
Unknown rendering option: timeout.
Ignored `src: local("Segoe UI"), local("Helvetica Neue"), local("Arial"), sans-serif` at 5:13, invalid value.
Missing src descriptor in '@font-face' rule at 3:9
Ignored `src: local("Georgia"), local("Times New Roman"), serif` at 10:13, invalid value.
Missing src descriptor in '@font-face' rule at 8:9
Ignored `word-break: break-word` at 236:13, invalid value.
Ignored `word-break: break-word` at 248:13, invalid value.
Reading 'maxp' table from disk
Decompiling 'maxp' table
Took 0.002s to load 'maxp'
Took 0.000s to prune 'maxp'
maxp pruned
Reading 'cmap' table from disk
Decompiling 'cmap' table
Reading 'post' table from disk
Decompiling 'post' table
Took 0.030s to load 'cmap'
Took 0.000s to prune 'cmap'
cmap pruned
fpgm dropped
prep dropped
cvt  dropped
kern dropped
Took 0.000s to load 'post'
Took 0.000s to prune 'post'
post pruned
GPOS dropped
GSUB dropped
Reading 'glyf' table from disk
Decompiling 'glyf' table
Reading 'loca' table from disk
Decompiling 'loca' table
Reading 'head' table from disk
Decompiling 'head' table
Took 0.012s to load 'glyf'
Took 0.000s to prune 'glyf'
glyf pruned
Took 0.002s to close glyph list over 'cmap'
Added gid0 to subset
Closing glyph list over 'glyf': 53 glyphs before
Glyph names: ['.notdef', 'A', 'B', 'C', 'D', 'E', 'Eacute', 'Euro', 'G', 'H', 'I', 'J', 'L', 'M', 'N', 'O', 'P', 'Q', 'R', 'S', 'T', 'U', 'V', 'X', 'a', 'c', 'comma', 'd', 'degree', 'e', 'eacute', 'four', 'g', 'h', 'hyphen', 'i', 'j', 'l', 'n', 'o', 'p', 'period', 'quotesingle', 'r', 's', 'six', 'slash', 'space', 't', 'three', 'two', 'u', 'zero']
Glyph IDs:   [0, 3, 10, 15, 16, 17, 18, 19, 21, 22, 23, 25, 36, 37, 38, 39, 40, 42, 43, 44, 45, 47, 48, 49, 50, 51, 52, 53, 54, 55, 56, 57, 59, 68, 70, 71, 72, 74, 75, 76, 77, 79, 81, 82, 83, 85, 86, 87, 88, 114, 139, 171, 2943]
Closed glyph list over 'glyf': 55 glyphs after
Glyph names: ['.notdef', 'A', 'Acute', 'B', 'C', 'D', 'E', 'Eacute', 'Euro', 'G', 'H', 'I', 'J', 'L', 'M', 'N', 'O', 'P', 'Q', 'R', 'S', 'T', 'U', 'V', 'X', 'a', 'acute', 'c', 'comma', 'd', 'degree', 'e', 'eacute', 'four', 'g', 'h', 'hyphen', 'i', 'j', 'l', 'n', 'o', 'p', 'period', 'quotesingle', 'r', 's', 'six', 'slash', 'space', 't', 'three', 'two', 'u', 'zero']
Glyph IDs:   [0, 3, 10, 15, 16, 17, 18, 19, 21, 22, 23, 25, 36, 37, 38, 39, 40, 42, 43, 44, 45, 47, 48, 49, 50, 51, 52, 53, 54, 55, 56, 57, 59, 68, 70, 71, 72, 74, 75, 76, 77, 79, 81, 82, 83, 85, 86, 87, 88, 114, 118, 139, 171, 2943, 5564]
Took 0.008s to close glyph list over 'glyf'
Retaining 55 glyphs
head subsetting not needed
hhea subsetting not needed
maxp subsetting not needed
OS/2 subsetting not needed
Reading 'hmtx' table from disk
Decompiling 'hmtx' table
Reading 'hhea' table from disk
Decompiling 'hhea' table
Took 0.012s to subset 'hmtx'
hmtx subsetted
Took 0.032s to subset 'cmap'
cmap subsetted
loca subsetting not needed
Took 0.000s to subset 'post'
post subsetted
gasp subsetting not needed
FFTM NOT subset; don't know how to subset
Reading 'GDEF' table from disk
Decompiling 'GDEF' table
Took 0.087s to subset 'GDEF'
GDEF subsetted
name subsetting not needed
Took 0.015s to subset 'glyf'
glyf subsetted
Took 0.001s to subset GlyphOrder
Took 0.000s to prune 'head'
head pruned
Reading 'OS/2' table from disk
Decompiling 'OS/2' table
OS/2 Unicode ranges pruned: [0, 1, 33]
OS/2 CodePage ranges pruned: [0]
Took 0.005s to prune 'glyf'
glyf pruned
Took 0.000s to prune 'GDEF'
GDEF pruned
Reading 'name' table from disk
Decompiling 'name' table
Reading 'gasp' table from disk
Decompiling 'gasp' table
Reading 'FFTM' table from disk
Decompiling 'FFTM' table
Took 0.002s to prune 'name'
name pruned
Reading 'maxp' table from disk
Decompiling 'maxp' table
Took 0.001s to load 'maxp'
Took 0.000s to prune 'maxp'
maxp pruned
Reading 'cmap' table from disk
Decompiling 'cmap' table
Reading 'post' table from disk
Decompiling 'post' table
Took 0.029s to load 'cmap'
Took 0.000s to prune 'cmap'
cmap pruned
fpgm dropped
prep dropped
cvt  dropped
kern dropped
Took 0.000s to load 'post'
Took 0.000s to prune 'post'
post pruned
GPOS dropped
GSUB dropped
Reading 'glyf' table from disk
Decompiling 'glyf' table
Reading 'loca' table from disk
Decompiling 'loca' table
Reading 'head' table from disk
Decompiling 'head' table
Took 0.016s to load 'glyf'
Took 0.000s to prune 'glyf'
glyf pruned
Took 0.003s to close glyph list over 'cmap'
Added gid0 to subset
Closing glyph list over 'glyf': 76 glyphs before
Glyph names: ['.notdef', 'A', 'Agrave', 'B', 'C', 'Ccedilla', 'D', 'E', 'Eacute', 'Ecircumflex', 'F', 'G', 'H', 'I', 'J', 'L', 'M', 'N', 'O', 'P', 'Q', 'R', 'S', 'T', 'U', 'V', 'X', 'a', 'agrave', 'at', 'b', 'bullet', 'c', 'colon', 'comma', 'd', 'e', 'eacute', 'ecircumflex', 'eight', 'five', 'four', 'g', 'h', 'hyphen', 'i', 'j', 'l', 'm', 'multiply', 'n', 'nine', 'o', 'one', 'p', 'parenleft', 'parenright', 'percent', 'period', 'plus', 'quotedbl', 'quotesingle', 'r', 's', 'seven', 'six', 'slash', 'space', 't', 'three', 'two', 'u', 'v', 'x', 'y', 'zero']
Glyph IDs:   [0, 3, 5, 8, 10, 11, 12, 14, 15, 16, 17, 18, 19, 20, 21, 22, 23, 24, 25, 26, 27, 28, 29, 35, 36, 37, 38, 39, 40, 41, 42, 43, 44, 45, 47, 48, 49, 50, 51, 52, 53, 54, 55, 56, 57, 59, 68, 69, 70, 71, 72, 74, 75, 76, 77, 79, 80, 81, 82, 83, 85, 86, 87, 88, 89, 91, 92, 130, 137, 139, 140, 153, 162, 171, 172, 2816]
Closed glyph list over 'glyf': 83 glyphs after
Glyph names: ['.notdef', 'A', 'Acute', 'Agrave', 'B', 'C', 'Ccedilla', 'Circumflex', 'D', 'E', 'Eacute', 'Ecircumflex', 'F', 'G', 'Grave', 'H', 'I', 'J', 'L', 'M', 'N', 'O', 'P', 'Q', 'R', 'S', 'T', 'U', 'V', 'X', 'a', 'acute', 'agrave', 'at', 'b', 'bullet', 'c', 'cedilla', 'circumflex', 'colon', 'comma', 'd', 'e', 'eacute', 'ecircumflex', 'eight', 'five', 'four', 'g', 'grave', 'h', 'hyphen', 'i', 'j', 'l', 'm', 'multiply', 'n', 'nine', 'o', 'one', 'p', 'parenleft', 'parenright', 'percent', 'period', 'plus', 'quotedbl', 'quotesingle', 'r', 's', 'seven', 'six', 'slash', 'space', 't', 'three', 'two', 'u', 'v', 'x', 'y', 'zero']
Glyph IDs:   [0, 3, 5, 8, 10, 11, 12, 14, 15, 16, 17, 18, 19, 20, 21, 22, 23, 24, 25, 26, 27, 28, 29, 35, 36, 37, 38, 39, 40, 41, 42, 43, 44, 45, 47, 48, 49, 50, 51, 52, 53, 54, 55, 56, 57, 59, 67, 68, 69, 70, 71, 72, 74, 75, 76, 77, 79, 80, 81, 82, 83, 85, 86, 87, 88, 89, 91, 92, 118, 122, 130, 137, 139, 140, 153, 162, 171, 172, 648, 2816, 5638, 5640, 5641]
Took 0.005s to close glyph list over 'glyf'
Retaining 83 glyphs
head subsetting not needed
hhea subsetting not needed
maxp subsetting not needed
OS/2 subsetting not needed
Reading 'hmtx' table from disk
Decompiling 'hmtx' table
Reading 'hhea' table from disk
Decompiling 'hhea' table
Took 0.014s to subset 'hmtx'
hmtx subsetted
Took 0.006s to subset 'cmap'
cmap subsetted
loca subsetting not needed
Took 0.000s to subset 'post'
post subsetted
gasp subsetting not needed
FFTM NOT subset; don't know how to subset
Reading 'GDEF' table from disk
Decompiling 'GDEF' table
Took 0.007s to subset 'GDEF'
GDEF subsetted
name subsetting not needed
Took 0.009s to subset 'glyf'
glyf subsetted
Took 0.000s to subset GlyphOrder
Took 0.000s to prune 'head'
head pruned
Reading 'OS/2' table from disk
Decompiling 'OS/2' table
OS/2 Unicode ranges pruned: [0, 1, 31]
OS/2 CodePage ranges pruned: [0]
Took 0.004s to prune 'glyf'
glyf pruned
Took 0.000s to prune 'GDEF'
GDEF pruned
Reading 'name' table from disk
Decompiling 'name' table
Reading 'gasp' table from disk
Decompiling 'gasp' table
Reading 'FFTM' table from disk
Decompiling 'FFTM' table
Took 0.003s to prune 'name'
name pruned
Reading 'maxp' table from disk
Decompiling 'maxp' table
Took 0.001s to load 'maxp'
Took 0.000s to prune 'maxp'
maxp pruned
Reading 'cmap' table from disk
Decompiling 'cmap' table
Reading 'post' table from disk
Decompiling 'post' table
Took 0.028s to load 'cmap'
Took 0.000s to prune 'cmap'
cmap pruned
fpgm dropped
prep dropped
cvt  dropped
kern dropped
Took 0.000s to load 'post'
Took 0.000s to prune 'post'
post pruned
GPOS dropped
GSUB dropped
Reading 'glyf' table from disk
Decompiling 'glyf' table
Reading 'loca' table from disk
Decompiling 'loca' table
Reading 'head' table from disk
Decompiling 'head' table
Took 0.010s to load 'glyf'
Took 0.000s to prune 'glyf'
glyf pruned
Took 0.002s to close glyph list over 'cmap'
Added gid0 to subset
Closing glyph list over 'glyf': 23 glyphs before
Glyph names: ['.notdef', 'Q', 'a', 'c', 'ccedilla', 'comma', 'd', 'e', 'eacute', 'f', 'g', 'i', 'l', 'm', 'n', 'o', 'p', 'quotesingle', 'r', 's', 'space', 't', 'u']
Glyph IDs:   [0, 3, 10, 15, 52, 68, 70, 71, 72, 73, 74, 76, 79, 80, 81, 82, 83, 85, 86, 87, 88, 169, 171]
Closed glyph list over 'glyf': 25 glyphs after
Glyph names: ['.notdef', 'Q', 'a', 'acute', 'c', 'ccedilla', 'cedilla', 'comma', 'd', 'e', 'eacute', 'f', 'g', 'i', 'l', 'm', 'n', 'o', 'p', 'quotesingle', 'r', 's', 'space', 't', 'u']
Glyph IDs:   [0, 3, 10, 15, 52, 68, 70, 71, 72, 73, 74, 76, 79, 80, 81, 82, 83, 85, 86, 87, 88, 118, 122, 169, 171]
Took 0.003s to close glyph list over 'glyf'
Retaining 25 glyphs
head subsetting not needed
hhea subsetting not needed
maxp subsetting not needed
OS/2 subsetting not needed
Reading 'hmtx' table from disk
Decompiling 'hmtx' table
Reading 'hhea' table from disk
Decompiling 'hhea' table
Took 0.008s to subset 'hmtx'
hmtx subsetted
Took 0.005s to subset 'cmap'
cmap subsetted
loca subsetting not needed
Took 0.000s to subset 'post'
post subsetted
gasp subsetting not needed
FFTM NOT subset; don't know how to subset
Reading 'GDEF' table from disk
Decompiling 'GDEF' table
Took 0.008s to subset 'GDEF'
GDEF subsetted
name subsetting not needed
Took 0.003s to subset 'glyf'
glyf subsetted
Took 0.000s to subset GlyphOrder
Took 0.000s to prune 'head'
head pruned
Reading 'OS/2' table from disk
Decompiling 'OS/2' table
OS/2 Unicode ranges pruned: [0, 1]
OS/2 CodePage ranges pruned: [0]
Took 0.001s to prune 'glyf'
glyf pruned
Took 0.000s to prune 'GDEF'
GDEF pruned
Reading 'name' table from disk
Decompiling 'name' table
Reading 'gasp' table from disk
Decompiling 'gasp' table
Reading 'FFTM' table from disk
Decompiling 'FFTM' table
Took 0.003s to prune 'name'
name pruned
Reading 'maxp' table from disk
Decompiling 'maxp' table
Took 0.001s to load 'maxp'
Took 0.000s to prune 'maxp'
maxp pruned
Reading 'cmap' table from disk
Decompiling 'cmap' table
Reading 'post' table from disk
Decompiling 'post' table
Took 0.029s to load 'cmap'
Took 0.000s to prune 'cmap'
cmap pruned
fpgm dropped
prep dropped
cvt  dropped
kern dropped
Took 0.000s to load 'post'
Took 0.000s to prune 'post'
post pruned
GPOS dropped
GSUB dropped
Reading 'glyf' table from disk
Decompiling 'glyf' table
Reading 'loca' table from disk
Decompiling 'loca' table
Reading 'head' table from disk
Decompiling 'head' table
Took 0.015s to load 'glyf'
Took 0.000s to prune 'glyf'
glyf pruned
Took 0.003s to close glyph list over 'cmap'
Added gid0 to subset
Closing glyph list over 'glyf': 9 glyphs before
Glyph names: ['.notdef', 'comma', 'e', 'o', 'r', 's', 'space', 'u', 'zero']
Glyph IDs:   [0, 3, 15, 19, 72, 82, 85, 86, 88]
Closed glyph list over 'glyf': 9 glyphs after
Glyph names: ['.notdef', 'comma', 'e', 'o', 'r', 's', 'space', 'u', 'zero']
Glyph IDs:   [0, 3, 15, 19, 72, 82, 85, 86, 88]
Took 0.003s to close glyph list over 'glyf'
Retaining 9 glyphs
head subsetting not needed
hhea subsetting not needed
maxp subsetting not needed
OS/2 subsetting not needed
Reading 'hmtx' table from disk
Decompiling 'hmtx' table
Reading 'hhea' table from disk
Decompiling 'hhea' table
Took 0.009s to subset 'hmtx'
hmtx subsetted
Took 0.005s to subset 'cmap'
cmap subsetted
loca subsetting not needed
Took 0.000s to subset 'post'
post subsetted
gasp subsetting not needed
FFTM NOT subset; don't know how to subset
Reading 'GDEF' table from disk
Decompiling 'GDEF' table
Took 0.005s to subset 'GDEF'
GDEF subsetted
name subsetting not needed
Took 0.003s to subset 'glyf'
glyf subsetted
Took 0.001s to subset GlyphOrder
Took 0.000s to prune 'head'
head pruned
Reading 'OS/2' table from disk
Decompiling 'OS/2' table
OS/2 Unicode ranges pruned: [0]
OS/2 CodePage ranges pruned: [0]
Took 0.000s to prune 'glyf'
glyf pruned
Took 0.000s to prune 'GDEF'
GDEF pruned
Reading 'name' table from disk
Decompiling 'name' table
Reading 'gasp' table from disk
Decompiling 'gasp' table
Reading 'FFTM' table from disk
Decompiling 'FFTM' table
Took 0.002s to prune 'name'
name pruned
Reading 'maxp' table from disk
Decompiling 'maxp' table
Took 0.001s to load 'maxp'
Took 0.000s to prune 'maxp'
maxp pruned
LTSH dropped
VDMX dropped
hdmx dropped
Reading 'cmap' table from disk
Decompiling 'cmap' table
Took 0.001s to load 'cmap'
Took 0.000s to prune 'cmap'
cmap pruned
fpgm dropped
prep dropped
cvt  dropped
kern dropped
Reading 'post' table from disk
Decompiling 'post' table
Took 0.000s to load 'post'
Took 0.000s to prune 'post'
post pruned
PCLT dropped
JSTF dropped
GPOS dropped
GSUB dropped
Reading 'glyf' table from disk
Decompiling 'glyf' table
Reading 'loca' table from disk
Decompiling 'loca' table
Reading 'head' table from disk
Decompiling 'head' table
Reading 'cmap' table from disk
Decompiling 'cmap' table
Took 0.050s to load 'glyf'
Took 0.000s to prune 'glyf'
glyf pruned
Took 0.012s to close glyph list over 'cmap'
Added gid0 to subset
Closing glyph list over 'glyf': 11 glyphs before
Glyph names: ['.notdef', 'A', 'D', 'I', 'N', 'O', 'R', 'S', 'T', 'U', 'quotesingle']
Glyph IDs:   [0, 10, 36, 39, 44, 49, 50, 53, 54, 55, 56]
Closed glyph list over 'glyf': 11 glyphs after
Glyph names: ['.notdef', 'A', 'D', 'I', 'N', 'O', 'R', 'S', 'T', 'U', 'quotesingle']
Glyph IDs:   [0, 10, 36, 39, 44, 49, 50, 53, 54, 55, 56]
Took 0.010s to close glyph list over 'glyf'
Retaining 11 glyphs
head subsetting not needed
hhea subsetting not needed
maxp subsetting not needed
OS/2 subsetting not needed
Reading 'hmtx' table from disk
Decompiling 'hmtx' table
Reading 'hhea' table from disk
Decompiling 'hhea' table
Took 0.009s to subset 'hmtx'
hmtx subsetted
Took 0.002s to subset 'cmap'
cmap subsetted
loca subsetting not needed
Took 0.000s to subset 'post'
post subsetted
gasp subsetting not needed
meta NOT subset; don't know how to subset
Reading 'GDEF' table from disk
Decompiling 'GDEF' table
Took 0.009s to subset 'GDEF'
GDEF subsetted
name subsetting not needed
Took 0.002s to subset 'glyf'
glyf subsetted
Took 0.000s to subset GlyphOrder
Took 0.000s to prune 'head'
head pruned
Reading 'OS/2' table from disk
Decompiling 'OS/2' table
OS/2 Unicode ranges pruned: [0]
OS/2 CodePage ranges pruned: [0]
Took 0.000s to prune 'glyf'
glyf pruned
Took 0.000s to prune 'GDEF'
GDEF pruned
Reading 'name' table from disk
Decompiling 'name' table
Reading 'gasp' table from disk
Decompiling 'gasp' table
Reading 'meta' table from disk
Decompiling 'meta' table
Took 0.006s to prune 'name'
name pruned
